Archive member included to satisfy reference by file (symbol)

c:/program files (x86)/atmel/studio/7.0/toolchain/avr8/avr8-gnu-toolchain/bin/../lib/gcc/avr/5.4.0/avr6\libgcc.a(_exit.o)
                              C:/Program Files (x86)/Atmel/Studio/7.0/Packs/atmel/ATmega_DFP/1.2.209/gcc/dev/atmega2560/avr6/crtatmega2560.o (exit)
c:/program files (x86)/atmel/studio/7.0/toolchain/avr8/avr8-gnu-toolchain/bin/../lib/gcc/avr/5.4.0/avr6\libgcc.a(_tablejump2.o)
                              menu.o (__tablejump2__)
c:/program files (x86)/atmel/studio/7.0/toolchain/avr8/avr8-gnu-toolchain/bin/../lib/gcc/avr/5.4.0/avr6\libgcc.a(_copy_data.o)
                              Midi.o (__do_copy_data)
c:/program files (x86)/atmel/studio/7.0/toolchain/avr8/avr8-gnu-toolchain/bin/../lib/gcc/avr/5.4.0/avr6\libgcc.a(_clear_bss.o)
                              ee_prom.o (__do_clear_bss)
C:/Program Files (x86)/Atmel/Studio/7.0/Packs/atmel/ATmega_DFP/1.2.209/gcc/dev/atmega2560/avr6\libatmega2560.a(eerd_block.o)
                              ee_prom.o (eeprom_read_block)
C:/Program Files (x86)/Atmel/Studio/7.0/Packs/atmel/ATmega_DFP/1.2.209/gcc/dev/atmega2560/avr6\libatmega2560.a(eerd_byte.o)
                              ee_prom.o (eeprom_read_byte)
C:/Program Files (x86)/Atmel/Studio/7.0/Packs/atmel/ATmega_DFP/1.2.209/gcc/dev/atmega2560/avr6\libatmega2560.a(eerd_word.o)
                              ee_prom.o (eeprom_read_word)
C:/Program Files (x86)/Atmel/Studio/7.0/Packs/atmel/ATmega_DFP/1.2.209/gcc/dev/atmega2560/avr6\libatmega2560.a(eeupd_block.o)
                              ee_prom.o (eeprom_update_block)
C:/Program Files (x86)/Atmel/Studio/7.0/Packs/atmel/ATmega_DFP/1.2.209/gcc/dev/atmega2560/avr6\libatmega2560.a(eeupd_byte.o)
                              ee_prom.o (eeprom_update_byte)
C:/Program Files (x86)/Atmel/Studio/7.0/Packs/atmel/ATmega_DFP/1.2.209/gcc/dev/atmega2560/avr6\libatmega2560.a(eeupd_word.o)
                              ee_prom.o (eeprom_update_word)

Allocating common symbols
Common symbol       size              file

menuStackIndex      0x1               menu.o
menu_TestModuleErrorList
                    0x4               menu.o
log_unreadErrors    0x1               log.o
menuVRegisters      0x8               menu.o
Log_TextBuff        0x28              log.o
msgOutIndex         0x1               message.o
midiTxInIndex       0x1               serial.o
serESPOvflFlag      0x1               serial.o
dataType            0x1               menu.o
nibbleIndex         0x1               menu.o
swTimer             0x12              hwtimer.o
menuVmanual         0x1               menu.o
time_Uptime         0x4               hwtimer.o
serESPRxOutIndex    0x2               serial.o
pipeMessages        0x200             message.o
menuVmodule         0x1               menu.o
midiRxOvfl          0x1               serial.o
pNibbleInfo         0x2               menu.o
midiTxOutIndex      0x1               serial.o
menuStack           0x20              menu.o
midiTxLastCmd       0x1               serial.o
pipeMsgInIndex      0x1               message.o
serusbTxOutIndex    0x1               serial.o
serESPRxInIndex     0x2               serial.o
midiTxOvfl          0x1               serial.o
registerMap         0x18              Midi.o
menuManual          0x1               menu.o
pipe_PowerStatus    0x1               hwtimer.o
pipeProcessing      0x1               hwtimer.o
midiRxBuffer        0x20              serial.o
msecCtr             0x1               hwtimer.o
midiTxBuffer        0x100             serial.o
lcd_cursorIsOn      0x1               utils.o
log_List            0x190             log.o
editByte            0x1               utils.o
pMenuTopTitle       0x2               menu.o
pipe_ModuleTested   0x1               hwtimer.o
displayMessageArea  0x1               menu.o
lcd_buffer          0x50              lcd_u.o
serESPTxOutIndex    0x2               serial.o
messageFromESP      0x1               main.o
menuNote            0x1               menu.o
pipe                0x100             hwtimer.o
midiRxInIndex       0x1               serial.o
registerCount       0x1               Midi.o
serESPTxInIndex     0x2               serial.o
nibbleCount         0x1               menu.o
serusb_Active       0x1               serial.o
menuSection         0x1               menu.o
midi_Couplers       0xc               Midi.o
msgOverflow         0x1               message.o
serusbTxInIndex     0x1               serial.o
dataEntry32         0x4               menu.o
pLogEnd             0x2               log.o
menu_TestModuleBitCounter
                    0x1               menu.o
serusbRxOutIndex    0x1               serial.o
menuVmidiChan       0x1               menu.o
midiDataByteCount   0x1               Midi.o
menuVKombination    0x1               menu.o
ManualNoteRange     0x8               Midi.o
currentMenu         0x2               menu.o
midiThrough         0x2               Midi.o
[...]
Memory Configuration

Name             Origin             Length             Attributes
text             0x00000000         0x00100000         xr
data             0x00800200         0x0000fe00         rw !x
eeprom           0x00810000         0x00010000         rw !x
fuse             0x00820000         0x00000003         rw !x
lock             0x00830000         0x00000400         rw !x
signature        0x00840000         0x00000400         rw !x
user_signatures  0x00850000         0x00000400         rw !x
*default*        0x00000000         0xffffffff

Linker script and memory map

Address of section .data set to 0x800200
LOAD C:/Program Files (x86)/Atmel/Studio/7.0/Packs/atmel/ATmega_DFP/1.2.209/gcc/dev/atmega2560/avr6/crtatmega2560.o
LOAD ee_prom.o
LOAD hwtimer.o
LOAD initio.o
LOAD lcd_u.o
LOAD log.o
LOAD main.o
LOAD menu.o
LOAD message.o
LOAD Midi.o
LOAD serial.o
LOAD utils.o
START GROUP
LOAD c:/program files (x86)/atmel/studio/7.0/toolchain/avr8/avr8-gnu-toolchain/bin/../lib/gcc/avr/5.4.0/../../../../avr/lib/avr6\libm.a
END GROUP
START GROUP
LOAD c:/program files (x86)/atmel/studio/7.0/toolchain/avr8/avr8-gnu-toolchain/bin/../lib/gcc/avr/5.4.0/avr6\libgcc.a
LOAD c:/program files (x86)/atmel/studio/7.0/toolchain/avr8/avr8-gnu-toolchain/bin/../lib/gcc/avr/5.4.0/../../../../avr/lib/avr6\libm.a
LOAD c:/program files (x86)/atmel/studio/7.0/toolchain/avr8/avr8-gnu-toolchain/bin/../lib/gcc/avr/5.4.0/../../../../avr/lib/avr6\libc.a
LOAD C:/Program Files (x86)/Atmel/Studio/7.0/Packs/atmel/ATmega_DFP/1.2.209/gcc/dev/atmega2560/avr6\libatmega2560.a
END GROUP
                0x00100000                __TEXT_REGION_LENGTH__ = DEFINED (__TEXT_REGION_LENGTH__)?__TEXT_REGION_LENGTH__:0x100000
                0x0000fe00                __DATA_REGION_LENGTH__ = DEFINED (__DATA_REGION_LENGTH__)?__DATA_REGION_LENGTH__:0xfe00
                0x00010000                __EEPROM_REGION_LENGTH__ = DEFINED (__EEPROM_REGION_LENGTH__)?__EEPROM_REGION_LENGTH__:0x10000
                [0x00000003]                __FUSE_REGION_LENGTH__ = DEFINED (__FUSE_REGION_LENGTH__)?__FUSE_REGION_LENGTH__:0x400
                0x00000400                __LOCK_REGION_LENGTH__ = DEFINED (__LOCK_REGION_LENGTH__)?__LOCK_REGION_LENGTH__:0x400
                0x00000400                __SIGNATURE_REGION_LENGTH__ = DEFINED (__SIGNATURE_REGION_LENGTH__)?__SIGNATURE_REGION_LENGTH__:0x400
                0x00000400                __USER_SIGNATURE_REGION_LENGTH__ = DEFINED (__USER_SIGNATURE_REGION_LENGTH__)?__USER_SIGNATURE_REGION_LENGTH__:0x400

.hash
 *(.hash)

.dynsym
 *(.dynsym)

.dynstr
 *(.dynstr)

.gnu.version
 *(.gnu.version)

.gnu.version_d
 *(.gnu.version_d)

.gnu.version_r
 *(.gnu.version_r)

.rel.init
 *(.rel.init)

.rela.init
 *(.rela.init)

.rel.text
 *(.rel.text)
 *(.rel.text.*)
 *(.rel.gnu.linkonce.t*)

.rela.text
 *(.rela.text)
 *(.rela.text.*)
 *(.rela.gnu.linkonce.t*)

.rel.fini
 *(.rel.fini)

.rela.fini
 *(.rela.fini)

.rel.rodata
 *(.rel.rodata)
 *(.rel.rodata.*)
 *(.rel.gnu.linkonce.r*)

.rela.rodata
 *(.rela.rodata)
 *(.rela.rodata.*)
 *(.rela.gnu.linkonce.r*)

.rel.data
 *(.rel.data)
 *(.rel.data.*)
 *(.rel.gnu.linkonce.d*)

.rela.data
 *(.rela.data)
 *(.rela.data.*)
 *(.rela.gnu.linkonce.d*)

.rel.ctors
 *(.rel.ctors)

.rela.ctors
 *(.rela.ctors)

.rel.dtors
 *(.rel.dtors)

.rela.dtors
 *(.rela.dtors)

.rel.got
 *(.rel.got)

.rela.got
 *(.rela.got)

.rel.bss
 *(.rel.bss)

.rela.bss
 *(.rela.bss)

.rel.plt
 *(.rel.plt)

.rela.plt
 *(.rela.plt)

.text           0x00000000     0x70bc
 *(.vectors)
 .vectors       0x00000000       0xe4 C:/Program Files (x86)/Atmel/Studio/7.0/Packs/atmel/ATmega_DFP/1.2.209/gcc/dev/atmega2560/avr6/crtatmega2560.o
                0x00000000                __vector_default
                0x00000000                __vectors
 *(.vectors)
 *(.progmem.gcc*)
 .progmem.gcc_sw_table.dataToNibbles
                0x000000e4       0x1a menu.o
 .progmem.gcc_sw_table.nibbleToLCDstring
                0x000000fe       0x1a menu.o
 .progmem.gcc_sw_table.nibbleChange
                0x00000118       0x1a menu.o
 .progmem.gcc_sw_table.nibbleToData
                0x00000132       0x1a menu.o
 .progmem.gcc_sw_table.lcd_noteOut
                0x0000014c       0x18 utils.o
                0x00000164                . = ALIGN (0x2)
                0x00000164                __trampolines_start = .
 *(.trampolines)
 .trampolines   0x00000164        0x0 linker stubs
 *(.trampolines*)
                0x00000164                __trampolines_end = .
 *libprintf_flt.a:*(.progmem.data)
 *libc.a:*(.progmem.data)
 *(.progmem*)
 .progmem.data.stringLog
                0x00000164        0x6 log.o
                0x00000164                stringLog
 .progmem.data.ErrorText
                0x0000016a      0x120 log.o
                0x0000016a                ErrorText
 .progmem.data.panicString
                0x0000028a        0x9 main.o
                0x0000028a                panicString
 .progmem.data.releaseKeyString
                0x00000293       0x12 main.o
                0x00000293                releaseKeyString
 .progmem.data.prog_name
                0x000002a5        0xf main.o
                0x000002a5                prog_name
 .progmem.data.usbHWmidichanSW
                0x000002b4       0x22 menu.o
                0x000002b4                usbHWmidichanSW
 .progmem.data.usbHWBits
                0x000002d6        0x8 menu.o
                0x000002d6                usbHWBits
 .progmem.data.usbHWmodule
                0x000002de        0x8 menu.o
                0x000002de                usbHWmodule
 .progmem.data.usbHWempty
                0x000002e6        0x6 menu.o
                0x000002e6                usbHWempty
 .progmem.data.usbHWRegister
                0x000002ec        0xc menu.o
                0x000002ec                usbHWRegister
 .progmem.data.usbHWRange
                0x000002f8        0x7 menu.o
                0x000002f8                usbHWRange
 .progmem.data.usbHWManual
                0x000002ff        0x9 menu.o
                0x000002ff                usbHWManual
 .progmem.data.usbHWmodulCheck
                0x00000308       0x12 menu.o
                0x00000308                usbHWmodulCheck
 .progmem.data.usbHWmodulInst
                0x0000031a       0x13 menu.o
                0x0000031a                usbHWmodulInst
 .progmem.data.usbHWtitel
                0x0000032d       0x19 menu.o
                0x0000032d                usbHWtitel
 .progmem.data.HelloMsg
                0x00000346       0x19 menu.o
                0x00000346                HelloMsg
 .progmem.data.usbLog
                0x0000035f        0x6 menu.o
                0x0000035f                usbLog
 .progmem.data.usbEmpty
                0x00000365        0x8 menu.o
                0x00000365                usbEmpty
 .progmem.data.msg_programming1
                0x0000036d        0x8 menu.o
                0x0000036d                msg_programming1
 .progmem.data.logNone
                0x00000375        0x7 menu.o
                0x00000375                logNone
 .progmem.data.stringNotAssigen
                0x0000037c        0xb menu.o
                0x0000037c                stringNotAssigen
 .progmem.data.menuMessageE
                0x00000387        0x3 menu.o
                0x00000387                menuMessageE
 .progmem.data.menuMessageOK
                0x0000038a        0x4 menu.o
                0x0000038a                menuMessageOK
 .progmem.data.menuMessageAbort
                0x0000038e        0x6 menu.o
                0x0000038e                menuMessageAbort
 .progmem.data.menuMessageMIDIpanic
                0x00000394        0xf menu.o
                0x00000394                menuMessageMIDIpanic
 .progmem.data.messageRegisterMan
                0x000003a3        0x2 menu.o
                0x000003a3                messageRegisterMan
 .progmem.data.messageLoaded
                0x000003a5        0xd menu.o
                0x000003a5                messageLoaded
 .progmem.data.messageSaved
                0x000003b2       0x13 menu.o
                0x000003b2                messageSaved
 .progmem.data.MenuMIDIOutText
                0x000003c5        0x5 menu.o
                0x000003c5                MenuMIDIOutText
 .progmem.data.MenuMIDIInText
                0x000003ca        0x4 menu.o
                0x000003ca                MenuMIDIInText
 .progmem.data.initMenuText
                0x000003ce        0xa menu.o
                0x000003ce                initMenuText
 .progmem.data.nibbleInfo
                0x000003d8       0x87 menu.o
                0x000003d8                nibbleInfo
 .progmem.data.menu_selFunc
                0x0000045f      0x1b8 menu.o
                0x0000045f                menu_selFunc
 .progmem.data.shortKeyTextRegOff
                0x00000617        0xa menu.o
                0x00000617                shortKeyTextRegOff
 .progmem.data.shortKeyTextK4A
                0x00000621        0xa menu.o
                0x00000621                shortKeyTextK4A
 .progmem.data.shortKeyTextK3A
                0x0000062b        0xa menu.o
                0x0000062b                shortKeyTextK3A
 .progmem.data.shortKeyTextK2A
                0x00000635        0xa menu.o
                0x00000635                shortKeyTextK2A
 .progmem.data.shortKeyTextK1A
                0x0000063f        0xa menu.o
                0x0000063f                shortKeyTextK1A
 .progmem.data.shortKeyTextCpl1P
                0x00000649        0xa menu.o
                0x00000649                shortKeyTextCpl1P
 .progmem.data.shortKeyTextCpl2P
                0x00000653        0xa menu.o
                0x00000653                shortKeyTextCpl2P
 .progmem.data.shortKeyTextCpl21
                0x0000065d        0xa menu.o
                0x0000065d                shortKeyTextCpl21
 .progmem.data.shortKeyTextCpl3P
                0x00000667        0xa menu.o
                0x00000667                shortKeyTextCpl3P
 .progmem.data.shortKeyTextCpl31
                0x00000671        0xa menu.o
                0x00000671                shortKeyTextCpl31
 .progmem.data.shortKeyTextCpl32
                0x0000067b        0xa menu.o
                0x0000067b                shortKeyTextCpl32
 .progmem.data.shortKeyTextCplP1
                0x00000685        0xa menu.o
                0x00000685                shortKeyTextCplP1
 .progmem.data.shortKeyTextCplP2
                0x0000068f        0xa menu.o
                0x0000068f                shortKeyTextCplP2
 .progmem.data.shortKeyTextCpl12
                0x00000699        0xa menu.o
                0x00000699                shortKeyTextCpl12
 .progmem.data.shortKeyTextCplP3
                0x000006a3        0xa menu.o
                0x000006a3                shortKeyTextCplP3
 .progmem.data.shortKeyTextCpl13
                0x000006ad        0xa menu.o
                0x000006ad                shortKeyTextCpl13
 .progmem.data.shortKeyTextCpl23
                0x000006b7        0xa menu.o
                0x000006b7                shortKeyTextCpl23
 .progmem.data.shortKeyTextMIDIoff
                0x000006c1        0xa menu.o
                0x000006c1                shortKeyTextMIDIoff
 .progmem.data.shortKeyTextSetup
                0x000006cb        0xa menu.o
                0x000006cb                shortKeyTextSetup
 .progmem.data.shortKeyTextStim
                0x000006d5        0xa menu.o
                0x000006d5                shortKeyTextStim
 .progmem.data.shortKeyTextMenu
                0x000006df        0xa menu.o
                0x000006df                shortKeyTextMenu
 .progmem.data.shortKeyTextNone
                0x000006e9        0xa menu.o
                0x000006e9                shortKeyTextNone
 .progmem.data.menu_main
                0x000006f3       0x78 menu.o
                0x000006f3                menu_main
 .progmem.data.menu_manual
                0x0000076b       0x28 menu.o
                0x0000076b                menu_manual
 .progmem.data.menu_register
                0x00000793       0xdc menu.o
                0x00000793                menu_register
 .progmem.data.menu_coupler
                0x0000086f       0xf0 menu.o
                0x0000086f                menu_coupler
 .progmem.data.menu_midi
                0x0000095f       0xa0 menu.o
                0x0000095f                menu_midi
 .progmem.data.menu_midiIn
                0x000009ff      0x140 menu.o
                0x000009ff                menu_midiIn
 .progmem.data.menu_midiInSec
                0x00000b3f       0x50 menu.o
                0x00000b3f                menu_midiInSec
 .progmem.data.menu_midiInVar
                0x00000b8f       0x50 menu.o
                0x00000b8f                menu_midiInVar
 .progmem.data.menu_key
                0x00000bdf       0x50 menu.o
                0x00000bdf                menu_key
 .progmem.data.menu_tune
                0x00000c2f       0x50 menu.o
                0x00000c2f                menu_tune
 .progmem.data.menu_midiOut
                0x00000c7f       0xa0 menu.o
                0x00000c7f                menu_midiOut
 .progmem.data.menu_setup
                0x00000d1f       0x50 menu.o
                0x00000d1f                menu_setup
 .progmem.data.menu_eeprom
                0x00000d6f       0x3c menu.o
                0x00000d6f                menu_eeprom
 .progmem.data.menu_Power
                0x00000dab       0x3c menu.o
                0x00000dab                menu_Power
 .progmem.data.menu_module
                0x00000de7       0x64 menu.o
                0x00000de7                menu_module
 .progmem.data.menu_ModeSel
                0x00000e4b       0xa0 menu.o
                0x00000e4b                menu_ModeSel
 .progmem.data.menu_ModTestSelcted
                0x00000eeb       0x50 menu.o
                0x00000eeb                menu_ModTestSelcted
 .progmem.data.menu_USBser
                0x00000f3b       0x3c menu.o
                0x00000f3b                menu_USBser
 .progmem.data.menu_modAssign
                0x00000f77       0x64 menu.o
                0x00000f77                menu_modAssign
 .progmem.data.menu_modSection8
                0x00000fdb       0xa0 menu.o
                0x00000fdb                menu_modSection8
 .progmem.data.menu_modSection
                0x0000107b       0x50 menu.o
                0x0000107b                menu_modSection
 .progmem.data.menu_modDefineReg
                0x000010cb       0x3c menu.o
                0x000010cb                menu_modDefineReg
 .progmem.data.menu_modDefine
                0x00001107       0x3c menu.o
                0x00001107                menu_modDefine
 .progmem.data.menu_status
                0x00001143       0x3c menu.o
                0x00001143                menu_status
 .progmem.data.sw_version
                0x0000117f        0x6 menu.o
                0x0000117f                sw_version
 .progmem.data.cplInfo
                0x00001185       0x18 Midi.o
                0x00001185                cplInfo
 .progmem.data.keylabel_1
                0x0000119d        0x2 utils.o
                0x0000119d                keylabel_1
 .progmem.data.keylabel_0
                0x0000119f        0x2 utils.o
                0x0000119f                keylabel_0
 .progmem.data.keylabel_text
                0x000011a1        0x6 utils.o
                0x000011a1                keylabel_text
 .progmem.data.keylabel_exit
                0x000011a7        0x5 utils.o
                0x000011a7                keylabel_exit
 .progmem.data.keylabel_off
                0x000011ac        0x5 utils.o
                0x000011ac                keylabel_off
 .progmem.data.keylabel_on
                0x000011b1        0x5 utils.o
                0x000011b1                keylabel_on
 .progmem.data.keylabel_onoff
                0x000011b6        0x5 utils.o
                0x000011b6                keylabel_onoff
 .progmem.data.keylabel_minus
                0x000011bb        0x2 utils.o
                0x000011bb                keylabel_minus
 .progmem.data.keylabel_plus
                0x000011bd        0x2 utils.o
                0x000011bd                keylabel_plus
 .progmem.data.keylabel_left
                0x000011bf        0x2 utils.o
                0x000011bf                keylabel_left
 .progmem.data.keylabel_right
                0x000011c1        0x2 utils.o
                0x000011c1                keylabel_right
 .progmem.data.keylabel_down
                0x000011c3        0x2 utils.o
                0x000011c3                keylabel_down
 .progmem.data.keylabel_up
                0x000011c5        0x2 utils.o
                0x000011c5                keylabel_up
 .progmem.data.cgPattern_Block
                0x000011c7        0x8 utils.o
                0x000011c7                cgPattern_Block
 .progmem.data.cgPattern_Down
                0x000011cf        0x8 utils.o
                0x000011cf                cgPattern_Down
 .progmem.data.cgPattern_Up
                0x000011d7        0x8 utils.o
                0x000011d7                cgPattern_Up
 .progmem.data.cr_lf
                0x000011df        0x3 utils.o
                0x000011df                cr_lf
                0x000011e2                . = ALIGN (0x2)
 *(.jumptables)
 *(.jumptables*)
 *(.lowtext)
 *(.lowtext*)
                0x000011e2                __ctors_start = .
 *(.ctors)
                0x000011e2                __ctors_end = .
                0x000011e2                __dtors_start = .
 *(.dtors)
                0x000011e2                __dtors_end = .
 SORT(*)(.ctors)
 SORT(*)(.dtors)
 *(.init0)
 .init0         0x000011e2        0x0 C:/Program Files (x86)/Atmel/Studio/7.0/Packs/atmel/ATmega_DFP/1.2.209/gcc/dev/atmega2560/avr6/crtatmega2560.o
                0x000011e2                __init
 *(.init0)
 *(.init1)
 *(.init1)
 *(.init2)
 .init2         0x000011e2       0x10 C:/Program Files (x86)/Atmel/Studio/7.0/Packs/atmel/ATmega_DFP/1.2.209/gcc/dev/atmega2560/avr6/crtatmega2560.o
 *(.init2)
 *(.init3)
 *(.init3)
 *(.init4)
 .init4         0x000011f2       0x1a c:/program files (x86)/atmel/studio/7.0/toolchain/avr8/avr8-gnu-toolchain/bin/../lib/gcc/avr/5.4.0/avr6\libgcc.a(_copy_data.o)
                0x000011f2                __do_copy_data
 .init4         0x0000120c       0x10 c:/program files (x86)/atmel/studio/7.0/toolchain/avr8/avr8-gnu-toolchain/bin/../lib/gcc/avr/5.4.0/avr6\libgcc.a(_clear_bss.o)
                0x0000120c                __do_clear_bss
 *(.init4)
 *(.init5)
 *(.init5)
 *(.init6)
 *(.init6)
 *(.init7)
 *(.init7)
 *(.init8)
 *(.init8)
 *(.init9)
 .init9         0x0000121c        0x8 C:/Program Files (x86)/Atmel/Studio/7.0/Packs/atmel/ATmega_DFP/1.2.209/gcc/dev/atmega2560/avr6/crtatmega2560.o
 *(.init9)
 *(.text)
 .text          0x00001224        0x4 C:/Program Files (x86)/Atmel/Studio/7.0/Packs/atmel/ATmega_DFP/1.2.209/gcc/dev/atmega2560/avr6/crtatmega2560.o
                0x00001224                __vector_38
                0x00001224                __vector_22
                0x00001224                __vector_28
                0x00001224                __vector_1
                0x00001224                __vector_32
                0x00001224                __vector_34
                0x00001224                __vector_24
                0x00001224                __vector_12
                0x00001224                __vector_46
                0x00001224                __bad_interrupt
                0x00001224                __vector_6
                0x00001224                __vector_31
                0x00001224                __vector_35
                0x00001224                __vector_39
                0x00001224                __vector_3
                0x00001224                __vector_23
                0x00001224                __vector_30
                0x00001224                __vector_45
                0x00001224                __vector_11
                0x00001224                __vector_13
                0x00001224                __vector_17
                0x00001224                __vector_19
                0x00001224                __vector_56
                0x00001224                __vector_7
                0x00001224                __vector_49
                0x00001224                __vector_41
                0x00001224                __vector_43
                0x00001224                __vector_27
                0x00001224                __vector_5
                0x00001224                __vector_33
                0x00001224                __vector_47
                0x00001224                __vector_52
                0x00001224                __vector_4
                0x00001224                __vector_44
                0x00001224                __vector_51
                0x00001224                __vector_9
                0x00001224                __vector_2
                0x00001224                __vector_15
                0x00001224                __vector_29
                0x00001224                __vector_40
                0x00001224                __vector_8
                0x00001224                __vector_48
                0x00001224                __vector_14
                0x00001224                __vector_53
                0x00001224                __vector_10
                0x00001224                __vector_50
                0x00001224                __vector_16
                0x00001224                __vector_18
                0x00001224                __vector_20
                0x00001224                __vector_42
                0x00001228                . = ALIGN (0x2)
 *(.text.*)
 .text.crc16_ram
                0x00001228       0x4c ee_prom.o
                0x00001228                crc16_ram
 .text.crc16_eeprom
                0x00001274       0x6e ee_prom.o
                0x00001274                crc16_eeprom
 .text.crc16_ram_startVal
                0x000012e2       0x4a ee_prom.o
                0x000012e2                crc16_ram_startVal
 .text.crc16_eeprom_startVal
                0x0000132c       0x6c ee_prom.o
                0x0000132c                crc16_eeprom_startVal
 .text.eeprom_ReadManualMap
                0x00001398       0x50 ee_prom.o
                0x00001398                eeprom_ReadManualMap
 .text.eeprom_ReadMidiInMap
                0x000013e8       0x50 ee_prom.o
                0x000013e8                eeprom_ReadMidiInMap
 .text.eeprom_ReadMidiOutMap
                0x00001438       0x60 ee_prom.o
                0x00001438                eeprom_ReadMidiOutMap
 .text.eeprom_ReadModules
                0x00001498       0x58 ee_prom.o
                0x00001498                eeprom_ReadModules
 .text.eeprom_ReadMidiThrough
                0x000014f0       0x50 ee_prom.o
                0x000014f0                eeprom_ReadMidiThrough
 .text.eeprom_ReadUSB
                0x00001540       0x4c ee_prom.o
                0x00001540                eeprom_ReadUSB
 .text.eeprom_ReadReg
                0x0000158c       0x68 ee_prom.o
                0x0000158c                eeprom_ReadReg
 .text.eeprom_ReadProg
                0x000015f4       0x50 ee_prom.o
                0x000015f4                eeprom_ReadProg
 .text.eeprom_ReadSoftkeys
                0x00001644       0x44 ee_prom.o
                0x00001644                eeprom_ReadSoftkeys
 .text.eepromWriteSignature
                0x00001688       0x16 ee_prom.o
                0x00001688                eepromWriteSignature
 .text.eeprom_UpdateManualMap
                0x0000169e       0x44 ee_prom.o
                0x0000169e                eeprom_UpdateManualMap
 .text.eeprom_UpdateMidiInMap
                0x000016e2       0x44 ee_prom.o
                0x000016e2                eeprom_UpdateMidiInMap
 .text.eeprom_UpdateMidiOutMap
                0x00001726       0x60 ee_prom.o
                0x00001726                eeprom_UpdateMidiOutMap
 .text.eeprom_UpdateModules
                0x00001786       0x54 ee_prom.o
                0x00001786                eeprom_UpdateModules
 .text.eeprom_UpdateUSB
                0x000017da       0x40 ee_prom.o
                0x000017da                eeprom_UpdateUSB
 .text.eeprom_UpdateMidiThrough
                0x0000181a       0x44 ee_prom.o
                0x0000181a                eeprom_UpdateMidiThrough
 .text.eeprom_UpdateReg
                0x0000185e       0x5c ee_prom.o
                0x0000185e                eeprom_UpdateReg
 .text.eeprom_UpdateProg
                0x000018ba       0x44 ee_prom.o
                0x000018ba                eeprom_UpdateProg
 .text.eeprom_UpdateSoftkeys
                0x000018fe       0x44 ee_prom.o
                0x000018fe                eeprom_UpdateSoftkeys
 .text.eeprom_UpdateALL
                0x00001942       0x14 ee_prom.o
                0x00001942                eeprom_UpdateALL
 .text.eepromCopy
                0x00001956       0x52 ee_prom.o
                0x00001956                eepromCopy
 .text.eeprom_Backup
                0x000019a8       0x18 ee_prom.o
                0x000019a8                eeprom_Backup
 .text.eeprom_Restore
                0x000019c0       0x18 ee_prom.o
                0x000019c0                eeprom_Restore
 .text.init_Timers
                0x000019d8       0x30 hwtimer.o
                0x000019d8                init_Timers
 .text.init_HwTimer
                0x00001a08       0x1e hwtimer.o
                0x00001a08                init_HwTimer
 .text.init_ADC
                0x00001a26       0x54 hwtimer.o
                0x00001a26                init_ADC
 .text.init_Pipe
                0x00001a7a       0x50 hwtimer.o
                0x00001a7a                init_Pipe
 .text.init_PipeModules
                0x00001aca      0x17e hwtimer.o
                0x00001aca                init_PipeModules
 .text.test_PipeModule
                0x00001c48       0xe8 hwtimer.o
                0x00001c48                test_PipeModule
 .text.module_TestAllInputs
                0x00001d30       0x22 hwtimer.o
                0x00001d30                module_TestAllInputs
 .text.module_WaitOutputInput2Cycles
                0x00001d52       0x1a hwtimer.o
                0x00001d52                module_WaitOutputInput2Cycles
 .text.module_StartPowerOn
                0x00001d6c       0x20 hwtimer.o
                0x00001d6c                module_StartPowerOn
 .text.module_PowerControl
                0x00001d8c       0x8c hwtimer.o
                0x00001d8c                module_PowerControl
 .text.softKey_WantLong
                0x00001e18       0x24 hwtimer.o
                0x00001e18                softKey_WantLong
 .text.__vector_21
                0x00001e3c      0x494 hwtimer.o
                0x00001e3c                __vector_21
 .text.init_iopins
                0x000022d0       0x3a initio.o
                0x000022d0                init_iopins
 .text.lcd_write_nibble
                0x0000230a       0x7a lcd_u.o
                0x0000230a                lcd_write_nibble
 .text.lcd_write_character
                0x00002384       0x30 lcd_u.o
                0x00002384                lcd_write_character
 .text.lcd_write_command
                0x000023b4       0x44 lcd_u.o
                0x000023b4                lcd_write_command
 .text.lcd_init
                0x000023f8       0xa0 lcd_u.o
                0x000023f8                lcd_init
 .text.lcd_goto
                0x00002498        0xa lcd_u.o
                0x00002498                lcd_goto
 .text.lcd_clrscr
                0x000024a2       0x1e lcd_u.o
                0x000024a2                lcd_clrscr
 .text.getCursorFromLCDRAMcursor
                0x000024c0       0x2c lcd_u.o
                0x000024c0                getCursorFromLCDRAMcursor
 .text.lcd_putc
                0x000024ec       0x70 lcd_u.o
                0x000024ec                lcd_putc
 .text.lcd_puts
                0x0000255c       0x20 lcd_u.o
                0x0000255c                lcd_puts
 .text.lcd_puts_P
                0x0000257c       0x20 lcd_u.o
                0x0000257c                lcd_puts_P
 .text.init_log
                0x0000259c       0x16 log.o
                0x0000259c                init_log
 .text.log_count
                0x000025b2       0x3e log.o
                0x000025b2                log_count
 .text.log_getLog
                0x000025f0       0x50 log.o
                0x000025f0                log_getLog
 .text.log_getErrorText
                0x00002640       0x88 log.o
                0x00002640                log_getErrorText
 .text.logCheckUnreadErrorLogs
                0x000026c8       0x40 log.o
                0x000026c8                logCheckUnreadErrorLogs
 .text.log_getShortTextFromPtr
                0x00002708      0x118 log.o
                0x00002708                log_getShortTextFromPtr
 .text.log_put  0x00002820       0xc8 log.o
                0x00002820                log_put
 .text.log_putError
                0x000028e8        0xc log.o
                0x000028e8                log_putError
 .text.log_getShortTextFromIndex
                0x000028f4       0x20 log.o
                0x000028f4                log_getShortTextFromIndex
 .text.main     0x00002914      0x4f8 main.o
                0x00002914                main
 .text.menu_enterWriteModule
                0x00002e0c       0x78 menu.o
                0x00002e0c                menu_enterWriteModule
 .text.menu_exitWriteModule
                0x00002e84       0x5a menu.o
                0x00002e84                menu_exitWriteModule
 .text.menuOnEnterModSel
                0x00002ede       0x16 menu.o
                0x00002ede                menuOnEnterModSel
 .text.menuOnEnterMidiInCh
                0x00002ef4       0x16 menu.o
                0x00002ef4                menuOnEnterMidiInCh
 .text.menuOnEnterMidiInSec
                0x00002f0a       0x3c menu.o
                0x00002f0a                menuOnEnterMidiInSec
 .text.menuOnEnterModManual
                0x00002f46       0x16 menu.o
                0x00002f46                menuOnEnterModManual
 .text.menuOnEnterModSec
                0x00002f5c       0x4a menu.o
                0x00002f5c                menuOnEnterModSec
 .text.menuOnEnterModSecReg
                0x00002fa6       0x2c menu.o
                0x00002fa6                menuOnEnterModSecReg
 .text.menuOnEnterKey
                0x00002fd2       0x2e menu.o
                0x00002fd2                menuOnEnterKey
 .text.menuOnExitMidiThrough
                0x00003000        0x8 menu.o
                0x00003000                menuOnExitMidiThrough
 .text.menuOnExitRegisterEdit
                0x00003008       0x50 menu.o
                0x00003008                menuOnExitRegisterEdit
 .text.softKeyRegOff
                0x00003058        0xa menu.o
                0x00003058                softKeyRegOff
 .text.menuOnExitCoupler
                0x00003062       0x26 menu.o
                0x00003062                menuOnExitCoupler
 .text.menuOnExitSaveProgram
                0x00003088       0x16 menu.o
                0x00003088                menuOnExitSaveProgram
 .text.menuOnExitKeys
                0x0000309e        0x8 menu.o
                0x0000309e                menuOnExitKeys
 .text.menu_readModule
                0x000030a6       0x68 menu.o
                0x000030a6                menu_readModule
 .text.menu_testModule
                0x0000310e       0x24 menu.o
                0x0000310e                menu_testModule
 .text.menuOnEnterTune
                0x00003132      0x238 menu.o
                0x00003132                menuOnEnterTune
 .text.menuOnExitMidiActiveSense
                0x0000336a        0x8 menu.o
                0x0000336a                menuOnExitMidiActiveSense
 .text.menuOnExitMidiOut
                0x00003372        0x8 menu.o
                0x00003372                menuOnExitMidiOut
 .text.menuOnExitMidiIn
                0x0000337a        0x8 menu.o
                0x0000337a                menuOnExitMidiIn
 .text.menuOnExitManual
                0x00003382       0x14 menu.o
                0x00003382                menuOnExitManual
 .text.menuOnExitModules
                0x00003396        0x8 menu.o
                0x00003396                menuOnExitModules
 .text.menuOnEnterUSBprotokoll
                0x0000339e       0x4c menu.o
                0x0000339e                menuOnEnterUSBprotokoll
 .text.menuOnExitUSBactive
                0x000033ea       0x28 menu.o
                0x000033ea                menuOnExitUSBactive
 .text.menuOnEnterUSBsendHW
                0x00003412      0x388 menu.o
                0x00003412                menuOnEnterUSBsendHW
 .text.reverseRegisterBits
                0x0000379a       0x28 menu.o
                0x0000379a                reverseRegisterBits
 .text.menuOnUpdateRegister
                0x000037c2        0xe menu.o
                0x000037c2                menuOnUpdateRegister
 .text.menuOnEnterResetReg
                0x000037d0        0xc menu.o
                0x000037d0                menuOnEnterResetReg
 .text.menuOnExitLoadProgran
                0x000037dc       0x18 menu.o
                0x000037dc                menuOnExitLoadProgran
 .text.softkeyCoupler
                0x000037f4       0x56 menu.o
                0x000037f4                softkeyCoupler
 .text.softKeyCoupler2from3
                0x0000384a        0x6 menu.o
                0x0000384a                softKeyCoupler2from3
 .text.softKeyCoupler1from3
                0x00003850        0x6 menu.o
                0x00003850                softKeyCoupler1from3
 .text.softKeyCouplerPfrom3
                0x00003856        0x6 menu.o
                0x00003856                softKeyCouplerPfrom3
 .text.softKeyCoupler1from2
                0x0000385c        0x6 menu.o
                0x0000385c                softKeyCoupler1from2
 .text.softKeyCouplerPfrom2
                0x00003862        0x6 menu.o
                0x00003862                softKeyCouplerPfrom2
 .text.softKeyCouplerPfrom1
                0x00003868        0x6 menu.o
                0x00003868                softKeyCouplerPfrom1
 .text.softKeyCoupler3from2
                0x0000386e        0x6 menu.o
                0x0000386e                softKeyCoupler3from2
 .text.softKeyCoupler3from1
                0x00003874        0x6 menu.o
                0x00003874                softKeyCoupler3from1
 .text.softKeyCoupler3fromP
                0x0000387a        0x6 menu.o
                0x0000387a                softKeyCoupler3fromP
 .text.softKeyCoupler2from1
                0x00003880        0x6 menu.o
                0x00003880                softKeyCoupler2from1
 .text.softKeyCoupler2fromP
                0x00003886        0x6 menu.o
                0x00003886                softKeyCoupler2fromP
 .text.softKeyCoupler1fromP
                0x0000388c        0x6 menu.o
                0x0000388c                softKeyCoupler1fromP
 .text.menu_Init
                0x00003892       0x46 menu.o
                0x00003892                menu_Init
 .text.softkeyLeft
                0x000038d8        0xc menu.o
                0x000038d8                softkeyLeft
 .text.softkeyRight
                0x000038e4        0xc menu.o
                0x000038e4                softkeyRight
 .text.softkeyDown
                0x000038f0        0xc menu.o
                0x000038f0                softkeyDown
 .text.softkeyOn
                0x000038fc        0xc menu.o
                0x000038fc                softkeyOn
 .text.softkeyOff
                0x00003908        0xc menu.o
                0x00003908                softkeyOff
 .text.softkeyUp
                0x00003914        0xc menu.o
                0x00003914                softkeyUp
 .text.softkeyPlus
                0x00003920       0x24 menu.o
                0x00003920                softkeyPlus
 .text.softkeyMinus
                0x00003944       0x24 menu.o
                0x00003944                softkeyMinus
 .text.dataToNibbles
                0x00003968      0x1e6 menu.o
                0x00003968                dataToNibbles
 .text.nibbleToLCDstring
                0x00003b4e      0x29c menu.o
                0x00003b4e                nibbleToLCDstring
 .text.LCDStringOut
                0x00003dea       0x36 menu.o
                0x00003dea                LCDStringOut
 .text.nibbleCheckOvfl
                0x00003e20       0x12 menu.o
                0x00003e20                nibbleCheckOvfl
 .text.nibbleChange
                0x00003e32      0x35e menu.o
                0x00003e32                nibbleChange
 .text.nibbleToData
                0x00004190      0x1ca menu.o
                0x00004190                nibbleToData
 .text.menuTextOut
                0x0000435a       0x36 menu.o
                0x0000435a                menuTextOut
 .text.menuParentMenuToLCD
                0x00004390       0x34 menu.o
                0x00004390                menuParentMenuToLCD
 .text.menuDisplayValue
                0x000043c4       0x1a menu.o
                0x000043c4                menuDisplayValue
 .text.menuCursorSetDataNibble
                0x000043de       0x5a menu.o
                0x000043de                menuCursorSetDataNibble
 .text.menuCursorSetExtra
                0x00004438        0x8 menu.o
                0x00004438                menuCursorSetExtra
 .text.menuOnEnterStatusMidiIn
                0x00004440       0x7c menu.o
                0x00004440                menuOnEnterStatusMidiIn
 .text.menuOnEnterStatusMidiOut
                0x000044bc       0x7c menu.o
                0x000044bc                menuOnEnterStatusMidiOut
 .text.menuOnEnterLogDisp
                0x00004538      0x14a menu.o
                0x00004538                menuOnEnterLogDisp
 .text.menuCursorSetMenu
                0x00004682        0x8 menu.o
                0x00004682                menuCursorSetMenu
 .text.menuClearExtraDisp
                0x0000468a        0xa menu.o
                0x0000468a                menuClearExtraDisp
 .text.menu_ClearDataDisp
                0x00004694        0xe menu.o
                0x00004694                menu_ClearDataDisp
 .text.menuClearMenuDisp
                0x000046a2       0x16 menu.o
                0x000046a2                menuClearMenuDisp
 .text.menu_ClearAllDisp
                0x000046b8        0x8 menu.o
                0x000046b8                menu_ClearAllDisp
 .text.menuCheckArrowDown
                0x000046c0       0x3e menu.o
                0x000046c0                menuCheckArrowDown
 .text.menuCurrMenuToLCD
                0x000046fe       0x5c menu.o
                0x000046fe                menuCurrMenuToLCD
 .text.menuItemChanged
                0x0000475a       0xc2 menu.o
                0x0000475a                menuItemChanged
 .text.menu_InitLCD
                0x0000481c        0xe menu.o
                0x0000481c                menu_InitLCD
 .text.menu_ProcessMessage
                0x0000482a      0x47e menu.o
                0x0000482a                menu_ProcessMessage
 .text.displayMenuMessage_P
                0x00004ca8       0x82 menu.o
                0x00004ca8                displayMenuMessage_P
 .text.menu_OnEnterMidiPanic
                0x00004d2a       0x10 menu.o
                0x00004d2a                menu_OnEnterMidiPanic
 .text.menu_ModuleTestExecute
                0x00004d3a      0x1ac menu.o
                0x00004d3a                menu_ModuleTestExecute
 .text.menu_ModuleTestPattern
                0x00004ee6       0x32 menu.o
                0x00004ee6                menu_ModuleTestPattern
 .text.menuLCDwriteOK
                0x00004f18        0x8 menu.o
                0x00004f18                menuLCDwriteOK
 .text.menuOnEnterEEBackup
                0x00004f20       0x18 menu.o
                0x00004f20                menuOnEnterEEBackup
 .text.menuOnEnterEERestore
                0x00004f38       0x18 menu.o
                0x00004f38                menuOnEnterEERestore
 .text.menuOnEnterEEUpdate
                0x00004f50       0x16 menu.o
                0x00004f50                menuOnEnterEEUpdate
 .text.menudeleteMainMessage
                0x00004f66       0x1c menu.o
                0x00004f66                menudeleteMainMessage
 .text.menu_deleteMessage
                0x00004f82       0x22 menu.o
                0x00004f82                menu_deleteMessage
 .text.menu_DisplayMainMessage_P
                0x00004fa4       0x6c menu.o
                0x00004fa4                menu_DisplayMainMessage_P
 .text.menu_DisplayMainMessage
                0x00005010       0x6c menu.o
                0x00005010                menu_DisplayMainMessage
 .text.menuDisplaySaveMessage
                0x0000507c       0x1a menu.o
                0x0000507c                menuDisplaySaveMessage
 .text.menuDisplayLoadMessage
                0x00005096       0x48 menu.o
                0x00005096                menuDisplayLoadMessage
 .text.handle_programKey
                0x000050de       0x3a menu.o
                0x000050de                handle_programKey
 .text.softKeyK1A
                0x00005118        0x6 menu.o
                0x00005118                softKeyK1A
 .text.softKeyK2A
                0x0000511e        0x6 menu.o
                0x0000511e                softKeyK2A
 .text.softKeyK3A
                0x00005124        0x6 menu.o
                0x00005124                softKeyK3A
 .text.softKeyK4A
                0x0000512a        0x6 menu.o
                0x0000512a                softKeyK4A
 .text.getSoftKeyIndex
                0x00005130       0x24 menu.o
                0x00005130                getSoftKeyIndex
 .text.init_SoftKeys
                0x00005154       0x92 menu.o
                0x00005154                init_SoftKeys
 .text.softKey_Set
                0x000051e6       0x58 menu.o
                0x000051e6                softKey_Set
 .text.menuOnExitKey
                0x0000523e       0x20 menu.o
                0x0000523e                menuOnExitKey
 .text.softKeys_toLCD
                0x0000525e       0x7e menu.o
                0x0000525e                softKeys_toLCD
 .text.softKey_MessageKey_ToSoftKeyNr
                0x000052dc       0x2a menu.o
                0x000052dc                softKey_MessageKey_ToSoftKeyNr
 .text.softKey_Execute
                0x00005306       0x98 menu.o
                0x00005306                softKey_Execute
 .text.menu_showPowerState
                0x0000539e       0x28 menu.o
                0x0000539e                menu_showPowerState
 .text.menuOnEnterPwrOn
                0x000053c6       0x12 menu.o
                0x000053c6                menuOnEnterPwrOn
 .text.menuOnEnterPwrOff
                0x000053d8       0x10 menu.o
                0x000053d8                menuOnEnterPwrOff
 .text.menuOnEnterPwrRest
                0x000053e8       0x2a menu.o
                0x000053e8                menuOnEnterPwrRest
 .text.init_message
                0x00005412        0xe message.o
                0x00005412                init_message
 .text.message_push
                0x00005420       0x28 message.o
                0x00005420                message_push
 .text.message_get
                0x00005448       0x32 message.o
                0x00005448                message_get
 .text.message_status
                0x0000547a       0x26 message.o
                0x0000547a                message_status
 .text.pipeMsgPush
                0x000054a0       0x44 message.o
                0x000054a0                pipeMsgPush
 .text.pipeMsgGet
                0x000054e4       0x2a message.o
                0x000054e4                pipeMsgGet
 .text.pipeMsgStatus
                0x0000550e       0x14 message.o
                0x0000550e                pipeMsgStatus
 .text.midi_CouplerReset
                0x00005522       0x14 Midi.o
                0x00005522                midi_CouplerReset
 .text.init_Midi
                0x00005536        0x4 Midi.o
                0x00005536                init_Midi
 .text.set_Coupler
                0x0000553a       0x42 Midi.o
                0x0000553a                set_Coupler
 .text.getAllCouplers
                0x0000557c       0x30 Midi.o
                0x0000557c                getAllCouplers
 .text.setAllCouplers
                0x000055ac       0x32 Midi.o
                0x000055ac                setAllCouplers
 .text.midiAllReset
                0x000055de        0xc Midi.o
                0x000055de                midiAllReset
 .text.registers_CalcCount
                0x000055ea       0x34 Midi.o
                0x000055ea                registers_CalcCount
 .text.init_Registers
                0x0000561e       0xb8 Midi.o
                0x0000561e                init_Registers
 .text.regNr_to_moduleBit
                0x000056d6       0x36 Midi.o
                0x000056d6                regNr_to_moduleBit
 .text.moduleBit_to_registerNr
                0x0000570c       0x38 Midi.o
                0x0000570c                moduleBit_to_registerNr
 .text.read_Register
                0x00005744       0x8a Midi.o
                0x00005744                read_Register
 .text.get_RegisterStatus
                0x000057ce       0x6a Midi.o
                0x000057ce                get_RegisterStatus
 .text.count_Registers
                0x00005838       0x28 Midi.o
                0x00005838                count_Registers
 .text.read_allRegister
                0x00005860       0x58 Midi.o
                0x00005860                read_allRegister
 .text.register_onOff
                0x000058b8       0x7c Midi.o
                0x000058b8                register_onOff
 .text.program_toRegister
                0x00005934       0xb0 Midi.o
                0x00005934                program_toRegister
 .text.midi_ProgramChange
                0x000059e4       0x6e Midi.o
                0x000059e4                midi_ProgramChange
 .text.midi_resetRegisters
                0x00005a52       0x1a Midi.o
                0x00005a52                midi_resetRegisters
 .text.register_toProgram
                0x00005a6c       0x6a Midi.o
                0x00005a6c                register_toProgram
 .text.midi_RegisterMatchProgram
                0x00005ad6       0x76 Midi.o
                0x00005ad6                midi_RegisterMatchProgram
 .text.midi_CountRegisterInProgram
                0x00005b4c       0x40 Midi.o
                0x00005b4c                midi_CountRegisterInProgram
 .text.init_Midi2Manual
                0x00005b8c       0x80 Midi.o
                0x00005b8c                init_Midi2Manual
 .text.init_Manual2Midi
                0x00005c0c       0x54 Midi.o
                0x00005c0c                init_Manual2Midi
 .text.Manual_to_MidiNote
                0x00005c60       0x20 Midi.o
                0x00005c60                Manual_to_MidiNote
 .text.Midi_updateManualRange
                0x00005c80       0xae Midi.o
                0x00005c80                Midi_updateManualRange
 .text.init_Manual2Module
                0x00005d2e       0x74 Midi.o
                0x00005d2e                init_Manual2Module
 .text.manualNote_to_moduleBit
                0x00005da2       0x40 Midi.o
                0x00005da2                manualNote_to_moduleBit
 .text.moduleBit_to_manualNote
                0x00005de2       0x46 Midi.o
                0x00005de2                moduleBit_to_manualNote
 .text.manual_NoteOnOff
                0x00005e28       0xd4 Midi.o
                0x00005e28                manual_NoteOnOff
 .text.midiAllNotesOff
                0x00005efc       0xa8 Midi.o
                0x00005efc                midiAllNotesOff
 .text.midi_ManualOff
                0x00005fa4       0x58 Midi.o
                0x00005fa4                midi_ManualOff
 .text.midi_AllManualsOff
                0x00005ffc       0x14 Midi.o
                0x00005ffc                midi_AllManualsOff
 .text.midi_CheckRxActiveSense
                0x00006010       0x18 Midi.o
                0x00006010                midi_CheckRxActiveSense
 .text.midiNote_to_Manual
                0x00006028       0xfa Midi.o
                0x00006028                midiNote_to_Manual
 .text.midiIn_Process
                0x00006122      0x128 Midi.o
                0x00006122                midiIn_Process
 .text.midiKeyPress_Process
                0x0000624a      0x1ac Midi.o
                0x0000624a                midiKeyPress_Process
 .text.midiSendAllNotesOff
                0x000063f6       0x2e Midi.o
                0x000063f6                midiSendAllNotesOff
 .text.midi_SendActiveSense
                0x00006424        0x6 Midi.o
                0x00006424                midi_SendActiveSense
 .text.midi_CheckTxActiveSense
                0x0000642a       0x36 Midi.o
                0x0000642a                midi_CheckTxActiveSense
 .text.init_Serial1MIDI
                0x00006460       0x44 serial.o
                0x00006460                init_Serial1MIDI
 .text.serial1MIDISend
                0x000064a4       0x6c serial.o
                0x000064a4                serial1MIDISend
 .text.serial1MIDIReadRx
                0x00006510       0x2a serial.o
                0x00006510                serial1MIDIReadRx
 .text.__vector_36
                0x0000653a       0x80 serial.o
                0x0000653a                __vector_36
 .text.__vector_37
                0x000065ba       0x70 serial.o
                0x000065ba                __vector_37
 .text.serial0SER_USBSend
                0x0000662a       0x3a serial.o
                0x0000662a                serial0SER_USBSend
 .text.serial0SER_USB_sendStringP
                0x00006664       0x24 serial.o
                0x00006664                serial0SER_USB_sendStringP
 .text.serial0SER_USB_sendCRLF
                0x00006688        0x8 serial.o
                0x00006688                serial0SER_USB_sendCRLF
 .text.init_Serial0SerUSB
                0x00006690       0x64 serial.o
                0x00006690                init_Serial0SerUSB
 .text.serial0SER_USB_sendString
                0x000066f4       0x2c serial.o
                0x000066f4                serial0SER_USB_sendString
 .text.__vector_25
                0x00006720       0x56 serial.o
                0x00006720                __vector_25
 .text.__vector_26
                0x00006776       0x60 serial.o
                0x00006776                __vector_26
 .text.init_Serial3SerESP
                0x000067d6       0x52 serial.o
                0x000067d6                init_Serial3SerESP
 .text.serial3SER_ESPSend
                0x00006828       0x6c serial.o
                0x00006828                serial3SER_ESPSend
 .text.serial3SER_ESPReadRx
                0x00006894       0x3a serial.o
                0x00006894                serial3SER_ESPReadRx
 .text.__vector_54
                0x000068ce       0x8c serial.o
                0x000068ce                __vector_54
 .text.__vector_55
                0x0000695a       0x72 serial.o
                0x0000695a                __vector_55
 .text.nibbleToChr
                0x000069cc        0xc utils.o
                0x000069cc                nibbleToChr
 .text.lcd_setCG
                0x000069d8       0x48 utils.o
                0x000069d8                lcd_setCG
 .text.lcd_initCG
                0x00006a20       0x1a utils.o
                0x00006a20                lcd_initCG
 .text.lcd_hexout
                0x00006a3a       0x2e utils.o
                0x00006a3a                lcd_hexout
 .text.lcd_longout
                0x00006a68       0x4a utils.o
                0x00006a68                lcd_longout
 .text.lcd_dec2out
                0x00006ab2       0x34 utils.o
                0x00006ab2                lcd_dec2out
 .text.putChar_Dec2
                0x00006ae6       0x38 utils.o
                0x00006ae6                putChar_Dec2
 .text.putChar_Dec
                0x00006b1e       0x4e utils.o
                0x00006b1e                putChar_Dec
 .text.putChar_hex
                0x00006b6c       0x30 utils.o
                0x00006b6c                putChar_hex
 .text.putChar_MidiChan
                0x00006b9c       0x44 utils.o
                0x00006b9c                putChar_MidiChan
 .text.putChar_long
                0x00006be0       0x3a utils.o
                0x00006be0                putChar_long
 .text.putChar_Note
                0x00006c1a       0xb8 utils.o
                0x00006c1a                putChar_Note
 .text.putChar_Manual
                0x00006cd2       0x32 utils.o
                0x00006cd2                putChar_Manual
 .text.putString_P
                0x00006d04       0x2c utils.o
                0x00006d04                putString_P
 .text.lcd_wordout
                0x00006d30       0x10 utils.o
                0x00006d30                lcd_wordout
 .text.lcd_noteOut
                0x00006d40       0xa2 utils.o
                0x00006d40                lcd_noteOut
 .text.lcd_ChannelOut
                0x00006de2       0x22 utils.o
                0x00006de2                lcd_ChannelOut
 .text.lcd_ManualOutDec
                0x00006e04       0x24 utils.o
                0x00006e04                lcd_ManualOutDec
 .text.lcd_blank
                0x00006e28       0x18 utils.o
                0x00006e28                lcd_blank
 .text.lcd_clrEol
                0x00006e40       0x2e utils.o
                0x00006e40                lcd_clrEol
 .text.lcd_cursosblink
                0x00006e6e        0xe utils.o
                0x00006e6e                lcd_cursosblink
 .text.lcd_cursoroff
                0x00006e7c        0xc utils.o
                0x00006e7c                lcd_cursoroff
 .text.lcd_waitSymbolOn
                0x00006e88       0x1c utils.o
                0x00006e88                lcd_waitSymbolOn
 .text.lcd_waitSymbolOff
                0x00006ea4       0x1c utils.o
                0x00006ea4                lcd_waitSymbolOff
 .text.keylabel_set
                0x00006ec0       0x76 utils.o
                0x00006ec0                keylabel_set
 .text.keylabel_clr
                0x00006f36       0x28 utils.o
                0x00006f36                keylabel_clr
 .text.keylabel_toLCD
                0x00006f5e       0x3e utils.o
                0x00006f5e                keylabel_toLCD
 .text.keylabel_statcheck
                0x00006f9c       0x46 utils.o
                0x00006f9c                keylabel_statcheck
 .text.get_StrLenP
                0x00006fe2       0x14 utils.o
                0x00006fe2                get_StrLenP
 .text.get_StrLen
                0x00006ff6       0x14 utils.o
                0x00006ff6                get_StrLen
 .text.reverse_Bits
                0x0000700a       0x1a utils.o
                0x0000700a                reverse_Bits
 .text.libgcc   0x00007024       0x10 c:/program files (x86)/atmel/studio/7.0/toolchain/avr8/avr8-gnu-toolchain/bin/../lib/gcc/avr/5.4.0/avr6\libgcc.a(_tablejump2.o)
                0x00007024                __tablejump2__
 .text.avr-libc
                0x00007034       0x20 C:/Program Files (x86)/Atmel/Studio/7.0/Packs/atmel/ATmega_DFP/1.2.209/gcc/dev/atmega2560/avr6\libatmega2560.a(eerd_block.o)
                0x00007034                eeprom_read_block
                0x00007038                eeprom_read_blraw
 .text.avr-libc
                0x00007054       0x10 C:/Program Files (x86)/Atmel/Studio/7.0/Packs/atmel/ATmega_DFP/1.2.209/gcc/dev/atmega2560/avr6\libatmega2560.a(eerd_byte.o)
                0x00007054                eeprom_read_byte
 .text.avr-libc
                0x00007064        0xa C:/Program Files (x86)/Atmel/Studio/7.0/Packs/atmel/ATmega_DFP/1.2.209/gcc/dev/atmega2560/avr6\libatmega2560.a(eerd_word.o)
                0x00007064                eeprom_read_word
 .text.avr-libc
                0x0000706e       0x1e C:/Program Files (x86)/Atmel/Studio/7.0/Packs/atmel/ATmega_DFP/1.2.209/gcc/dev/atmega2560/avr6\libatmega2560.a(eeupd_block.o)
                0x0000706e                eeprom_update_block
 .text.avr-libc
                0x0000708c       0x24 C:/Program Files (x86)/Atmel/Studio/7.0/Packs/atmel/ATmega_DFP/1.2.209/gcc/dev/atmega2560/avr6\libatmega2560.a(eeupd_byte.o)
                0x0000708c                eeprom_update_byte
                0x0000708e                eeprom_update_r18
 .text.avr-libc
                0x000070b0        0x8 C:/Program Files (x86)/Atmel/Studio/7.0/Packs/atmel/ATmega_DFP/1.2.209/gcc/dev/atmega2560/avr6\libatmega2560.a(eeupd_word.o)
                0x000070b0                eeprom_update_word
                0x000070b8                . = ALIGN (0x2)
 *(.fini9)
 .fini9         0x000070b8        0x0 c:/program files (x86)/atmel/studio/7.0/toolchain/avr8/avr8-gnu-toolchain/bin/../lib/gcc/avr/5.4.0/avr6\libgcc.a(_exit.o)
                0x000070b8                _exit
                0x000070b8                exit
 *(.fini9)
 *(.fini8)
 *(.fini8)
 *(.fini7)
 *(.fini7)
 *(.fini6)
 *(.fini6)
 *(.fini5)
 *(.fini5)
 *(.fini4)
 *(.fini4)
 *(.fini3)
 *(.fini3)
 *(.fini2)
 *(.fini2)
 *(.fini1)
 *(.fini1)
 *(.fini0)
 .fini0         0x000070b8        0x4 c:/program files (x86)/atmel/studio/7.0/toolchain/avr8/avr8-gnu-toolchain/bin/../lib/gcc/avr/5.4.0/avr6\libgcc.a(_exit.o)
 *(.fini0)
                0x000070bc                _etext = .

.data           0x00800200        0x8 load address 0x000070bc
                0x00800200                PROVIDE (__data_start, .)
 *(.data)
 *(.data*)
 .data.midiLastProgram
                0x00800200        0x1 Midi.o
                0x00800200                midiLastProgram
 .data.midiLastInManual
                0x00800201        0x1 Midi.o
                0x00800201                midiLastInManual
 .data.midiLastInChannel
                0x00800202        0x1 Midi.o
                0x00800202                midiLastInChannel
 .data.midiLastInNote
                0x00800203        0x1 Midi.o
                0x00800203                midiLastInNote
 .data.midiLastOutManual
                0x00800204        0x1 Midi.o
                0x00800204                midiLastOutManual
 .data.midiLastOutNote
                0x00800205        0x1 Midi.o
                0x00800205                midiLastOutNote
 .data.midiDataByteExpected
                0x00800206        0x1 Midi.o
                0x00800206                midiDataByteExpected
 *(.gnu.linkonce.d*)
 *(.rodata)
 *(.rodata*)
 *(.gnu.linkonce.r*)
                0x00800208                . = ALIGN (0x2)
 *fill*         0x00800207        0x1 
                0x00800208                _edata = .
                0x00800208                PROVIDE (__data_end, .)

.bss            0x00800208      0xf0e
                0x00800208                PROVIDE (__bss_start, .)
 *(.bss)
 *(.bss*)
 .bss.ee_initError
                0x00800208        0x1 ee_prom.o
                0x00800208                ee_initError
 .bss.adcNr     0x00800209        0x1 hwtimer.o
 .bss.showText.2973
                0x0080020a        0x1 menu.o
 .bss.logEntryNr.2972
                0x0080020b        0x1 menu.o
 .bss.notOnOff.2931
                0x0080020c        0x1 menu.o
 .bss.maxManNote.2930
                0x0080020d        0x1 menu.o
 .bss.minManNote.2929
                0x0080020e        0x1 menu.o
 .bss.midiEEPromLoadError
                0x0080020f        0x1 Midi.o
                0x0080020f                midiEEPromLoadError
 .bss.midiRxActivceSensing
                0x00800210        0x1 Midi.o
                0x00800210                midiRxActivceSensing
 .bss.labelBuffer
                0x00800211       0x14 utils.o
 *(COMMON)
 COMMON         0x00800225        0xa ee_prom.o
                0x00800225                lcdData
 COMMON         0x0080022f      0x129 hwtimer.o
                0x0080022f                swTimer
                0x00800241                time_Uptime
                0x00800245                pipe_PowerStatus
                0x00800246                pipeProcessing
                0x00800247                msecCtr
                0x00800248                pipe_ModuleTested
                0x00800249                pipe
                0x00800349                adcKeys
                0x0080034f                keyWants
                0x00800355                pipe_Module
                0x00800357                time_UpTimeUpdated
 COMMON         0x00800358       0x51 lcd_u.o
                0x00800358                lcd_buffer
                0x008003a8                lcd_cursorPos
 COMMON         0x008003a9      0x1bd log.o
                0x008003a9                log_unreadErrors
                0x008003aa                Log_TextBuff
                0x008003d2                log_List
                0x00800562                pLogEnd
                0x00800564                pLogStart
 COMMON         0x00800566        0x2 main.o
                0x00800566                messageFromESP
                0x00800567                menuNotActive
 COMMON         0x00800568       0x67 menu.o
                0x00800568                menuStackIndex
                0x00800569                menu_TestModuleErrorList
                0x0080056d                menuVRegisters
                0x00800575                dataType
                0x00800576                nibbleIndex
                0x00800577                menuVmanual
                0x00800578                menuVmodule
                0x00800579                pNibbleInfo
                0x0080057b                menuStack
                0x0080059b                menuManual
                0x0080059c                pMenuTopTitle
                0x0080059e                displayMessageArea
                0x0080059f                menuNote
                0x008005a0                nibbleCount
                0x008005a1                menuSection
                0x008005a2                dataEntry32
                0x008005a6                menu_TestModuleBitCounter
                0x008005a7                menuVmidiChan
                0x008005a8                menuVKombination
                0x008005a9                currentMenu
                0x008005ab                menuVkey
                0x008005ac                menuTestModuleBit
                0x008005ad                menuModVal
                0x008005b1                DataAdressOffset
                0x008005b3                soft_KeyMenuIndex
                0x008005b7                menuVsection
                0x008005b8                menuTestData
                0x008005b9                dataEntry
                0x008005ba                soft_KeyMenu
                0x008005c2                menu_TestModulePattern
                0x008005c3                menuVSoftKey
                0x008005c4                nibble
                0x008005cc                menuMidiChan
                0x008005cd                menuVMenuSoftKey
 COMMON         0x008005cf      0x227 message.o
                0x008005cf                msgOutIndex
                0x008005d0                pipeMessages
                0x008007d0                pipeMsgInIndex
                0x008007d1                msgOverflow
                0x008007d2                msgInIndex
                0x008007d3                messages
                0x008007f3                msgPipe_Handling
                0x008007f4                msgPipeOverflow
                0x008007f5                pipeMsgOutIndex
 COMMON         0x008007f6      0x3f5 Midi.o
                0x008007f6                registerMap
                0x0080080e                registerCount
                0x0080080f                midi_Couplers
                0x0080081b                midiDataByteCount
                0x0080081c                ManualNoteRange
                0x00800824                midiThrough
                0x00800826                midiInMap
                0x00800926                midiOutMap
                0x0080092e                midi_Setting
                0x00800931                midi_RegisterChanged
                0x00800932                manualMap
                0x00800962                programMap
                0x00800be2                midiDataByte
                0x00800bea                midiLastCommand
 COMMON         0x00800beb      0x4fd serial.o
                0x00800beb                midiTxInIndex
                0x00800bec                serESPOvflFlag
                0x00800bed                serESPRxOutIndex
                0x00800bef                midiRxOvfl
                0x00800bf0                midiTxOutIndex
                0x00800bf1                midiTxLastCmd
                0x00800bf2                serusbTxOutIndex
                0x00800bf3                serESPRxInIndex
                0x00800bf5                midiTxOvfl
                0x00800bf6                midiRxBuffer
                0x00800c16                midiTxBuffer
                0x00800d16                serESPTxOutIndex
                0x00800d18                midiRxInIndex
                0x00800d19                serESPTxInIndex
                0x00800d1b                serusb_Active
                0x00800d1c                serusbTxInIndex
                0x00800d1d                serusbRxOutIndex
                0x00800d1e                serUsbRxBuffer
                0x00800d5e                serESP_Active
                0x00800d5f                midiRxOvflCount
                0x00800d60                midiTxBytesCount
                0x00800d62                serUsbTxBuffer
                0x00800e62                serusbOvflFlag
                0x00800e63                midiRxOutIndex
                0x00800e64                midiTxOvflCount
                0x00800e65                serESPRxBuffer
                0x00800ee5                serESPTxBuffer
                0x008010e5                midiRxBytesCount
                0x008010e7                serusbRxInIndex
 COMMON         0x008010e8       0x2e utils.o
                0x008010e8                lcd_cursorIsOn
                0x008010e9                editByte
                0x008010ea                editLong
                0x008010ee                string_Buf
                0x00801116                PROVIDE (__bss_end, .)
                0x000070bc                __data_load_start = LOADADDR (.data)
                0x000070c4                __data_load_end = (__data_load_start + SIZEOF (.data))

.noinit         0x00801116        0x0
                [!provide]                PROVIDE (__noinit_start, .)
 *(.noinit*)
                [!provide]                PROVIDE (__noinit_end, .)
                0x00801116                _end = .
                [!provide]                PROVIDE (__heap_start, .)

.eeprom         0x00810000     0x1000
 *(.eeprom*)
 .eeprom        0x00810000     0x1000 ee_prom.o
                0x00810000                ee
                0x00811000                __eeprom_end = .

.fuse
 *(.fuse)
 *(.lfuse)
 *(.hfuse)
 *(.efuse)

.lock
 *(.lock*)

.signature
 *(.signature*)

.user_signatures
 *(.user_signatures*)

.stab
 *(.stab)

.stabstr
 *(.stabstr)

.stab.excl
 *(.stab.excl)

.stab.exclstr
 *(.stab.exclstr)

.stab.index
 *(.stab.index)

.stab.indexstr
 *(.stab.indexstr)

.comment        0x00000000       0x30
 *(.comment)
 .comment       0x00000000       0x30 ee_prom.o
                                 0x31 (size before relaxing)
 .comment       0x00000030       0x31 hwtimer.o
 .comment       0x00000030       0x31 initio.o
 .comment       0x00000030       0x31 lcd_u.o
 .comment       0x00000030       0x31 log.o
 .comment       0x00000030       0x31 main.o
 .comment       0x00000030       0x31 menu.o
 .comment       0x00000030       0x31 message.o
 .comment       0x00000030       0x31 Midi.o
 .comment       0x00000030       0x31 serial.o
 .comment       0x00000030       0x31 utils.o

.note.gnu.avr.deviceinfo
                0x00000000       0x40
 .note.gnu.avr.deviceinfo
                0x00000000       0x40 C:/Program Files (x86)/Atmel/Studio/7.0/Packs/atmel/ATmega_DFP/1.2.209/gcc/dev/atmega2560/avr6/crtatmega2560.o

.note.gnu.build-id
 *(.note.gnu.build-id)

.debug
 *(.debug)

.line
 *(.line)

.debug_srcinfo
 *(.debug_srcinfo)

.debug_sfnames
 *(.debug_sfnames)

.debug_aranges  0x00000000      0xa90
 *(.debug_aranges)
 .debug_aranges
                0x00000000      0x108 ee_prom.o
 .debug_aranges
                0x00000108       0x80 hwtimer.o
 .debug_aranges
                0x00000188       0x20 initio.o
 .debug_aranges
                0x000001a8       0x70 lcd_u.o
 .debug_aranges
                0x00000218       0x70 log.o
 .debug_aranges
                0x00000288       0x20 main.o
 .debug_aranges
                0x000002a8      0x380 menu.o
 .debug_aranges
                0x00000628       0x60 message.o
 .debug_aranges
                0x00000688      0x158 Midi.o
 .debug_aranges
                0x000007e0       0xc0 serial.o
 .debug_aranges
                0x000008a0      0x130 utils.o
 .debug_aranges
                0x000009d0       0x20 C:/Program Files (x86)/Atmel/Studio/7.0/Packs/atmel/ATmega_DFP/1.2.209/gcc/dev/atmega2560/avr6\libatmega2560.a(eerd_block.o)
 .debug_aranges
                0x000009f0       0x20 C:/Program Files (x86)/Atmel/Studio/7.0/Packs/atmel/ATmega_DFP/1.2.209/gcc/dev/atmega2560/avr6\libatmega2560.a(eerd_byte.o)
 .debug_aranges
                0x00000a10       0x20 C:/Program Files (x86)/Atmel/Studio/7.0/Packs/atmel/ATmega_DFP/1.2.209/gcc/dev/atmega2560/avr6\libatmega2560.a(eerd_word.o)
 .debug_aranges
                0x00000a30       0x20 C:/Program Files (x86)/Atmel/Studio/7.0/Packs/atmel/ATmega_DFP/1.2.209/gcc/dev/atmega2560/avr6\libatmega2560.a(eeupd_block.o)
 .debug_aranges
                0x00000a50       0x20 C:/Program Files (x86)/Atmel/Studio/7.0/Packs/atmel/ATmega_DFP/1.2.209/gcc/dev/atmega2560/avr6\libatmega2560.a(eeupd_byte.o)
 .debug_aranges
                0x00000a70       0x20 C:/Program Files (x86)/Atmel/Studio/7.0/Packs/atmel/ATmega_DFP/1.2.209/gcc/dev/atmega2560/avr6\libatmega2560.a(eeupd_word.o)

.debug_pubnames
 *(.debug_pubnames)

.debug_info     0x00000000     0xdcad
 *(.debug_info .gnu.linkonce.wi.*)
 .debug_info    0x00000000      0xbbc C:/Program Files (x86)/Atmel/Studio/7.0/Packs/atmel/ATmega_DFP/1.2.209/gcc/dev/atmega2560/avr6/crtatmega2560.o
 .debug_info    0x00000bbc     0x1c47 ee_prom.o
 .debug_info    0x00002803      0xf2d hwtimer.o
 .debug_info    0x00003730       0x83 initio.o
 .debug_info    0x000037b3      0x761 lcd_u.o
 .debug_info    0x00003f14      0x720 log.o
 .debug_info    0x00004634     0x10f3 main.o
 .debug_info    0x00005727     0x4879 menu.o
 .debug_info    0x00009fa0      0x43b message.o
 .debug_info    0x0000a3db     0x1b72 Midi.o
 .debug_info    0x0000bf4d      0x94a serial.o
 .debug_info    0x0000c897     0x1009 utils.o
 .debug_info    0x0000d8a0       0xad C:/Program Files (x86)/Atmel/Studio/7.0/Packs/atmel/ATmega_DFP/1.2.209/gcc/dev/atmega2560/avr6\libatmega2560.a(eerd_block.o)
 .debug_info    0x0000d94d       0xac C:/Program Files (x86)/Atmel/Studio/7.0/Packs/atmel/ATmega_DFP/1.2.209/gcc/dev/atmega2560/avr6\libatmega2560.a(eerd_byte.o)
 .debug_info    0x0000d9f9       0xac C:/Program Files (x86)/Atmel/Studio/7.0/Packs/atmel/ATmega_DFP/1.2.209/gcc/dev/atmega2560/avr6\libatmega2560.a(eerd_word.o)
 .debug_info    0x0000daa5       0xae C:/Program Files (x86)/Atmel/Studio/7.0/Packs/atmel/ATmega_DFP/1.2.209/gcc/dev/atmega2560/avr6\libatmega2560.a(eeupd_block.o)
 .debug_info    0x0000db53       0xad C:/Program Files (x86)/Atmel/Studio/7.0/Packs/atmel/ATmega_DFP/1.2.209/gcc/dev/atmega2560/avr6\libatmega2560.a(eeupd_byte.o)
 .debug_info    0x0000dc00       0xad C:/Program Files (x86)/Atmel/Studio/7.0/Packs/atmel/ATmega_DFP/1.2.209/gcc/dev/atmega2560/avr6\libatmega2560.a(eeupd_word.o)

.debug_abbrev   0x00000000     0x25e1
 *(.debug_abbrev)
 .debug_abbrev  0x00000000      0xb1a C:/Program Files (x86)/Atmel/Studio/7.0/Packs/atmel/ATmega_DFP/1.2.209/gcc/dev/atmega2560/avr6/crtatmega2560.o
 .debug_abbrev  0x00000b1a      0x2af ee_prom.o
 .debug_abbrev  0x00000dc9      0x364 hwtimer.o
 .debug_abbrev  0x0000112d       0x51 initio.o
 .debug_abbrev  0x0000117e      0x23e lcd_u.o
 .debug_abbrev  0x000013bc      0x1d6 log.o
 .debug_abbrev  0x00001592      0x230 main.o
 .debug_abbrev  0x000017c2      0x323 menu.o
 .debug_abbrev  0x00001ae5      0x1c2 message.o
 .debug_abbrev  0x00001ca7      0x31b Midi.o
 .debug_abbrev  0x00001fc2      0x2f2 serial.o
 .debug_abbrev  0x000022b4      0x2b5 utils.o
 .debug_abbrev  0x00002569       0x14 C:/Program Files (x86)/Atmel/Studio/7.0/Packs/atmel/ATmega_DFP/1.2.209/gcc/dev/atmega2560/avr6\libatmega2560.a(eerd_block.o)
 .debug_abbrev  0x0000257d       0x14 C:/Program Files (x86)/Atmel/Studio/7.0/Packs/atmel/ATmega_DFP/1.2.209/gcc/dev/atmega2560/avr6\libatmega2560.a(eerd_byte.o)
 .debug_abbrev  0x00002591       0x14 C:/Program Files (x86)/Atmel/Studio/7.0/Packs/atmel/ATmega_DFP/1.2.209/gcc/dev/atmega2560/avr6\libatmega2560.a(eerd_word.o)
 .debug_abbrev  0x000025a5       0x14 C:/Program Files (x86)/Atmel/Studio/7.0/Packs/atmel/ATmega_DFP/1.2.209/gcc/dev/atmega2560/avr6\libatmega2560.a(eeupd_block.o)
 .debug_abbrev  0x000025b9       0x14 C:/Program Files (x86)/Atmel/Studio/7.0/Packs/atmel/ATmega_DFP/1.2.209/gcc/dev/atmega2560/avr6\libatmega2560.a(eeupd_byte.o)
 .debug_abbrev  0x000025cd       0x14 C:/Program Files (x86)/Atmel/Studio/7.0/Packs/atmel/ATmega_DFP/1.2.209/gcc/dev/atmega2560/avr6\libatmega2560.a(eeupd_word.o)

.debug_line     0x00000000     0x8279
 *(.debug_line .debug_line.* .debug_line_end)
 .debug_line    0x00000000      0x1f9 C:/Program Files (x86)/Atmel/Studio/7.0/Packs/atmel/ATmega_DFP/1.2.209/gcc/dev/atmega2560/avr6/crtatmega2560.o
 .debug_line    0x000001f9      0x997 ee_prom.o
 .debug_line    0x00000b90      0xcb4 hwtimer.o
 .debug_line    0x00001844       0xf5 initio.o
 .debug_line    0x00001939      0x471 lcd_u.o
 .debug_line    0x00001daa      0x41d log.o
 .debug_line    0x000021c7      0x81f main.o
 .debug_line    0x000029e6     0x2a97 menu.o
 .debug_line    0x0000547d      0x347 message.o
 .debug_line    0x000057c4     0x138d Midi.o
 .debug_line    0x00006b51      0x759 serial.o
 .debug_line    0x000072aa      0xc86 utils.o
 .debug_line    0x00007f30       0xab C:/Program Files (x86)/Atmel/Studio/7.0/Packs/atmel/ATmega_DFP/1.2.209/gcc/dev/atmega2560/avr6\libatmega2560.a(eerd_block.o)
 .debug_line    0x00007fdb       0x7a C:/Program Files (x86)/Atmel/Studio/7.0/Packs/atmel/ATmega_DFP/1.2.209/gcc/dev/atmega2560/avr6\libatmega2560.a(eerd_byte.o)
 .debug_line    0x00008055       0x67 C:/Program Files (x86)/Atmel/Studio/7.0/Packs/atmel/ATmega_DFP/1.2.209/gcc/dev/atmega2560/avr6\libatmega2560.a(eerd_word.o)
 .debug_line    0x000080bc       0xa5 C:/Program Files (x86)/Atmel/Studio/7.0/Packs/atmel/ATmega_DFP/1.2.209/gcc/dev/atmega2560/avr6\libatmega2560.a(eeupd_block.o)
 .debug_line    0x00008161       0xb6 C:/Program Files (x86)/Atmel/Studio/7.0/Packs/atmel/ATmega_DFP/1.2.209/gcc/dev/atmega2560/avr6\libatmega2560.a(eeupd_byte.o)
 .debug_line    0x00008217       0x62 C:/Program Files (x86)/Atmel/Studio/7.0/Packs/atmel/ATmega_DFP/1.2.209/gcc/dev/atmega2560/avr6\libatmega2560.a(eeupd_word.o)

.debug_frame    0x00000000     0x19d0
 *(.debug_frame)
 .debug_frame   0x00000000      0x3c4 ee_prom.o
 .debug_frame   0x000003c4      0x148 hwtimer.o
 .debug_frame   0x0000050c       0x24 initio.o
 .debug_frame   0x00000530       0xf8 lcd_u.o
 .debug_frame   0x00000628       0xec log.o
 .debug_frame   0x00000714       0x24 main.o
 .debug_frame   0x00000738      0x8ac menu.o
 .debug_frame   0x00000fe4       0xa4 message.o
 .debug_frame   0x00001088      0x3e8 Midi.o
 .debug_frame   0x00001470      0x27c serial.o
 .debug_frame   0x000016ec      0x2e4 utils.o

.debug_str      0x00000000     0x3197
 *(.debug_str)
 .debug_str     0x00000000      0x3e6 C:/Program Files (x86)/Atmel/Studio/7.0/Packs/atmel/ATmega_DFP/1.2.209/gcc/dev/atmega2560/avr6/crtatmega2560.o
 .debug_str     0x000003e6      0x7b3 ee_prom.o
                                0x830 (size before relaxing)
 .debug_str     0x00000b99      0x425 hwtimer.o
                                0x5f6 (size before relaxing)
 .debug_str     0x00000fbe       0x1a initio.o
                                0x179 (size before relaxing)
 .debug_str     0x00000fd8      0x102 lcd_u.o
                                0x2cf (size before relaxing)
 .debug_str     0x000010da      0x1ec log.o
                                0x399 (size before relaxing)
 .debug_str     0x000012c6      0x50e main.o
                                0x894 (size before relaxing)
 .debug_str     0x000017d4     0x1299 menu.o
                               0x1a86 (size before relaxing)
 .debug_str     0x00002a6d       0x9a message.o
                                0x2d7 (size before relaxing)
 .debug_str     0x00002b07      0x34e Midi.o
                                0xabe (size before relaxing)
 .debug_str     0x00002e55      0x1cd serial.o
                                0x57f (size before relaxing)
 .debug_str     0x00003022      0x175 utils.o
                                0x649 (size before relaxing)

.debug_loc      0x00000000     0x8c22
 *(.debug_loc)
 .debug_loc     0x00000000      0xfee ee_prom.o
 .debug_loc     0x00000fee      0xbd5 hwtimer.o
 .debug_loc     0x00001bc3      0x66b lcd_u.o
 .debug_loc     0x0000222e      0x669 log.o
 .debug_loc     0x00002897      0x443 main.o
 .debug_loc     0x00002cda     0x27e5 menu.o
 .debug_loc     0x000054bf      0x18f message.o
 .debug_loc     0x0000564e     0x1794 Midi.o
 .debug_loc     0x00006de2      0x993 serial.o
 .debug_loc     0x00007775     0x14ad utils.o

.debug_macinfo
 *(.debug_macinfo)

.debug_weaknames
 *(.debug_weaknames)

.debug_funcnames
 *(.debug_funcnames)

.debug_typenames
 *(.debug_typenames)

.debug_varnames
 *(.debug_varnames)

.debug_pubtypes
 *(.debug_pubtypes)

.debug_ranges   0x00000000      0xe00
 *(.debug_ranges)
 .debug_ranges  0x00000000      0x140 ee_prom.o
 .debug_ranges  0x00000140       0xe8 hwtimer.o
 .debug_ranges  0x00000228       0x10 initio.o
 .debug_ranges  0x00000238       0x78 lcd_u.o
 .debug_ranges  0x000002b0       0x90 log.o
 .debug_ranges  0x00000340       0x28 main.o
 .debug_ranges  0x00000368      0x480 menu.o
 .debug_ranges  0x000007e8       0x50 message.o
 .debug_ranges  0x00000838      0x350 Midi.o
 .debug_ranges  0x00000b88       0xc8 serial.o
 .debug_ranges  0x00000c50      0x1b0 utils.o

.debug_macro
 *(.debug_macro)
OUTPUT(Pipe1.elf elf32-avr)
LOAD linker stubs
