Archive member included to satisfy reference by file (symbol)

c:/program files (x86)/atmel/studio/7.0/toolchain/avr8/avr8-gnu-toolchain/bin/../lib/gcc/avr/5.4.0/avr6\libgcc.a(_exit.o)
                              C:/Program Files (x86)/Atmel/Studio/7.0/Packs/atmel/ATmega_DFP/1.2.209/gcc/dev/atmega2560/avr6/crtatmega2560.o (exit)
c:/program files (x86)/atmel/studio/7.0/toolchain/avr8/avr8-gnu-toolchain/bin/../lib/gcc/avr/5.4.0/avr6\libgcc.a(_tablejump2.o)
                              menu.o (__tablejump2__)
c:/program files (x86)/atmel/studio/7.0/toolchain/avr8/avr8-gnu-toolchain/bin/../lib/gcc/avr/5.4.0/avr6\libgcc.a(_copy_data.o)
                              Midi.o (__do_copy_data)
c:/program files (x86)/atmel/studio/7.0/toolchain/avr8/avr8-gnu-toolchain/bin/../lib/gcc/avr/5.4.0/avr6\libgcc.a(_clear_bss.o)
                              ee_prom.o (__do_clear_bss)
C:/Program Files (x86)/Atmel/Studio/7.0/Packs/atmel/ATmega_DFP/1.2.209/gcc/dev/atmega2560/avr6\libatmega2560.a(eerd_block.o)
                              ee_prom.o (eeprom_read_block)
C:/Program Files (x86)/Atmel/Studio/7.0/Packs/atmel/ATmega_DFP/1.2.209/gcc/dev/atmega2560/avr6\libatmega2560.a(eerd_byte.o)
                              ee_prom.o (eeprom_read_byte)
C:/Program Files (x86)/Atmel/Studio/7.0/Packs/atmel/ATmega_DFP/1.2.209/gcc/dev/atmega2560/avr6\libatmega2560.a(eerd_word.o)
                              ee_prom.o (eeprom_read_word)
C:/Program Files (x86)/Atmel/Studio/7.0/Packs/atmel/ATmega_DFP/1.2.209/gcc/dev/atmega2560/avr6\libatmega2560.a(eeupd_block.o)
                              ee_prom.o (eeprom_update_block)
C:/Program Files (x86)/Atmel/Studio/7.0/Packs/atmel/ATmega_DFP/1.2.209/gcc/dev/atmega2560/avr6\libatmega2560.a(eeupd_byte.o)
                              ee_prom.o (eeprom_update_byte)
C:/Program Files (x86)/Atmel/Studio/7.0/Packs/atmel/ATmega_DFP/1.2.209/gcc/dev/atmega2560/avr6\libatmega2560.a(eeupd_word.o)
                              ee_prom.o (eeprom_update_word)

Allocating common symbols
Common symbol       size              file

menuStackIndex      0x1               menu.o
menu_TestModuleErrorList
                    0x4               menu.o
log_unreadErrors    0x1               log.o
menuVRegisters      0x8               menu.o
Log_TextBuff        0x28              log.o
msgOutIndex         0x1               message.o
midiTxInIndex       0x1               serial.o
serESPOvflFlag      0x1               serial.o
dataType            0x1               menu.o
nibbleIndex         0x1               menu.o
swTimer             0x12              hwtimer.o
menuVmanual         0x1               menu.o
time_Uptime         0x4               hwtimer.o
serESPRxOutIndex    0x2               serial.o
pipeMessages        0x200             message.o
menuVmodule         0x1               menu.o
midiRxOvfl          0x1               serial.o
pNibbleInfo         0x2               menu.o
midiTxOutIndex      0x1               serial.o
menuStack           0x20              menu.o
pipeMsgInIndex      0x1               message.o
serusbTxOutIndex    0x1               serial.o
serESPRxInIndex     0x2               serial.o
midiTxOvfl          0x1               serial.o
registerMap         0x18              Midi.o
menuManual          0x1               menu.o
pipe_PowerStatus    0x1               hwtimer.o
pipeProcessing      0x1               hwtimer.o
midiRxBuffer        0x20              serial.o
msecCtr             0x1               hwtimer.o
midiTxBuffer        0x20              serial.o
lcd_cursorIsOn      0x1               utils.o
log_List            0x190             log.o
editByte            0x1               utils.o
pMenuTopTitle       0x2               menu.o
pipe_ModuleTested   0x1               hwtimer.o
displayMessageArea  0x1               menu.o
lcd_buffer          0x50              lcd_u.o
serESPTxOutIndex    0x2               serial.o
messageFromESP      0x1               main.o
menuNote            0x1               menu.o
pipe                0x100             hwtimer.o
midiRxInIndex       0x1               serial.o
registerCount       0x1               Midi.o
serESPTxInIndex     0x2               serial.o
nibbleCount         0x1               menu.o
serusb_Active       0x1               serial.o
menuSection         0x1               menu.o
midi_Couplers       0xc               Midi.o
msgOverflow         0x1               message.o
serusbTxInIndex     0x1               serial.o
dataEntry32         0x4               menu.o
pLogEnd             0x2               log.o
menu_TestModuleBitCounter
                    0x1               menu.o
serusbRxOutIndex    0x1               serial.o
menuVmidiChan       0x1               menu.o
midiDataByteCount   0x1               Midi.o
menuVKombination    0x1               menu.o
ManualNoteRange     0x8               Midi.o
currentMenu         0x2               menu.o
midiThrough         0x2               Midi.o
serUsbRxBuffer      0x40              serial.o
menuVkey            0x1               menu.o
lcdData             0xa               ee_prom.o
msgInIndex          0x1               message.o
adcKeys             0x6               hwtimer.o
serESP_Active       0x1               serial.o
pipe_ModuleAssnWrite
                    0x1               hwtimer.o
menuTestModuleBit   0x1               menu.o
messages            0x20              message.o
midiInMap           0x100             Midi.o
menuModVal          0x4               menu.o
pipe_ModuleAssnRead
                    0x1               hwtimer.o
DataAdressOffset    0x2               menu.o
midiRxOvflCount     0x1               serial.o
midiOutMap          0x8               Midi.o
editLong            0x4               utils.o
midi_Setting        0x3               Midi.o
midiTxBytesCount    0x2               serial.o
string_Buf          0x28              utils.o
msgPipe_Handling    0x1               message.o
keyWants            0x6               hwtimer.o
soft_KeyMenuIndex   0x4               menu.o
menuVsection        0x1               menu.o
lcd_cursorPos       0x1               lcd_u.o
menuTestData        0x1               menu.o
dataEntry           0x1               menu.o
serUsbTxBuffer      0x100             serial.o
midi_RegisterChanged
                    0x1               Midi.o
soft_KeyMenu        0x8               menu.o
menu_TestModulePattern
                    0x1               menu.o
serusbOvflFlag      0x1               serial.o
midiRxOutIndex      0x1               serial.o
manualMap           0x30              Midi.o
programMap          0x280             Midi.o
menuVSoftKey        0x1               menu.o
pLogStart           0x2               log.o
midiDataByte        0x8               Midi.o
nibble              0x8               menu.o
menuNotActive       0x1               main.o
midiTxOvflCount     0x1               serial.o
menuMidiChan        0x1               menu.o
serESPRxBuffer      0x80              serial.o
serESPTxBuffer      0x200             serial.o
menuVMenuSoftKey    0x2               menu.o
msgPipeOverflow     0x1               message.o
midiRxBytesCount    0x2               serial.o
serusbRxInIndex     0x1               serial.o
time_UpTimeUpdated  0x1               hwtimer.o
pipeMsgOutIndex     0x1               message.o
midiLastCommand     0x1               Midi.o

Discarded input sections

 .data          0x00000000        0x0 C:/Program Files (x86)/Atmel/Studio/7.0/Packs/atmel/ATmega_DFP/1.2.209/gcc/dev/atmega2560/avr6/crtatmega2560.o
 .bss           0x00000000        0x0 C:/Program Files (x86)/Atmel/Studio/7.0/Packs/atmel/ATmega_DFP/1.2.209/gcc/dev/atmega2560/avr6/crtatmega2560.o
 .text          0x00000000        0x0 ee_prom.o
 .data          0x00000000        0x0 ee_prom.o
 .bss           0x00000000        0x0 ee_prom.o
 .text          0x00000000        0x0 hwtimer.o
 .data          0x00000000        0x0 hwtimer.o
 .bss           0x00000000        0x0 hwtimer.o
 .text.Pipes_AllOutputsOff
                0x00000000       0x1e hwtimer.o
 .text          0x00000000        0x0 initio.o
 .data          0x00000000        0x0 initio.o
 .bss           0x00000000        0x0 initio.o
 .text          0x00000000        0x0 lcd_u.o
 .data          0x00000000        0x0 lcd_u.o
 .bss           0x00000000        0x0 lcd_u.o
 .text.lcd_home
                0x00000000        0xc lcd_u.o
 .text          0x00000000        0x0 log.o
 .data          0x00000000        0x0 log.o
 .bss           0x00000000        0x0 log.o
 .text.log_putWarning
                0x00000000        0x8 log.o
 .text.log_putInfo
                0x00000000        0x8 log.o
 .progmem.data.nullLog
                0x00000000        0x2 log.o
 .text          0x00000000        0x0 main.o
 .data          0x00000000        0x0 main.o
 .bss           0x00000000        0x0 main.o
 .progmem.data.module_string
                0x00000000        0x7 main.o
 .progmem.data.eprom_ok
                0x00000000        0x4 main.o
 .text          0x00000000        0x0 menu.o
 .data          0x00000000        0x0 menu.o
 .bss           0x00000000        0x0 menu.o
 .text.menuTextOutVar
                0x00000000       0x36 menu.o
 .text.menuResetVars
                0x00000000       0x12 menu.o
 .text.SoftKeyFunctionOK
                0x00000000       0x2a menu.o
 .progmem.data.msg_programming2
                0x00000000        0x8 menu.o
 .text          0x00000000        0x0 message.o
 .data          0x00000000        0x0 message.o
 .bss           0x00000000        0x0 message.o
 .text.message_peek
                0x00000000       0x28 message.o
 .text.pipeMsgInit
                0x00000000       0x12 message.o
 .text          0x00000000        0x0 Midi.o
 .data          0x00000000        0x0 Midi.o
 .bss           0x00000000        0x0 Midi.o
 .text.midiInSysEx
                0x00000000       0x3c Midi.o
 .text          0x00000000        0x0 serial.o
 .data          0x00000000        0x0 serial.o
 .bss           0x00000000        0x0 serial.o
 .text.serial0SER_USBReadRx
                0x00000000       0x28 serial.o
 .text.serial3SER_ESP_sendStringP
                0x00000000       0x36 serial.o
 .text.serial3SER_ESP_sendString
                0x00000000       0x36 serial.o
 .text.serial3SER_ESP_sendCRLF
                0x00000000        0xa serial.o
 .text          0x00000000        0x0 utils.o
 .data          0x00000000        0x0 utils.o
 .bss           0x00000000        0x0 utils.o
 .text.lcd_decout
                0x00000000       0x34 utils.o
 .text.lcd_ModBitOut
                0x00000000       0x3c utils.o
 .text.lcd_ManualOut
                0x00000000       0x3a utils.o
 .text.chekcDecNibbles
                0x00000000       0x3e utils.o
 .text          0x00000000        0x0 c:/program files (x86)/atmel/studio/7.0/toolchain/avr8/avr8-gnu-toolchain/bin/../lib/gcc/avr/5.4.0/avr6\libgcc.a(_exit.o)
 .data          0x00000000        0x0 c:/program files (x86)/atmel/studio/7.0/toolchain/avr8/avr8-gnu-toolchain/bin/../lib/gcc/avr/5.4.0/avr6\libgcc.a(_exit.o)
 .bss           0x00000000        0x0 c:/program files (x86)/atmel/studio/7.0/toolchain/avr8/avr8-gnu-toolchain/bin/../lib/gcc/avr/5.4.0/avr6\libgcc.a(_exit.o)
 .text.libgcc.mul
                0x00000000        0x0 c:/program files (x86)/atmel/studio/7.0/toolchain/avr8/avr8-gnu-toolchain/bin/../lib/gcc/avr/5.4.0/avr6\libgcc.a(_exit.o)
 .text.libgcc.div
                0x00000000        0x0 c:/program files (x86)/atmel/studio/7.0/toolchain/avr8/avr8-gnu-toolchain/bin/../lib/gcc/avr/5.4.0/avr6\libgcc.a(_exit.o)
 .text.libgcc   0x00000000        0x0 c:/program files (x86)/atmel/studio/7.0/toolchain/avr8/avr8-gnu-toolchain/bin/../lib/gcc/avr/5.4.0/avr6\libgcc.a(_exit.o)
 .text.libgcc.prologue
                0x00000000        0x0 c:/program files (x86)/atmel/studio/7.0/toolchain/avr8/avr8-gnu-toolchain/bin/../lib/gcc/avr/5.4.0/avr6\libgcc.a(_exit.o)
 .text.libgcc.builtins
                0x00000000        0x0 c:/program files (x86)/atmel/studio/7.0/toolchain/avr8/avr8-gnu-toolchain/bin/../lib/gcc/avr/5.4.0/avr6\libgcc.a(_exit.o)
 .text.libgcc.fmul
                0x00000000        0x0 c:/program files (x86)/atmel/studio/7.0/toolchain/avr8/avr8-gnu-toolchain/bin/../lib/gcc/avr/5.4.0/avr6\libgcc.a(_exit.o)
 .text.libgcc.fixed
                0x00000000        0x0 c:/program files (x86)/atmel/studio/7.0/toolchain/avr8/avr8-gnu-toolchain/bin/../lib/gcc/avr/5.4.0/avr6\libgcc.a(_exit.o)
 .text          0x00000000        0x0 c:/program files (x86)/atmel/studio/7.0/toolchain/avr8/avr8-gnu-toolchain/bin/../lib/gcc/avr/5.4.0/avr6\libgcc.a(_tablejump2.o)
 .data          0x00000000        0x0 c:/program files (x86)/atmel/studio/7.0/toolchain/avr8/avr8-gnu-toolchain/bin/../lib/gcc/avr/5.4.0/avr6\libgcc.a(_tablejump2.o)
 .bss           0x00000000        0x0 c:/program files (x86)/atmel/studio/7.0/toolchain/avr8/avr8-gnu-toolchain/bin/../lib/gcc/avr/5.4.0/avr6\libgcc.a(_tablejump2.o)
 .text.libgcc.mul
                0x00000000        0x0 c:/program files (x86)/atmel/studio/7.0/toolchain/avr8/avr8-gnu-toolchain/bin/../lib/gcc/avr/5.4.0/avr6\libgcc.a(_tablejump2.o)
 .text.libgcc.div
                0x00000000        0x0 c:/program files (x86)/atmel/studio/7.0/toolchain/avr8/avr8-gnu-toolchain/bin/../lib/gcc/avr/5.4.0/avr6\libgcc.a(_tablejump2.o)
 .text.libgcc.prologue
                0x00000000        0x0 c:/program files (x86)/atmel/studio/7.0/toolchain/avr8/avr8-gnu-toolchain/bin/../lib/gcc/avr/5.4.0/avr6\libgcc.a(_tablejump2.o)
 .text.libgcc.builtins
                0x00000000        0x0 c:/program files (x86)/atmel/studio/7.0/toolchain/avr8/avr8-gnu-toolchain/bin/../lib/gcc/avr/5.4.0/avr6\libgcc.a(_tablejump2.o)
 .text.libgcc.fmul
                0x00000000        0x0 c:/program files (x86)/atmel/studio/7.0/toolchain/avr8/avr8-gnu-toolchain/bin/../lib/gcc/avr/5.4.0/avr6\libgcc.a(_tablejump2.o)
 .text.libgcc.fixed
                0x00000000        0x0 c:/program files (x86)/atmel/studio/7.0/toolchain/avr8/avr8-gnu-toolchain/bin/../lib/gcc/avr/5.4.0/avr6\libgcc.a(_tablejump2.o)
 .text          0x00000000        0x0 c:/program files (x86)/atmel/studio/7.0/toolchain/avr8/avr8-gnu-toolchain/bin/../lib/gcc/avr/5.4.0/avr6\libgcc.a(_copy_data.o)
 .data          0x00000000        0x0 c:/program files (x86)/atmel/studio/7.0/toolchain/avr8/avr8-gnu-toolchain/bin/../lib/gcc/avr/5.4.0/avr6\libgcc.a(_copy_data.o)
 .bss           0x00000000        0x0 c:/program files (x86)/atmel/studio/7.0/toolchain/avr8/avr8-gnu-toolchain/bin/../lib/gcc/avr/5.4.0/avr6\libgcc.a(_copy_data.o)
 .text.libgcc.mul
                0x00000000        0x0 c:/program files (x86)/atmel/studio/7.0/toolchain/avr8/avr8-gnu-toolchain/bin/../lib/gcc/avr/5.4.0/avr6\libgcc.a(_copy_data.o)
 .text.libgcc.div
                0x00000000        0x0 c:/program files (x86)/atmel/studio/7.0/toolchain/avr8/avr8-gnu-toolchain/bin/../lib/gcc/avr/5.4.0/avr6\libgcc.a(_copy_data.o)
 .text.libgcc   0x00000000        0x0 c:/program files (x86)/atmel/studio/7.0/toolchain/avr8/avr8-gnu-toolchain/bin/../lib/gcc/avr/5.4.0/avr6\libgcc.a(_copy_data.o)
 .text.libgcc.prologue
                0x00000000        0x0 c:/program files (x86)/atmel/studio/7.0/toolchain/avr8/avr8-gnu-toolchain/bin/../lib/gcc/avr/5.4.0/avr6\libgcc.a(_copy_data.o)
 .text.libgcc.builtins
                0x00000000        0x0 c:/program files (x86)/atmel/studio/7.0/toolchain/avr8/avr8-gnu-toolchain/bin/../lib/gcc/avr/5.4.0/avr6\libgcc.a(_copy_data.o)
 .text.libgcc.fmul
                0x00000000        0x0 c:/program files (x86)/atmel/studio/7.0/toolchain/avr8/avr8-gnu-toolchain/bin/../lib/gcc/avr/5.4.0/avr6\libgcc.a(_copy_data.o)
 .text.libgcc.fixed
                0x00000000        0x0 c:/program files (x86)/atmel/studio/7.0/toolchain/avr8/avr8-gnu-toolchain/bin/../lib/gcc/avr/5.4.0/avr6\libgcc.a(_copy_data.o)
 .text          0x00000000        0x0 c:/program files (x86)/atmel/studio/7.0/toolchain/avr8/avr8-gnu-toolchain/bin/../lib/gcc/avr/5.4.0/avr6\libgcc.a(_clear_bss.o)
 .data          0x00000000        0x0 c:/program files (x86)/atmel/studio/7.0/toolchain/avr8/avr8-gnu-toolchain/bin/../lib/gcc/avr/5.4.0/avr6\libgcc.a(_clear_bss.o)
 .bss           0x00000000        0x0 c:/program files (x86)/atmel/studio/7.0/toolchain/avr8/avr8-gnu-toolchain/bin/../lib/gcc/avr/5.4.0/avr6\libgcc.a(_clear_bss.o)
 .text.libgcc.mul
                0x00000000        0x0 c:/program files (x86)/atmel/studio/7.0/toolchain/avr8/avr8-gnu-toolchain/bin/../lib/gcc/avr/5.4.0/avr6\libgcc.a(_clear_bss.o)
 .text.libgcc.div
                0x00000000        0x0 c:/program files (x86)/atmel/studio/7.0/toolchain/avr8/avr8-gnu-toolchain/bin/../lib/gcc/avr/5.4.0/avr6\libgcc.a(_clear_bss.o)
 .text.libgcc   0x00000000        0x0 c:/program files (x86)/atmel/studio/7.0/toolchain/avr8/avr8-gnu-toolchain/bin/../lib/gcc/avr/5.4.0/avr6\libgcc.a(_clear_bss.o)
 .text.libgcc.prologue
                0x00000000        0x0 c:/program files (x86)/atmel/studio/7.0/toolchain/avr8/avr8-gnu-toolchain/bin/../lib/gcc/avr/5.4.0/avr6\libgcc.a(_clear_bss.o)
 .text.libgcc.builtins
                0x00000000        0x0 c:/program files (x86)/atmel/studio/7.0/toolchain/avr8/avr8-gnu-toolchain/bin/../lib/gcc/avr/5.4.0/avr6\libgcc.a(_clear_bss.o)
 .text.libgcc.fmul
                0x00000000        0x0 c:/program files (x86)/atmel/studio/7.0/toolchain/avr8/avr8-gnu-toolchain/bin/../lib/gcc/avr/5.4.0/avr6\libgcc.a(_clear_bss.o)
 .text.libgcc.fixed
                0x00000000        0x0 c:/program files (x86)/atmel/studio/7.0/toolchain/avr8/avr8-gnu-toolchain/bin/../lib/gcc/avr/5.4.0/avr6\libgcc.a(_clear_bss.o)
 .text          0x00000000        0x0 C:/Program Files (x86)/Atmel/Studio/7.0/Packs/atmel/ATmega_DFP/1.2.209/gcc/dev/atmega2560/avr6\libatmega2560.a(eerd_block.o)
 .data          0x00000000        0x0 C:/Program Files (x86)/Atmel/Studio/7.0/Packs/atmel/ATmega_DFP/1.2.209/gcc/dev/atmega2560/avr6\libatmega2560.a(eerd_block.o)
 .bss           0x00000000        0x0 C:/Program Files (x86)/Atmel/Studio/7.0/Packs/atmel/ATmega_DFP/1.2.209/gcc/dev/atmega2560/avr6\libatmega2560.a(eerd_block.o)
 .text          0x00000000        0x0 C:/Program Files (x86)/Atmel/Studio/7.0/Packs/atmel/ATmega_DFP/1.2.209/gcc/dev/atmega2560/avr6\libatmega2560.a(eerd_byte.o)
 .data          0x00000000        0x0 C:/Program Files (x86)/Atmel/Studio/7.0/Packs/atmel/ATmega_DFP/1.2.209/gcc/dev/atmega2560/avr6\libatmega2560.a(eerd_byte.o)
 .bss           0x00000000        0x0 C:/Program Files (x86)/Atmel/Studio/7.0/Packs/atmel/ATmega_DFP/1.2.209/gcc/dev/atmega2560/avr6\libatmega2560.a(eerd_byte.o)
 .text          0x00000000        0x0 C:/Program Files (x86)/Atmel/Studio/7.0/Packs/atmel/ATmega_DFP/1.2.209/gcc/dev/atmega2560/avr6\libatmega2560.a(eerd_word.o)
 .data          0x00000000        0x0 C:/Program Files (x86)/Atmel/Studio/7.0/Packs/atmel/ATmega_DFP/1.2.209/gcc/dev/atmega2560/avr6\libatmega2560.a(eerd_word.o)
 .bss           0x00000000        0x0 C:/Program Files (x86)/Atmel/Studio/7.0/Packs/atmel/ATmega_DFP/1.2.209/gcc/dev/atmega2560/avr6\libatmega2560.a(eerd_word.o)
 .text          0x00000000        0x0 C:/Program Files (x86)/Atmel/Studio/7.0/Packs/atmel/ATmega_DFP/1.2.209/gcc/dev/atmega2560/avr6\libatmega2560.a(eeupd_block.o)
 .data          0x00000000        0x0 C:/Program Files (x86)/Atmel/Studio/7.0/Packs/atmel/ATmega_DFP/1.2.209/gcc/dev/atmega2560/avr6\libatmega2560.a(eeupd_block.o)
 .bss           0x00000000        0x0 C:/Program Files (x86)/Atmel/Studio/7.0/Packs/atmel/ATmega_DFP/1.2.209/gcc/dev/atmega2560/avr6\libatmega2560.a(eeupd_block.o)
 .text          0x00000000        0x0 C:/Program Files (x86)/Atmel/Studio/7.0/Packs/atmel/ATmega_DFP/1.2.209/gcc/dev/atmega2560/avr6\libatmega2560.a(eeupd_byte.o)
 .data          0x00000000        0x0 C:/Program Files (x86)/Atmel/Studio/7.0/Packs/atmel/ATmega_DFP/1.2.209/gcc/dev/atmega2560/avr6\libatmega2560.a(eeupd_byte.o)
 .bss           0x00000000        0x0 C:/Program Files (x86)/Atmel/Studio/7.0/Packs/atmel/ATmega_DFP/1.2.209/gcc/dev/atmega2560/avr6\libatmega2560.a(eeupd_byte.o)
 .text          0x00000000        0x0 C:/Program Files (x86)/Atmel/Studio/7.0/Packs/atmel/ATmega_DFP/1.2.209/gcc/dev/atmega2560/avr6\libatmega2560.a(eeupd_word.o)
 .data          0x00000000        0x0 C:/Program Files (x86)/Atmel/Studio/7.0/Packs/atmel/ATmega_DFP/1.2.209/gcc/dev/atmega2560/avr6\libatmega2560.a(eeupd_word.o)
 .bss           0x00000000        0x0 C:/Program Files (x86)/Atmel/Studio/7.0/Packs/atmel/ATmega_DFP/1.2.209/gcc/dev/atmega2560/avr6\libatmega2560.a(eeupd_word.o)

Memory Configuration

Name             Origin             Length             Attributes
text             0x00000000         0x00100000         xr
data             0x00800200         0x0000fe00         rw !x
eeprom           0x00810000         0x00010000         rw !x
fuse             0x00820000         0x00000003         rw !x
lock             0x00830000         0x00000400         rw !x
signature        0x00840000         0x00000400         rw !x
user_signatures  0x00850000         0x00000400         rw !x
*default*        0x00000000         0xffffffff

Linker script and memory map

Address of section .data set to 0x800200
LOAD C:/Program Files (x86)/Atmel/Studio/7.0/Packs/atmel/ATmega_DFP/1.2.209/gcc/dev/atmega2560/avr6/crtatmega2560.o
LOAD ee_prom.o
LOAD hwtimer.o
LOAD initio.o
LOAD lcd_u.o
LOAD log.o
LOAD main.o
LOAD menu.o
LOAD message.o
LOAD Midi.o
LOAD serial.o
LOAD utils.o
START GROUP
LOAD c:/program files (x86)/atmel/studio/7.0/toolchain/avr8/avr8-gnu-toolchain/bin/../lib/gcc/avr/5.4.0/../../../../avr/lib/avr6\libm.a
END GROUP
START GROUP
LOAD c:/program files (x86)/atmel/studio/7.0/toolchain/avr8/avr8-gnu-toolchain/bin/../lib/gcc/avr/5.4.0/avr6\libgcc.a
LOAD c:/program files (x86)/atmel/studio/7.0/toolchain/avr8/avr8-gnu-toolchain/bin/../lib/gcc/avr/5.4.0/../../../../avr/lib/avr6\libm.a
LOAD c:/program files (x86)/atmel/studio/7.0/toolchain/avr8/avr8-gnu-toolchain/bin/../lib/gcc/avr/5.4.0/../../../../avr/lib/avr6\libc.a
LOAD C:/Program Files (x86)/Atmel/Studio/7.0/Packs/atmel/ATmega_DFP/1.2.209/gcc/dev/atmega2560/avr6\libatmega2560.a
END GROUP
                0x00100000                __TEXT_REGION_LENGTH__ = DEFINED (__TEXT_REGION_LENGTH__)?__TEXT_REGION_LENGTH__:0x100000
                0x0000fe00                __DATA_REGION_LENGTH__ = DEFINED (__DATA_REGION_LENGTH__)?__DATA_REGION_LENGTH__:0xfe00
                0x00010000                __EEPROM_REGION_LENGTH__ = DEFINED (__EEPROM_REGION_LENGTH__)?__EEPROM_REGION_LENGTH__:0x10000
                [0x00000003]                __FUSE_REGION_LENGTH__ = DEFINED (__FUSE_REGION_LENGTH__)?__FUSE_REGION_LENGTH__:0x400
                0x00000400                __LOCK_REGION_LENGTH__ = DEFINED (__LOCK_REGION_LENGTH__)?__LOCK_REGION_LENGTH__:0x400
                0x00000400                __SIGNATURE_REGION_LENGTH__ = DEFINED (__SIGNATURE_REGION_LENGTH__)?__SIGNATURE_REGION_LENGTH__:0x400
                0x00000400                __USER_SIGNATURE_REGION_LENGTH__ = DEFINED (__USER_SIGNATURE_REGION_LENGTH__)?__USER_SIGNATURE_REGION_LENGTH__:0x400

.hash
 *(.hash)

.dynsym
 *(.dynsym)

.dynstr
 *(.dynstr)

.gnu.version
 *(.gnu.version)

.gnu.version_d
 *(.gnu.version_d)

.gnu.version_r
 *(.gnu.version_r)

.rel.init
 *(.rel.init)

.rela.init
 *(.rela.init)

.rel.text
 *(.rel.text)
 *(.rel.text.*)
 *(.rel.gnu.linkonce.t*)

.rela.text
 *(.rela.text)
 *(.rela.text.*)
 *(.rela.gnu.linkonce.t*)

.rel.fini
 *(.rel.fini)

.rela.fini
 *(.rela.fini)

.rel.rodata
 *(.rel.rodata)
 *(.rel.rodata.*)
 *(.rel.gnu.linkonce.r*)

.rela.rodata
 *(.rela.rodata)
 *(.rela.rodata.*)
 *(.rela.gnu.linkonce.r*)

.rel.data
 *(.rel.data)
 *(.rel.data.*)
 *(.rel.gnu.linkonce.d*)

.rela.data
 *(.rela.data)
 *(.rela.data.*)
 *(.rela.gnu.linkonce.d*)

.rel.ctors
 *(.rel.ctors)

.rela.ctors
 *(.rela.ctors)

.rel.dtors
 *(.rel.dtors)

.rela.dtors
 *(.rela.dtors)

.rel.got
 *(.rel.got)

.rela.got
 *(.rela.got)

.rel.bss
 *(.rel.bss)

.rela.bss
 *(.rela.bss)

.rel.plt
 *(.rel.plt)

.rela.plt
 *(.rela.plt)

.text           0x00000000     0x708e
 *(.vectors)
 .vectors       0x00000000       0xe4 C:/Program Files (x86)/Atmel/Studio/7.0/Packs/atmel/ATmega_DFP/1.2.209/gcc/dev/atmega2560/avr6/crtatmega2560.o
                0x00000000                __vector_default
                0x00000000                __vectors
 *(.vectors)
 *(.progmem.gcc*)
 .progmem.gcc_sw_table.dataToNibbles
                0x000000e4       0x1a menu.o
 .progmem.gcc_sw_table.nibbleToLCDstring
                0x000000fe       0x1a menu.o
 .progmem.gcc_sw_table.nibbleChange
                0x00000118       0x1a menu.o
 .progmem.gcc_sw_table.nibbleToData
                0x00000132       0x1a menu.o
 .progmem.gcc_sw_table.lcd_noteOut
                0x0000014c       0x18 utils.o
                0x00000164                . = ALIGN (0x2)
                0x00000164                __trampolines_start = .
 *(.trampolines)
 .trampolines   0x00000164        0x0 linker stubs
 *(.trampolines*)
                0x00000164                __trampolines_end = .
 *libprintf_flt.a:*(.progmem.data)
 *libc.a:*(.progmem.data)
 *(.progmem*)
 .progmem.data.stringLog
                0x00000164        0x6 log.o
                0x00000164                stringLog
 .progmem.data.ErrorText
                0x0000016a      0x120 log.o
                0x0000016a                ErrorText
 .progmem.data.panicString
                0x0000028a        0x9 main.o
                0x0000028a                panicString
 .progmem.data.releaseKeyString
                0x00000293       0x12 main.o
                0x00000293                releaseKeyString
 .progmem.data.prog_name
                0x000002a5        0xf main.o
                0x000002a5                prog_name
 .progmem.data.usbHWmidichanSW
                0x000002b4       0x22 menu.o
                0x000002b4                usbHWmidichanSW
 .progmem.data.usbHWBits
                0x000002d6        0x8 menu.o
                0x000002d6                usbHWBits
 .progmem.data.usbHWmodule
                0x000002de        0x8 menu.o
                0x000002de                usbHWmodule
 .progmem.data.usbHWempty
                0x000002e6        0x6 menu.o
                0x000002e6                usbHWempty
 .progmem.data.usbHWRegister
                0x000002ec        0xc menu.o
                0x000002ec                usbHWRegister
 .progmem.data.usbHWRange
                0x000002f8        0x7 menu.o
                0x000002f8                usbHWRange
 .progmem.data.usbHWManual
                0x000002ff        0x9 menu.o
                0x000002ff                usbHWManual
 .progmem.data.usbHWmodulCheck
                0x00000308       0x12 menu.o
                0x00000308                usbHWmodulCheck
 .progmem.data.usbHWmodulInst
                0x0000031a       0x13 menu.o
                0x0000031a                usbHWmodulInst
 .progmem.data.usbHWtitel
                0x0000032d       0x19 menu.o
                0x0000032d                usbHWtitel
 .progmem.data.HelloMsg
                0x00000346       0x19 menu.o
                0x00000346                HelloMsg
 .progmem.data.usbLog
                0x0000035f        0x6 menu.o
                0x0000035f                usbLog
 .progmem.data.usbEmpty
                0x00000365        0x8 menu.o
                0x00000365                usbEmpty
 .progmem.data.msg_programming1
                0x0000036d        0x8 menu.o
                0x0000036d                msg_programming1
 .progmem.data.logNone
                0x00000375        0x7 menu.o
                0x00000375                logNone
 .progmem.data.stringNotAssigen
                0x0000037c        0xb menu.o
                0x0000037c                stringNotAssigen
 .progmem.data.menuMessageE
                0x00000387        0x3 menu.o
                0x00000387                menuMessageE
 .progmem.data.menuMessageOK
                0x0000038a        0x3 menu.o
                0x0000038a                menuMessageOK
 .progmem.data.menuMessageAbort
                0x0000038d        0x6 menu.o
                0x0000038d                menuMessageAbort
 .progmem.data.menuMessageMIDIpanic
                0x00000393        0xf menu.o
                0x00000393                menuMessageMIDIpanic
 .progmem.data.messageRegisterMan
                0x000003a2        0x2 menu.o
                0x000003a2                messageRegisterMan
 .progmem.data.messageLoaded
                0x000003a4        0xd menu.o
                0x000003a4                messageLoaded
 .progmem.data.messageSaved
                0x000003b1       0x13 menu.o
                0x000003b1                messageSaved
 .progmem.data.MenuMIDIOutText
                0x000003c4        0x5 menu.o
                0x000003c4                MenuMIDIOutText
 .progmem.data.MenuMIDIInText
                0x000003c9        0x4 menu.o
                0x000003c9                MenuMIDIInText
 .progmem.data.initMenuText
                0x000003cd        0xa menu.o
                0x000003cd                initMenuText
 .progmem.data.nibbleInfo
                0x000003d7       0x87 menu.o
                0x000003d7                nibbleInfo
 .progmem.data.menu_selFunc
                0x0000045e      0x1b8 menu.o
                0x0000045e                menu_selFunc
 .progmem.data.shortKeyTextRegOff
                0x00000616        0xa menu.o
                0x00000616                shortKeyTextRegOff
 .progmem.data.shortKeyTextK4A
                0x00000620        0xa menu.o
                0x00000620                shortKeyTextK4A
 .progmem.data.shortKeyTextK3A
                0x0000062a        0xa menu.o
                0x0000062a                shortKeyTextK3A
 .progmem.data.shortKeyTextK2A
                0x00000634        0xa menu.o
                0x00000634                shortKeyTextK2A
 .progmem.data.shortKeyTextK1A
                0x0000063e        0xa menu.o
                0x0000063e                shortKeyTextK1A
 .progmem.data.shortKeyTextCpl1P
                0x00000648        0xa menu.o
                0x00000648                shortKeyTextCpl1P
 .progmem.data.shortKeyTextCpl2P
                0x00000652        0xa menu.o
                0x00000652                shortKeyTextCpl2P
 .progmem.data.shortKeyTextCpl21
                0x0000065c        0xa menu.o
                0x0000065c                shortKeyTextCpl21
 .progmem.data.shortKeyTextCpl3P
                0x00000666        0xa menu.o
                0x00000666                shortKeyTextCpl3P
 .progmem.data.shortKeyTextCpl31
                0x00000670        0xa menu.o
                0x00000670                shortKeyTextCpl31
 .progmem.data.shortKeyTextCpl32
                0x0000067a        0xa menu.o
                0x0000067a                shortKeyTextCpl32
 .progmem.data.shortKeyTextCplP1
                0x00000684        0xa menu.o
                0x00000684                shortKeyTextCplP1
 .progmem.data.shortKeyTextCplP2
                0x0000068e        0xa menu.o
                0x0000068e                shortKeyTextCplP2
 .progmem.data.shortKeyTextCpl12
                0x00000698        0xa menu.o
                0x00000698                shortKeyTextCpl12
 .progmem.data.shortKeyTextCplP3
                0x000006a2        0xa menu.o
                0x000006a2                shortKeyTextCplP3
 .progmem.data.shortKeyTextCpl13
                0x000006ac        0xa menu.o
                0x000006ac                shortKeyTextCpl13
 .progmem.data.shortKeyTextCpl23
                0x000006b6        0xa menu.o
                0x000006b6                shortKeyTextCpl23
 .progmem.data.shortKeyTextMIDIoff
                0x000006c0        0xa menu.o
                0x000006c0                shortKeyTextMIDIoff
 .progmem.data.shortKeyTextSetup
                0x000006ca        0xa menu.o
                0x000006ca                shortKeyTextSetup
 .progmem.data.shortKeyTextStim
                0x000006d4        0xa menu.o
                0x000006d4                shortKeyTextStim
 .progmem.data.shortKeyTextMenu
                0x000006de        0xa menu.o
                0x000006de                shortKeyTextMenu
 .progmem.data.shortKeyTextNone
                0x000006e8        0xa menu.o
                0x000006e8                shortKeyTextNone
 .progmem.data.menu_main
                0x000006f2       0x78 menu.o
                0x000006f2                menu_main
 .progmem.data.menu_manual
                0x0000076a       0x28 menu.o
                0x0000076a                menu_manual
 .progmem.data.menu_register
                0x00000792       0xdc menu.o
                0x00000792                menu_register
 .progmem.data.menu_coupler
                0x0000086e       0xf0 menu.o
                0x0000086e                menu_coupler
 .progmem.data.menu_midi
                0x0000095e       0xa0 menu.o
                0x0000095e                menu_midi
 .progmem.data.menu_midiIn
                0x000009fe      0x140 menu.o
                0x000009fe                menu_midiIn
 .progmem.data.menu_midiInSec
                0x00000b3e       0x50 menu.o
                0x00000b3e                menu_midiInSec
 .progmem.data.menu_midiInVar
                0x00000b8e       0x50 menu.o
                0x00000b8e                menu_midiInVar
 .progmem.data.menu_key
                0x00000bde       0x50 menu.o
                0x00000bde                menu_key
 .progmem.data.menu_tune
                0x00000c2e       0x50 menu.o
                0x00000c2e                menu_tune
 .progmem.data.menu_midiOut
                0x00000c7e       0xa0 menu.o
                0x00000c7e                menu_midiOut
 .progmem.data.menu_setup
                0x00000d1e       0x50 menu.o
                0x00000d1e                menu_setup
 .progmem.data.menu_eeprom
                0x00000d6e       0x3c menu.o
                0x00000d6e                menu_eeprom
 .progmem.data.menu_Power
                0x00000daa       0x3c menu.o
                0x00000daa                menu_Power
 .progmem.data.menu_module
                0x00000de6       0x64 menu.o
                0x00000de6                menu_module
 .progmem.data.menu_ModeSel
                0x00000e4a       0xa0 menu.o
                0x00000e4a                menu_ModeSel
 .progmem.data.menu_ModTestSelcted
                0x00000eea       0x50 menu.o
                0x00000eea                menu_ModTestSelcted
 .progmem.data.menu_USBser
                0x00000f3a       0x3c menu.o
                0x00000f3a                menu_USBser
 .progmem.data.menu_modAssign
                0x00000f76       0x64 menu.o
                0x00000f76                menu_modAssign
 .progmem.data.menu_modSection8
                0x00000fda       0xa0 menu.o
                0x00000fda                menu_modSection8
 .progmem.data.menu_modSection
                0x0000107a       0x50 menu.o
                0x0000107a                menu_modSection
 .progmem.data.menu_modDefineReg
                0x000010ca       0x3c menu.o
                0x000010ca                menu_modDefineReg
 .progmem.data.menu_modDefine
                0x00001106       0x3c menu.o
                0x00001106                menu_modDefine
 .progmem.data.menu_status
                0x00001142       0x3c menu.o
                0x00001142                menu_status
 .progmem.data.sw_version
                0x0000117e        0x6 menu.o
                0x0000117e                sw_version
 .progmem.data.cplInfo
                0x00001184       0x18 Midi.o
                0x00001184                cplInfo
 .progmem.data.keylabel_1
                0x0000119c        0x2 utils.o
                0x0000119c                keylabel_1
 .progmem.data.keylabel_0
                0x0000119e        0x2 utils.o
                0x0000119e                keylabel_0
 .progmem.data.keylabel_text
                0x000011a0        0x6 utils.o
                0x000011a0                keylabel_text
 .progmem.data.keylabel_exit
                0x000011a6        0x5 utils.o
                0x000011a6                keylabel_exit
 .progmem.data.keylabel_off
                0x000011ab        0x5 utils.o
                0x000011ab                keylabel_off
 .progmem.data.keylabel_on
                0x000011b0        0x5 utils.o
                0x000011b0                keylabel_on
 .progmem.data.keylabel_onoff
                0x000011b5        0x5 utils.o
                0x000011b5                keylabel_onoff
 .progmem.data.keylabel_minus
                0x000011ba        0x2 utils.o
                0x000011ba                keylabel_minus
 .progmem.data.keylabel_plus
                0x000011bc        0x2 utils.o
                0x000011bc                keylabel_plus
 .progmem.data.keylabel_left
                0x000011be        0x2 utils.o
                0x000011be                keylabel_left
 .progmem.data.keylabel_right
                0x000011c0        0x2 utils.o
                0x000011c0                keylabel_right
 .progmem.data.keylabel_down
                0x000011c2        0x2 utils.o
                0x000011c2                keylabel_down
 .progmem.data.keylabel_up
                0x000011c4        0x2 utils.o
                0x000011c4                keylabel_up
 .progmem.data.cgPattern_Block
                0x000011c6        0x8 utils.o
                0x000011c6                cgPattern_Block
 .progmem.data.cgPattern_Down
                0x000011ce        0x8 utils.o
                0x000011ce                cgPattern_Down
 .progmem.data.cgPattern_Up
                0x000011d6        0x8 utils.o
                0x000011d6                cgPattern_Up
 .progmem.data.cr_lf
                0x000011de        0x3 utils.o
                0x000011de                cr_lf
                0x000011e2                . = ALIGN (0x2)
 *fill*         0x000011e1        0x1 
 *(.jumptables)
 *(.jumptables*)
 *(.lowtext)
 *(.lowtext*)
                0x000011e2                __ctors_start = .
 *(.ctors)
                0x000011e2                __ctors_end = .
                0x000011e2                __dtors_start = .
 *(.dtors)
                0x000011e2                __dtors_end = .
 SORT(*)(.ctors)
 SORT(*)(.dtors)
 *(.init0)
 .init0         0x000011e2        0x0 C:/Program Files (x86)/Atmel/Studio/7.0/Packs/atmel/ATmega_DFP/1.2.209/gcc/dev/atmega2560/avr6/crtatmega2560.o
                0x000011e2                __init
 *(.init0)
 *(.init1)
 *(.init1)
 *(.init2)
 .init2         0x000011e2       0x10 C:/Program Files (x86)/Atmel/Studio/7.0/Packs/atmel/ATmega_DFP/1.2.209/gcc/dev/atmega2560/avr6/crtatmega2560.o
 *(.init2)
 *(.init3)
 *(.init3)
 *(.init4)
 .init4         0x000011f2       0x1a c:/program files (x86)/atmel/studio/7.0/toolchain/avr8/avr8-gnu-toolchain/bin/../lib/gcc/avr/5.4.0/avr6\libgcc.a(_copy_data.o)
                0x000011f2                __do_copy_data
 .init4         0x0000120c       0x10 c:/program files (x86)/atmel/studio/7.0/toolchain/avr8/avr8-gnu-toolchain/bin/../lib/gcc/avr/5.4.0/avr6\libgcc.a(_clear_bss.o)
                0x0000120c                __do_clear_bss
 *(.init4)
 *(.init5)
 *(.init5)
 *(.init6)
 *(.init6)
 *(.init7)
 *(.init7)
 *(.init8)
 *(.init8)
 *(.init9)
 .init9         0x0000121c        0x8 C:/Program Files (x86)/Atmel/Studio/7.0/Packs/atmel/ATmega_DFP/1.2.209/gcc/dev/atmega2560/avr6/crtatmega2560.o
 *(.init9)
 *(.text)
 .text          0x00001224        0x4 C:/Program Files (x86)/Atmel/Studio/7.0/Packs/atmel/ATmega_DFP/1.2.209/gcc/dev/atmega2560/avr6/crtatmega2560.o
                0x00001224                __vector_38
                0x00001224                __vector_22
                0x00001224                __vector_28
                0x00001224                __vector_1
                0x00001224                __vector_32
                0x00001224                __vector_34
                0x00001224                __vector_24
                0x00001224                __vector_12
                0x00001224                __vector_46
                0x00001224                __bad_interrupt
                0x00001224                __vector_6
                0x00001224                __vector_31
                0x00001224                __vector_35
                0x00001224                __vector_39
                0x00001224                __vector_3
                0x00001224                __vector_23
                0x00001224                __vector_30
                0x00001224                __vector_45
                0x00001224                __vector_11
                0x00001224                __vector_13
                0x00001224                __vector_17
                0x00001224                __vector_19
                0x00001224                __vector_56
                0x00001224                __vector_7
                0x00001224                __vector_49
                0x00001224                __vector_41
                0x00001224                __vector_43
                0x00001224                __vector_27
                0x00001224                __vector_5
                0x00001224                __vector_33
                0x00001224                __vector_47
                0x00001224                __vector_52
                0x00001224                __vector_4
                0x00001224                __vector_44
                0x00001224                __vector_51
                0x00001224                __vector_9
                0x00001224                __vector_2
                0x00001224                __vector_15
                0x00001224                __vector_29
                0x00001224                __vector_40
                0x00001224                __vector_8
                0x00001224                __vector_48
                0x00001224                __vector_14
                0x00001224                __vector_53
                0x00001224                __vector_10
                0x00001224                __vector_50
                0x00001224                __vector_16
                0x00001224                __vector_18
                0x00001224                __vector_20
                0x00001224                __vector_42
                0x00001228                . = ALIGN (0x2)
 *(.text.*)
 .text.crc16_ram
                0x00001228       0x4c ee_prom.o
                0x00001228                crc16_ram
 .text.crc16_eeprom
                0x00001274       0x6e ee_prom.o
                0x00001274                crc16_eeprom
 .text.crc16_ram_startVal
                0x000012e2       0x4a ee_prom.o
                0x000012e2                crc16_ram_startVal
 .text.crc16_eeprom_startVal
                0x0000132c       0x6c ee_prom.o
                0x0000132c                crc16_eeprom_startVal
 .text.eeprom_ReadManualMap
                0x00001398       0x50 ee_prom.o
                0x00001398                eeprom_ReadManualMap
 .text.eeprom_ReadMidiInMap
                0x000013e8       0x50 ee_prom.o
                0x000013e8                eeprom_ReadMidiInMap
 .text.eeprom_ReadMidiOutMap
                0x00001438       0x60 ee_prom.o
                0x00001438                eeprom_ReadMidiOutMap
 .text.eeprom_ReadModules
                0x00001498       0x58 ee_prom.o
                0x00001498                eeprom_ReadModules
 .text.eeprom_ReadMidiThrough
                0x000014f0       0x50 ee_prom.o
                0x000014f0                eeprom_ReadMidiThrough
 .text.eeprom_ReadUSB
                0x00001540       0x4c ee_prom.o
                0x00001540                eeprom_ReadUSB
 .text.eeprom_ReadReg
                0x0000158c       0x68 ee_prom.o
                0x0000158c                eeprom_ReadReg
 .text.eeprom_ReadProg
                0x000015f4       0x50 ee_prom.o
                0x000015f4                eeprom_ReadProg
 .text.eeprom_ReadSoftkeys
                0x00001644       0x44 ee_prom.o
                0x00001644                eeprom_ReadSoftkeys
 .text.eepromWriteSignature
                0x00001688       0x16 ee_prom.o
                0x00001688                eepromWriteSignature
 .text.eeprom_UpdateManualMap
                0x0000169e       0x44 ee_prom.o
                0x0000169e                eeprom_UpdateManualMap
 .text.eeprom_UpdateMidiInMap
                0x000016e2       0x44 ee_prom.o
                0x000016e2                eeprom_UpdateMidiInMap
 .text.eeprom_UpdateMidiOutMap
                0x00001726       0x60 ee_prom.o
                0x00001726                eeprom_UpdateMidiOutMap
 .text.eeprom_UpdateModules
                0x00001786       0x4c ee_prom.o
                0x00001786                eeprom_UpdateModules
 .text.eeprom_UpdateUSB
                0x000017d2       0x40 ee_prom.o
                0x000017d2                eeprom_UpdateUSB
 .text.eeprom_UpdateMidiThrough
                0x00001812       0x44 ee_prom.o
                0x00001812                eeprom_UpdateMidiThrough
 .text.eeprom_UpdateReg
                0x00001856       0x5c ee_prom.o
                0x00001856                eeprom_UpdateReg
 .text.eeprom_UpdateProg
                0x000018b2       0x44 ee_prom.o
                0x000018b2                eeprom_UpdateProg
 .text.eeprom_UpdateSoftkeys
                0x000018f6       0x44 ee_prom.o
                0x000018f6                eeprom_UpdateSoftkeys
 .text.eeprom_UpdateALL
                0x0000193a       0x14 ee_prom.o
                0x0000193a                eeprom_UpdateALL
 .text.eepromCopy
                0x0000194e       0x52 ee_prom.o
                0x0000194e                eepromCopy
 .text.eeprom_Backup
                0x000019a0       0x18 ee_prom.o
                0x000019a0                eeprom_Backup
 .text.eeprom_Restore
                0x000019b8       0x18 ee_prom.o
                0x000019b8                eeprom_Restore
 .text.init_Timers
                0x000019d0       0x30 hwtimer.o
                0x000019d0                init_Timers
 .text.init_HwTimer
                0x00001a00       0x1e hwtimer.o
                0x00001a00                init_HwTimer
 .text.init_ADC
                0x00001a1e       0x54 hwtimer.o
                0x00001a1e                init_ADC
 .text.init_Pipe
                0x00001a72       0x50 hwtimer.o
                0x00001a72                init_Pipe
 .text.init_PipeModules
                0x00001ac2      0x17e hwtimer.o
                0x00001ac2                init_PipeModules
 .text.test_PipeModule
                0x00001c40       0xe8 hwtimer.o
                0x00001c40                test_PipeModule
 .text.module_TestAllInputs
                0x00001d28       0x22 hwtimer.o
                0x00001d28                module_TestAllInputs
 .text.module_WaitOutputInput2Cycles
                0x00001d4a       0x1a hwtimer.o
                0x00001d4a                module_WaitOutputInput2Cycles
 .text.module_StartPowerOn
                0x00001d64       0x20 hwtimer.o
                0x00001d64                module_StartPowerOn
 .text.module_PowerControl
                0x00001d84       0x8c hwtimer.o
                0x00001d84                module_PowerControl
 .text.softKey_WantLong
                0x00001e10       0x24 hwtimer.o
                0x00001e10                softKey_WantLong
 .text.__vector_21
                0x00001e34      0x494 hwtimer.o
                0x00001e34                __vector_21
 .text.init_iopins
                0x000022c8       0x3a initio.o
                0x000022c8                init_iopins
 .text.lcd_write_nibble
                0x00002302       0x7a lcd_u.o
                0x00002302                lcd_write_nibble
 .text.lcd_write_character
                0x0000237c       0x30 lcd_u.o
                0x0000237c                lcd_write_character
 .text.lcd_write_command
                0x000023ac       0x44 lcd_u.o
                0x000023ac                lcd_write_command
 .text.lcd_init
                0x000023f0       0xa0 lcd_u.o
                0x000023f0                lcd_init
 .text.lcd_goto
                0x00002490        0xa lcd_u.o
                0x00002490                lcd_goto
 .text.lcd_clrscr
                0x0000249a       0x1e lcd_u.o
                0x0000249a                lcd_clrscr
 .text.getCursorFromLCDRAMcursor
                0x000024b8       0x2c lcd_u.o
                0x000024b8                getCursorFromLCDRAMcursor
 .text.lcd_putc
                0x000024e4       0x70 lcd_u.o
                0x000024e4                lcd_putc
 .text.lcd_puts
                0x00002554       0x20 lcd_u.o
                0x00002554                lcd_puts
 .text.lcd_puts_P
                0x00002574       0x20 lcd_u.o
                0x00002574                lcd_puts_P
 .text.init_log
                0x00002594       0x16 log.o
                0x00002594                init_log
 .text.log_count
                0x000025aa       0x3e log.o
                0x000025aa                log_count
 .text.log_getLog
                0x000025e8       0x50 log.o
                0x000025e8                log_getLog
 .text.log_getErrorText
                0x00002638       0x88 log.o
                0x00002638                log_getErrorText
 .text.logCheckUnreadErrorLogs
                0x000026c0       0x40 log.o
                0x000026c0                logCheckUnreadErrorLogs
 .text.log_getShortTextFromPtr
                0x00002700      0x118 log.o
                0x00002700                log_getShortTextFromPtr
 .text.log_put  0x00002818       0xc8 log.o
                0x00002818                log_put
 .text.log_putError
                0x000028e0        0xc log.o
                0x000028e0                log_putError
 .text.log_getShortTextFromIndex
                0x000028ec       0x20 log.o
                0x000028ec                log_getShortTextFromIndex
 .text.main     0x0000290c      0x4f8 main.o
                0x0000290c                main
 .text.menu_enterWriteModule
                0x00002e04       0x78 menu.o
                0x00002e04                menu_enterWriteModule
 .text.menu_exitWriteModule
                0x00002e7c       0x5a menu.o
                0x00002e7c                menu_exitWriteModule
 .text.menuOnEnterModSel
                0x00002ed6       0x16 menu.o
                0x00002ed6                menuOnEnterModSel
 .text.menuOnEnterMidiInCh
                0x00002eec       0x16 menu.o
                0x00002eec                menuOnEnterMidiInCh
 .text.menuOnEnterMidiInSec
                0x00002f02       0x3c menu.o
                0x00002f02                menuOnEnterMidiInSec
 .text.menuOnEnterModManual
                0x00002f3e       0x16 menu.o
                0x00002f3e                menuOnEnterModManual
 .text.menuOnEnterModSec
                0x00002f54       0x4a menu.o
                0x00002f54                menuOnEnterModSec
 .text.menuOnEnterModSecReg
                0x00002f9e       0x2c menu.o
                0x00002f9e                menuOnEnterModSecReg
 .text.menuOnEnterKey
                0x00002fca       0x2e menu.o
                0x00002fca                menuOnEnterKey
 .text.menuOnExitMidiThrough
                0x00002ff8        0x8 menu.o
                0x00002ff8                menuOnExitMidiThrough
 .text.menuOnExitRegisterEdit
                0x00003000       0x50 menu.o
                0x00003000                menuOnExitRegisterEdit
 .text.softKeyRegOff
                0x00003050        0xa menu.o
                0x00003050                softKeyRegOff
 .text.menuOnExitCoupler
                0x0000305a       0x26 menu.o
                0x0000305a                menuOnExitCoupler
 .text.menuOnExitSaveProgram
                0x00003080       0x16 menu.o
                0x00003080                menuOnExitSaveProgram
 .text.menuOnExitKeys
                0x00003096        0x8 menu.o
                0x00003096                menuOnExitKeys
 .text.menu_readModule
                0x0000309e       0x68 menu.o
                0x0000309e                menu_readModule
 .text.menu_testModule
                0x00003106       0x24 menu.o
                0x00003106                menu_testModule
 .text.menuOnEnterTune
                0x0000312a      0x238 menu.o
                0x0000312a                menuOnEnterTune
 .text.menuOnExitMidiActiveSense
                0x00003362        0x8 menu.o
                0x00003362                menuOnExitMidiActiveSense
 .text.menuOnExitMidiOut
                0x0000336a        0x8 menu.o
                0x0000336a                menuOnExitMidiOut
 .text.menuOnExitMidiIn
                0x00003372        0x8 menu.o
                0x00003372                menuOnExitMidiIn
 .text.menuOnExitManual
                0x0000337a       0x14 menu.o
                0x0000337a                menuOnExitManual
 .text.menuOnExitModules
                0x0000338e        0x8 menu.o
                0x0000338e                menuOnExitModules
 .text.menuOnEnterUSBprotokoll
                0x00003396       0x4c menu.o
                0x00003396                menuOnEnterUSBprotokoll
 .text.menuOnExitUSBactive
                0x000033e2       0x28 menu.o
                0x000033e2                menuOnExitUSBactive
 .text.menuOnEnterUSBsendHW
                0x0000340a      0x388 menu.o
                0x0000340a                menuOnEnterUSBsendHW
 .text.reverseRegisterBits
                0x00003792       0x28 menu.o
                0x00003792                reverseRegisterBits
 .text.menuOnUpdateRegister
                0x000037ba        0xe menu.o
                0x000037ba                menuOnUpdateRegister
 .text.menuOnEnterResetReg
                0x000037c8        0xc menu.o
                0x000037c8                menuOnEnterResetReg
 .text.menuOnExitLoadProgran
                0x000037d4       0x18 menu.o
                0x000037d4                menuOnExitLoadProgran
 .text.softkeyCoupler
                0x000037ec       0x56 menu.o
                0x000037ec                softkeyCoupler
 .text.softKeyCoupler2from3
                0x00003842        0x6 menu.o
                0x00003842                softKeyCoupler2from3
 .text.softKeyCoupler1from3
                0x00003848        0x6 menu.o
                0x00003848                softKeyCoupler1from3
 .text.softKeyCouplerPfrom3
                0x0000384e        0x6 menu.o
                0x0000384e                softKeyCouplerPfrom3
 .text.softKeyCoupler1from2
                0x00003854        0x6 menu.o
                0x00003854                softKeyCoupler1from2
 .text.softKeyCouplerPfrom2
                0x0000385a        0x6 menu.o
                0x0000385a                softKeyCouplerPfrom2
 .text.softKeyCouplerPfrom1
                0x00003860        0x6 menu.o
                0x00003860                softKeyCouplerPfrom1
 .text.softKeyCoupler3from2
                0x00003866        0x6 menu.o
                0x00003866                softKeyCoupler3from2
 .text.softKeyCoupler3from1
                0x0000386c        0x6 menu.o
                0x0000386c                softKeyCoupler3from1
 .text.softKeyCoupler3fromP
                0x00003872        0x6 menu.o
                0x00003872                softKeyCoupler3fromP
 .text.softKeyCoupler2from1
                0x00003878        0x6 menu.o
                0x00003878                softKeyCoupler2from1
 .text.softKeyCoupler2fromP
                0x0000387e        0x6 menu.o
                0x0000387e                softKeyCoupler2fromP
 .text.softKeyCoupler1fromP
                0x00003884        0x6 menu.o
                0x00003884                softKeyCoupler1fromP
 .text.menu_Init
                0x0000388a       0x46 menu.o
                0x0000388a                menu_Init
 .text.softkeyLeft
                0x000038d0        0xc menu.o
                0x000038d0                softkeyLeft
 .text.softkeyRight
                0x000038dc        0xc menu.o
                0x000038dc                softkeyRight
 .text.softkeyDown
                0x000038e8        0xc menu.o
                0x000038e8                softkeyDown
 .text.softkeyOn
                0x000038f4        0xc menu.o
                0x000038f4                softkeyOn
 .text.softkeyOff
                0x00003900        0xc menu.o
                0x00003900                softkeyOff
 .text.softkeyUp
                0x0000390c        0xc menu.o
                0x0000390c                softkeyUp
 .text.softkeyPlus
                0x00003918       0x24 menu.o
                0x00003918                softkeyPlus
 .text.softkeyMinus
                0x0000393c       0x24 menu.o
                0x0000393c                softkeyMinus
 .text.dataToNibbles
                0x00003960      0x1e6 menu.o
                0x00003960                dataToNibbles
 .text.nibbleToLCDstring
                0x00003b46      0x29c menu.o
                0x00003b46                nibbleToLCDstring
 .text.LCDStringOut
                0x00003de2       0x36 menu.o
                0x00003de2                LCDStringOut
 .text.nibbleCheckOvfl
                0x00003e18       0x12 menu.o
                0x00003e18                nibbleCheckOvfl
 .text.nibbleChange
                0x00003e2a      0x35e menu.o
                0x00003e2a                nibbleChange
 .text.nibbleToData
                0x00004188      0x1ca menu.o
                0x00004188                nibbleToData
 .text.menuTextOut
                0x00004352       0x36 menu.o
                0x00004352                menuTextOut
 .text.menuParentMenuToLCD
                0x00004388       0x34 menu.o
                0x00004388                menuParentMenuToLCD
 .text.menuDisplayValue
                0x000043bc       0x1a menu.o
                0x000043bc                menuDisplayValue
 .text.menuCursorSetDataNibble
                0x000043d6       0x5a menu.o
                0x000043d6                menuCursorSetDataNibble
 .text.menuCursorSetExtra
                0x00004430        0x8 menu.o
                0x00004430                menuCursorSetExtra
 .text.menuOnEnterStatusMidiIn
                0x00004438       0x7c menu.o
                0x00004438                menuOnEnterStatusMidiIn
 .text.menuOnEnterStatusMidiOut
                0x000044b4       0x7c menu.o
                0x000044b4                menuOnEnterStatusMidiOut
 .text.menuOnEnterLogDisp
                0x00004530      0x14a menu.o
                0x00004530                menuOnEnterLogDisp
 .text.menuCursorSetMenu
                0x0000467a        0x8 menu.o
                0x0000467a                menuCursorSetMenu
 .text.menuClearExtraDisp
                0x00004682        0xa menu.o
                0x00004682                menuClearExtraDisp
 .text.menu_ClearDataDisp
                0x0000468c        0xe menu.o
                0x0000468c                menu_ClearDataDisp
 .text.menuClearMenuDisp
                0x0000469a       0x16 menu.o
                0x0000469a                menuClearMenuDisp
 .text.menu_ClearAllDisp
                0x000046b0        0x8 menu.o
                0x000046b0                menu_ClearAllDisp
 .text.menuCheckArrowDown
                0x000046b8       0x3e menu.o
                0x000046b8                menuCheckArrowDown
 .text.menuCurrMenuToLCD
                0x000046f6       0x5c menu.o
                0x000046f6                menuCurrMenuToLCD
 .text.menuItemChanged
                0x00004752       0xc2 menu.o
                0x00004752                menuItemChanged
 .text.menu_InitLCD
                0x00004814        0xe menu.o
                0x00004814                menu_InitLCD
 .text.menu_ProcessMessage
                0x00004822      0x47e menu.o
                0x00004822                menu_ProcessMessage
 .text.displayMenuMessage_P
                0x00004ca0       0x82 menu.o
                0x00004ca0                displayMenuMessage_P
 .text.menu_OnEnterMidiPanic
                0x00004d22       0x10 menu.o
                0x00004d22                menu_OnEnterMidiPanic
 .text.menu_ModuleTestExecute
                0x00004d32      0x1ac menu.o
                0x00004d32                menu_ModuleTestExecute
 .text.menu_ModuleTestPattern
                0x00004ede       0x32 menu.o
                0x00004ede                menu_ModuleTestPattern
 .text.menuLCDwriteOK
                0x00004f10        0x8 menu.o
                0x00004f10                menuLCDwriteOK
 .text.menuOnEnterEEBackup
                0x00004f18       0x18 menu.o
                0x00004f18                menuOnEnterEEBackup
 .text.menuOnEnterEERestore
                0x00004f30       0x18 menu.o
                0x00004f30                menuOnEnterEERestore
 .text.menuOnEnterEEUpdate
                0x00004f48       0x16 menu.o
                0x00004f48                menuOnEnterEEUpdate
 .text.menudeleteMainMessage
                0x00004f5e       0x1c menu.o
                0x00004f5e                menudeleteMainMessage
 .text.menu_deleteMessage
                0x00004f7a       0x22 menu.o
                0x00004f7a                menu_deleteMessage
 .text.menu_DisplayMainMessage_P
                0x00004f9c       0x6c menu.o
                0x00004f9c                menu_DisplayMainMessage_P
 .text.menu_DisplayMainMessage
                0x00005008       0x6c menu.o
                0x00005008                menu_DisplayMainMessage
 .text.menuDisplaySaveMessage
                0x00005074       0x1a menu.o
                0x00005074                menuDisplaySaveMessage
 .text.menuDisplayLoadMessage
                0x0000508e       0x48 menu.o
                0x0000508e                menuDisplayLoadMessage
 .text.handle_programKey
                0x000050d6       0x3a menu.o
                0x000050d6                handle_programKey
 .text.softKeyK1A
                0x00005110        0x6 menu.o
                0x00005110                softKeyK1A
 .text.softKeyK2A
                0x00005116        0x6 menu.o
                0x00005116                softKeyK2A
 .text.softKeyK3A
                0x0000511c        0x6 menu.o
                0x0000511c                softKeyK3A
 .text.softKeyK4A
                0x00005122        0x6 menu.o
                0x00005122                softKeyK4A
 .text.getSoftKeyIndex
                0x00005128       0x24 menu.o
                0x00005128                getSoftKeyIndex
 .text.init_SoftKeys
                0x0000514c       0x92 menu.o
                0x0000514c                init_SoftKeys
 .text.softKey_Set
                0x000051de       0x58 menu.o
                0x000051de                softKey_Set
 .text.menuOnExitKey
                0x00005236       0x20 menu.o
                0x00005236                menuOnExitKey
 .text.softKeys_toLCD
                0x00005256       0x7e menu.o
                0x00005256                softKeys_toLCD
 .text.softKey_MessageKey_ToSoftKeyNr
                0x000052d4       0x2a menu.o
                0x000052d4                softKey_MessageKey_ToSoftKeyNr
 .text.softKey_Execute
                0x000052fe       0x98 menu.o
                0x000052fe                softKey_Execute
 .text.menu_showPowerState
                0x00005396       0x28 menu.o
                0x00005396                menu_showPowerState
 .text.menuOnEnterPwrOn
                0x000053be       0x12 menu.o
                0x000053be                menuOnEnterPwrOn
 .text.menuOnEnterPwrOff
                0x000053d0       0x10 menu.o
                0x000053d0                menuOnEnterPwrOff
 .text.menuOnEnterPwrRest
                0x000053e0       0x2a menu.o
                0x000053e0                menuOnEnterPwrRest
 .text.init_message
                0x0000540a        0xe message.o
                0x0000540a                init_message
 .text.message_push
                0x00005418       0x28 message.o
                0x00005418                message_push
 .text.message_get
                0x00005440       0x32 message.o
                0x00005440                message_get
 .text.message_status
                0x00005472       0x26 message.o
                0x00005472                message_status
 .text.pipeMsgPush
                0x00005498       0x44 message.o
                0x00005498                pipeMsgPush
 .text.pipeMsgGet
                0x000054dc       0x2a message.o
                0x000054dc                pipeMsgGet
 .text.pipeMsgStatus
                0x00005506       0x14 message.o
                0x00005506                pipeMsgStatus
 .text.midi_CouplerReset
                0x0000551a       0x14 Midi.o
                0x0000551a                midi_CouplerReset
 .text.init_Midi
                0x0000552e        0x4 Midi.o
                0x0000552e                init_Midi
 .text.set_Coupler
                0x00005532       0x42 Midi.o
                0x00005532                set_Coupler
 .text.getAllCouplers
                0x00005574       0x30 Midi.o
                0x00005574                getAllCouplers
 .text.setAllCouplers
                0x000055a4       0x32 Midi.o
                0x000055a4                setAllCouplers
 .text.midiAllReset
                0x000055d6        0xc Midi.o
                0x000055d6                midiAllReset
 .text.registers_CalcCount
                0x000055e2       0x34 Midi.o
                0x000055e2                registers_CalcCount
 .text.init_Registers
                0x00005616       0xb8 Midi.o
                0x00005616                init_Registers
 .text.regNr_to_moduleBit
                0x000056ce       0x36 Midi.o
                0x000056ce                regNr_to_moduleBit
 .text.moduleBit_to_registerNr
                0x00005704       0x38 Midi.o
                0x00005704                moduleBit_to_registerNr
 .text.read_Register
                0x0000573c       0x8a Midi.o
                0x0000573c                read_Register
 .text.get_RegisterStatus
                0x000057c6       0x6a Midi.o
                0x000057c6                get_RegisterStatus
 .text.count_Registers
                0x00005830       0x28 Midi.o
                0x00005830                count_Registers
 .text.read_allRegister
                0x00005858       0x58 Midi.o
                0x00005858                read_allRegister
 .text.register_onOff
                0x000058b0       0x7c Midi.o
                0x000058b0                register_onOff
 .text.program_toRegister
                0x0000592c       0xb0 Midi.o
                0x0000592c                program_toRegister
 .text.midi_ProgramChange
                0x000059dc       0x6e Midi.o
                0x000059dc                midi_ProgramChange
 .text.midi_resetRegisters
                0x00005a4a       0x1a Midi.o
                0x00005a4a                midi_resetRegisters
 .text.register_toProgram
                0x00005a64       0x6a Midi.o
                0x00005a64                register_toProgram
 .text.midi_RegisterMatchProgram
                0x00005ace       0x76 Midi.o
                0x00005ace                midi_RegisterMatchProgram
 .text.midi_CountRegisterInProgram
                0x00005b44       0x40 Midi.o
                0x00005b44                midi_CountRegisterInProgram
 .text.init_Midi2Manual
                0x00005b84       0x80 Midi.o
                0x00005b84                init_Midi2Manual
 .text.init_Manual2Midi
                0x00005c04       0x54 Midi.o
                0x00005c04                init_Manual2Midi
 .text.Manual_to_MidiNote
                0x00005c58       0x20 Midi.o
                0x00005c58                Manual_to_MidiNote
 .text.Midi_updateManualRange
                0x00005c78       0xae Midi.o
                0x00005c78                Midi_updateManualRange
 .text.init_Manual2Module
                0x00005d26       0x74 Midi.o
                0x00005d26                init_Manual2Module
 .text.manualNote_to_moduleBit
                0x00005d9a       0x40 Midi.o
                0x00005d9a                manualNote_to_moduleBit
 .text.moduleBit_to_manualNote
                0x00005dda       0x46 Midi.o
                0x00005dda                moduleBit_to_manualNote
 .text.manual_NoteOnOff
                0x00005e20       0xc8 Midi.o
                0x00005e20                manual_NoteOnOff
 .text.midiAllNotesOff
                0x00005ee8       0xa8 Midi.o
                0x00005ee8                midiAllNotesOff
 .text.midi_ManualOff
                0x00005f90       0x58 Midi.o
                0x00005f90                midi_ManualOff
 .text.midi_AllManualsOff
                0x00005fe8       0x14 Midi.o
                0x00005fe8                midi_AllManualsOff
 .text.midi_CheckRxActiveSense
                0x00005ffc       0x18 Midi.o
                0x00005ffc                midi_CheckRxActiveSense
 .text.midiNote_to_Manual
                0x00006014       0xfa Midi.o
                0x00006014                midiNote_to_Manual
 .text.midiIn_Process
                0x0000610e      0x128 Midi.o
                0x0000610e                midiIn_Process
 .text.midiKeyPress_Process
                0x00006236      0x1ac Midi.o
                0x00006236                midiKeyPress_Process
 .text.midiSendAllNotesOff
                0x000063e2       0x2e Midi.o
                0x000063e2                midiSendAllNotesOff
 .text.midi_SendActiveSense
                0x00006410        0x6 Midi.o
                0x00006410                midi_SendActiveSense
 .text.midi_CheckTxActiveSense
                0x00006416       0x36 Midi.o
                0x00006416                midi_CheckTxActiveSense
 .text.init_Serial1MIDI
                0x0000644c       0x40 serial.o
                0x0000644c                init_Serial1MIDI
 .text.serial1MIDISend
                0x0000648c       0x54 serial.o
                0x0000648c                serial1MIDISend
 .text.serial1MIDIReadRx
                0x000064e0       0x2a serial.o
                0x000064e0                serial1MIDIReadRx
 .text.__vector_36
                0x0000650a       0x80 serial.o
                0x0000650a                __vector_36
 .text.__vector_37
                0x0000658a       0x72 serial.o
                0x0000658a                __vector_37
 .text.serial0SER_USBSend
                0x000065fc       0x3a serial.o
                0x000065fc                serial0SER_USBSend
 .text.serial0SER_USB_sendStringP
                0x00006636       0x24 serial.o
                0x00006636                serial0SER_USB_sendStringP
 .text.serial0SER_USB_sendCRLF
                0x0000665a        0x8 serial.o
                0x0000665a                serial0SER_USB_sendCRLF
 .text.init_Serial0SerUSB
                0x00006662       0x64 serial.o
                0x00006662                init_Serial0SerUSB
 .text.serial0SER_USB_sendString
                0x000066c6       0x2c serial.o
                0x000066c6                serial0SER_USB_sendString
 .text.__vector_25
                0x000066f2       0x56 serial.o
                0x000066f2                __vector_25
 .text.__vector_26
                0x00006748       0x60 serial.o
                0x00006748                __vector_26
 .text.init_Serial3SerESP
                0x000067a8       0x52 serial.o
                0x000067a8                init_Serial3SerESP
 .text.serial3SER_ESPSend
                0x000067fa       0x6c serial.o
                0x000067fa                serial3SER_ESPSend
 .text.serial3SER_ESPReadRx
                0x00006866       0x3a serial.o
                0x00006866                serial3SER_ESPReadRx
 .text.__vector_54
                0x000068a0       0x8c serial.o
                0x000068a0                __vector_54
 .text.__vector_55
                0x0000692c       0x72 serial.o
                0x0000692c                __vector_55
 .text.nibbleToChr
                0x0000699e        0xc utils.o
                0x0000699e                nibbleToChr
 .text.lcd_setCG
                0x000069aa       0x48 utils.o
                0x000069aa                lcd_setCG
 .text.lcd_initCG
                0x000069f2       0x1a utils.o
                0x000069f2                lcd_initCG
 .text.lcd_hexout
                0x00006a0c       0x2e utils.o
                0x00006a0c                lcd_hexout
 .text.lcd_longout
                0x00006a3a       0x4a utils.o
                0x00006a3a                lcd_longout
 .text.lcd_dec2out
                0x00006a84       0x34 utils.o
                0x00006a84                lcd_dec2out
 .text.putChar_Dec2
                0x00006ab8       0x38 utils.o
                0x00006ab8                putChar_Dec2
 .text.putChar_Dec
                0x00006af0       0x4e utils.o
                0x00006af0                putChar_Dec
 .text.putChar_hex
                0x00006b3e       0x30 utils.o
                0x00006b3e                putChar_hex
 .text.putChar_MidiChan
                0x00006b6e       0x44 utils.o
                0x00006b6e                putChar_MidiChan
 .text.putChar_long
                0x00006bb2       0x3a utils.o
                0x00006bb2                putChar_long
 .text.putChar_Note
                0x00006bec       0xb8 utils.o
                0x00006bec                putChar_Note
 .text.putChar_Manual
                0x00006ca4       0x32 utils.o
                0x00006ca4                putChar_Manual
 .text.putString_P
                0x00006cd6       0x2c utils.o
                0x00006cd6                putString_P
 .text.lcd_wordout
                0x00006d02       0x10 utils.o
                0x00006d02                lcd_wordout
 .text.lcd_noteOut
                0x00006d12       0xa2 utils.o
                0x00006d12                lcd_noteOut
 .text.lcd_ChannelOut
                0x00006db4       0x22 utils.o
                0x00006db4                lcd_ChannelOut
 .text.lcd_ManualOutDec
                0x00006dd6       0x24 utils.o
                0x00006dd6                lcd_ManualOutDec
 .text.lcd_blank
                0x00006dfa       0x18 utils.o
                0x00006dfa                lcd_blank
 .text.lcd_clrEol
                0x00006e12       0x2e utils.o
                0x00006e12                lcd_clrEol
 .text.lcd_cursosblink
                0x00006e40        0xe utils.o
                0x00006e40                lcd_cursosblink
 .text.lcd_cursoroff
                0x00006e4e        0xc utils.o
                0x00006e4e                lcd_cursoroff
 .text.lcd_waitSymbolOn
                0x00006e5a       0x1c utils.o
                0x00006e5a                lcd_waitSymbolOn
 .text.lcd_waitSymbolOff
                0x00006e76       0x1c utils.o
                0x00006e76                lcd_waitSymbolOff
 .text.keylabel_set
                0x00006e92       0x76 utils.o
                0x00006e92                keylabel_set
 .text.keylabel_clr
                0x00006f08       0x28 utils.o
                0x00006f08                keylabel_clr
 .text.keylabel_toLCD
                0x00006f30       0x3e utils.o
                0x00006f30                keylabel_toLCD
 .text.keylabel_statcheck
                0x00006f6e       0x46 utils.o
                0x00006f6e                keylabel_statcheck
 .text.get_StrLenP
                0x00006fb4       0x14 utils.o
                0x00006fb4                get_StrLenP
 .text.get_StrLen
                0x00006fc8       0x14 utils.o
                0x00006fc8                get_StrLen
 .text.reverse_Bits
                0x00006fdc       0x1a utils.o
                0x00006fdc                reverse_Bits
 .text.libgcc   0x00006ff6       0x10 c:/program files (x86)/atmel/studio/7.0/toolchain/avr8/avr8-gnu-toolchain/bin/../lib/gcc/avr/5.4.0/avr6\libgcc.a(_tablejump2.o)
                0x00006ff6                __tablejump2__
 .text.avr-libc
                0x00007006       0x20 C:/Program Files (x86)/Atmel/Studio/7.0/Packs/atmel/ATmega_DFP/1.2.209/gcc/dev/atmega2560/avr6\libatmega2560.a(eerd_block.o)
                0x00007006                eeprom_read_block
                0x0000700a                eeprom_read_blraw
 .text.avr-libc
                0x00007026       0x10 C:/Program Files (x86)/Atmel/Studio/7.0/Packs/atmel/ATmega_DFP/1.2.209/gcc/dev/atmega2560/avr6\libatmega2560.a(eerd_byte.o)
                0x00007026                eeprom_read_byte
 .text.avr-libc
                0x00007036        0xa C:/Program Files (x86)/Atmel/Studio/7.0/Packs/atmel/ATmega_DFP/1.2.209/gcc/dev/atmega2560/avr6\libatmega2560.a(eerd_word.o)
                0x00007036                eeprom_read_word
 .text.avr-libc
                0x00007040       0x1e C:/Program Files (x86)/Atmel/Studio/7.0/Packs/atmel/ATmega_DFP/1.2.209/gcc/dev/atmega2560/avr6\libatmega2560.a(eeupd_block.o)
                0x00007040                eeprom_update_block
 .text.avr-libc
                0x0000705e       0x24 C:/Program Files (x86)/Atmel/Studio/7.0/Packs/atmel/ATmega_DFP/1.2.209/gcc/dev/atmega2560/avr6\libatmega2560.a(eeupd_byte.o)
                0x0000705e                eeprom_update_byte
                0x00007060                eeprom_update_r18
 .text.avr-libc
                0x00007082        0x8 C:/Program Files (x86)/Atmel/Studio/7.0/Packs/atmel/ATmega_DFP/1.2.209/gcc/dev/atmega2560/avr6\libatmega2560.a(eeupd_word.o)
                0x00007082                eeprom_update_word
                0x0000708a                . = ALIGN (0x2)
 *(.fini9)
 .fini9         0x0000708a        0x0 c:/program files (x86)/atmel/studio/7.0/toolchain/avr8/avr8-gnu-toolchain/bin/../lib/gcc/avr/5.4.0/avr6\libgcc.a(_exit.o)
                0x0000708a                _exit
                0x0000708a                exit
 *(.fini9)
 *(.fini8)
 *(.fini8)
 *(.fini7)
 *(.fini7)
 *(.fini6)
 *(.fini6)
 *(.fini5)
 *(.fini5)
 *(.fini4)
 *(.fini4)
 *(.fini3)
 *(.fini3)
 *(.fini2)
 *(.fini2)
 *(.fini1)
 *(.fini1)
 *(.fini0)
 .fini0         0x0000708a        0x4 c:/program files (x86)/atmel/studio/7.0/toolchain/avr8/avr8-gnu-toolchain/bin/../lib/gcc/avr/5.4.0/avr6\libgcc.a(_exit.o)
 *(.fini0)
                0x0000708e                _etext = .

.data           0x00800200        0x8 load address 0x0000708e
                0x00800200                PROVIDE (__data_start, .)
 *(.data)
 *(.data*)
 .data.midiLastProgram
                0x00800200        0x1 Midi.o
                0x00800200                midiLastProgram
 .data.midiLastInManual
                0x00800201        0x1 Midi.o
                0x00800201                midiLastInManual
 .data.midiLastInChannel
                0x00800202        0x1 Midi.o
                0x00800202                midiLastInChannel
 .data.midiLastInNote
                0x00800203        0x1 Midi.o
                0x00800203                midiLastInNote
 .data.midiLastOutManual
                0x00800204        0x1 Midi.o
                0x00800204                midiLastOutManual
 .data.midiLastOutNote
                0x00800205        0x1 Midi.o
                0x00800205                midiLastOutNote
 .data.midiDataByteExpected
                0x00800206        0x1 Midi.o
                0x00800206                midiDataByteExpected
 *(.gnu.linkonce.d*)
 *(.rodata)
 *(.rodata*)
 *(.gnu.linkonce.r*)
                0x00800208                . = ALIGN (0x2)
 *fill*         0x00800207        0x1 
                0x00800208                _edata = .
                0x00800208                PROVIDE (__data_end, .)

.bss            0x00800208      0xe2d
                0x00800208                PROVIDE (__bss_start, .)
 *(.bss)
 *(.bss*)
 .bss.ee_initError
                0x00800208        0x1 ee_prom.o
                0x00800208                ee_initError
 .bss.adcNr     0x00800209        0x1 hwtimer.o
 .bss.showText.2955
                0x0080020a        0x1 menu.o
 .bss.logEntryNr.2954
                0x0080020b        0x1 menu.o
 .bss.notOnOff.2913
                0x0080020c        0x1 menu.o
 .bss.maxManNote.2912
                0x0080020d        0x1 menu.o
 .bss.minManNote.2911
                0x0080020e        0x1 menu.o
 .bss.midiEEPromLoadError
                0x0080020f        0x1 Midi.o
                0x0080020f                midiEEPromLoadError
 .bss.midiRxActivceSensing
                0x00800210        0x1 Midi.o
                0x00800210                midiRxActivceSensing
 .bss.labelBuffer
                0x00800211       0x14 utils.o
 *(COMMON)
 COMMON         0x00800225        0xa ee_prom.o
                0x00800225                lcdData
 COMMON         0x0080022f      0x129 hwtimer.o
                0x0080022f                swTimer
                0x00800241                time_Uptime
                0x00800245                pipe_PowerStatus
                0x00800246                pipeProcessing
                0x00800247                msecCtr
                0x00800248                pipe_ModuleTested
                0x00800249                pipe
                0x00800349                adcKeys
                0x0080034f                pipe_ModuleAssnWrite
                0x00800350                pipe_ModuleAssnRead
                0x00800351                keyWants
                0x00800357                time_UpTimeUpdated
 COMMON         0x00800358       0x51 lcd_u.o
                0x00800358                lcd_buffer
                0x008003a8                lcd_cursorPos
 COMMON         0x008003a9      0x1bd log.o
                0x008003a9                log_unreadErrors
                0x008003aa                Log_TextBuff
                0x008003d2                log_List
                0x00800562                pLogEnd
                0x00800564                pLogStart
 COMMON         0x00800566        0x2 main.o
                0x00800566                messageFromESP
                0x00800567                menuNotActive
 COMMON         0x00800568       0x67 menu.o
                0x00800568                menuStackIndex
                0x00800569                menu_TestModuleErrorList
                0x0080056d                menuVRegisters
                0x00800575                dataType
                0x00800576                nibbleIndex
                0x00800577                menuVmanual
                0x00800578                menuVmodule
                0x00800579                pNibbleInfo
                0x0080057b                menuStack
                0x0080059b                menuManual
                0x0080059c                pMenuTopTitle
                0x0080059e                displayMessageArea
                0x0080059f                menuNote
                0x008005a0                nibbleCount
                0x008005a1                menuSection
                0x008005a2                dataEntry32
                0x008005a6                menu_TestModuleBitCounter
                0x008005a7                menuVmidiChan
                0x008005a8                menuVKombination
                0x008005a9                currentMenu
                0x008005ab                menuVkey
                0x008005ac                menuTestModuleBit
                0x008005ad                menuModVal
                0x008005b1                DataAdressOffset
                0x008005b3                soft_KeyMenuIndex
                0x008005b7                menuVsection
                0x008005b8                menuTestData
                0x008005b9                dataEntry
                0x008005ba                soft_KeyMenu
                0x008005c2                menu_TestModulePattern
                0x008005c3                menuVSoftKey
                0x008005c4                nibble
                0x008005cc                menuMidiChan
                0x008005cd                menuVMenuSoftKey
 COMMON         0x008005cf      0x227 message.o
                0x008005cf                msgOutIndex
                0x008005d0                pipeMessages
                0x008007d0                pipeMsgInIndex
                0x008007d1                msgOverflow
                0x008007d2                msgInIndex
                0x008007d3                messages
                0x008007f3                msgPipe_Handling
                0x008007f4                msgPipeOverflow
                0x008007f5                pipeMsgOutIndex
 COMMON         0x008007f6      0x3f5 Midi.o
                0x008007f6                registerMap
                0x0080080e                registerCount
                0x0080080f                midi_Couplers
                0x0080081b                midiDataByteCount
                0x0080081c                ManualNoteRange
                0x00800824                midiThrough
                0x00800826                midiInMap
                0x00800926                midiOutMap
                0x0080092e                midi_Setting
                0x00800931                midi_RegisterChanged
                0x00800932                manualMap
                0x00800962                programMap
                0x00800be2                midiDataByte
                0x00800bea                midiLastCommand
 COMMON         0x00800beb      0x41c serial.o
                0x00800beb                midiTxInIndex
                0x00800bec                serESPOvflFlag
                0x00800bed                serESPRxOutIndex
                0x00800bef                midiRxOvfl
                0x00800bf0                midiTxOutIndex
                0x00800bf1                serusbTxOutIndex
                0x00800bf2                serESPRxInIndex
                0x00800bf4                midiTxOvfl
                0x00800bf5                midiRxBuffer
                0x00800c15                midiTxBuffer
                0x00800c35                serESPTxOutIndex
                0x00800c37                midiRxInIndex
                0x00800c38                serESPTxInIndex
                0x00800c3a                serusb_Active
                0x00800c3b                serusbTxInIndex
                0x00800c3c                serusbRxOutIndex
                0x00800c3d                serUsbRxBuffer
                0x00800c7d                serESP_Active
                0x00800c7e                midiRxOvflCount
                0x00800c7f                midiTxBytesCount
                0x00800c81                serUsbTxBuffer
                0x00800d81                serusbOvflFlag
                0x00800d82                midiRxOutIndex
                0x00800d83                midiTxOvflCount
                0x00800d84                serESPRxBuffer
                0x00800e04                serESPTxBuffer
                0x00801004                midiRxBytesCount
                0x00801006                serusbRxInIndex
 COMMON         0x00801007       0x2e utils.o
                0x00801007                lcd_cursorIsOn
                0x00801008                editByte
                0x00801009                editLong
                0x0080100d                string_Buf
                0x00801035                PROVIDE (__bss_end, .)
                0x0000708e                __data_load_start = LOADADDR (.data)
                0x00007096                __data_load_end = (__data_load_start + SIZEOF (.data))

.noinit         0x00801035        0x0
                [!provide]                PROVIDE (__noinit_start, .)
 *(.noinit*)
                [!provide]                PROVIDE (__noinit_end, .)
                0x00801035                _end = .
                [!provide]                PROVIDE (__heap_start, .)

.eeprom         0x00810000     0x1000
 *(.eeprom*)
 .eeprom        0x00810000     0x1000 ee_prom.o
                0x00810000                ee
                0x00811000                __eeprom_end = .

.fuse
 *(.fuse)
 *(.lfuse)
 *(.hfuse)
 *(.efuse)

.lock
 *(.lock*)

.signature
 *(.signature*)

.user_signatures
 *(.user_signatures*)

.stab
 *(.stab)

.stabstr
 *(.stabstr)

.stab.excl
 *(.stab.excl)

.stab.exclstr
 *(.stab.exclstr)

.stab.index
 *(.stab.index)

.stab.indexstr
 *(.stab.indexstr)

.comment        0x00000000       0x30
 *(.comment)
 .comment       0x00000000       0x30 ee_prom.o
                                 0x31 (size before relaxing)
 .comment       0x00000030       0x31 hwtimer.o
 .comment       0x00000030       0x31 initio.o
 .comment       0x00000030       0x31 lcd_u.o
 .comment       0x00000030       0x31 log.o
 .comment       0x00000030       0x31 main.o
 .comment       0x00000030       0x31 menu.o
 .comment       0x00000030       0x31 message.o
 .comment       0x00000030       0x31 Midi.o
 .comment       0x00000030       0x31 serial.o
 .comment       0x00000030       0x31 utils.o

.note.gnu.avr.deviceinfo
                0x00000000       0x40
 .note.gnu.avr.deviceinfo
                0x00000000       0x40 C:/Program Files (x86)/Atmel/Studio/7.0/Packs/atmel/ATmega_DFP/1.2.209/gcc/dev/atmega2560/avr6/crtatmega2560.o

.note.gnu.build-id
 *(.note.gnu.build-id)

.debug
 *(.debug)

.line
 *(.line)

.debug_srcinfo
 *(.debug_srcinfo)

.debug_sfnames
 *(.debug_sfnames)

.debug_aranges  0x00000000      0xa78
 *(.debug_aranges)
 .debug_aranges
                0x00000000       0xf0 ee_prom.o
 .debug_aranges
                0x000000f0       0x80 hwtimer.o
 .debug_aranges
                0x00000170       0x20 initio.o
 .debug_aranges
                0x00000190       0x70 lcd_u.o
 .debug_aranges
                0x00000200       0x70 log.o
 .debug_aranges
                0x00000270       0x20 main.o
 .debug_aranges
                0x00000290      0x380 menu.o
 .debug_aranges
                0x00000610       0x60 message.o
 .debug_aranges
                0x00000670      0x158 Midi.o
 .debug_aranges
                0x000007c8       0xc0 serial.o
 .debug_aranges
                0x00000888      0x130 utils.o
 .debug_aranges
                0x000009b8       0x20 C:/Program Files (x86)/Atmel/Studio/7.0/Packs/atmel/ATmega_DFP/1.2.209/gcc/dev/atmega2560/avr6\libatmega2560.a(eerd_block.o)
 .debug_aranges
                0x000009d8       0x20 C:/Program Files (x86)/Atmel/Studio/7.0/Packs/atmel/ATmega_DFP/1.2.209/gcc/dev/atmega2560/avr6\libatmega2560.a(eerd_byte.o)
 .debug_aranges
                0x000009f8       0x20 C:/Program Files (x86)/Atmel/Studio/7.0/Packs/atmel/ATmega_DFP/1.2.209/gcc/dev/atmega2560/avr6\libatmega2560.a(eerd_word.o)
 .debug_aranges
                0x00000a18       0x20 C:/Program Files (x86)/Atmel/Studio/7.0/Packs/atmel/ATmega_DFP/1.2.209/gcc/dev/atmega2560/avr6\libatmega2560.a(eeupd_block.o)
 .debug_aranges
                0x00000a38       0x20 C:/Program Files (x86)/Atmel/Studio/7.0/Packs/atmel/ATmega_DFP/1.2.209/gcc/dev/atmega2560/avr6\libatmega2560.a(eeupd_byte.o)
 .debug_aranges
                0x00000a58       0x20 C:/Program Files (x86)/Atmel/Studio/7.0/Packs/atmel/ATmega_DFP/1.2.209/gcc/dev/atmega2560/avr6\libatmega2560.a(eeupd_word.o)

.debug_pubnames
 *(.debug_pubnames)

.debug_info     0x00000000     0xd837
 *(.debug_info .gnu.linkonce.wi.*)
 .debug_info    0x00000000      0xbbc C:/Program Files (x86)/Atmel/Studio/7.0/Packs/atmel/ATmega_DFP/1.2.209/gcc/dev/atmega2560/avr6/crtatmega2560.o
 .debug_info    0x00000bbc     0x1894 ee_prom.o
 .debug_info    0x00002450      0xf0f hwtimer.o
 .debug_info    0x0000335f       0x83 initio.o
 .debug_info    0x000033e2      0x761 lcd_u.o
 .debug_info    0x00003b43      0x720 log.o
 .debug_info    0x00004263     0x10f3 main.o
 .debug_info    0x00005356     0x4846 menu.o
 .debug_info    0x00009b9c      0x43b message.o
 .debug_info    0x00009fd7     0x1b13 Midi.o
 .debug_info    0x0000baea      0x937 serial.o
 .debug_info    0x0000c421     0x1009 utils.o
 .debug_info    0x0000d42a       0xad C:/Program Files (x86)/Atmel/Studio/7.0/Packs/atmel/ATmega_DFP/1.2.209/gcc/dev/atmega2560/avr6\libatmega2560.a(eerd_block.o)
 .debug_info    0x0000d4d7       0xac C:/Program Files (x86)/Atmel/Studio/7.0/Packs/atmel/ATmega_DFP/1.2.209/gcc/dev/atmega2560/avr6\libatmega2560.a(eerd_byte.o)
 .debug_info    0x0000d583       0xac C:/Program Files (x86)/Atmel/Studio/7.0/Packs/atmel/ATmega_DFP/1.2.209/gcc/dev/atmega2560/avr6\libatmega2560.a(eerd_word.o)
 .debug_info    0x0000d62f       0xae C:/Program Files (x86)/Atmel/Studio/7.0/Packs/atmel/ATmega_DFP/1.2.209/gcc/dev/atmega2560/avr6\libatmega2560.a(eeupd_block.o)
 .debug_info    0x0000d6dd       0xad C:/Program Files (x86)/Atmel/Studio/7.0/Packs/atmel/ATmega_DFP/1.2.209/gcc/dev/atmega2560/avr6\libatmega2560.a(eeupd_byte.o)
 .debug_info    0x0000d78a       0xad C:/Program Files (x86)/Atmel/Studio/7.0/Packs/atmel/ATmega_DFP/1.2.209/gcc/dev/atmega2560/avr6\libatmega2560.a(eeupd_word.o)

.debug_abbrev   0x00000000     0x25bb
 *(.debug_abbrev)
 .debug_abbrev  0x00000000      0xb1a C:/Program Files (x86)/Atmel/Studio/7.0/Packs/atmel/ATmega_DFP/1.2.209/gcc/dev/atmega2560/avr6/crtatmega2560.o
 .debug_abbrev  0x00000b1a      0x29f ee_prom.o
 .debug_abbrev  0x00000db9      0x364 hwtimer.o
 .debug_abbrev  0x0000111d       0x51 initio.o
 .debug_abbrev  0x0000116e      0x23e lcd_u.o
 .debug_abbrev  0x000013ac      0x1d6 log.o
 .debug_abbrev  0x00001582      0x230 main.o
 .debug_abbrev  0x000017b2      0x323 menu.o
 .debug_abbrev  0x00001ad5      0x1c2 message.o
 .debug_abbrev  0x00001c97      0x31b Midi.o
 .debug_abbrev  0x00001fb2      0x2dc serial.o
 .debug_abbrev  0x0000228e      0x2b5 utils.o
 .debug_abbrev  0x00002543       0x14 C:/Program Files (x86)/Atmel/Studio/7.0/Packs/atmel/ATmega_DFP/1.2.209/gcc/dev/atmega2560/avr6\libatmega2560.a(eerd_block.o)
 .debug_abbrev  0x00002557       0x14 C:/Program Files (x86)/Atmel/Studio/7.0/Packs/atmel/ATmega_DFP/1.2.209/gcc/dev/atmega2560/avr6\libatmega2560.a(eerd_byte.o)
 .debug_abbrev  0x0000256b       0x14 C:/Program Files (x86)/Atmel/Studio/7.0/Packs/atmel/ATmega_DFP/1.2.209/gcc/dev/atmega2560/avr6\libatmega2560.a(eerd_word.o)
 .debug_abbrev  0x0000257f       0x14 C:/Program Files (x86)/Atmel/Studio/7.0/Packs/atmel/ATmega_DFP/1.2.209/gcc/dev/atmega2560/avr6\libatmega2560.a(eeupd_block.o)
 .debug_abbrev  0x00002593       0x14 C:/Program Files (x86)/Atmel/Studio/7.0/Packs/atmel/ATmega_DFP/1.2.209/gcc/dev/atmega2560/avr6\libatmega2560.a(eeupd_byte.o)
 .debug_abbrev  0x000025a7       0x14 C:/Program Files (x86)/Atmel/Studio/7.0/Packs/atmel/ATmega_DFP/1.2.209/gcc/dev/atmega2560/avr6\libatmega2560.a(eeupd_word.o)

.debug_line     0x00000000     0x80cd
 *(.debug_line .debug_line.* .debug_line_end)
 .debug_line    0x00000000      0x1f9 C:/Program Files (x86)/Atmel/Studio/7.0/Packs/atmel/ATmega_DFP/1.2.209/gcc/dev/atmega2560/avr6/crtatmega2560.o
 .debug_line    0x000001f9      0x824 ee_prom.o
 .debug_line    0x00000a1d      0xcb5 hwtimer.o
 .debug_line    0x000016d2       0xf5 initio.o
 .debug_line    0x000017c7      0x471 lcd_u.o
 .debug_line    0x00001c38      0x41d log.o
 .debug_line    0x00002055      0x81f main.o
 .debug_line    0x00002874     0x2a97 menu.o
 .debug_line    0x0000530b      0x347 message.o
 .debug_line    0x00005652     0x1377 Midi.o
 .debug_line    0x000069c9      0x735 serial.o
 .debug_line    0x000070fe      0xc86 utils.o
 .debug_line    0x00007d84       0xab C:/Program Files (x86)/Atmel/Studio/7.0/Packs/atmel/ATmega_DFP/1.2.209/gcc/dev/atmega2560/avr6\libatmega2560.a(eerd_block.o)
 .debug_line    0x00007e2f       0x7a C:/Program Files (x86)/Atmel/Studio/7.0/Packs/atmel/ATmega_DFP/1.2.209/gcc/dev/atmega2560/avr6\libatmega2560.a(eerd_byte.o)
 .debug_line    0x00007ea9       0x67 C:/Program Files (x86)/Atmel/Studio/7.0/Packs/atmel/ATmega_DFP/1.2.209/gcc/dev/atmega2560/avr6\libatmega2560.a(eerd_word.o)
 .debug_line    0x00007f10       0xa5 C:/Program Files (x86)/Atmel/Studio/7.0/Packs/atmel/ATmega_DFP/1.2.209/gcc/dev/atmega2560/avr6\libatmega2560.a(eeupd_block.o)
 .debug_line    0x00007fb5       0xb6 C:/Program Files (x86)/Atmel/Studio/7.0/Packs/atmel/ATmega_DFP/1.2.209/gcc/dev/atmega2560/avr6\libatmega2560.a(eeupd_byte.o)
 .debug_line    0x0000806b       0x62 C:/Program Files (x86)/Atmel/Studio/7.0/Packs/atmel/ATmega_DFP/1.2.209/gcc/dev/atmega2560/avr6\libatmega2560.a(eeupd_word.o)

.debug_frame    0x00000000     0x1910
 *(.debug_frame)
 .debug_frame   0x00000000      0x304 ee_prom.o
 .debug_frame   0x00000304      0x148 hwtimer.o
 .debug_frame   0x0000044c       0x24 initio.o
 .debug_frame   0x00000470       0xf8 lcd_u.o
 .debug_frame   0x00000568       0xec log.o
 .debug_frame   0x00000654       0x24 main.o
 .debug_frame   0x00000678      0x8ac menu.o
 .debug_frame   0x00000f24       0xa4 message.o
 .debug_frame   0x00000fc8      0x3e8 Midi.o
 .debug_frame   0x000013b0      0x27c serial.o
 .debug_frame   0x0000162c      0x2e4 utils.o

.debug_str      0x00000000     0x30e2
 *(.debug_str)
 .debug_str     0x00000000      0x3e6 C:/Program Files (x86)/Atmel/Studio/7.0/Packs/atmel/ATmega_DFP/1.2.209/gcc/dev/atmega2560/avr6/crtatmega2560.o
 .debug_str     0x000003e6      0x718 ee_prom.o
                                0x7a3 (size before relaxing)
 .debug_str     0x00000afe      0x425 hwtimer.o
                                0x5f2 (size before relaxing)
 .debug_str     0x00000f23       0x1a initio.o
                                0x179 (size before relaxing)
 .debug_str     0x00000f3d      0x102 lcd_u.o
                                0x2cf (size before relaxing)
 .debug_str     0x0000103f      0x1ec log.o
                                0x399 (size before relaxing)
 .debug_str     0x0000122b      0x50e main.o
                                0x894 (size before relaxing)
 .debug_str     0x00001739     0x1299 menu.o
                               0x1a82 (size before relaxing)
 .debug_str     0x000029d2       0x9a message.o
                                0x2d7 (size before relaxing)
 .debug_str     0x00002a6c      0x342 Midi.o
                                0xa6f (size before relaxing)
 .debug_str     0x00002dae      0x1bf serial.o
                                0x571 (size before relaxing)
 .debug_str     0x00002f6d      0x175 utils.o
                                0x649 (size before relaxing)

.debug_loc      0x00000000     0x87b0
 *(.debug_loc)
 .debug_loc     0x00000000      0xb66 ee_prom.o
 .debug_loc     0x00000b66      0xbd5 hwtimer.o
 .debug_loc     0x0000173b      0x66b lcd_u.o
 .debug_loc     0x00001da6      0x669 log.o
 .debug_loc     0x0000240f      0x443 main.o
 .debug_loc     0x00002852     0x27e5 menu.o
 .debug_loc     0x00005037      0x18f message.o
 .debug_loc     0x000051c6     0x17aa Midi.o
 .debug_loc     0x00006970      0x993 serial.o
 .debug_loc     0x00007303     0x14ad utils.o

.debug_macinfo
 *(.debug_macinfo)

.debug_weaknames
 *(.debug_weaknames)

.debug_funcnames
 *(.debug_funcnames)

.debug_typenames
 *(.debug_typenames)

.debug_varnames
 *(.debug_varnames)

.debug_pubtypes
 *(.debug_pubtypes)

.debug_ranges   0x00000000      0xda0
 *(.debug_ranges)
 .debug_ranges  0x00000000       0xe0 ee_prom.o
 .debug_ranges  0x000000e0       0xe8 hwtimer.o
 .debug_ranges  0x000001c8       0x10 initio.o
 .debug_ranges  0x000001d8       0x78 lcd_u.o
 .debug_ranges  0x00000250       0x90 log.o
 .debug_ranges  0x000002e0       0x28 main.o
 .debug_ranges  0x00000308      0x480 menu.o
 .debug_ranges  0x00000788       0x50 message.o
 .debug_ranges  0x000007d8      0x350 Midi.o
 .debug_ranges  0x00000b28       0xc8 serial.o
 .debug_ranges  0x00000bf0      0x1b0 utils.o

.debug_macro
 *(.debug_macro)
OUTPUT(Pipe1.elf elf32-avr)
LOAD linker stubs
