Archive member included to satisfy reference by file (symbol)

c:/program files (x86)/atmel/studio/7.0/toolchain/avr8/avr8-gnu-toolchain/bin/../lib/gcc/avr/5.4.0/avr6\libgcc.a(_exit.o)
                              C:/Program Files (x86)/Atmel/Studio/7.0/Packs/atmel/ATmega_DFP/1.2.209/gcc/dev/atmega2560/avr6/crtatmega2560.o (exit)
c:/program files (x86)/atmel/studio/7.0/toolchain/avr8/avr8-gnu-toolchain/bin/../lib/gcc/avr/5.4.0/avr6\libgcc.a(_tablejump2.o)
                              menu.o (__tablejump2__)
c:/program files (x86)/atmel/studio/7.0/toolchain/avr8/avr8-gnu-toolchain/bin/../lib/gcc/avr/5.4.0/avr6\libgcc.a(_copy_data.o)
                              Midi.o (__do_copy_data)
c:/program files (x86)/atmel/studio/7.0/toolchain/avr8/avr8-gnu-toolchain/bin/../lib/gcc/avr/5.4.0/avr6\libgcc.a(_clear_bss.o)
                              ee_prom.o (__do_clear_bss)
C:/Program Files (x86)/Atmel/Studio/7.0/Packs/atmel/ATmega_DFP/1.2.209/gcc/dev/atmega2560/avr6\libatmega2560.a(eerd_block.o)
                              ee_prom.o (eeprom_read_block)
C:/Program Files (x86)/Atmel/Studio/7.0/Packs/atmel/ATmega_DFP/1.2.209/gcc/dev/atmega2560/avr6\libatmega2560.a(eerd_byte.o)
                              ee_prom.o (eeprom_read_byte)
C:/Program Files (x86)/Atmel/Studio/7.0/Packs/atmel/ATmega_DFP/1.2.209/gcc/dev/atmega2560/avr6\libatmega2560.a(eerd_word.o)
                              ee_prom.o (eeprom_read_word)
C:/Program Files (x86)/Atmel/Studio/7.0/Packs/atmel/ATmega_DFP/1.2.209/gcc/dev/atmega2560/avr6\libatmega2560.a(eeupd_block.o)
                              ee_prom.o (eeprom_update_block)
C:/Program Files (x86)/Atmel/Studio/7.0/Packs/atmel/ATmega_DFP/1.2.209/gcc/dev/atmega2560/avr6\libatmega2560.a(eeupd_byte.o)
                              ee_prom.o (eeprom_update_byte)
C:/Program Files (x86)/Atmel/Studio/7.0/Packs/atmel/ATmega_DFP/1.2.209/gcc/dev/atmega2560/avr6\libatmega2560.a(eeupd_word.o)
                              ee_prom.o (eeprom_update_word)

Allocating common symbols
Common symbol       size              file

serUSBTxBuffer      0x800             serial.o
serUSBTxOutIndex    0x2               serial.o
menuStackIndex      0x1               menu.o
menu_TestModuleErrorList
                    0x4               menu.o
log_unreadErrors    0x1               log.o
menuVRegisters      0x8               menu.o
Log_TextBuff        0x28              log.o
msgOutIndex         0x1               message.o
prog_Display        0x1               Midi.o
midiTxInIndex       0x1               serial.o
serESPOvflFlag      0x1               serial.o
dataType            0x1               menu.o
nibbleIndex         0x1               menu.o
swTimer             0x16              hwtimer.o
menuVmanual         0x1               menu.o
serESPInBuffer      0x8               serial.o
time_Uptime         0x4               hwtimer.o
serESPRxOutIndex    0x2               serial.o
pipeMessages        0x200             message.o
menuVmodule         0x1               menu.o
midiRxOvfl          0x1               serial.o
pNibbleInfo         0x2               menu.o
midiTxOutIndex      0x1               serial.o
menuStack           0x20              menu.o
midiTxLastCmd       0x1               serial.o
pipeMsgInIndex      0x1               message.o
serESPRxInIndex     0x2               serial.o
midiTxOvfl          0x1               serial.o
registerMap         0x18              Midi.o
menuManual          0x1               menu.o
serUSBRxBuffer      0x40              serial.o
pipe_PowerStatus    0x1               hwtimer.o
pipeProcessing      0x1               hwtimer.o
prog_UpdDisplay     0x1               Midi.o
midiRxBuffer        0x100             serial.o
midiRxBuffUsage     0x1               serial.o
msecCtr             0x1               hwtimer.o
midiTxBuffer        0x100             serial.o
lcd_cursorIsOn      0x1               lcd_u.o
log_List            0x190             log.o
editByte            0x1               utils.o
pMenuTopTitle       0x2               menu.o
pipe_ModuleTested   0x1               hwtimer.o
displayMessageArea  0x1               menu.o
lcd_buffer          0x50              lcd_u.o
serESPTxOutIndex    0x2               serial.o
messageFromESP      0x1               main.o
menuNote            0x1               menu.o
pipe                0x100             hwtimer.o
midiRxInIndex       0x1               serial.o
registerCount       0x1               Midi.o
serESPTxInIndex     0x2               serial.o
nibbleCount         0x1               menu.o
menuSection         0x1               menu.o
midi_Couplers       0xc               Midi.o
msgOverflow         0x1               message.o
dataEntry32         0x4               menu.o
pLogEnd             0x2               log.o
menu_TestModuleBitCounter
                    0x1               menu.o
menuVmidiChan       0x1               menu.o
midiDataByteCount   0x1               Midi.o
menuVKombination    0x1               menu.o
[...]
Memory Configuration

Name             Origin             Length             Attributes
text             0x00000000         0x00100000         xr
data             0x00800200         0x0000fe00         rw !x
eeprom           0x00810000         0x00010000         rw !x
fuse             0x00820000         0x00000003         rw !x
lock             0x00830000         0x00000400         rw !x
signature        0x00840000         0x00000400         rw !x
user_signatures  0x00850000         0x00000400         rw !x
*default*        0x00000000         0xffffffff

Linker script and memory map

Address of section .data set to 0x800200
LOAD C:/Program Files (x86)/Atmel/Studio/7.0/Packs/atmel/ATmega_DFP/1.2.209/gcc/dev/atmega2560/avr6/crtatmega2560.o
LOAD ee_prom.o
LOAD hwtimer.o
LOAD initio.o
LOAD lcd_u.o
LOAD log.o
LOAD main.o
LOAD menu.o
LOAD message.o
LOAD Midi.o
LOAD serial.o
LOAD utils.o
START GROUP
LOAD c:/program files (x86)/atmel/studio/7.0/toolchain/avr8/avr8-gnu-toolchain/bin/../lib/gcc/avr/5.4.0/../../../../avr/lib/avr6\libm.a
END GROUP
START GROUP
LOAD c:/program files (x86)/atmel/studio/7.0/toolchain/avr8/avr8-gnu-toolchain/bin/../lib/gcc/avr/5.4.0/avr6\libgcc.a
LOAD c:/program files (x86)/atmel/studio/7.0/toolchain/avr8/avr8-gnu-toolchain/bin/../lib/gcc/avr/5.4.0/../../../../avr/lib/avr6\libm.a
LOAD c:/program files (x86)/atmel/studio/7.0/toolchain/avr8/avr8-gnu-toolchain/bin/../lib/gcc/avr/5.4.0/../../../../avr/lib/avr6\libc.a
LOAD C:/Program Files (x86)/Atmel/Studio/7.0/Packs/atmel/ATmega_DFP/1.2.209/gcc/dev/atmega2560/avr6\libatmega2560.a
END GROUP
                0x00100000                __TEXT_REGION_LENGTH__ = DEFINED (__TEXT_REGION_LENGTH__)?__TEXT_REGION_LENGTH__:0x100000
                0x0000fe00                __DATA_REGION_LENGTH__ = DEFINED (__DATA_REGION_LENGTH__)?__DATA_REGION_LENGTH__:0xfe00
                0x00010000                __EEPROM_REGION_LENGTH__ = DEFINED (__EEPROM_REGION_LENGTH__)?__EEPROM_REGION_LENGTH__:0x10000
                [0x00000003]                __FUSE_REGION_LENGTH__ = DEFINED (__FUSE_REGION_LENGTH__)?__FUSE_REGION_LENGTH__:0x400
                0x00000400                __LOCK_REGION_LENGTH__ = DEFINED (__LOCK_REGION_LENGTH__)?__LOCK_REGION_LENGTH__:0x400
                0x00000400                __SIGNATURE_REGION_LENGTH__ = DEFINED (__SIGNATURE_REGION_LENGTH__)?__SIGNATURE_REGION_LENGTH__:0x400
                0x00000400                __USER_SIGNATURE_REGION_LENGTH__ = DEFINED (__USER_SIGNATURE_REGION_LENGTH__)?__USER_SIGNATURE_REGION_LENGTH__:0x400

.hash
 *(.hash)

.dynsym
 *(.dynsym)

.dynstr
 *(.dynstr)

.gnu.version
 *(.gnu.version)

.gnu.version_d
 *(.gnu.version_d)

.gnu.version_r
 *(.gnu.version_r)

.rel.init
 *(.rel.init)

.rela.init
 *(.rela.init)

.rel.text
 *(.rel.text)
 *(.rel.text.*)
 *(.rel.gnu.linkonce.t*)

.rela.text
 *(.rela.text)
 *(.rela.text.*)
 *(.rela.gnu.linkonce.t*)

.rel.fini
 *(.rel.fini)

.rela.fini
 *(.rela.fini)

.rel.rodata
 *(.rel.rodata)
 *(.rel.rodata.*)
 *(.rel.gnu.linkonce.r*)

.rela.rodata
 *(.rela.rodata)
 *(.rela.rodata.*)
 *(.rela.gnu.linkonce.r*)

.rel.data
 *(.rel.data)
 *(.rel.data.*)
 *(.rel.gnu.linkonce.d*)

.rela.data
 *(.rela.data)
 *(.rela.data.*)
 *(.rela.gnu.linkonce.d*)

.rel.ctors
 *(.rel.ctors)

.rela.ctors
 *(.rela.ctors)

.rel.dtors
 *(.rel.dtors)

.rela.dtors
 *(.rela.dtors)

.rel.got
 *(.rel.got)

.rela.got
 *(.rela.got)

.rel.bss
 *(.rel.bss)

.rela.bss
 *(.rela.bss)

.rel.plt
 *(.rel.plt)

.rela.plt
 *(.rela.plt)

.text           0x00000000     0x825e
 *(.vectors)
 .vectors       0x00000000       0xe4 C:/Program Files (x86)/Atmel/Studio/7.0/Packs/atmel/ATmega_DFP/1.2.209/gcc/dev/atmega2560/avr6/crtatmega2560.o
                0x00000000                __vector_default
                0x00000000                __vectors
 *(.vectors)
 *(.progmem.gcc*)
 .progmem.gcc_sw_table.dataToNibbles
                0x000000e4       0x1a menu.o
 .progmem.gcc_sw_table.nibbleToLCDstring
                0x000000fe       0x1a menu.o
 .progmem.gcc_sw_table.nibbleChange
                0x00000118       0x1a menu.o
 .progmem.gcc_sw_table.nibbleToData
                0x00000132       0x1a menu.o
 .progmem.gcc_sw_table.lcd_noteOut
                0x0000014c       0x18 utils.o
                0x00000164                . = ALIGN (0x2)
                0x00000164                __trampolines_start = .
 *(.trampolines)
 .trampolines   0x00000164        0x0 linker stubs
 *(.trampolines*)
                0x00000164                __trampolines_end = .
 *libprintf_flt.a:*(.progmem.data)
 *libc.a:*(.progmem.data)
 *(.progmem*)
 .progmem.data.cgPattern_RegOnOn
                0x00000164        0x8 lcd_u.o
                0x00000164                cgPattern_RegOnOn
 .progmem.data.cgPattern_RegOnOff
                0x0000016c        0x8 lcd_u.o
                0x0000016c                cgPattern_RegOnOff
 .progmem.data.cgPattern_RegOffOn
                0x00000174        0x8 lcd_u.o
                0x00000174                cgPattern_RegOffOn
 .progmem.data.cgPattern_RegOffOff
                0x0000017c        0x8 lcd_u.o
                0x0000017c                cgPattern_RegOffOff
 .progmem.data.cgPattern_RegOn
                0x00000184        0x8 lcd_u.o
                0x00000184                cgPattern_RegOn
 .progmem.data.cgPattern_RegOff
                0x0000018c        0x8 lcd_u.o
                0x0000018c                cgPattern_RegOff
 .progmem.data.cgPattern_Down
                0x00000194        0x8 lcd_u.o
                0x00000194                cgPattern_Down
 .progmem.data.cgPattern_Up
                0x0000019c        0x8 lcd_u.o
                0x0000019c                cgPattern_Up
 .progmem.data.stringLog
                0x000001a4        0x6 log.o
                0x000001a4                stringLog
 .progmem.data.ErrorText
                0x000001aa      0x144 log.o
                0x000001aa                ErrorText
 .progmem.data.panicString
                0x000002ee        0x9 main.o
                0x000002ee                panicString
 .progmem.data.releaseKeyString
                0x000002f7       0x12 main.o
                0x000002f7                releaseKeyString
 .progmem.data.prog_name
                0x00000309        0xf main.o
                0x00000309                prog_name
 .progmem.data.usbHWCC
                0x00000318       0x26 menu.o
                0x00000318                usbHWCC
 .progmem.data.usbHWRegLayout
                0x0000033e       0x13 menu.o
                0x0000033e                usbHWRegLayout
 .progmem.data.usbHWnone
                0x00000351        0x5 menu.o
                0x00000351                usbHWnone
 .progmem.data.usbHWmidiThru
                0x00000356        0xc menu.o
                0x00000356                usbHWmidiThru
 .progmem.data.usbHWmidiOut
                0x00000362        0xa menu.o
                0x00000362                usbHWmidiOut
 .progmem.data.usbHWmidiIn
                0x0000036c        0x9 menu.o
                0x0000036c                usbHWmidiIn
 .progmem.data.usbHWmidichanSW
                0x00000375       0x22 menu.o
                0x00000375                usbHWmidichanSW
 .progmem.data.usbHWBits
                0x00000397        0x8 menu.o
                0x00000397                usbHWBits
 .progmem.data.usbHWmodule
                0x0000039f        0x8 menu.o
                0x0000039f                usbHWmodule
 .progmem.data.usbHWempty
                0x000003a7        0x6 menu.o
                0x000003a7                usbHWempty
 .progmem.data.usbHWRegister
                0x000003ad        0xc menu.o
                0x000003ad                usbHWRegister
 .progmem.data.usbHWRange
                0x000003b9        0x7 menu.o
                0x000003b9                usbHWRange
 .progmem.data.usbHWManual
                0x000003c0        0x9 menu.o
                0x000003c0                usbHWManual
 .progmem.data.usbHWmodulCheck
                0x000003c9       0x12 menu.o
                0x000003c9                usbHWmodulCheck
 .progmem.data.usbHWmodulInst
                0x000003db       0x13 menu.o
                0x000003db                usbHWmodulInst
 .progmem.data.usbHWtitel
                0x000003ee       0x19 menu.o
                0x000003ee                usbHWtitel
 .progmem.data.HelloMsg
                0x00000407       0x19 menu.o
                0x00000407                HelloMsg
 .progmem.data.usbLog
                0x00000420        0x6 menu.o
                0x00000420                usbLog
 .progmem.data.usbEmpty
                0x00000426        0x8 menu.o
                0x00000426                usbEmpty
 .progmem.data.msg_programming2
                0x0000042e        0x8 menu.o
                0x0000042e                msg_programming2
 .progmem.data.msg_programming1
                0x00000436        0x8 menu.o
                0x00000436                msg_programming1
 .progmem.data.logNone
                0x0000043e        0x7 menu.o
                0x0000043e                logNone
 .progmem.data.stringNotAssigen
                0x00000445        0xb menu.o
                0x00000445                stringNotAssigen
 .progmem.data.menuMessageE
                0x00000450        0x3 menu.o
                0x00000450                menuMessageE
 .progmem.data.menuMessageOK
                0x00000453        0x4 menu.o
                0x00000453                menuMessageOK
 .progmem.data.menuMessageAbort
                0x00000457        0x6 menu.o
                0x00000457                menuMessageAbort
 .progmem.data.menuMessageMIDIpanic
                0x0000045d        0xf menu.o
                0x0000045d                menuMessageMIDIpanic
 .progmem.data.messageRegisterMan
                0x0000046c        0x2 menu.o
                0x0000046c                messageRegisterMan
 .progmem.data.messageLoaded
                0x0000046e        0x5 menu.o
                0x0000046e                messageLoaded
 .progmem.data.messageSaved
                0x00000473        0x8 menu.o
                0x00000473                messageSaved
 .progmem.data.MenuMIDIOutText
                0x0000047b        0x5 menu.o
                0x0000047b                MenuMIDIOutText
 .progmem.data.MenuMIDIInText
                0x00000480        0x4 menu.o
                0x00000480                MenuMIDIInText
 .progmem.data.initMenuText
                0x00000484        0xa menu.o
                0x00000484                initMenuText
 .progmem.data.nibbleInfo
                0x0000048e       0x87 menu.o
                0x0000048e                nibbleInfo
 .progmem.data.menu_selFunc
                0x00000515      0x244 menu.o
                0x00000515                menu_selFunc
 .progmem.data.shortKeyTextRegOff
                0x00000759        0xa menu.o
                0x00000759                shortKeyTextRegOff
 .progmem.data.shortKeyTextPRS
                0x00000763        0xa menu.o
                0x00000763                shortKeyTextPRS
 .progmem.data.shortKeyTextPBD
                0x0000076d        0xa menu.o
                0x0000076d                shortKeyTextPBD
 .progmem.data.shortKeyTextPBI
                0x00000777        0xa menu.o
                0x00000777                shortKeyTextPBI
 .progmem.data.shortKeyTextPRD
                0x00000781        0xa menu.o
                0x00000781                shortKeyTextPRD
 .progmem.data.shortKeyTextPRI
                0x0000078b        0xa menu.o
                0x0000078b                shortKeyTextPRI
 .progmem.data.shortKeyTextPRM
                0x00000795        0xa menu.o
                0x00000795                shortKeyTextPRM
 .progmem.data.shortKeyTextPRP
                0x0000079f        0xa menu.o
                0x0000079f                shortKeyTextPRP
 .progmem.data.shortKeyTextK4A
                0x000007a9        0xa menu.o
                0x000007a9                shortKeyTextK4A
 .progmem.data.shortKeyTextK3A
                0x000007b3        0xa menu.o
                0x000007b3                shortKeyTextK3A
 .progmem.data.shortKeyTextK2A
                0x000007bd        0xa menu.o
                0x000007bd                shortKeyTextK2A
 .progmem.data.shortKeyTextK1A
                0x000007c7        0xa menu.o
                0x000007c7                shortKeyTextK1A
 .progmem.data.shortKeyTextCpl1P
                0x000007d1        0xa menu.o
                0x000007d1                shortKeyTextCpl1P
 .progmem.data.shortKeyTextCpl2P
                0x000007db        0xa menu.o
                0x000007db                shortKeyTextCpl2P
 .progmem.data.shortKeyTextCpl21
                0x000007e5        0xa menu.o
                0x000007e5                shortKeyTextCpl21
 .progmem.data.shortKeyTextCpl3P
                0x000007ef        0xa menu.o
                0x000007ef                shortKeyTextCpl3P
 .progmem.data.shortKeyTextCpl31
                0x000007f9        0xa menu.o
                0x000007f9                shortKeyTextCpl31
 .progmem.data.shortKeyTextCpl32
                0x00000803        0xa menu.o
                0x00000803                shortKeyTextCpl32
 .progmem.data.shortKeyTextCplP1
                0x0000080d        0xa menu.o
                0x0000080d                shortKeyTextCplP1
 .progmem.data.shortKeyTextCplP2
                0x00000817        0xa menu.o
                0x00000817                shortKeyTextCplP2
 .progmem.data.shortKeyTextCpl12
                0x00000821        0xa menu.o
                0x00000821                shortKeyTextCpl12
 .progmem.data.shortKeyTextCplP3
                0x0000082b        0xa menu.o
                0x0000082b                shortKeyTextCplP3
 .progmem.data.shortKeyTextCpl13
                0x00000835        0xa menu.o
                0x00000835                shortKeyTextCpl13
 .progmem.data.shortKeyTextCpl23
                0x0000083f        0xa menu.o
                0x0000083f                shortKeyTextCpl23
 .progmem.data.shortKeyTextMIDIoff
                0x00000849        0xa menu.o
                0x00000849                shortKeyTextMIDIoff
 .progmem.data.shortKeyTextSetup
                0x00000853        0xa menu.o
                0x00000853                shortKeyTextSetup
 .progmem.data.shortKeyTextStim
                0x0000085d        0xa menu.o
                0x0000085d                shortKeyTextStim
 .progmem.data.shortKeyTextMenu
                0x00000867        0xa menu.o
                0x00000867                shortKeyTextMenu
 .progmem.data.shortKeyTextNone
                0x00000871        0xa menu.o
                0x00000871                shortKeyTextNone
 .progmem.data.menu_main
                0x0000087b       0x78 menu.o
                0x0000087b                menu_main
 .progmem.data.menu_manual
                0x000008f3       0x28 menu.o
                0x000008f3                menu_manual
 .progmem.data.menu_register
                0x0000091b       0xdc menu.o
                0x0000091b                menu_register
 .progmem.data.menu_coupler
                0x000009f7       0xf0 menu.o
                0x000009f7                menu_coupler
 .progmem.data.menu_midi
                0x00000ae7       0xdc menu.o
                0x00000ae7                menu_midi
 .progmem.data.menu_midiIn
                0x00000bc3      0x140 menu.o
                0x00000bc3                menu_midiIn
 .progmem.data.menu_midiInSec
                0x00000d03       0x50 menu.o
                0x00000d03                menu_midiInSec
 .progmem.data.menu_midiInVar
                0x00000d53       0x50 menu.o
                0x00000d53                menu_midiInVar
 .progmem.data.menu_midiCCreg
                0x00000da3       0x50 menu.o
                0x00000da3                menu_midiCCreg
 .progmem.data.menu_key
                0x00000df3       0x50 menu.o
                0x00000df3                menu_key
 .progmem.data.menu_tune
                0x00000e43       0x50 menu.o
                0x00000e43                menu_tune
 .progmem.data.menu_midiOut
                0x00000e93       0xa0 menu.o
                0x00000e93                menu_midiOut
 .progmem.data.menu_setup
                0x00000f33       0x64 menu.o
                0x00000f33                menu_setup
 .progmem.data.menu_regout
                0x00000f97       0xa0 menu.o
                0x00000f97                menu_regout
 .progmem.data.menu_regoutSec
                0x00001037       0x50 menu.o
                0x00001037                menu_regoutSec
 .progmem.data.menu_eeprom
                0x00001087       0x3c menu.o
                0x00001087                menu_eeprom
 .progmem.data.menu_Power
                0x000010c3       0x3c menu.o
                0x000010c3                menu_Power
 .progmem.data.menu_module
                0x000010ff       0x64 menu.o
                0x000010ff                menu_module
 .progmem.data.menu_ModeSel
                0x00001163       0xa0 menu.o
                0x00001163                menu_ModeSel
 .progmem.data.menu_ModTestSelcted
                0x00001203       0x50 menu.o
                0x00001203                menu_ModTestSelcted
 .progmem.data.menu_modAssign
                0x00001253       0x64 menu.o
                0x00001253                menu_modAssign
 .progmem.data.menu_modSection8
                0x000012b7       0xa0 menu.o
                0x000012b7                menu_modSection8
 .progmem.data.menu_modSection
                0x00001357       0x50 menu.o
                0x00001357                menu_modSection
 .progmem.data.menu_modDefineReg
                0x000013a7       0x3c menu.o
                0x000013a7                menu_modDefineReg
 .progmem.data.menu_modDefine
                0x000013e3       0x3c menu.o
                0x000013e3                menu_modDefine
 .progmem.data.menu_status
                0x0000141f       0x50 menu.o
                0x0000141f                menu_status
 .progmem.data.menu_USBser
                0x0000146f       0x3c menu.o
                0x0000146f                menu_USBser
 .progmem.data.sw_version
                0x000014ab        0x6 menu.o
                0x000014ab                sw_version
 .progmem.data.cplInfo
                0x000014b1       0x18 Midi.o
                0x000014b1                cplInfo
 .progmem.data.keylabel_1
                0x000014c9        0x2 utils.o
                0x000014c9                keylabel_1
 .progmem.data.keylabel_0
                0x000014cb        0x2 utils.o
                0x000014cb                keylabel_0
 .progmem.data.keylabel_text
                0x000014cd        0x6 utils.o
                0x000014cd                keylabel_text
 .progmem.data.keylabel_exit
                0x000014d3        0x5 utils.o
                0x000014d3                keylabel_exit
 .progmem.data.keylabel_off
                0x000014d8        0x5 utils.o
                0x000014d8                keylabel_off
 .progmem.data.keylabel_on
                0x000014dd        0x5 utils.o
                0x000014dd                keylabel_on
 .progmem.data.keylabel_onoff
                0x000014e2        0x5 utils.o
                0x000014e2                keylabel_onoff
 .progmem.data.keylabel_minus
                0x000014e7        0x2 utils.o
                0x000014e7                keylabel_minus
 .progmem.data.keylabel_plus
                0x000014e9        0x2 utils.o
                0x000014e9                keylabel_plus
 .progmem.data.keylabel_left
                0x000014eb        0x2 utils.o
                0x000014eb                keylabel_left
 .progmem.data.keylabel_right
                0x000014ed        0x2 utils.o
                0x000014ed                keylabel_right
 .progmem.data.keylabel_down
                0x000014ef        0x2 utils.o
                0x000014ef                keylabel_down
 .progmem.data.keylabel_up
                0x000014f1        0x2 utils.o
                0x000014f1                keylabel_up
 .progmem.data.cr_lf
                0x000014f3        0x3 utils.o
                0x000014f3                cr_lf
                0x000014f6                . = ALIGN (0x2)
 *(.jumptables)
 *(.jumptables*)
 *(.lowtext)
 *(.lowtext*)
                0x000014f6                __ctors_start = .
 *(.ctors)
                0x000014f6                __ctors_end = .
                0x000014f6                __dtors_start = .
 *(.dtors)
                0x000014f6                __dtors_end = .
 SORT(*)(.ctors)
 SORT(*)(.dtors)
 *(.init0)
 .init0         0x000014f6        0x0 C:/Program Files (x86)/Atmel/Studio/7.0/Packs/atmel/ATmega_DFP/1.2.209/gcc/dev/atmega2560/avr6/crtatmega2560.o
                0x000014f6                __init
 *(.init0)
 *(.init1)
 *(.init1)
 *(.init2)
 .init2         0x000014f6       0x10 C:/Program Files (x86)/Atmel/Studio/7.0/Packs/atmel/ATmega_DFP/1.2.209/gcc/dev/atmega2560/avr6/crtatmega2560.o
 *(.init2)
 *(.init3)
 *(.init3)
 *(.init4)
 .init4         0x00001506       0x1a c:/program files (x86)/atmel/studio/7.0/toolchain/avr8/avr8-gnu-toolchain/bin/../lib/gcc/avr/5.4.0/avr6\libgcc.a(_copy_data.o)
                0x00001506                __do_copy_data
 .init4         0x00001520       0x10 c:/program files (x86)/atmel/studio/7.0/toolchain/avr8/avr8-gnu-toolchain/bin/../lib/gcc/avr/5.4.0/avr6\libgcc.a(_clear_bss.o)
                0x00001520                __do_clear_bss
 *(.init4)
 *(.init5)
 *(.init5)
 *(.init6)
 *(.init6)
 *(.init7)
 *(.init7)
 *(.init8)
 *(.init8)
 *(.init9)
 .init9         0x00001530        0x8 C:/Program Files (x86)/Atmel/Studio/7.0/Packs/atmel/ATmega_DFP/1.2.209/gcc/dev/atmega2560/avr6/crtatmega2560.o
 *(.init9)
 *(.text)
 .text          0x00001538        0x4 C:/Program Files (x86)/Atmel/Studio/7.0/Packs/atmel/ATmega_DFP/1.2.209/gcc/dev/atmega2560/avr6/crtatmega2560.o
                0x00001538                __vector_38
                0x00001538                __vector_22
                0x00001538                __vector_28
                0x00001538                __vector_1
                0x00001538                __vector_32
                0x00001538                __vector_34
                0x00001538                __vector_24
                0x00001538                __vector_12
                0x00001538                __vector_46
                0x00001538                __bad_interrupt
                0x00001538                __vector_6
                0x00001538                __vector_31
                0x00001538                __vector_35
                0x00001538                __vector_39
                0x00001538                __vector_3
                0x00001538                __vector_23
                0x00001538                __vector_30
                0x00001538                __vector_45
                0x00001538                __vector_11
                0x00001538                __vector_13
                0x00001538                __vector_17
                0x00001538                __vector_19
                0x00001538                __vector_56
                0x00001538                __vector_7
                0x00001538                __vector_49
                0x00001538                __vector_41
                0x00001538                __vector_43
                0x00001538                __vector_27
                0x00001538                __vector_5
                0x00001538                __vector_33
                0x00001538                __vector_47
                0x00001538                __vector_52
                0x00001538                __vector_4
                0x00001538                __vector_44
                0x00001538                __vector_51
                0x00001538                __vector_9
                0x00001538                __vector_2
                0x00001538                __vector_15
                0x00001538                __vector_29
                0x00001538                __vector_40
                0x00001538                __vector_8
                0x00001538                __vector_48
                0x00001538                __vector_14
                0x00001538                __vector_53
                0x00001538                __vector_10
                0x00001538                __vector_50
                0x00001538                __vector_16
                0x00001538                __vector_18
                0x00001538                __vector_20
                0x00001538                __vector_42
                0x0000153c                . = ALIGN (0x2)
 *(.text.*)
 .text.crc16_ram
                0x0000153c       0x4c ee_prom.o
                0x0000153c                crc16_ram
 .text.crc16_eeprom
                0x00001588       0x6e ee_prom.o
                0x00001588                crc16_eeprom
 .text.crc16_ram_startVal
                0x000015f6       0x4a ee_prom.o
                0x000015f6                crc16_ram_startVal
 .text.crc16_eeprom_startVal
                0x00001640       0x6c ee_prom.o
                0x00001640                crc16_eeprom_startVal
 .text.eeprom_ReadManualMap
                0x000016ac       0x50 ee_prom.o
                0x000016ac                eeprom_ReadManualMap
 .text.eeprom_ReadMidiInMap
                0x000016fc       0x50 ee_prom.o
                0x000016fc                eeprom_ReadMidiInMap
 .text.eeprom_ReadMidiOutMap
                0x0000174c       0x60 ee_prom.o
                0x0000174c                eeprom_ReadMidiOutMap
 .text.eeprom_ReadModules
                0x000017ac       0x58 ee_prom.o
                0x000017ac                eeprom_ReadModules
 .text.eeprom_ReadMidiThrough
                0x00001804       0x50 ee_prom.o
                0x00001804                eeprom_ReadMidiThrough
 .text.eeprom_ReadUSB
                0x00001854       0x4c ee_prom.o
                0x00001854                eeprom_ReadUSB
 .text.eeprom_ReadReg
                0x000018a0       0x68 ee_prom.o
                0x000018a0                eeprom_ReadReg
 .text.eeprom_ReadProg
                0x00001908       0x50 ee_prom.o
                0x00001908                eeprom_ReadProg
 .text.eeprom_ReadSoftkeys
                0x00001958       0x44 ee_prom.o
                0x00001958                eeprom_ReadSoftkeys
 .text.eeprom_ReadRegOut
                0x0000199c       0x44 ee_prom.o
                0x0000199c                eeprom_ReadRegOut
 .text.eeprom_ReadCCreg
                0x000019e0       0x44 ee_prom.o
                0x000019e0                eeprom_ReadCCreg
 .text.eepromWriteSignature
                0x00001a24       0x16 ee_prom.o
                0x00001a24                eepromWriteSignature
 .text.eeprom_UpdateManualMap
                0x00001a3a       0x44 ee_prom.o
                0x00001a3a                eeprom_UpdateManualMap
 .text.eeprom_UpdateMidiInMap
                0x00001a7e       0x44 ee_prom.o
                0x00001a7e                eeprom_UpdateMidiInMap
 .text.eeprom_UpdateMidiOutMap
                0x00001ac2       0x60 ee_prom.o
                0x00001ac2                eeprom_UpdateMidiOutMap
 .text.eeprom_UpdateModules
                0x00001b22       0x54 ee_prom.o
                0x00001b22                eeprom_UpdateModules
 .text.eeprom_UpdateUSB
                0x00001b76       0x40 ee_prom.o
                0x00001b76                eeprom_UpdateUSB
 .text.eeprom_UpdateMidiThrough
                0x00001bb6       0x44 ee_prom.o
                0x00001bb6                eeprom_UpdateMidiThrough
 .text.eeprom_UpdateReg
                0x00001bfa       0x5c ee_prom.o
                0x00001bfa                eeprom_UpdateReg
 .text.eeprom_UpdateProg
                0x00001c56       0x44 ee_prom.o
                0x00001c56                eeprom_UpdateProg
 .text.eeprom_UpdateSoftkeys
                0x00001c9a       0x44 ee_prom.o
                0x00001c9a                eeprom_UpdateSoftkeys
 .text.eeprom_UpdateRegOut
                0x00001cde       0x44 ee_prom.o
                0x00001cde                eeprom_UpdateRegOut
 .text.eeprom_UpdateCCreg
                0x00001d22       0x44 ee_prom.o
                0x00001d22                eeprom_UpdateCCreg
 .text.eeprom_UpdateALL
                0x00001d66       0x18 ee_prom.o
                0x00001d66                eeprom_UpdateALL
 .text.eepromCopy
                0x00001d7e       0x52 ee_prom.o
                0x00001d7e                eepromCopy
 .text.eeprom_Backup
                0x00001dd0       0x18 ee_prom.o
                0x00001dd0                eeprom_Backup
 .text.eeprom_Restore
                0x00001de8       0x18 ee_prom.o
                0x00001de8                eeprom_Restore
 .text.init_Timers
                0x00001e00       0x30 hwtimer.o
                0x00001e00                init_Timers
 .text.init_HwTimer
                0x00001e30       0x1e hwtimer.o
                0x00001e30                init_HwTimer
 .text.init_ADC
                0x00001e4e       0x54 hwtimer.o
                0x00001e4e                init_ADC
 .text.init_Pipe
                0x00001ea2       0x50 hwtimer.o
                0x00001ea2                init_Pipe
 .text.init_PipeModules
                0x00001ef2      0x180 hwtimer.o
                0x00001ef2                init_PipeModules
 .text.test_PipeModule
                0x00002072       0xe8 hwtimer.o
                0x00002072                test_PipeModule
 .text.module_TestAllInputs
                0x0000215a       0x28 hwtimer.o
                0x0000215a                module_TestAllInputs
 .text.module_WaitOutputInput2Cycles
                0x00002182       0x1a hwtimer.o
                0x00002182                module_WaitOutputInput2Cycles
 .text.module_StartPowerOn
                0x0000219c       0x20 hwtimer.o
                0x0000219c                module_StartPowerOn
 .text.module_PowerControl
                0x000021bc       0x8c hwtimer.o
                0x000021bc                module_PowerControl
 .text.softKey_WantLong
                0x00002248       0x24 hwtimer.o
                0x00002248                softKey_WantLong
 .text.__vector_21
                0x0000226c      0x49c hwtimer.o
                0x0000226c                __vector_21
 .text.pipe_on  0x00002708       0x1e hwtimer.o
                0x00002708                pipe_on
 .text.pipe_off
                0x00002726       0x1c hwtimer.o
                0x00002726                pipe_off
 .text.init_iopins
                0x00002742       0x3a initio.o
                0x00002742                init_iopins
 .text.lcd_write_nibble
                0x0000277c       0x7a lcd_u.o
                0x0000277c                lcd_write_nibble
 .text.lcd_write_character
                0x000027f6       0x30 lcd_u.o
                0x000027f6                lcd_write_character
 .text.lcd_write_command
                0x00002826       0x44 lcd_u.o
                0x00002826                lcd_write_command
 .text.lcd_init
                0x0000286a       0xa4 lcd_u.o
                0x0000286a                lcd_init
 .text.lcd_goto
                0x0000290e        0xa lcd_u.o
                0x0000290e                lcd_goto
 .text.lcd_clrscr
                0x00002918       0x1e lcd_u.o
                0x00002918                lcd_clrscr
 .text.getCursorFromLCDRAMcursor
                0x00002936       0x2c lcd_u.o
                0x00002936                getCursorFromLCDRAMcursor
 .text.lcd_putc
                0x00002962       0x82 lcd_u.o
                0x00002962                lcd_putc
 .text.lcd_puts
                0x000029e4       0x20 lcd_u.o
                0x000029e4                lcd_puts
 .text.lcd_puts_P
                0x00002a04       0x20 lcd_u.o
                0x00002a04                lcd_puts_P
 .text.lcd_message
                0x00002a24       0x96 lcd_u.o
                0x00002a24                lcd_message
 .text.lcd_message_P
                0x00002aba       0x9c lcd_u.o
                0x00002aba                lcd_message_P
 .text.lcd_setCG
                0x00002b56       0x44 lcd_u.o
                0x00002b56                lcd_setCG
 .text.lcd_initCG
                0x00002b9a       0x42 lcd_u.o
                0x00002b9a                lcd_initCG
 .text.lcd_cursosblink
                0x00002bdc        0xc lcd_u.o
                0x00002bdc                lcd_cursosblink
 .text.lcd_cursoroff
                0x00002be8        0xa lcd_u.o
                0x00002be8                lcd_cursoroff
 .text.lcd_message_clear
                0x00002bf2       0x82 lcd_u.o
                0x00002bf2                lcd_message_clear
 .text.init_log
                0x00002c74       0x16 log.o
                0x00002c74                init_log
 .text.log_count
                0x00002c8a       0x3e log.o
                0x00002c8a                log_count
 .text.log_getLog
                0x00002cc8       0x50 log.o
                0x00002cc8                log_getLog
 .text.log_getErrorText
                0x00002d18       0x88 log.o
                0x00002d18                log_getErrorText
 .text.logCheckUnreadErrorLogs
                0x00002da0       0x40 log.o
                0x00002da0                logCheckUnreadErrorLogs
 .text.log_getShortTextFromPtr
                0x00002de0      0x118 log.o
                0x00002de0                log_getShortTextFromPtr
 .text.log_put  0x00002ef8       0xc8 log.o
                0x00002ef8                log_put
 .text.log_putError
                0x00002fc0        0xc log.o
                0x00002fc0                log_putError
 .text.log_putWarning
                0x00002fcc        0x6 log.o
                0x00002fcc                log_putWarning
 .text.log_getShortTextFromIndex
                0x00002fd2       0x20 log.o
                0x00002fd2                log_getShortTextFromIndex
 .text.main     0x00002ff2      0x674 main.o
                0x00002ff2                main
 .text.menu_enterWriteModule
                0x00003666       0x78 menu.o
                0x00003666                menu_enterWriteModule
 .text.menu_exitWriteModule
                0x000036de       0x5a menu.o
                0x000036de                menu_exitWriteModule
 .text.menuOnEnterModSel
                0x00003738       0x16 menu.o
                0x00003738                menuOnEnterModSel
 .text.menuOnEnterMidiInCh
                0x0000374e       0x16 menu.o
                0x0000374e                menuOnEnterMidiInCh
 .text.menuOnEnterMidiInSec
                0x00003764       0x3c menu.o
                0x00003764                menuOnEnterMidiInSec
 .text.menuOnEnterModManual
                0x000037a0       0x16 menu.o
                0x000037a0                menuOnEnterModManual
 .text.menuOnEnterModSec
                0x000037b6       0x4a menu.o
                0x000037b6                menuOnEnterModSec
 .text.menuOnEnterModSecReg
                0x00003800       0x2c menu.o
                0x00003800                menuOnEnterModSecReg
 .text.menuOnEnterRegOut
                0x0000382c       0x2a menu.o
                0x0000382c                menuOnEnterRegOut
 .text.menuOnEnterKey
                0x00003856       0x2e menu.o
                0x00003856                menuOnEnterKey
 .text.menuOnExitMidiCCreg
                0x00003884        0x8 menu.o
                0x00003884                menuOnExitMidiCCreg
 .text.menuOnExitRegisterOut
                0x0000388c        0x8 menu.o
                0x0000388c                menuOnExitRegisterOut
 .text.menuOnExitMidiThrough
                0x00003894        0x8 menu.o
                0x00003894                menuOnExitMidiThrough
 .text.menuOnExitRegisterEdit
                0x0000389c       0x50 menu.o
                0x0000389c                menuOnExitRegisterEdit
 .text.softKeyRegOff
                0x000038ec        0xa menu.o
                0x000038ec                softKeyRegOff
 .text.menuOnExitCoupler
                0x000038f6       0x26 menu.o
                0x000038f6                menuOnExitCoupler
 .text.menuOnExitSaveProgram
                0x0000391c       0x16 menu.o
                0x0000391c                menuOnExitSaveProgram
 .text.menuOnExitKeys
                0x00003932        0x8 menu.o
                0x00003932                menuOnExitKeys
 .text.menu_readModule
                0x0000393a       0x6a menu.o
                0x0000393a                menu_readModule
 .text.menu_testModule
                0x000039a4       0x26 menu.o
                0x000039a4                menu_testModule
 .text.menuOnEnterTune
                0x000039ca      0x24e menu.o
                0x000039ca                menuOnEnterTune
 .text.menuOnExitMidiActiveSense
                0x00003c18        0x8 menu.o
                0x00003c18                menuOnExitMidiActiveSense
 .text.menuOnExitMidiOut
                0x00003c20        0x8 menu.o
                0x00003c20                menuOnExitMidiOut
 .text.menuOnExitMidiIn
                0x00003c28        0x8 menu.o
                0x00003c28                menuOnExitMidiIn
 .text.menuOnExitManual
                0x00003c30       0x14 menu.o
                0x00003c30                menuOnExitManual
 .text.menuOnExitModules
                0x00003c44        0x8 menu.o
                0x00003c44                menuOnExitModules
 .text.menuOnEnterEEBackup
                0x00003c4c       0x24 menu.o
                0x00003c4c                menuOnEnterEEBackup
 .text.menuOnEnterEERestore
                0x00003c70       0x24 menu.o
                0x00003c70                menuOnEnterEERestore
 .text.menuOnEnterEEUpdate
                0x00003c94       0x24 menu.o
                0x00003c94                menuOnEnterEEUpdate
 .text.menuOnEnterUSBprotokoll
                0x00003cb8       0x52 menu.o
                0x00003cb8                menuOnEnterUSBprotokoll
 .text.menuOnExitUSBactive
                0x00003d0a       0x30 menu.o
                0x00003d0a                menuOnExitUSBactive
 .text.menuOnEnterUSBsendHW
                0x00003d3a      0x64a menu.o
                0x00003d3a                menuOnEnterUSBsendHW
 .text.reverseRegisterBits
                0x00004384       0x28 menu.o
                0x00004384                reverseRegisterBits
 .text.menuOnUpdateRegister
                0x000043ac        0xe menu.o
                0x000043ac                menuOnUpdateRegister
 .text.menuOnEnterResetReg
                0x000043ba        0xc menu.o
                0x000043ba                menuOnEnterResetReg
 .text.menuOnExitLoadProgran
                0x000043c6       0x18 menu.o
                0x000043c6                menuOnExitLoadProgran
 .text.softkeyCoupler
                0x000043de       0x56 menu.o
                0x000043de                softkeyCoupler
 .text.softKeyCoupler2from3
                0x00004434        0x6 menu.o
                0x00004434                softKeyCoupler2from3
 .text.softKeyCoupler1from3
                0x0000443a        0x6 menu.o
                0x0000443a                softKeyCoupler1from3
 .text.softKeyCouplerPfrom3
                0x00004440        0x6 menu.o
                0x00004440                softKeyCouplerPfrom3
 .text.softKeyCoupler1from2
                0x00004446        0x6 menu.o
                0x00004446                softKeyCoupler1from2
 .text.softKeyCouplerPfrom2
                0x0000444c        0x6 menu.o
                0x0000444c                softKeyCouplerPfrom2
 .text.softKeyCouplerPfrom1
                0x00004452        0x6 menu.o
                0x00004452                softKeyCouplerPfrom1
 .text.softKeyCoupler3from2
                0x00004458        0x6 menu.o
                0x00004458                softKeyCoupler3from2
 .text.softKeyCoupler3from1
                0x0000445e        0x6 menu.o
                0x0000445e                softKeyCoupler3from1
 .text.softKeyCoupler3fromP
                0x00004464        0x6 menu.o
                0x00004464                softKeyCoupler3fromP
 .text.softKeyCoupler2from1
                0x0000446a        0x6 menu.o
                0x0000446a                softKeyCoupler2from1
 .text.softKeyCoupler2fromP
                0x00004470        0x6 menu.o
                0x00004470                softKeyCoupler2fromP
 .text.softKeyCoupler1fromP
                0x00004476        0x6 menu.o
                0x00004476                softKeyCoupler1fromP
 .text.menuDisplaySaveMessage
                0x0000447c       0x28 menu.o
                0x0000447c                menuDisplaySaveMessage
 .text.softKeyPrSet
                0x000044a4       0x2e menu.o
                0x000044a4                softKeyPrSet
 .text.menuDisplayLoadMessage
                0x000044d2       0x60 menu.o
                0x000044d2                menuDisplayLoadMessage
 .text.send_progrChange_toMidiThru
                0x00004532       0x20 menu.o
                0x00004532                send_progrChange_toMidiThru
 .text.handle_programKey
                0x00004552       0x4a menu.o
                0x00004552                handle_programKey
 .text.softKeyK1A
                0x0000459c        0x6 menu.o
                0x0000459c                softKeyK1A
 .text.softKeyK2A
                0x000045a2        0x6 menu.o
                0x000045a2                softKeyK2A
 .text.softKeyK3A
                0x000045a8        0x6 menu.o
                0x000045a8                softKeyK3A
 .text.softKeyK4A
                0x000045ae        0x6 menu.o
                0x000045ae                softKeyK4A
 .text.softKeyUpdateProg
                0x000045b4       0x20 menu.o
                0x000045b4                softKeyUpdateProg
 .text.softKeyPBInc
                0x000045d4       0x16 menu.o
                0x000045d4                softKeyPBInc
 .text.softKeyPBDec
                0x000045ea       0x16 menu.o
                0x000045ea                softKeyPBDec
 .text.progDec  0x00004600       0x24 menu.o
                0x00004600                progDec
 .text.softKeyPrM
                0x00004624       0x26 menu.o
                0x00004624                softKeyPrM
 .text.softKeyPrDec
                0x0000464a       0x22 menu.o
                0x0000464a                softKeyPrDec
 .text.progInc  0x0000466c       0x2e menu.o
                0x0000466c                progInc
 .text.softKeyPrP
                0x0000469a       0x38 menu.o
                0x0000469a                softKeyPrP
 .text.softKeyPrInc
                0x000046d2       0x22 menu.o
                0x000046d2                softKeyPrInc
 .text.menu_Init
                0x000046f4       0x46 menu.o
                0x000046f4                menu_Init
 .text.softkeyLeft
                0x0000473a        0xc menu.o
                0x0000473a                softkeyLeft
 .text.softkeyRight
                0x00004746        0xc menu.o
                0x00004746                softkeyRight
 .text.softkeyDown
                0x00004752        0xc menu.o
                0x00004752                softkeyDown
 .text.softkeyOn
                0x0000475e        0xc menu.o
                0x0000475e                softkeyOn
 .text.softkeyOff
                0x0000476a        0xc menu.o
                0x0000476a                softkeyOff
 .text.softkeyUp
                0x00004776        0xc menu.o
                0x00004776                softkeyUp
 .text.softkeyPlus
                0x00004782       0x24 menu.o
                0x00004782                softkeyPlus
 .text.softkeyMinus
                0x000047a6       0x24 menu.o
                0x000047a6                softkeyMinus
 .text.dataToNibbles
                0x000047ca      0x1e6 menu.o
                0x000047ca                dataToNibbles
 .text.nibbleToLCDstring
                0x000049b0      0x29c menu.o
                0x000049b0                nibbleToLCDstring
 .text.LCDStringOut
                0x00004c4c       0x36 menu.o
                0x00004c4c                LCDStringOut
 .text.nibbleCheckOvfl
                0x00004c82       0x12 menu.o
                0x00004c82                nibbleCheckOvfl
 .text.nibbleChange
                0x00004c94      0x35e menu.o
                0x00004c94                nibbleChange
 .text.nibbleToData
                0x00004ff2      0x1ca menu.o
                0x00004ff2                nibbleToData
 .text.menuTextOut
                0x000051bc       0x36 menu.o
                0x000051bc                menuTextOut
 .text.menuParentMenuToLCD
                0x000051f2       0x34 menu.o
                0x000051f2                menuParentMenuToLCD
 .text.menuDisplayValue
                0x00005226       0x1a menu.o
                0x00005226                menuDisplayValue
 .text.menuCursorSetDataNibble
                0x00005240       0x5a menu.o
                0x00005240                menuCursorSetDataNibble
 .text.menuCursorSetExtra
                0x0000529a        0x8 menu.o
                0x0000529a                menuCursorSetExtra
 .text.menuOnEnterStatusMidiIn
                0x000052a2       0x7c menu.o
                0x000052a2                menuOnEnterStatusMidiIn
 .text.menuOnEnterStatusMidiOut
                0x0000531e       0x7c menu.o
                0x0000531e                menuOnEnterStatusMidiOut
 .text.menuOnEnterLogDisp
                0x0000539a      0x14a menu.o
                0x0000539a                menuOnEnterLogDisp
 .text.menuCursorSetMenu
                0x000054e4        0x8 menu.o
                0x000054e4                menuCursorSetMenu
 .text.menu_OnEnterMidiPanic
                0x000054ec       0x12 menu.o
                0x000054ec                menu_OnEnterMidiPanic
 .text.menuClearExtraDisp
                0x000054fe        0xa menu.o
                0x000054fe                menuClearExtraDisp
 .text.menu_ClearDataDisp
                0x00005508        0xe menu.o
                0x00005508                menu_ClearDataDisp
 .text.menu_ModuleTestExecute
                0x00005516      0x1d2 menu.o
                0x00005516                menu_ModuleTestExecute
 .text.menu_ModuleTestPattern
                0x000056e8       0x32 menu.o
                0x000056e8                menu_ModuleTestPattern
 .text.menuClearMenuDisp
                0x0000571a       0x16 menu.o
                0x0000571a                menuClearMenuDisp
 .text.menu_ClearAllDisp
                0x00005730        0x8 menu.o
                0x00005730                menu_ClearAllDisp
 .text.menuCheckArrowDown
                0x00005738       0x42 menu.o
                0x00005738                menuCheckArrowDown
 .text.menuCurrMenuToLCD
                0x0000577a       0x62 menu.o
                0x0000577a                menuCurrMenuToLCD
 .text.menuItemChanged
                0x000057dc       0xbc menu.o
                0x000057dc                menuItemChanged
 .text.menu_InitLCD
                0x00005898        0xe menu.o
                0x00005898                menu_InitLCD
 .text.menu_ProcessMessage
                0x000058a6      0x47e menu.o
                0x000058a6                menu_ProcessMessage
 .text.getSoftKeyIndex
                0x00005d24       0x24 menu.o
                0x00005d24                getSoftKeyIndex
 .text.init_SoftKeys
                0x00005d48       0x92 menu.o
                0x00005d48                init_SoftKeys
 .text.softKey_Set
                0x00005dda       0x58 menu.o
                0x00005dda                softKey_Set
 .text.menuOnExitKey
                0x00005e32       0x20 menu.o
                0x00005e32                menuOnExitKey
 .text.softKeys_toLCD
                0x00005e52       0x7e menu.o
                0x00005e52                softKeys_toLCD
 .text.softKey_MessageKey_ToSoftKeyNr
                0x00005ed0       0x2a menu.o
                0x00005ed0                softKey_MessageKey_ToSoftKeyNr
 .text.softKey_Execute
                0x00005efa       0x98 menu.o
                0x00005efa                softKey_Execute
 .text.menu_showPowerState
                0x00005f92       0x28 menu.o
                0x00005f92                menu_showPowerState
 .text.menuOnEnterPwrOn
                0x00005fba       0x12 menu.o
                0x00005fba                menuOnEnterPwrOn
 .text.menuOnEnterPwrOff
                0x00005fcc       0x10 menu.o
                0x00005fcc                menuOnEnterPwrOff
 .text.menuOnEnterPwrRest
                0x00005fdc       0x2a menu.o
                0x00005fdc                menuOnEnterPwrRest
 .text.init_message
                0x00006006        0xe message.o
                0x00006006                init_message
 .text.message_push
                0x00006014       0x28 message.o
                0x00006014                message_push
 .text.message_get
                0x0000603c       0x32 message.o
                0x0000603c                message_get
 .text.message_status
                0x0000606e       0x26 message.o
                0x0000606e                message_status
 .text.pipeMsgPush
                0x00006094       0x44 message.o
                0x00006094                pipeMsgPush
 .text.pipeMsgGet
                0x000060d8       0x2a message.o
                0x000060d8                pipeMsgGet
 .text.pipeMsgStatus
                0x00006102       0x14 message.o
                0x00006102                pipeMsgStatus
 .text.midi_CouplerReset
                0x00006116       0x14 Midi.o
                0x00006116                midi_CouplerReset
 .text.init_Midi
                0x0000612a        0xe Midi.o
                0x0000612a                init_Midi
 .text.set_Coupler
                0x00006138       0x46 Midi.o
                0x00006138                set_Coupler
 .text.getAllCouplers
                0x0000617e       0x30 Midi.o
                0x0000617e                getAllCouplers
 .text.setAllCouplers
                0x000061ae       0x32 Midi.o
                0x000061ae                setAllCouplers
 .text.midiAllReset
                0x000061e0        0xc Midi.o
                0x000061e0                midiAllReset
 .text.registers_CalcCount
                0x000061ec       0x34 Midi.o
                0x000061ec                registers_CalcCount
 .text.init_Registers
                0x00006220       0xd8 Midi.o
                0x00006220                init_Registers
 .text.regNr_to_moduleBit
                0x000062f8       0x36 Midi.o
                0x000062f8                regNr_to_moduleBit
 .text.moduleBit_to_registerNr
                0x0000632e       0x38 Midi.o
                0x0000632e                moduleBit_to_registerNr
 .text.read_Register
                0x00006366       0x90 Midi.o
                0x00006366                read_Register
 .text.get_RegisterStatus
                0x000063f6       0x70 Midi.o
                0x000063f6                get_RegisterStatus
 .text.count_Registers
                0x00006466       0x28 Midi.o
                0x00006466                count_Registers
 .text.read_allRegister
                0x0000648e       0x58 Midi.o
                0x0000648e                read_allRegister
 .text.register_onOff
                0x000064e6       0x4a Midi.o
                0x000064e6                register_onOff
 .text.midi_RegisterMatchProgram
                0x00006530       0x74 Midi.o
                0x00006530                midi_RegisterMatchProgram
 .text.midi_CountRegisterInProgram
                0x000065a4       0x40 Midi.o
                0x000065a4                midi_CountRegisterInProgram
 .text.midiSendRegOn
                0x000065e4       0x2c Midi.o
                0x000065e4                midiSendRegOn
 .text.midiSendRegOff
                0x00006610       0x2c Midi.o
                0x00006610                midiSendRegOff
 .text.prog_set
                0x0000663c       0x14 Midi.o
                0x0000663c                prog_set
 .text.program_toRegister
                0x00006650       0xb2 Midi.o
                0x00006650                program_toRegister
 .text.midi_ProgramChange
                0x00006702       0x64 Midi.o
                0x00006702                midi_ProgramChange
 .text.midi_resetRegisters
                0x00006766       0x1e Midi.o
                0x00006766                midi_resetRegisters
 .text.register_toProgram
                0x00006784       0x70 Midi.o
                0x00006784                register_toProgram
 .text.prog_toLcd
                0x000067f4       0x42 Midi.o
                0x000067f4                prog_toLcd
 .text.init_RegOut
                0x00006836       0x16 Midi.o
                0x00006836                init_RegOut
 .text.reg_toLCD
                0x0000684c      0x108 Midi.o
                0x0000684c                reg_toLCD
 .text.reg_ClearOnLCD
                0x00006954       0x52 Midi.o
                0x00006954                reg_ClearOnLCD
 .text.init_Midi2Manual
                0x000069a6       0x80 Midi.o
                0x000069a6                init_Midi2Manual
 .text.init_Manual2Midi
                0x00006a26       0x54 Midi.o
                0x00006a26                init_Manual2Midi
 .text.Manual_to_MidiNote
                0x00006a7a       0x20 Midi.o
                0x00006a7a                Manual_to_MidiNote
 .text.Midi_updateManualRange
                0x00006a9a       0xae Midi.o
                0x00006a9a                Midi_updateManualRange
 .text.init_Manual2Module
                0x00006b48       0xc2 Midi.o
                0x00006b48                init_Manual2Module
 .text.manualNote_to_moduleBit
                0x00006c0a       0x40 Midi.o
                0x00006c0a                manualNote_to_moduleBit
 .text.moduleBit_to_manualNote
                0x00006c4a       0x4a Midi.o
                0x00006c4a                moduleBit_to_manualNote
 .text.manual_NoteOnOff
                0x00006c94       0xb0 Midi.o
                0x00006c94                manual_NoteOnOff
 .text.midiAllNotesOff
                0x00006d44       0xcc Midi.o
                0x00006d44                midiAllNotesOff
 .text.midi_ManualOff
                0x00006e10       0x76 Midi.o
                0x00006e10                midi_ManualOff
 .text.midi_AllManualsOff
                0x00006e86       0x14 Midi.o
                0x00006e86                midi_AllManualsOff
 .text.midi_CheckRxActiveSense
                0x00006e9a       0x18 Midi.o
                0x00006e9a                midi_CheckRxActiveSense
 .text.midiNote_to_Manual
                0x00006eb2       0xf8 Midi.o
                0x00006eb2                midiNote_to_Manual
 .text.midiIn_Process
                0x00006faa      0x15a Midi.o
                0x00006faa                midiIn_Process
 .text.proc_ESPmidi
                0x00007104       0x62 Midi.o
                0x00007104                proc_ESPmidi
 .text.midiKeyPress_Process
                0x00007166      0x220 Midi.o
                0x00007166                midiKeyPress_Process
 .text.midiSendAllNotesOff
                0x00007386       0x16 Midi.o
                0x00007386                midiSendAllNotesOff
 .text.midi_SendActiveSense
                0x0000739c        0x8 Midi.o
                0x0000739c                midi_SendActiveSense
 .text.midi_CheckTxActiveSense
                0x000073a4       0x38 Midi.o
                0x000073a4                midi_CheckTxActiveSense
 .text.init_Serial1MIDI
                0x000073dc       0x4c serial.o
                0x000073dc                init_Serial1MIDI
 .text.__vector_36
                0x00007428       0xaa serial.o
                0x00007428                __vector_36
 .text.__vector_37
                0x000074d2       0x70 serial.o
                0x000074d2                __vector_37
 .text.serial0SER_USBSend
                0x00007542       0x6c serial.o
                0x00007542                serial0SER_USBSend
 .text.serial0USB_logMIDIin
                0x000075ae       0x26 serial.o
                0x000075ae                serial0USB_logMIDIin
 .text.serial1MIDIReadRx
                0x000075d4       0x32 serial.o
                0x000075d4                serial1MIDIReadRx
 .text.serial0USB_logMIDIout
                0x00007606       0x26 serial.o
                0x00007606                serial0USB_logMIDIout
 .text.serial1MIDISend
                0x0000762c       0xa2 serial.o
                0x0000762c                serial1MIDISend
 .text.serial1MIDISendCmd
                0x000076ce       0x2c serial.o
                0x000076ce                serial1MIDISendCmd
 .text.serial1MIDISendData
                0x000076fa        0x6 serial.o
                0x000076fa                serial1MIDISendData
 .text.serial0USB_logPipeIn
                0x00007700       0x3c serial.o
                0x00007700                serial0USB_logPipeIn
 .text.serial0SER_USB_sendStringP
                0x0000773c       0x24 serial.o
                0x0000773c                serial0SER_USB_sendStringP
 .text.init_Serial0SerUSB
                0x00007760       0x7e serial.o
                0x00007760                init_Serial0SerUSB
 .text.serial0SER_USB_sendCRLF
                0x000077de       0x48 serial.o
                0x000077de                serial0SER_USB_sendCRLF
 .text.serial0SER_USB_sendString
                0x00007826       0x2c serial.o
                0x00007826                serial0SER_USB_sendString
 .text.__vector_25
                0x00007852       0x8c serial.o
                0x00007852                __vector_25
 .text.__vector_26
                0x000078de       0x72 serial.o
                0x000078de                __vector_26
 .text.init_Serial3SerESP
                0x00007950       0x68 serial.o
                0x00007950                init_Serial3SerESP
 .text.serial3SER_ESPSend
                0x000079b8       0x6c serial.o
                0x000079b8                serial3SER_ESPSend
 .text.serial3SER_ESPReadRx
                0x00007a24       0x3a serial.o
                0x00007a24                serial3SER_ESPReadRx
 .text.__vector_54
                0x00007a5e       0xb0 serial.o
                0x00007a5e                __vector_54
 .text.__vector_55
                0x00007b0e       0x72 serial.o
                0x00007b0e                __vector_55
 .text.nibbleToChr
                0x00007b80        0xc utils.o
                0x00007b80                nibbleToChr
 .text.lcd_noteOut
                0x00007b8c       0xa2 utils.o
                0x00007b8c                lcd_noteOut
 .text.lcd_ChannelOut
                0x00007c2e       0x22 utils.o
                0x00007c2e                lcd_ChannelOut
 .text.lcd_ManualOutDec
                0x00007c50       0x24 utils.o
                0x00007c50                lcd_ManualOutDec
 .text.lcd_blank
                0x00007c74       0x18 utils.o
                0x00007c74                lcd_blank
 .text.lcd_clrEol
                0x00007c8c       0x2e utils.o
                0x00007c8c                lcd_clrEol
 .text.lcd_hexout
                0x00007cba       0x2e utils.o
                0x00007cba                lcd_hexout
 .text.lcd_wordout
                0x00007ce8       0x10 utils.o
                0x00007ce8                lcd_wordout
 .text.lcd_longout
                0x00007cf8       0x4a utils.o
                0x00007cf8                lcd_longout
 .text.lcd_dec2out
                0x00007d42       0x34 utils.o
                0x00007d42                lcd_dec2out
 .text.putChar_Dec2
                0x00007d76       0x38 utils.o
                0x00007d76                putChar_Dec2
 .text.putChar_Dec
                0x00007dae       0x4e utils.o
                0x00007dae                putChar_Dec
 .text.putChar_hex
                0x00007dfc       0x30 utils.o
                0x00007dfc                putChar_hex
 .text.putChar_MidiChan
                0x00007e2c       0x46 utils.o
                0x00007e2c                putChar_MidiChan
 .text.putChar_word
                0x00007e72       0x3a utils.o
                0x00007e72                putChar_word
 .text.putChar_long
                0x00007eac       0x48 utils.o
                0x00007eac                putChar_long
 .text.putChar_Note
                0x00007ef4       0xb8 utils.o
                0x00007ef4                putChar_Note
 .text.putChar_Manual
                0x00007fac       0x32 utils.o
                0x00007fac                putChar_Manual
 .text.putString_P
                0x00007fde       0x2c utils.o
                0x00007fde                putString_P
 .text.putString_Prog
                0x0000800a       0x20 utils.o
                0x0000800a                putString_Prog
 .text.lcd_waitSymbolOn
                0x0000802a       0x1c utils.o
                0x0000802a                lcd_waitSymbolOn
 .text.lcd_waitSymbolOff
                0x00008046       0x1c utils.o
                0x00008046                lcd_waitSymbolOff
 .text.keylabel_set
                0x00008062       0x76 utils.o
                0x00008062                keylabel_set
 .text.keylabel_clr
                0x000080d8       0x28 utils.o
                0x000080d8                keylabel_clr
 .text.keylabel_toLCD
                0x00008100       0x3e utils.o
                0x00008100                keylabel_toLCD
 .text.keylabel_statcheck
                0x0000813e       0x46 utils.o
                0x0000813e                keylabel_statcheck
 .text.get_StrLenP
                0x00008184       0x14 utils.o
                0x00008184                get_StrLenP
 .text.get_StrLen
                0x00008198       0x14 utils.o
                0x00008198                get_StrLen
 .text.reverse_Bits
                0x000081ac       0x1a utils.o
                0x000081ac                reverse_Bits
 .text.libgcc   0x000081c6       0x10 c:/program files (x86)/atmel/studio/7.0/toolchain/avr8/avr8-gnu-toolchain/bin/../lib/gcc/avr/5.4.0/avr6\libgcc.a(_tablejump2.o)
                0x000081c6                __tablejump2__
 .text.avr-libc
                0x000081d6       0x20 C:/Program Files (x86)/Atmel/Studio/7.0/Packs/atmel/ATmega_DFP/1.2.209/gcc/dev/atmega2560/avr6\libatmega2560.a(eerd_block.o)
                0x000081d6                eeprom_read_block
                0x000081da                eeprom_read_blraw
 .text.avr-libc
                0x000081f6       0x10 C:/Program Files (x86)/Atmel/Studio/7.0/Packs/atmel/ATmega_DFP/1.2.209/gcc/dev/atmega2560/avr6\libatmega2560.a(eerd_byte.o)
                0x000081f6                eeprom_read_byte
 .text.avr-libc
                0x00008206        0xa C:/Program Files (x86)/Atmel/Studio/7.0/Packs/atmel/ATmega_DFP/1.2.209/gcc/dev/atmega2560/avr6\libatmega2560.a(eerd_word.o)
                0x00008206                eeprom_read_word
 .text.avr-libc
                0x00008210       0x1e C:/Program Files (x86)/Atmel/Studio/7.0/Packs/atmel/ATmega_DFP/1.2.209/gcc/dev/atmega2560/avr6\libatmega2560.a(eeupd_block.o)
                0x00008210                eeprom_update_block
 .text.avr-libc
                0x0000822e       0x24 C:/Program Files (x86)/Atmel/Studio/7.0/Packs/atmel/ATmega_DFP/1.2.209/gcc/dev/atmega2560/avr6\libatmega2560.a(eeupd_byte.o)
                0x0000822e                eeprom_update_byte
                0x00008230                eeprom_update_r18
 .text.avr-libc
                0x00008252        0x8 C:/Program Files (x86)/Atmel/Studio/7.0/Packs/atmel/ATmega_DFP/1.2.209/gcc/dev/atmega2560/avr6\libatmega2560.a(eeupd_word.o)
                0x00008252                eeprom_update_word
                0x0000825a                . = ALIGN (0x2)
 *(.fini9)
 .fini9         0x0000825a        0x0 c:/program files (x86)/atmel/studio/7.0/toolchain/avr8/avr8-gnu-toolchain/bin/../lib/gcc/avr/5.4.0/avr6\libgcc.a(_exit.o)
                0x0000825a                _exit
                0x0000825a                exit
 *(.fini9)
 *(.fini8)
 *(.fini8)
 *(.fini7)
 *(.fini7)
 *(.fini6)
 *(.fini6)
 *(.fini5)
 *(.fini5)
 *(.fini4)
 *(.fini4)
 *(.fini3)
 *(.fini3)
 *(.fini2)
 *(.fini2)
 *(.fini1)
 *(.fini1)
 *(.fini0)
 .fini0         0x0000825a        0x4 c:/program files (x86)/atmel/studio/7.0/toolchain/avr8/avr8-gnu-toolchain/bin/../lib/gcc/avr/5.4.0/avr6\libgcc.a(_exit.o)
 *(.fini0)
                0x0000825e                _etext = .

.data           0x00800200       0x28 load address 0x0000825e
                0x00800200                PROVIDE (__data_start, .)
 *(.data)
 *(.data*)
 .data.reg_Out  0x00800200       0x20 Midi.o
                0x00800200                reg_Out
 .data.midiLastProgram
                0x00800220        0x1 Midi.o
                0x00800220                midiLastProgram
 .data.midiLastInManual
                0x00800221        0x1 Midi.o
                0x00800221                midiLastInManual
 .data.midiLastInChannel
                0x00800222        0x1 Midi.o
                0x00800222                midiLastInChannel
 .data.midiLastInNote
                0x00800223        0x1 Midi.o
                0x00800223                midiLastInNote
 .data.midiLastOutManual
                0x00800224        0x1 Midi.o
                0x00800224                midiLastOutManual
 .data.midiLastOutNote
                0x00800225        0x1 Midi.o
                0x00800225                midiLastOutNote
 .data.midiDataByteExpected
                0x00800226        0x1 Midi.o
                0x00800226                midiDataByteExpected
 *(.gnu.linkonce.d*)
 *(.rodata)
 *(.rodata*)
 *(.gnu.linkonce.r*)
                0x00800228                . = ALIGN (0x2)
 *fill*         0x00800227        0x1 
                0x00800228                _edata = .
                0x00800228                PROVIDE (__data_end, .)

.bss            0x00800228     0x1724
                0x00800228                PROVIDE (__bss_start, .)
 *(.bss)
 *(.bss*)
 .bss.ee_initError
                0x00800228        0x1 ee_prom.o
                0x00800228                ee_initError
 .bss.adcNr     0x00800229        0x1 hwtimer.o
 .bss.regShowHW
                0x0080022a        0x1 main.o
                0x0080022a                regShowHW
 .bss.showText.3116
                0x0080022b        0x1 menu.o
 .bss.logEntryNr.3115
                0x0080022c        0x1 menu.o
 .bss.notOnOff.3074
                0x0080022d        0x1 menu.o
 .bss.maxManNote.3073
                0x0080022e        0x1 menu.o
 .bss.minManNote.3072
                0x0080022f        0x1 menu.o
 .bss.midiEEPromLoadError
                0x00800230        0x1 Midi.o
                0x00800230                midiEEPromLoadError
 .bss.midiRxActivceSensing
                0x00800231        0x1 Midi.o
                0x00800231                midiRxActivceSensing
 .bss.labelBuffer
                0x00800232       0x14 utils.o
 *(COMMON)
 COMMON         0x00800246        0xa ee_prom.o
                0x00800246                lcdData
 COMMON         0x00800250      0x12d hwtimer.o
                0x00800250                swTimer
                0x00800266                time_Uptime
                0x0080026a                pipe_PowerStatus
                0x0080026b                pipeProcessing
                0x0080026c                msecCtr
                0x0080026d                pipe_ModuleTested
                0x0080026e                pipe
                0x0080036e                adcKeys
                0x00800374                keyWants
                0x0080037a                pipe_Module
                0x0080037c                time_UpTimeUpdated
 COMMON         0x0080037d       0x54 lcd_u.o
                0x0080037d                lcd_cursorIsOn
                0x0080037e                lcd_buffer
                0x008003ce                lcd_saveCursorIsOn
                0x008003cf                lcd_cursorPos
                0x008003d0                lcd_displayingMessage
 COMMON         0x008003d1      0x1bd log.o
                0x008003d1                log_unreadErrors
                0x008003d2                Log_TextBuff
                0x008003fa                log_List
                0x0080058a                pLogEnd
                0x0080058c                pLogStart
 COMMON         0x0080058e        0x2 main.o
                0x0080058e                messageFromESP
                0x0080058f                menuNotActive
 COMMON         0x00800590       0x67 menu.o
                0x00800590                menuStackIndex
                0x00800591                menu_TestModuleErrorList
                0x00800595                menuVRegisters
                0x0080059d                dataType
                0x0080059e                nibbleIndex
                0x0080059f                menuVmanual
                0x008005a0                menuVmodule
                0x008005a1                pNibbleInfo
                0x008005a3                menuStack
                0x008005c3                menuManual
                0x008005c4                pMenuTopTitle
                0x008005c6                displayMessageArea
                0x008005c7                menuNote
                0x008005c8                nibbleCount
                0x008005c9                menuSection
                0x008005ca                dataEntry32
                0x008005ce                menu_TestModuleBitCounter
                0x008005cf                menuVmidiChan
                0x008005d0                menuVKombination
                0x008005d1                currentMenu
                0x008005d3                menuVkey
                0x008005d4                menuTestModuleBit
                0x008005d5                menuModVal
                0x008005d9                DataAdressOffset
                0x008005db                soft_KeyMenuIndex
                0x008005df                menuVsection
                0x008005e0                menuTestData
                0x008005e1                dataEntry
                0x008005e2                soft_KeyMenu
                0x008005ea                menu_TestModulePattern
                0x008005eb                menuVSoftKey
                0x008005ec                nibble
                0x008005f4                menuMidiChan
                0x008005f5                menuVMenuSoftKey
 COMMON         0x008005f7      0x227 message.o
                0x008005f7                msgOutIndex
                0x008005f8                pipeMessages
                0x008007f8                pipeMsgInIndex
                0x008007f9                msgOverflow
                0x008007fa                msgInIndex
                0x008007fb                messages
                0x0080081b                msgPipe_Handling
                0x0080081c                msgPipeOverflow
                0x0080081d                pipeMsgOutIndex
 COMMON         0x0080081e      0x3fb Midi.o
                0x0080081e                prog_Display
                0x0080081f                registerMap
                0x00800837                prog_UpdDisplay
                0x00800838                registerCount
                0x00800839                midi_Couplers
                0x00800845                midiDataByteCount
                0x00800846                ManualNoteRange
                0x0080084e                midiThrough
                0x00800850                midiInMap
                0x00800950                midiOutMap
                0x00800958                midi_Setting
                0x0080095b                midi_RegisterChanged
                0x0080095c                midi_ccReg
                0x00800960                manualMap
                0x00800990                programMap
                0x00800c10                midiDataByte
                0x00800c18                midiLastCommand
 COMMON         0x00800c19      0xcee serial.o
                0x00800c19                serUSBTxBuffer
                0x00801419                serUSBTxOutIndex
                0x0080141b                midiTxInIndex
                0x0080141c                serESPOvflFlag
                0x0080141d                serESPInBuffer
                0x00801425                serESPRxOutIndex
                0x00801427                midiRxOvfl
                0x00801428                midiTxOutIndex
                0x00801429                midiTxLastCmd
                0x0080142a                serESPRxInIndex
                0x0080142c                midiTxOvfl
                0x0080142d                serUSBRxBuffer
                0x0080146d                midiRxBuffer
                0x0080156d                midiRxBuffUsage
                0x0080156e                midiTxBuffer
                0x0080166e                serESPTxOutIndex
                0x00801670                midiRxInIndex
                0x00801671                serESPTxInIndex
                0x00801673                serUSBRxOutIndex
                0x00801675                serUSBOvflFlag
                0x00801676                midiTxBuffUsage
                0x00801677                serESPMidiTmp
                0x0080167a                serESP_Active
                0x0080167b                midiRxOvflCount
                0x0080167c                midiTxBytesCount
                0x0080167e                serUSB_Active
                0x0080167f                midiRxOutIndex
                0x00801680                serUSBRxInIndex
                0x00801682                midiTxOvflCount
                0x00801683                serESPRxBuffer
                0x00801703                serESPTxBuffer
                0x00801903                serUSBTxInIndex
                0x00801905                midiRxBytesCount
 COMMON         0x00801907       0x45 utils.o
                0x00801907                editByte
                0x00801908                editLong
                0x0080190c                string_Buf
                0x0080194c                PROVIDE (__bss_end, .)
                0x0000825e                __data_load_start = LOADADDR (.data)
                0x00008286                __data_load_end = (__data_load_start + SIZEOF (.data))

.noinit         0x0080194c        0x0
                [!provide]                PROVIDE (__noinit_start, .)
 *(.noinit*)
                [!provide]                PROVIDE (__noinit_end, .)
                0x0080194c                _end = .
                [!provide]                PROVIDE (__heap_start, .)

.eeprom         0x00810000     0x1000
 *(.eeprom*)
 .eeprom        0x00810000     0x1000 ee_prom.o
                0x00810000                ee
                0x00811000                __eeprom_end = .

.fuse
 *(.fuse)
 *(.lfuse)
 *(.hfuse)
 *(.efuse)

.lock
 *(.lock*)

.signature
 *(.signature*)

.user_signatures
 *(.user_signatures*)

.stab
 *(.stab)

.stabstr
 *(.stabstr)

.stab.excl
 *(.stab.excl)

.stab.exclstr
 *(.stab.exclstr)

.stab.index
 *(.stab.index)

.stab.indexstr
 *(.stab.indexstr)

.comment        0x00000000       0x30
 *(.comment)
 .comment       0x00000000       0x30 ee_prom.o
                                 0x31 (size before relaxing)
 .comment       0x00000030       0x31 hwtimer.o
 .comment       0x00000030       0x31 initio.o
 .comment       0x00000030       0x31 lcd_u.o
 .comment       0x00000030       0x31 log.o
 .comment       0x00000030       0x31 main.o
 .comment       0x00000030       0x31 menu.o
 .comment       0x00000030       0x31 message.o
 .comment       0x00000030       0x31 Midi.o
 .comment       0x00000030       0x31 serial.o
 .comment       0x00000030       0x31 utils.o

.note.gnu.avr.deviceinfo
                0x00000000       0x40
 .note.gnu.avr.deviceinfo
                0x00000000       0x40 C:/Program Files (x86)/Atmel/Studio/7.0/Packs/atmel/ATmega_DFP/1.2.209/gcc/dev/atmega2560/avr6/crtatmega2560.o

.note.gnu.build-id
 *(.note.gnu.build-id)

.debug
 *(.debug)

.line
 *(.line)

.debug_srcinfo
 *(.debug_srcinfo)

.debug_sfnames
 *(.debug_sfnames)

.debug_aranges  0x00000000      0xba8
 *(.debug_aranges)
 .debug_aranges
                0x00000000      0x110 ee_prom.o
 .debug_aranges
                0x00000110       0x90 hwtimer.o
 .debug_aranges
                0x000001a0       0x20 initio.o
 .debug_aranges
                0x000001c0       0xa8 lcd_u.o
 .debug_aranges
                0x00000268       0x70 log.o
 .debug_aranges
                0x000002d8       0x20 main.o
 .debug_aranges
                0x000002f8      0x3e0 menu.o
 .debug_aranges
                0x000006d8       0x60 message.o
 .debug_aranges
                0x00000738      0x198 Midi.o
 .debug_aranges
                0x000008d0       0xf8 serial.o
 .debug_aranges
                0x000009c8      0x120 utils.o
 .debug_aranges
                0x00000ae8       0x20 C:/Program Files (x86)/Atmel/Studio/7.0/Packs/atmel/ATmega_DFP/1.2.209/gcc/dev/atmega2560/avr6\libatmega2560.a(eerd_block.o)
 .debug_aranges
                0x00000b08       0x20 C:/Program Files (x86)/Atmel/Studio/7.0/Packs/atmel/ATmega_DFP/1.2.209/gcc/dev/atmega2560/avr6\libatmega2560.a(eerd_byte.o)
 .debug_aranges
                0x00000b28       0x20 C:/Program Files (x86)/Atmel/Studio/7.0/Packs/atmel/ATmega_DFP/1.2.209/gcc/dev/atmega2560/avr6\libatmega2560.a(eerd_word.o)
 .debug_aranges
                0x00000b48       0x20 C:/Program Files (x86)/Atmel/Studio/7.0/Packs/atmel/ATmega_DFP/1.2.209/gcc/dev/atmega2560/avr6\libatmega2560.a(eeupd_block.o)
 .debug_aranges
                0x00000b68       0x20 C:/Program Files (x86)/Atmel/Studio/7.0/Packs/atmel/ATmega_DFP/1.2.209/gcc/dev/atmega2560/avr6\libatmega2560.a(eeupd_byte.o)
 .debug_aranges
                0x00000b88       0x20 C:/Program Files (x86)/Atmel/Studio/7.0/Packs/atmel/ATmega_DFP/1.2.209/gcc/dev/atmega2560/avr6\libatmega2560.a(eeupd_word.o)

.debug_pubnames
 *(.debug_pubnames)

.debug_info     0x00000000     0xfd50
 *(.debug_info .gnu.linkonce.wi.*)
 .debug_info    0x00000000      0xbbc C:/Program Files (x86)/Atmel/Studio/7.0/Packs/atmel/ATmega_DFP/1.2.209/gcc/dev/atmega2560/avr6/crtatmega2560.o
 .debug_info    0x00000bbc     0x1cac ee_prom.o
 .debug_info    0x00002868      0xfa5 hwtimer.o
 .debug_info    0x0000380d       0x83 initio.o
 .debug_info    0x00003890      0xed4 lcd_u.o
 .debug_info    0x00004764      0x720 log.o
 .debug_info    0x00004e84     0x12be main.o
 .debug_info    0x00006142     0x5037 menu.o
 .debug_info    0x0000b179      0x43b message.o
 .debug_info    0x0000b5b4     0x23ad Midi.o
 .debug_info    0x0000d961     0x111b serial.o
 .debug_info    0x0000ea7c      0xec7 utils.o
 .debug_info    0x0000f943       0xad C:/Program Files (x86)/Atmel/Studio/7.0/Packs/atmel/ATmega_DFP/1.2.209/gcc/dev/atmega2560/avr6\libatmega2560.a(eerd_block.o)
 .debug_info    0x0000f9f0       0xac C:/Program Files (x86)/Atmel/Studio/7.0/Packs/atmel/ATmega_DFP/1.2.209/gcc/dev/atmega2560/avr6\libatmega2560.a(eerd_byte.o)
 .debug_info    0x0000fa9c       0xac C:/Program Files (x86)/Atmel/Studio/7.0/Packs/atmel/ATmega_DFP/1.2.209/gcc/dev/atmega2560/avr6\libatmega2560.a(eerd_word.o)
 .debug_info    0x0000fb48       0xae C:/Program Files (x86)/Atmel/Studio/7.0/Packs/atmel/ATmega_DFP/1.2.209/gcc/dev/atmega2560/avr6\libatmega2560.a(eeupd_block.o)
 .debug_info    0x0000fbf6       0xad C:/Program Files (x86)/Atmel/Studio/7.0/Packs/atmel/ATmega_DFP/1.2.209/gcc/dev/atmega2560/avr6\libatmega2560.a(eeupd_byte.o)
 .debug_info    0x0000fca3       0xad C:/Program Files (x86)/Atmel/Studio/7.0/Packs/atmel/ATmega_DFP/1.2.209/gcc/dev/atmega2560/avr6\libatmega2560.a(eeupd_word.o)

.debug_abbrev   0x00000000     0x2711
 *(.debug_abbrev)
 .debug_abbrev  0x00000000      0xb1a C:/Program Files (x86)/Atmel/Studio/7.0/Packs/atmel/ATmega_DFP/1.2.209/gcc/dev/atmega2560/avr6/crtatmega2560.o
 .debug_abbrev  0x00000b1a      0x28e ee_prom.o
 .debug_abbrev  0x00000da8      0x373 hwtimer.o
 .debug_abbrev  0x0000111b       0x51 initio.o
 .debug_abbrev  0x0000116c      0x326 lcd_u.o
 .debug_abbrev  0x00001492      0x1d6 log.o
 .debug_abbrev  0x00001668      0x212 main.o
 .debug_abbrev  0x0000187a      0x346 menu.o
 .debug_abbrev  0x00001bc0      0x1c2 message.o
 .debug_abbrev  0x00001d82      0x364 Midi.o
 .debug_abbrev  0x000020e6      0x31d serial.o
 .debug_abbrev  0x00002403      0x296 utils.o
 .debug_abbrev  0x00002699       0x14 C:/Program Files (x86)/Atmel/Studio/7.0/Packs/atmel/ATmega_DFP/1.2.209/gcc/dev/atmega2560/avr6\libatmega2560.a(eerd_block.o)
 .debug_abbrev  0x000026ad       0x14 C:/Program Files (x86)/Atmel/Studio/7.0/Packs/atmel/ATmega_DFP/1.2.209/gcc/dev/atmega2560/avr6\libatmega2560.a(eerd_byte.o)
 .debug_abbrev  0x000026c1       0x14 C:/Program Files (x86)/Atmel/Studio/7.0/Packs/atmel/ATmega_DFP/1.2.209/gcc/dev/atmega2560/avr6\libatmega2560.a(eerd_word.o)
 .debug_abbrev  0x000026d5       0x14 C:/Program Files (x86)/Atmel/Studio/7.0/Packs/atmel/ATmega_DFP/1.2.209/gcc/dev/atmega2560/avr6\libatmega2560.a(eeupd_block.o)
 .debug_abbrev  0x000026e9       0x14 C:/Program Files (x86)/Atmel/Studio/7.0/Packs/atmel/ATmega_DFP/1.2.209/gcc/dev/atmega2560/avr6\libatmega2560.a(eeupd_byte.o)
 .debug_abbrev  0x000026fd       0x14 C:/Program Files (x86)/Atmel/Studio/7.0/Packs/atmel/ATmega_DFP/1.2.209/gcc/dev/atmega2560/avr6\libatmega2560.a(eeupd_word.o)

.debug_line     0x00000000     0x92a4
 *(.debug_line .debug_line.* .debug_line_end)
 .debug_line    0x00000000      0x1f9 C:/Program Files (x86)/Atmel/Studio/7.0/Packs/atmel/ATmega_DFP/1.2.209/gcc/dev/atmega2560/avr6/crtatmega2560.o
 .debug_line    0x000001f9      0x91c ee_prom.o
 .debug_line    0x00000b15      0xce2 hwtimer.o
 .debug_line    0x000017f7       0xf5 initio.o
 .debug_line    0x000018ec      0x7ee lcd_u.o
 .debug_line    0x000020da      0x41d log.o
 .debug_line    0x000024f7      0x995 main.o
 .debug_line    0x00002e8c     0x2e81 menu.o
 .debug_line    0x00005d0d      0x347 message.o
 .debug_line    0x00006054     0x1784 Midi.o
 .debug_line    0x000077d8      0xb1e serial.o
 .debug_line    0x000082f6      0xc65 utils.o
 .debug_line    0x00008f5b       0xab C:/Program Files (x86)/Atmel/Studio/7.0/Packs/atmel/ATmega_DFP/1.2.209/gcc/dev/atmega2560/avr6\libatmega2560.a(eerd_block.o)
 .debug_line    0x00009006       0x7a C:/Program Files (x86)/Atmel/Studio/7.0/Packs/atmel/ATmega_DFP/1.2.209/gcc/dev/atmega2560/avr6\libatmega2560.a(eerd_byte.o)
 .debug_line    0x00009080       0x67 C:/Program Files (x86)/Atmel/Studio/7.0/Packs/atmel/ATmega_DFP/1.2.209/gcc/dev/atmega2560/avr6\libatmega2560.a(eerd_word.o)
 .debug_line    0x000090e7       0xa5 C:/Program Files (x86)/Atmel/Studio/7.0/Packs/atmel/ATmega_DFP/1.2.209/gcc/dev/atmega2560/avr6\libatmega2560.a(eeupd_block.o)
 .debug_line    0x0000918c       0xb6 C:/Program Files (x86)/Atmel/Studio/7.0/Packs/atmel/ATmega_DFP/1.2.209/gcc/dev/atmega2560/avr6\libatmega2560.a(eeupd_byte.o)
 .debug_line    0x00009242       0x62 C:/Program Files (x86)/Atmel/Studio/7.0/Packs/atmel/ATmega_DFP/1.2.209/gcc/dev/atmega2560/avr6\libatmega2560.a(eeupd_word.o)

.debug_frame    0x00000000     0x1cbc
 *(.debug_frame)
 .debug_frame   0x00000000      0x37c ee_prom.o
 .debug_frame   0x0000037c      0x168 hwtimer.o
 .debug_frame   0x000004e4       0x24 initio.o
 .debug_frame   0x00000508      0x1d0 lcd_u.o
 .debug_frame   0x000006d8       0xec log.o
 .debug_frame   0x000007c4       0x24 main.o
 .debug_frame   0x000007e8      0x96c menu.o
 .debug_frame   0x00001154       0xa4 message.o
 .debug_frame   0x000011f8      0x4bc Midi.o
 .debug_frame   0x000016b4      0x354 serial.o
 .debug_frame   0x00001a08      0x2b4 utils.o

.debug_str      0x00000000     0x36a2
 *(.debug_str)
 .debug_str     0x00000000      0x3e6 C:/Program Files (x86)/Atmel/Studio/7.0/Packs/atmel/ATmega_DFP/1.2.209/gcc/dev/atmega2560/avr6/crtatmega2560.o
 .debug_str     0x000003e6      0x82b ee_prom.o
                                0x8af (size before relaxing)
 .debug_str     0x00000c11      0x441 hwtimer.o
                                0x612 (size before relaxing)
 .debug_str     0x00001052       0x1a initio.o
                                0x179 (size before relaxing)
 .debug_str     0x0000106c      0x299 lcd_u.o
                                0x4b7 (size before relaxing)
 .debug_str     0x00001305      0x1ec log.o
                                0x399 (size before relaxing)
 .debug_str     0x000014f1      0x55e main.o
                                0x964 (size before relaxing)
 .debug_str     0x00001a4f     0x146c menu.o
                               0x1d6a (size before relaxing)
 .debug_str     0x00002ebb       0x9a message.o
                                0x2d7 (size before relaxing)
 .debug_str     0x00002f55      0x3b8 Midi.o
                                0xccf (size before relaxing)
 .debug_str     0x0000330d      0x268 serial.o
                                0x743 (size before relaxing)
 .debug_str     0x00003575      0x12d utils.o
                                0x5b4 (size before relaxing)

.debug_loc      0x00000000     0x9f2b
 *(.debug_loc)
 .debug_loc     0x00000000      0xc7c ee_prom.o
 .debug_loc     0x00000c7c      0xc67 hwtimer.o
 .debug_loc     0x000018e3      0xd27 lcd_u.o
 .debug_loc     0x0000260a      0x669 log.o
 .debug_loc     0x00002c73      0x516 main.o
 .debug_loc     0x00003189     0x2c86 menu.o
 .debug_loc     0x00005e0f      0x18f message.o
 .debug_loc     0x00005f9e     0x1b77 Midi.o
 .debug_loc     0x00007b15      0xf11 serial.o
 .debug_loc     0x00008a26     0x1505 utils.o

.debug_macinfo
 *(.debug_macinfo)

.debug_weaknames
 *(.debug_weaknames)

.debug_funcnames
 *(.debug_funcnames)

.debug_typenames
 *(.debug_typenames)

.debug_varnames
 *(.debug_varnames)

.debug_pubtypes
 *(.debug_pubtypes)

.debug_ranges   0x00000000      0xf60
 *(.debug_ranges)
 .debug_ranges  0x00000000      0x100 ee_prom.o
 .debug_ranges  0x00000100       0xf8 hwtimer.o
 .debug_ranges  0x000001f8       0x10 initio.o
 .debug_ranges  0x00000208       0xe0 lcd_u.o
 .debug_ranges  0x000002e8       0x90 log.o
 .debug_ranges  0x00000378       0x28 main.o
 .debug_ranges  0x000003a0      0x510 menu.o
 .debug_ranges  0x000008b0       0x50 message.o
 .debug_ranges  0x00000900      0x3c0 Midi.o
 .debug_ranges  0x00000cc0      0x118 serial.o
 .debug_ranges  0x00000dd8      0x188 utils.o

.debug_macro
 *(.debug_macro)
OUTPUT(Pipe1.elf elf32-avr)
LOAD linker stubs
