Archive member included to satisfy reference by file (symbol)

c:/program files (x86)/atmel/studio/7.0/toolchain/avr8/avr8-gnu-toolchain/bin/../lib/gcc/avr/5.4.0/avr6\libgcc.a(_exit.o)
                              C:/Program Files (x86)/Atmel/Studio/7.0/Packs/atmel/ATmega_DFP/1.2.209/gcc/dev/atmega2560/avr6/crtatmega2560.o (exit)
c:/program files (x86)/atmel/studio/7.0/toolchain/avr8/avr8-gnu-toolchain/bin/../lib/gcc/avr/5.4.0/avr6\libgcc.a(_tablejump2.o)
                              menu.o (__tablejump2__)
c:/program files (x86)/atmel/studio/7.0/toolchain/avr8/avr8-gnu-toolchain/bin/../lib/gcc/avr/5.4.0/avr6\libgcc.a(_copy_data.o)
                              Midi.o (__do_copy_data)
c:/program files (x86)/atmel/studio/7.0/toolchain/avr8/avr8-gnu-toolchain/bin/../lib/gcc/avr/5.4.0/avr6\libgcc.a(_clear_bss.o)
                              ee_prom.o (__do_clear_bss)
C:/Program Files (x86)/Atmel/Studio/7.0/Packs/atmel/ATmega_DFP/1.2.209/gcc/dev/atmega2560/avr6\libatmega2560.a(eerd_block.o)
                              ee_prom.o (eeprom_read_block)
C:/Program Files (x86)/Atmel/Studio/7.0/Packs/atmel/ATmega_DFP/1.2.209/gcc/dev/atmega2560/avr6\libatmega2560.a(eerd_byte.o)
                              ee_prom.o (eeprom_read_byte)
C:/Program Files (x86)/Atmel/Studio/7.0/Packs/atmel/ATmega_DFP/1.2.209/gcc/dev/atmega2560/avr6\libatmega2560.a(eerd_word.o)
                              ee_prom.o (eeprom_read_word)
C:/Program Files (x86)/Atmel/Studio/7.0/Packs/atmel/ATmega_DFP/1.2.209/gcc/dev/atmega2560/avr6\libatmega2560.a(eeupd_block.o)
                              ee_prom.o (eeprom_update_block)
C:/Program Files (x86)/Atmel/Studio/7.0/Packs/atmel/ATmega_DFP/1.2.209/gcc/dev/atmega2560/avr6\libatmega2560.a(eeupd_byte.o)
                              ee_prom.o (eeprom_update_byte)
C:/Program Files (x86)/Atmel/Studio/7.0/Packs/atmel/ATmega_DFP/1.2.209/gcc/dev/atmega2560/avr6\libatmega2560.a(eeupd_word.o)
                              ee_prom.o (eeprom_update_word)

Allocating common symbols
Common symbol       size              file

serUSBTxBuffer      0x800             serial.o
serUSBTxOutIndex    0x2               serial.o
menuStackIndex      0x1               menu.o
menu_TestModuleErrorList
                    0x4               menu.o
log_unreadErrors    0x1               log.o
menuVRegisters      0x8               menu.o
Log_TextBuff        0x28              log.o
msgOutIndex         0x1               message.o
prog_Display        0x1               Midi.o
midiTxInIndex       0x1               serial.o
serESPOvflFlag      0x1               serial.o
dataType            0x1               menu.o
nibbleIndex         0x1               menu.o
swTimer             0x14              hwtimer.o
menuVmanual         0x1               menu.o
serESPInBuffer      0x8               serial.o
time_Uptime         0x4               hwtimer.o
serESPRxOutIndex    0x2               serial.o
pipeMessages        0x200             message.o
menuVmodule         0x1               menu.o
midiRxOvfl          0x1               serial.o
pNibbleInfo         0x2               menu.o
midiTxOutIndex      0x1               serial.o
menuStack           0x20              menu.o
midiTxLastCmd       0x1               serial.o
pipeMsgInIndex      0x1               message.o
serESPRxInIndex     0x2               serial.o
midiTxOvfl          0x1               serial.o
registerMap         0x18              Midi.o
menuManual          0x1               menu.o
serUSBRxBuffer      0x40              serial.o
pipe_PowerStatus    0x1               hwtimer.o
pipeProcessing      0x1               hwtimer.o
prog_UpdDisplay     0x1               Midi.o
midiRxBuffer        0x100             serial.o
midiRxBuffUsage     0x1               serial.o
msecCtr             0x1               hwtimer.o
midiTxBuffer        0x100             serial.o
lcd_cursorIsOn      0x1               lcd_u.o
log_List            0x190             log.o
editByte            0x1               utils.o
pMenuTopTitle       0x2               menu.o
pipe_ModuleTested   0x1               hwtimer.o
displayMessageArea  0x1               menu.o
lcd_buffer          0x50              lcd_u.o
serESPTxOutIndex    0x2               serial.o
messageFromESP      0x1               main.o
menuNote            0x1               menu.o
pipe                0x100             hwtimer.o
midiRxInIndex       0x1               serial.o
registerCount       0x1               Midi.o
serESPTxInIndex     0x2               serial.o
nibbleCount         0x1               menu.o
menuSection         0x1               menu.o
midi_Couplers       0xc               Midi.o
msgOverflow         0x1               message.o
dataEntry32         0x4               menu.o
pLogEnd             0x2               log.o
menu_TestModuleBitCounter
                    0x1               menu.o
menuVmidiChan       0x1               menu.o
midiDataByteCount   0x1               Midi.o
menuVKombination    0x1               menu.o
[...]
Memory Configuration

Name             Origin             Length             Attributes
text             0x00000000         0x00100000         xr
data             0x00800200         0x0000fe00         rw !x
eeprom           0x00810000         0x00010000         rw !x
fuse             0x00820000         0x00000003         rw !x
lock             0x00830000         0x00000400         rw !x
signature        0x00840000         0x00000400         rw !x
user_signatures  0x00850000         0x00000400         rw !x
*default*        0x00000000         0xffffffff

Linker script and memory map

Address of section .data set to 0x800200
LOAD C:/Program Files (x86)/Atmel/Studio/7.0/Packs/atmel/ATmega_DFP/1.2.209/gcc/dev/atmega2560/avr6/crtatmega2560.o
LOAD ee_prom.o
LOAD hwtimer.o
LOAD initio.o
LOAD lcd_u.o
LOAD log.o
LOAD main.o
LOAD menu.o
LOAD message.o
LOAD Midi.o
LOAD serial.o
LOAD utils.o
START GROUP
LOAD c:/program files (x86)/atmel/studio/7.0/toolchain/avr8/avr8-gnu-toolchain/bin/../lib/gcc/avr/5.4.0/../../../../avr/lib/avr6\libm.a
END GROUP
START GROUP
LOAD c:/program files (x86)/atmel/studio/7.0/toolchain/avr8/avr8-gnu-toolchain/bin/../lib/gcc/avr/5.4.0/avr6\libgcc.a
LOAD c:/program files (x86)/atmel/studio/7.0/toolchain/avr8/avr8-gnu-toolchain/bin/../lib/gcc/avr/5.4.0/../../../../avr/lib/avr6\libm.a
LOAD c:/program files (x86)/atmel/studio/7.0/toolchain/avr8/avr8-gnu-toolchain/bin/../lib/gcc/avr/5.4.0/../../../../avr/lib/avr6\libc.a
LOAD C:/Program Files (x86)/Atmel/Studio/7.0/Packs/atmel/ATmega_DFP/1.2.209/gcc/dev/atmega2560/avr6\libatmega2560.a
END GROUP
                0x00100000                __TEXT_REGION_LENGTH__ = DEFINED (__TEXT_REGION_LENGTH__)?__TEXT_REGION_LENGTH__:0x100000
                0x0000fe00                __DATA_REGION_LENGTH__ = DEFINED (__DATA_REGION_LENGTH__)?__DATA_REGION_LENGTH__:0xfe00
                0x00010000                __EEPROM_REGION_LENGTH__ = DEFINED (__EEPROM_REGION_LENGTH__)?__EEPROM_REGION_LENGTH__:0x10000
                [0x00000003]                __FUSE_REGION_LENGTH__ = DEFINED (__FUSE_REGION_LENGTH__)?__FUSE_REGION_LENGTH__:0x400
                0x00000400                __LOCK_REGION_LENGTH__ = DEFINED (__LOCK_REGION_LENGTH__)?__LOCK_REGION_LENGTH__:0x400
                0x00000400                __SIGNATURE_REGION_LENGTH__ = DEFINED (__SIGNATURE_REGION_LENGTH__)?__SIGNATURE_REGION_LENGTH__:0x400
                0x00000400                __USER_SIGNATURE_REGION_LENGTH__ = DEFINED (__USER_SIGNATURE_REGION_LENGTH__)?__USER_SIGNATURE_REGION_LENGTH__:0x400

.hash
 *(.hash)

.dynsym
 *(.dynsym)

.dynstr
 *(.dynstr)

.gnu.version
 *(.gnu.version)

.gnu.version_d
 *(.gnu.version_d)

.gnu.version_r
 *(.gnu.version_r)

.rel.init
 *(.rel.init)

.rela.init
 *(.rela.init)

.rel.text
 *(.rel.text)
 *(.rel.text.*)
 *(.rel.gnu.linkonce.t*)

.rela.text
 *(.rela.text)
 *(.rela.text.*)
 *(.rela.gnu.linkonce.t*)

.rel.fini
 *(.rel.fini)

.rela.fini
 *(.rela.fini)

.rel.rodata
 *(.rel.rodata)
 *(.rel.rodata.*)
 *(.rel.gnu.linkonce.r*)

.rela.rodata
 *(.rela.rodata)
 *(.rela.rodata.*)
 *(.rela.gnu.linkonce.r*)

.rel.data
 *(.rel.data)
 *(.rel.data.*)
 *(.rel.gnu.linkonce.d*)

.rela.data
 *(.rela.data)
 *(.rela.data.*)
 *(.rela.gnu.linkonce.d*)

.rel.ctors
 *(.rel.ctors)

.rela.ctors
 *(.rela.ctors)

.rel.dtors
 *(.rel.dtors)

.rela.dtors
 *(.rela.dtors)

.rel.got
 *(.rel.got)

.rela.got
 *(.rela.got)

.rel.bss
 *(.rel.bss)

.rela.bss
 *(.rela.bss)

.rel.plt
 *(.rel.plt)

.rela.plt
 *(.rela.plt)

.text           0x00000000     0x7fae
 *(.vectors)
 .vectors       0x00000000       0xe4 C:/Program Files (x86)/Atmel/Studio/7.0/Packs/atmel/ATmega_DFP/1.2.209/gcc/dev/atmega2560/avr6/crtatmega2560.o
                0x00000000                __vector_default
                0x00000000                __vectors
 *(.vectors)
 *(.progmem.gcc*)
 .progmem.gcc_sw_table.dataToNibbles
                0x000000e4       0x1a menu.o
 .progmem.gcc_sw_table.nibbleToLCDstring
                0x000000fe       0x1a menu.o
 .progmem.gcc_sw_table.nibbleChange
                0x00000118       0x1a menu.o
 .progmem.gcc_sw_table.nibbleToData
                0x00000132       0x1a menu.o
 .progmem.gcc_sw_table.lcd_noteOut
                0x0000014c       0x18 utils.o
                0x00000164                . = ALIGN (0x2)
                0x00000164                __trampolines_start = .
 *(.trampolines)
 .trampolines   0x00000164        0x0 linker stubs
 *(.trampolines*)
                0x00000164                __trampolines_end = .
 *libprintf_flt.a:*(.progmem.data)
 *libc.a:*(.progmem.data)
 *(.progmem*)
 .progmem.data.cgPattern_RegOnOn
                0x00000164        0x8 lcd_u.o
                0x00000164                cgPattern_RegOnOn
 .progmem.data.cgPattern_RegOnOff
                0x0000016c        0x8 lcd_u.o
                0x0000016c                cgPattern_RegOnOff
 .progmem.data.cgPattern_RegOffOn
                0x00000174        0x8 lcd_u.o
                0x00000174                cgPattern_RegOffOn
 .progmem.data.cgPattern_RegOffOff
                0x0000017c        0x8 lcd_u.o
                0x0000017c                cgPattern_RegOffOff
 .progmem.data.cgPattern_RegOn
                0x00000184        0x8 lcd_u.o
                0x00000184                cgPattern_RegOn
 .progmem.data.cgPattern_RegOff
                0x0000018c        0x8 lcd_u.o
                0x0000018c                cgPattern_RegOff
 .progmem.data.cgPattern_Down
                0x00000194        0x8 lcd_u.o
                0x00000194                cgPattern_Down
 .progmem.data.cgPattern_Up
                0x0000019c        0x8 lcd_u.o
                0x0000019c                cgPattern_Up
 .progmem.data.stringLog
                0x000001a4        0x6 log.o
                0x000001a4                stringLog
 .progmem.data.ErrorText
                0x000001aa      0x132 log.o
                0x000001aa                ErrorText
 .progmem.data.panicString
                0x000002dc        0x9 main.o
                0x000002dc                panicString
 .progmem.data.releaseKeyString
                0x000002e5       0x12 main.o
                0x000002e5                releaseKeyString
 .progmem.data.prog_name
                0x000002f7        0xf main.o
                0x000002f7                prog_name
 .progmem.data.usbHWnone
                0x00000306        0x5 menu.o
                0x00000306                usbHWnone
 .progmem.data.usbHWmidiThru
                0x0000030b        0xc menu.o
                0x0000030b                usbHWmidiThru
 .progmem.data.usbHWmidiOut
                0x00000317        0xa menu.o
                0x00000317                usbHWmidiOut
 .progmem.data.usbHWmidiIn
                0x00000321        0x9 menu.o
                0x00000321                usbHWmidiIn
 .progmem.data.usbHWmidichanSW
                0x0000032a       0x22 menu.o
                0x0000032a                usbHWmidichanSW
 .progmem.data.usbHWBits
                0x0000034c        0x8 menu.o
                0x0000034c                usbHWBits
 .progmem.data.usbHWmodule
                0x00000354        0x8 menu.o
                0x00000354                usbHWmodule
 .progmem.data.usbHWempty
                0x0000035c        0x6 menu.o
                0x0000035c                usbHWempty
 .progmem.data.usbHWRegister
                0x00000362        0xc menu.o
                0x00000362                usbHWRegister
 .progmem.data.usbHWRange
                0x0000036e        0x7 menu.o
                0x0000036e                usbHWRange
 .progmem.data.usbHWManual
                0x00000375        0x9 menu.o
                0x00000375                usbHWManual
 .progmem.data.usbHWmodulCheck
                0x0000037e       0x12 menu.o
                0x0000037e                usbHWmodulCheck
 .progmem.data.usbHWmodulInst
                0x00000390       0x13 menu.o
                0x00000390                usbHWmodulInst
 .progmem.data.usbHWtitel
                0x000003a3       0x19 menu.o
                0x000003a3                usbHWtitel
 .progmem.data.HelloMsg
                0x000003bc       0x19 menu.o
                0x000003bc                HelloMsg
 .progmem.data.usbLog
                0x000003d5        0x6 menu.o
                0x000003d5                usbLog
 .progmem.data.usbEmpty
                0x000003db        0x8 menu.o
                0x000003db                usbEmpty
 .progmem.data.msg_programming1
                0x000003e3        0x8 menu.o
                0x000003e3                msg_programming1
 .progmem.data.logNone
                0x000003eb        0x7 menu.o
                0x000003eb                logNone
 .progmem.data.stringNotAssigen
                0x000003f2        0xb menu.o
                0x000003f2                stringNotAssigen
 .progmem.data.menuMessageE
                0x000003fd        0x3 menu.o
                0x000003fd                menuMessageE
 .progmem.data.menuMessageOK
                0x00000400        0x4 menu.o
                0x00000400                menuMessageOK
 .progmem.data.menuMessageAbort
                0x00000404        0x6 menu.o
                0x00000404                menuMessageAbort
 .progmem.data.menuMessageMIDIpanic
                0x0000040a        0xf menu.o
                0x0000040a                menuMessageMIDIpanic
 .progmem.data.messageRegisterMan
                0x00000419        0x2 menu.o
                0x00000419                messageRegisterMan
 .progmem.data.messageLoaded
                0x0000041b        0x5 menu.o
                0x0000041b                messageLoaded
 .progmem.data.messageSaved
                0x00000420        0x8 menu.o
                0x00000420                messageSaved
 .progmem.data.MenuMIDIOutText
                0x00000428        0x5 menu.o
                0x00000428                MenuMIDIOutText
 .progmem.data.MenuMIDIInText
                0x0000042d        0x4 menu.o
                0x0000042d                MenuMIDIInText
 .progmem.data.initMenuText
                0x00000431        0xa menu.o
                0x00000431                initMenuText
 .progmem.data.nibbleInfo
                0x0000043b       0x87 menu.o
                0x0000043b                nibbleInfo
 .progmem.data.menu_selFunc
                0x000004c2      0x244 menu.o
                0x000004c2                menu_selFunc
 .progmem.data.shortKeyTextRegOff
                0x00000706        0xa menu.o
                0x00000706                shortKeyTextRegOff
 .progmem.data.shortKeyTextPRS
                0x00000710        0xa menu.o
                0x00000710                shortKeyTextPRS
 .progmem.data.shortKeyTextPBD
                0x0000071a        0xa menu.o
                0x0000071a                shortKeyTextPBD
 .progmem.data.shortKeyTextPBI
                0x00000724        0xa menu.o
                0x00000724                shortKeyTextPBI
 .progmem.data.shortKeyTextPRD
                0x0000072e        0xa menu.o
                0x0000072e                shortKeyTextPRD
 .progmem.data.shortKeyTextPRI
                0x00000738        0xa menu.o
                0x00000738                shortKeyTextPRI
 .progmem.data.shortKeyTextPRM
                0x00000742        0xa menu.o
                0x00000742                shortKeyTextPRM
 .progmem.data.shortKeyTextPRP
                0x0000074c        0xa menu.o
                0x0000074c                shortKeyTextPRP
 .progmem.data.shortKeyTextK4A
                0x00000756        0xa menu.o
                0x00000756                shortKeyTextK4A
 .progmem.data.shortKeyTextK3A
                0x00000760        0xa menu.o
                0x00000760                shortKeyTextK3A
 .progmem.data.shortKeyTextK2A
                0x0000076a        0xa menu.o
                0x0000076a                shortKeyTextK2A
 .progmem.data.shortKeyTextK1A
                0x00000774        0xa menu.o
                0x00000774                shortKeyTextK1A
 .progmem.data.shortKeyTextCpl1P
                0x0000077e        0xa menu.o
                0x0000077e                shortKeyTextCpl1P
 .progmem.data.shortKeyTextCpl2P
                0x00000788        0xa menu.o
                0x00000788                shortKeyTextCpl2P
 .progmem.data.shortKeyTextCpl21
                0x00000792        0xa menu.o
                0x00000792                shortKeyTextCpl21
 .progmem.data.shortKeyTextCpl3P
                0x0000079c        0xa menu.o
                0x0000079c                shortKeyTextCpl3P
 .progmem.data.shortKeyTextCpl31
                0x000007a6        0xa menu.o
                0x000007a6                shortKeyTextCpl31
 .progmem.data.shortKeyTextCpl32
                0x000007b0        0xa menu.o
                0x000007b0                shortKeyTextCpl32
 .progmem.data.shortKeyTextCplP1
                0x000007ba        0xa menu.o
                0x000007ba                shortKeyTextCplP1
 .progmem.data.shortKeyTextCplP2
                0x000007c4        0xa menu.o
                0x000007c4                shortKeyTextCplP2
 .progmem.data.shortKeyTextCpl12
                0x000007ce        0xa menu.o
                0x000007ce                shortKeyTextCpl12
 .progmem.data.shortKeyTextCplP3
                0x000007d8        0xa menu.o
                0x000007d8                shortKeyTextCplP3
 .progmem.data.shortKeyTextCpl13
                0x000007e2        0xa menu.o
                0x000007e2                shortKeyTextCpl13
 .progmem.data.shortKeyTextCpl23
                0x000007ec        0xa menu.o
                0x000007ec                shortKeyTextCpl23
 .progmem.data.shortKeyTextMIDIoff
                0x000007f6        0xa menu.o
                0x000007f6                shortKeyTextMIDIoff
 .progmem.data.shortKeyTextSetup
                0x00000800        0xa menu.o
                0x00000800                shortKeyTextSetup
 .progmem.data.shortKeyTextStim
                0x0000080a        0xa menu.o
                0x0000080a                shortKeyTextStim
 .progmem.data.shortKeyTextMenu
                0x00000814        0xa menu.o
                0x00000814                shortKeyTextMenu
 .progmem.data.shortKeyTextNone
                0x0000081e        0xa menu.o
                0x0000081e                shortKeyTextNone
 .progmem.data.menu_main
                0x00000828       0x78 menu.o
                0x00000828                menu_main
 .progmem.data.menu_manual
                0x000008a0       0x28 menu.o
                0x000008a0                menu_manual
 .progmem.data.menu_register
                0x000008c8       0xdc menu.o
                0x000008c8                menu_register
 .progmem.data.menu_coupler
                0x000009a4       0xf0 menu.o
                0x000009a4                menu_coupler
 .progmem.data.menu_midi
                0x00000a94       0xdc menu.o
                0x00000a94                menu_midi
 .progmem.data.menu_midiIn
                0x00000b70      0x140 menu.o
                0x00000b70                menu_midiIn
 .progmem.data.menu_midiInSec
                0x00000cb0       0x50 menu.o
                0x00000cb0                menu_midiInSec
 .progmem.data.menu_midiInVar
                0x00000d00       0x50 menu.o
                0x00000d00                menu_midiInVar
 .progmem.data.menu_midiCCreg
                0x00000d50       0x50 menu.o
                0x00000d50                menu_midiCCreg
 .progmem.data.menu_key
                0x00000da0       0x50 menu.o
                0x00000da0                menu_key
 .progmem.data.menu_tune
                0x00000df0       0x50 menu.o
                0x00000df0                menu_tune
 .progmem.data.menu_midiOut
                0x00000e40       0xa0 menu.o
                0x00000e40                menu_midiOut
 .progmem.data.menu_setup
                0x00000ee0       0x64 menu.o
                0x00000ee0                menu_setup
 .progmem.data.menu_regout
                0x00000f44       0xa0 menu.o
                0x00000f44                menu_regout
 .progmem.data.menu_regoutSec
                0x00000fe4       0x50 menu.o
                0x00000fe4                menu_regoutSec
 .progmem.data.menu_eeprom
                0x00001034       0x3c menu.o
                0x00001034                menu_eeprom
 .progmem.data.menu_Power
                0x00001070       0x3c menu.o
                0x00001070                menu_Power
 .progmem.data.menu_module
                0x000010ac       0x64 menu.o
                0x000010ac                menu_module
 .progmem.data.menu_ModeSel
                0x00001110       0xa0 menu.o
                0x00001110                menu_ModeSel
 .progmem.data.menu_ModTestSelcted
                0x000011b0       0x50 menu.o
                0x000011b0                menu_ModTestSelcted
 .progmem.data.menu_modAssign
                0x00001200       0x64 menu.o
                0x00001200                menu_modAssign
 .progmem.data.menu_modSection8
                0x00001264       0xa0 menu.o
                0x00001264                menu_modSection8
 .progmem.data.menu_modSection
                0x00001304       0x50 menu.o
                0x00001304                menu_modSection
 .progmem.data.menu_modDefineReg
                0x00001354       0x3c menu.o
                0x00001354                menu_modDefineReg
 .progmem.data.menu_modDefine
                0x00001390       0x3c menu.o
                0x00001390                menu_modDefine
 .progmem.data.menu_status
                0x000013cc       0x50 menu.o
                0x000013cc                menu_status
 .progmem.data.menu_USBser
                0x0000141c       0x3c menu.o
                0x0000141c                menu_USBser
 .progmem.data.sw_version
                0x00001458        0x6 menu.o
                0x00001458                sw_version
 .progmem.data.cplInfo
                0x0000145e       0x18 Midi.o
                0x0000145e                cplInfo
 .progmem.data.keylabel_1
                0x00001476        0x2 utils.o
                0x00001476                keylabel_1
 .progmem.data.keylabel_0
                0x00001478        0x2 utils.o
                0x00001478                keylabel_0
 .progmem.data.keylabel_text
                0x0000147a        0x6 utils.o
                0x0000147a                keylabel_text
 .progmem.data.keylabel_exit
                0x00001480        0x5 utils.o
                0x00001480                keylabel_exit
 .progmem.data.keylabel_off
                0x00001485        0x5 utils.o
                0x00001485                keylabel_off
 .progmem.data.keylabel_on
                0x0000148a        0x5 utils.o
                0x0000148a                keylabel_on
 .progmem.data.keylabel_onoff
                0x0000148f        0x5 utils.o
                0x0000148f                keylabel_onoff
 .progmem.data.keylabel_minus
                0x00001494        0x2 utils.o
                0x00001494                keylabel_minus
 .progmem.data.keylabel_plus
                0x00001496        0x2 utils.o
                0x00001496                keylabel_plus
 .progmem.data.keylabel_left
                0x00001498        0x2 utils.o
                0x00001498                keylabel_left
 .progmem.data.keylabel_right
                0x0000149a        0x2 utils.o
                0x0000149a                keylabel_right
 .progmem.data.keylabel_down
                0x0000149c        0x2 utils.o
                0x0000149c                keylabel_down
 .progmem.data.keylabel_up
                0x0000149e        0x2 utils.o
                0x0000149e                keylabel_up
 .progmem.data.cr_lf
                0x000014a0        0x3 utils.o
                0x000014a0                cr_lf
                0x000014a4                . = ALIGN (0x2)
 *fill*         0x000014a3        0x1 
 *(.jumptables)
 *(.jumptables*)
 *(.lowtext)
 *(.lowtext*)
                0x000014a4                __ctors_start = .
 *(.ctors)
                0x000014a4                __ctors_end = .
                0x000014a4                __dtors_start = .
 *(.dtors)
                0x000014a4                __dtors_end = .
 SORT(*)(.ctors)
 SORT(*)(.dtors)
 *(.init0)
 .init0         0x000014a4        0x0 C:/Program Files (x86)/Atmel/Studio/7.0/Packs/atmel/ATmega_DFP/1.2.209/gcc/dev/atmega2560/avr6/crtatmega2560.o
                0x000014a4                __init
 *(.init0)
 *(.init1)
 *(.init1)
 *(.init2)
 .init2         0x000014a4       0x10 C:/Program Files (x86)/Atmel/Studio/7.0/Packs/atmel/ATmega_DFP/1.2.209/gcc/dev/atmega2560/avr6/crtatmega2560.o
 *(.init2)
 *(.init3)
 *(.init3)
 *(.init4)
 .init4         0x000014b4       0x1a c:/program files (x86)/atmel/studio/7.0/toolchain/avr8/avr8-gnu-toolchain/bin/../lib/gcc/avr/5.4.0/avr6\libgcc.a(_copy_data.o)
                0x000014b4                __do_copy_data
 .init4         0x000014ce       0x10 c:/program files (x86)/atmel/studio/7.0/toolchain/avr8/avr8-gnu-toolchain/bin/../lib/gcc/avr/5.4.0/avr6\libgcc.a(_clear_bss.o)
                0x000014ce                __do_clear_bss
 *(.init4)
 *(.init5)
 *(.init5)
 *(.init6)
 *(.init6)
 *(.init7)
 *(.init7)
 *(.init8)
 *(.init8)
 *(.init9)
 .init9         0x000014de        0x8 C:/Program Files (x86)/Atmel/Studio/7.0/Packs/atmel/ATmega_DFP/1.2.209/gcc/dev/atmega2560/avr6/crtatmega2560.o
 *(.init9)
 *(.text)
 .text          0x000014e6        0x4 C:/Program Files (x86)/Atmel/Studio/7.0/Packs/atmel/ATmega_DFP/1.2.209/gcc/dev/atmega2560/avr6/crtatmega2560.o
                0x000014e6                __vector_38
                0x000014e6                __vector_22
                0x000014e6                __vector_28
                0x000014e6                __vector_1
                0x000014e6                __vector_32
                0x000014e6                __vector_34
                0x000014e6                __vector_24
                0x000014e6                __vector_12
                0x000014e6                __vector_46
                0x000014e6                __bad_interrupt
                0x000014e6                __vector_6
                0x000014e6                __vector_31
                0x000014e6                __vector_35
                0x000014e6                __vector_39
                0x000014e6                __vector_3
                0x000014e6                __vector_23
                0x000014e6                __vector_30
                0x000014e6                __vector_45
                0x000014e6                __vector_11
                0x000014e6                __vector_13
                0x000014e6                __vector_17
                0x000014e6                __vector_19
                0x000014e6                __vector_56
                0x000014e6                __vector_7
                0x000014e6                __vector_49
                0x000014e6                __vector_41
                0x000014e6                __vector_43
                0x000014e6                __vector_27
                0x000014e6                __vector_5
                0x000014e6                __vector_33
                0x000014e6                __vector_47
                0x000014e6                __vector_52
                0x000014e6                __vector_4
                0x000014e6                __vector_44
                0x000014e6                __vector_51
                0x000014e6                __vector_9
                0x000014e6                __vector_2
                0x000014e6                __vector_15
                0x000014e6                __vector_29
                0x000014e6                __vector_40
                0x000014e6                __vector_8
                0x000014e6                __vector_48
                0x000014e6                __vector_14
                0x000014e6                __vector_53
                0x000014e6                __vector_10
                0x000014e6                __vector_50
                0x000014e6                __vector_16
                0x000014e6                __vector_18
                0x000014e6                __vector_20
                0x000014e6                __vector_42
                0x000014ea                . = ALIGN (0x2)
 *(.text.*)
 .text.crc16_ram
                0x000014ea       0x4c ee_prom.o
                0x000014ea                crc16_ram
 .text.crc16_eeprom
                0x00001536       0x6e ee_prom.o
                0x00001536                crc16_eeprom
 .text.crc16_ram_startVal
                0x000015a4       0x4a ee_prom.o
                0x000015a4                crc16_ram_startVal
 .text.crc16_eeprom_startVal
                0x000015ee       0x6c ee_prom.o
                0x000015ee                crc16_eeprom_startVal
 .text.eeprom_ReadManualMap
                0x0000165a       0x50 ee_prom.o
                0x0000165a                eeprom_ReadManualMap
 .text.eeprom_ReadMidiInMap
                0x000016aa       0x50 ee_prom.o
                0x000016aa                eeprom_ReadMidiInMap
 .text.eeprom_ReadMidiOutMap
                0x000016fa       0x60 ee_prom.o
                0x000016fa                eeprom_ReadMidiOutMap
 .text.eeprom_ReadModules
                0x0000175a       0x58 ee_prom.o
                0x0000175a                eeprom_ReadModules
 .text.eeprom_ReadMidiThrough
                0x000017b2       0x50 ee_prom.o
                0x000017b2                eeprom_ReadMidiThrough
 .text.eeprom_ReadUSB
                0x00001802       0x4c ee_prom.o
                0x00001802                eeprom_ReadUSB
 .text.eeprom_ReadReg
                0x0000184e       0x68 ee_prom.o
                0x0000184e                eeprom_ReadReg
 .text.eeprom_ReadProg
                0x000018b6       0x50 ee_prom.o
                0x000018b6                eeprom_ReadProg
 .text.eeprom_ReadSoftkeys
                0x00001906       0x44 ee_prom.o
                0x00001906                eeprom_ReadSoftkeys
 .text.eeprom_ReadRegOut
                0x0000194a       0x44 ee_prom.o
                0x0000194a                eeprom_ReadRegOut
 .text.eeprom_ReadCCreg
                0x0000198e       0x44 ee_prom.o
                0x0000198e                eeprom_ReadCCreg
 .text.eepromWriteSignature
                0x000019d2       0x16 ee_prom.o
                0x000019d2                eepromWriteSignature
 .text.eeprom_UpdateManualMap
                0x000019e8       0x44 ee_prom.o
                0x000019e8                eeprom_UpdateManualMap
 .text.eeprom_UpdateMidiInMap
                0x00001a2c       0x44 ee_prom.o
                0x00001a2c                eeprom_UpdateMidiInMap
 .text.eeprom_UpdateMidiOutMap
                0x00001a70       0x60 ee_prom.o
                0x00001a70                eeprom_UpdateMidiOutMap
 .text.eeprom_UpdateModules
                0x00001ad0       0x54 ee_prom.o
                0x00001ad0                eeprom_UpdateModules
 .text.eeprom_UpdateUSB
                0x00001b24       0x40 ee_prom.o
                0x00001b24                eeprom_UpdateUSB
 .text.eeprom_UpdateMidiThrough
                0x00001b64       0x44 ee_prom.o
                0x00001b64                eeprom_UpdateMidiThrough
 .text.eeprom_UpdateReg
                0x00001ba8       0x5c ee_prom.o
                0x00001ba8                eeprom_UpdateReg
 .text.eeprom_UpdateProg
                0x00001c04       0x44 ee_prom.o
                0x00001c04                eeprom_UpdateProg
 .text.eeprom_UpdateSoftkeys
                0x00001c48       0x44 ee_prom.o
                0x00001c48                eeprom_UpdateSoftkeys
 .text.eeprom_UpdateRegOut
                0x00001c8c       0x44 ee_prom.o
                0x00001c8c                eeprom_UpdateRegOut
 .text.eeprom_UpdateCCreg
                0x00001cd0       0x44 ee_prom.o
                0x00001cd0                eeprom_UpdateCCreg
 .text.eeprom_UpdateALL
                0x00001d14       0x18 ee_prom.o
                0x00001d14                eeprom_UpdateALL
 .text.eepromCopy
                0x00001d2c       0x52 ee_prom.o
                0x00001d2c                eepromCopy
 .text.eeprom_Backup
                0x00001d7e       0x18 ee_prom.o
                0x00001d7e                eeprom_Backup
 .text.eeprom_Restore
                0x00001d96       0x18 ee_prom.o
                0x00001d96                eeprom_Restore
 .text.init_Timers
                0x00001dae       0x30 hwtimer.o
                0x00001dae                init_Timers
 .text.init_HwTimer
                0x00001dde       0x1e hwtimer.o
                0x00001dde                init_HwTimer
 .text.init_ADC
                0x00001dfc       0x54 hwtimer.o
                0x00001dfc                init_ADC
 .text.init_Pipe
                0x00001e50       0x50 hwtimer.o
                0x00001e50                init_Pipe
 .text.init_PipeModules
                0x00001ea0      0x160 hwtimer.o
                0x00001ea0                init_PipeModules
 .text.test_PipeModule
                0x00002000       0xe8 hwtimer.o
                0x00002000                test_PipeModule
 .text.module_TestAllInputs
                0x000020e8       0x28 hwtimer.o
                0x000020e8                module_TestAllInputs
 .text.module_WaitOutputInput2Cycles
                0x00002110       0x1a hwtimer.o
                0x00002110                module_WaitOutputInput2Cycles
 .text.module_StartPowerOn
                0x0000212a       0x20 hwtimer.o
                0x0000212a                module_StartPowerOn
 .text.module_PowerControl
                0x0000214a       0x8c hwtimer.o
                0x0000214a                module_PowerControl
 .text.softKey_WantLong
                0x000021d6       0x24 hwtimer.o
                0x000021d6                softKey_WantLong
 .text.__vector_21
                0x000021fa      0x49c hwtimer.o
                0x000021fa                __vector_21
 .text.pipe_on  0x00002696       0x1e hwtimer.o
                0x00002696                pipe_on
 .text.pipe_off
                0x000026b4       0x1c hwtimer.o
                0x000026b4                pipe_off
 .text.init_iopins
                0x000026d0       0x40 initio.o
                0x000026d0                init_iopins
 .text.lcd_write_nibble
                0x00002710       0x7a lcd_u.o
                0x00002710                lcd_write_nibble
 .text.lcd_write_character
                0x0000278a       0x48 lcd_u.o
                0x0000278a                lcd_write_character
 .text.lcd_write_command
                0x000027d2       0x5c lcd_u.o
                0x000027d2                lcd_write_command
 .text.lcd_init
                0x0000282e       0xbc lcd_u.o
                0x0000282e                lcd_init
 .text.lcd_goto
                0x000028ea        0xa lcd_u.o
                0x000028ea                lcd_goto
 .text.lcd_clrscr
                0x000028f4       0x1e lcd_u.o
                0x000028f4                lcd_clrscr
 .text.getCursorFromLCDRAMcursor
                0x00002912       0x2c lcd_u.o
                0x00002912                getCursorFromLCDRAMcursor
 .text.lcd_putc
                0x0000293e       0x82 lcd_u.o
                0x0000293e                lcd_putc
 .text.lcd_puts
                0x000029c0       0x20 lcd_u.o
                0x000029c0                lcd_puts
 .text.lcd_puts_P
                0x000029e0       0x20 lcd_u.o
                0x000029e0                lcd_puts_P
 .text.lcd_message
                0x00002a00       0x96 lcd_u.o
                0x00002a00                lcd_message
 .text.lcd_message_P
                0x00002a96       0x9c lcd_u.o
                0x00002a96                lcd_message_P
 .text.lcd_setCG
                0x00002b32       0x44 lcd_u.o
                0x00002b32                lcd_setCG
 .text.lcd_initCG
                0x00002b76       0x42 lcd_u.o
                0x00002b76                lcd_initCG
 .text.lcd_cursosblink
                0x00002bb8        0xc lcd_u.o
                0x00002bb8                lcd_cursosblink
 .text.lcd_cursoroff
                0x00002bc4        0xa lcd_u.o
                0x00002bc4                lcd_cursoroff
 .text.lcd_message_clear
                0x00002bce       0x82 lcd_u.o
                0x00002bce                lcd_message_clear
 .text.init_log
                0x00002c50       0x16 log.o
                0x00002c50                init_log
 .text.log_count
                0x00002c66       0x3e log.o
                0x00002c66                log_count
 .text.log_getLog
                0x00002ca4       0x50 log.o
                0x00002ca4                log_getLog
 .text.log_getErrorText
                0x00002cf4       0x88 log.o
                0x00002cf4                log_getErrorText
 .text.logCheckUnreadErrorLogs
                0x00002d7c       0x40 log.o
                0x00002d7c                logCheckUnreadErrorLogs
 .text.log_getShortTextFromPtr
                0x00002dbc      0x118 log.o
                0x00002dbc                log_getShortTextFromPtr
 .text.log_put  0x00002ed4       0xc8 log.o
                0x00002ed4                log_put
 .text.log_putError
                0x00002f9c        0xc log.o
                0x00002f9c                log_putError
 .text.log_getShortTextFromIndex
                0x00002fa8       0x20 log.o
                0x00002fa8                log_getShortTextFromIndex
 .text.main     0x00002fc8      0x694 main.o
                0x00002fc8                main
 .text.menu_enterWriteModule
                0x0000365c       0x78 menu.o
                0x0000365c                menu_enterWriteModule
 .text.menu_exitWriteModule
                0x000036d4       0x5a menu.o
                0x000036d4                menu_exitWriteModule
 .text.menuOnEnterModSel
                0x0000372e       0x16 menu.o
                0x0000372e                menuOnEnterModSel
 .text.menuOnEnterMidiInCh
                0x00003744       0x16 menu.o
                0x00003744                menuOnEnterMidiInCh
 .text.menuOnEnterMidiInSec
                0x0000375a       0x3c menu.o
                0x0000375a                menuOnEnterMidiInSec
 .text.menuOnEnterModManual
                0x00003796       0x16 menu.o
                0x00003796                menuOnEnterModManual
 .text.menuOnEnterModSec
                0x000037ac       0x4a menu.o
                0x000037ac                menuOnEnterModSec
 .text.menuOnEnterModSecReg
                0x000037f6       0x2c menu.o
                0x000037f6                menuOnEnterModSecReg
 .text.menuOnEnterRegOut
                0x00003822       0x2a menu.o
                0x00003822                menuOnEnterRegOut
 .text.menuOnEnterKey
                0x0000384c       0x2e menu.o
                0x0000384c                menuOnEnterKey
 .text.menuOnExitMidiCCreg
                0x0000387a        0x8 menu.o
                0x0000387a                menuOnExitMidiCCreg
 .text.menuOnExitRegisterOut
                0x00003882        0x8 menu.o
                0x00003882                menuOnExitRegisterOut
 .text.menuOnExitMidiThrough
                0x0000388a        0x8 menu.o
                0x0000388a                menuOnExitMidiThrough
 .text.menuOnExitRegisterEdit
                0x00003892       0x50 menu.o
                0x00003892                menuOnExitRegisterEdit
 .text.softKeyRegOff
                0x000038e2        0xa menu.o
                0x000038e2                softKeyRegOff
 .text.menuOnExitCoupler
                0x000038ec       0x26 menu.o
                0x000038ec                menuOnExitCoupler
 .text.menuOnExitSaveProgram
                0x00003912       0x16 menu.o
                0x00003912                menuOnExitSaveProgram
 .text.menuOnExitKeys
                0x00003928        0x8 menu.o
                0x00003928                menuOnExitKeys
 .text.menu_readModule
                0x00003930       0x6a menu.o
                0x00003930                menu_readModule
 .text.menu_testModule
                0x0000399a       0x26 menu.o
                0x0000399a                menu_testModule
 .text.menuOnEnterTune
                0x000039c0      0x24e menu.o
                0x000039c0                menuOnEnterTune
 .text.menuOnExitMidiActiveSense
                0x00003c0e        0x8 menu.o
                0x00003c0e                menuOnExitMidiActiveSense
 .text.menuOnExitMidiOut
                0x00003c16        0x8 menu.o
                0x00003c16                menuOnExitMidiOut
 .text.menuOnExitMidiIn
                0x00003c1e        0x8 menu.o
                0x00003c1e                menuOnExitMidiIn
 .text.menuOnExitManual
                0x00003c26       0x14 menu.o
                0x00003c26                menuOnExitManual
 .text.menuOnExitModules
                0x00003c3a        0x8 menu.o
                0x00003c3a                menuOnExitModules
 .text.menuOnEnterUSBprotokoll
                0x00003c42       0x4c menu.o
                0x00003c42                menuOnEnterUSBprotokoll
 .text.menuOnExitUSBactive
                0x00003c8e       0x28 menu.o
                0x00003c8e                menuOnExitUSBactive
 .text.menuOnEnterUSBsendHW
                0x00003cb6      0x51a menu.o
                0x00003cb6                menuOnEnterUSBsendHW
 .text.reverseRegisterBits
                0x000041d0       0x28 menu.o
                0x000041d0                reverseRegisterBits
 .text.menuOnUpdateRegister
                0x000041f8        0xe menu.o
                0x000041f8                menuOnUpdateRegister
 .text.menuOnEnterResetReg
                0x00004206        0xc menu.o
                0x00004206                menuOnEnterResetReg
 .text.menuOnExitLoadProgran
                0x00004212       0x18 menu.o
                0x00004212                menuOnExitLoadProgran
 .text.softkeyCoupler
                0x0000422a       0x56 menu.o
                0x0000422a                softkeyCoupler
 .text.softKeyCoupler2from3
                0x00004280        0x6 menu.o
                0x00004280                softKeyCoupler2from3
 .text.softKeyCoupler1from3
                0x00004286        0x6 menu.o
                0x00004286                softKeyCoupler1from3
 .text.softKeyCouplerPfrom3
                0x0000428c        0x6 menu.o
                0x0000428c                softKeyCouplerPfrom3
 .text.softKeyCoupler1from2
                0x00004292        0x6 menu.o
                0x00004292                softKeyCoupler1from2
 .text.softKeyCouplerPfrom2
                0x00004298        0x6 menu.o
                0x00004298                softKeyCouplerPfrom2
 .text.softKeyCouplerPfrom1
                0x0000429e        0x6 menu.o
                0x0000429e                softKeyCouplerPfrom1
 .text.softKeyCoupler3from2
                0x000042a4        0x6 menu.o
                0x000042a4                softKeyCoupler3from2
 .text.softKeyCoupler3from1
                0x000042aa        0x6 menu.o
                0x000042aa                softKeyCoupler3from1
 .text.softKeyCoupler3fromP
                0x000042b0        0x6 menu.o
                0x000042b0                softKeyCoupler3fromP
 .text.softKeyCoupler2from1
                0x000042b6        0x6 menu.o
                0x000042b6                softKeyCoupler2from1
 .text.softKeyCoupler2fromP
                0x000042bc        0x6 menu.o
                0x000042bc                softKeyCoupler2fromP
 .text.softKeyCoupler1fromP
                0x000042c2        0x6 menu.o
                0x000042c2                softKeyCoupler1fromP
 .text.menuDisplaySaveMessage
                0x000042c8       0x28 menu.o
                0x000042c8                menuDisplaySaveMessage
 .text.softKeyPrSet
                0x000042f0       0x2e menu.o
                0x000042f0                softKeyPrSet
 .text.menuDisplayLoadMessage
                0x0000431e       0x60 menu.o
                0x0000431e                menuDisplayLoadMessage
 .text.send_progrChange_toMidiThru
                0x0000437e       0x22 menu.o
                0x0000437e                send_progrChange_toMidiThru
 .text.handle_programKey
                0x000043a0       0x4a menu.o
                0x000043a0                handle_programKey
 .text.softKeyK1A
                0x000043ea        0x6 menu.o
                0x000043ea                softKeyK1A
 .text.softKeyK2A
                0x000043f0        0x6 menu.o
                0x000043f0                softKeyK2A
 .text.softKeyK3A
                0x000043f6        0x6 menu.o
                0x000043f6                softKeyK3A
 .text.softKeyK4A
                0x000043fc        0x6 menu.o
                0x000043fc                softKeyK4A
 .text.softKeyUpdateProg
                0x00004402       0x20 menu.o
                0x00004402                softKeyUpdateProg
 .text.softKeyPBInc
                0x00004422       0x16 menu.o
                0x00004422                softKeyPBInc
 .text.softKeyPBDec
                0x00004438       0x16 menu.o
                0x00004438                softKeyPBDec
 .text.progDec  0x0000444e       0x24 menu.o
                0x0000444e                progDec
 .text.softKeyPrM
                0x00004472       0x26 menu.o
                0x00004472                softKeyPrM
 .text.softKeyPrDec
                0x00004498       0x22 menu.o
                0x00004498                softKeyPrDec
 .text.progInc  0x000044ba       0x2e menu.o
                0x000044ba                progInc
 .text.softKeyPrP
                0x000044e8       0x38 menu.o
                0x000044e8                softKeyPrP
 .text.softKeyPrInc
                0x00004520       0x22 menu.o
                0x00004520                softKeyPrInc
 .text.menuLCDwriteOK
                0x00004542        0xa menu.o
                0x00004542                menuLCDwriteOK
 .text.menuOnEnterEEBackup
                0x0000454c       0x18 menu.o
                0x0000454c                menuOnEnterEEBackup
 .text.menuOnEnterEERestore
                0x00004564       0x18 menu.o
                0x00004564                menuOnEnterEERestore
 .text.menuOnEnterEEUpdate
                0x0000457c       0x18 menu.o
                0x0000457c                menuOnEnterEEUpdate
 .text.menu_Init
                0x00004594       0x46 menu.o
                0x00004594                menu_Init
 .text.softkeyLeft
                0x000045da        0xc menu.o
                0x000045da                softkeyLeft
 .text.softkeyRight
                0x000045e6        0xc menu.o
                0x000045e6                softkeyRight
 .text.softkeyDown
                0x000045f2        0xc menu.o
                0x000045f2                softkeyDown
 .text.softkeyOn
                0x000045fe        0xc menu.o
                0x000045fe                softkeyOn
 .text.softkeyOff
                0x0000460a        0xc menu.o
                0x0000460a                softkeyOff
 .text.softkeyUp
                0x00004616        0xc menu.o
                0x00004616                softkeyUp
 .text.softkeyPlus
                0x00004622       0x24 menu.o
                0x00004622                softkeyPlus
 .text.softkeyMinus
                0x00004646       0x24 menu.o
                0x00004646                softkeyMinus
 .text.dataToNibbles
                0x0000466a      0x1e6 menu.o
                0x0000466a                dataToNibbles
 .text.nibbleToLCDstring
                0x00004850      0x29c menu.o
                0x00004850                nibbleToLCDstring
 .text.LCDStringOut
                0x00004aec       0x36 menu.o
                0x00004aec                LCDStringOut
 .text.nibbleCheckOvfl
                0x00004b22       0x12 menu.o
                0x00004b22                nibbleCheckOvfl
 .text.nibbleChange
                0x00004b34      0x35e menu.o
                0x00004b34                nibbleChange
 .text.nibbleToData
                0x00004e92      0x1ca menu.o
                0x00004e92                nibbleToData
 .text.menuTextOut
                0x0000505c       0x36 menu.o
                0x0000505c                menuTextOut
 .text.menuParentMenuToLCD
                0x00005092       0x34 menu.o
                0x00005092                menuParentMenuToLCD
 .text.menuDisplayValue
                0x000050c6       0x1a menu.o
                0x000050c6                menuDisplayValue
 .text.menuCursorSetDataNibble
                0x000050e0       0x5a menu.o
                0x000050e0                menuCursorSetDataNibble
 .text.menuCursorSetExtra
                0x0000513a        0x8 menu.o
                0x0000513a                menuCursorSetExtra
 .text.menuOnEnterStatusMidiIn
                0x00005142       0x7c menu.o
                0x00005142                menuOnEnterStatusMidiIn
 .text.menuOnEnterStatusMidiOut
                0x000051be       0x7c menu.o
                0x000051be                menuOnEnterStatusMidiOut
 .text.menuOnEnterLogDisp
                0x0000523a      0x14a menu.o
                0x0000523a                menuOnEnterLogDisp
 .text.menuCursorSetMenu
                0x00005384        0x8 menu.o
                0x00005384                menuCursorSetMenu
 .text.menu_OnEnterMidiPanic
                0x0000538c       0x12 menu.o
                0x0000538c                menu_OnEnterMidiPanic
 .text.menuClearExtraDisp
                0x0000539e        0xa menu.o
                0x0000539e                menuClearExtraDisp
 .text.menu_ClearDataDisp
                0x000053a8        0xe menu.o
                0x000053a8                menu_ClearDataDisp
 .text.menu_ModuleTestExecute
                0x000053b6      0x1d2 menu.o
                0x000053b6                menu_ModuleTestExecute
 .text.menu_ModuleTestPattern
                0x00005588       0x32 menu.o
                0x00005588                menu_ModuleTestPattern
 .text.menuClearMenuDisp
                0x000055ba       0x16 menu.o
                0x000055ba                menuClearMenuDisp
 .text.menu_ClearAllDisp
                0x000055d0        0x8 menu.o
                0x000055d0                menu_ClearAllDisp
 .text.menuCheckArrowDown
                0x000055d8       0x42 menu.o
                0x000055d8                menuCheckArrowDown
 .text.menuCurrMenuToLCD
                0x0000561a       0x62 menu.o
                0x0000561a                menuCurrMenuToLCD
 .text.menuItemChanged
                0x0000567c       0xbc menu.o
                0x0000567c                menuItemChanged
 .text.menu_InitLCD
                0x00005738        0xe menu.o
                0x00005738                menu_InitLCD
 .text.menu_ProcessMessage
                0x00005746      0x47e menu.o
                0x00005746                menu_ProcessMessage
 .text.getSoftKeyIndex
                0x00005bc4       0x24 menu.o
                0x00005bc4                getSoftKeyIndex
 .text.init_SoftKeys
                0x00005be8       0x92 menu.o
                0x00005be8                init_SoftKeys
 .text.softKey_Set
                0x00005c7a       0x58 menu.o
                0x00005c7a                softKey_Set
 .text.menuOnExitKey
                0x00005cd2       0x20 menu.o
                0x00005cd2                menuOnExitKey
 .text.softKeys_toLCD
                0x00005cf2       0x7e menu.o
                0x00005cf2                softKeys_toLCD
 .text.softKey_MessageKey_ToSoftKeyNr
                0x00005d70       0x2a menu.o
                0x00005d70                softKey_MessageKey_ToSoftKeyNr
 .text.softKey_Execute
                0x00005d9a       0x98 menu.o
                0x00005d9a                softKey_Execute
 .text.menu_showPowerState
                0x00005e32       0x28 menu.o
                0x00005e32                menu_showPowerState
 .text.menuOnEnterPwrOn
                0x00005e5a       0x12 menu.o
                0x00005e5a                menuOnEnterPwrOn
 .text.menuOnEnterPwrOff
                0x00005e6c       0x10 menu.o
                0x00005e6c                menuOnEnterPwrOff
 .text.menuOnEnterPwrRest
                0x00005e7c       0x2a menu.o
                0x00005e7c                menuOnEnterPwrRest
 .text.init_message
                0x00005ea6        0xe message.o
                0x00005ea6                init_message
 .text.message_push
                0x00005eb4       0x28 message.o
                0x00005eb4                message_push
 .text.message_get
                0x00005edc       0x32 message.o
                0x00005edc                message_get
 .text.message_status
                0x00005f0e       0x26 message.o
                0x00005f0e                message_status
 .text.pipeMsgPush
                0x00005f34       0x44 message.o
                0x00005f34                pipeMsgPush
 .text.pipeMsgGet
                0x00005f78       0x2a message.o
                0x00005f78                pipeMsgGet
 .text.pipeMsgStatus
                0x00005fa2       0x14 message.o
                0x00005fa2                pipeMsgStatus
 .text.midi_CouplerReset
                0x00005fb6       0x14 Midi.o
                0x00005fb6                midi_CouplerReset
 .text.init_Midi
                0x00005fca        0xe Midi.o
                0x00005fca                init_Midi
 .text.set_Coupler
                0x00005fd8       0x42 Midi.o
                0x00005fd8                set_Coupler
 .text.getAllCouplers
                0x0000601a       0x30 Midi.o
                0x0000601a                getAllCouplers
 .text.setAllCouplers
                0x0000604a       0x32 Midi.o
                0x0000604a                setAllCouplers
 .text.midiAllReset
                0x0000607c        0xc Midi.o
                0x0000607c                midiAllReset
 .text.registers_CalcCount
                0x00006088       0x34 Midi.o
                0x00006088                registers_CalcCount
 .text.init_Registers
                0x000060bc       0xd8 Midi.o
                0x000060bc                init_Registers
 .text.regNr_to_moduleBit
                0x00006194       0x36 Midi.o
                0x00006194                regNr_to_moduleBit
 .text.moduleBit_to_registerNr
                0x000061ca       0x38 Midi.o
                0x000061ca                moduleBit_to_registerNr
 .text.read_Register
                0x00006202       0x90 Midi.o
                0x00006202                read_Register
 .text.get_RegisterStatus
                0x00006292       0x70 Midi.o
                0x00006292                get_RegisterStatus
 .text.count_Registers
                0x00006302       0x28 Midi.o
                0x00006302                count_Registers
 .text.read_allRegister
                0x0000632a       0x58 Midi.o
                0x0000632a                read_allRegister
 .text.register_onOff
                0x00006382       0x4a Midi.o
                0x00006382                register_onOff
 .text.midi_RegisterMatchProgram
                0x000063cc       0x74 Midi.o
                0x000063cc                midi_RegisterMatchProgram
 .text.midi_CountRegisterInProgram
                0x00006440       0x40 Midi.o
                0x00006440                midi_CountRegisterInProgram
 .text.prog_set
                0x00006480       0x14 Midi.o
                0x00006480                prog_set
 .text.program_toRegister
                0x00006494       0xb2 Midi.o
                0x00006494                program_toRegister
 .text.midi_ProgramChange
                0x00006546       0x64 Midi.o
                0x00006546                midi_ProgramChange
 .text.midi_resetRegisters
                0x000065aa       0x1e Midi.o
                0x000065aa                midi_resetRegisters
 .text.register_toProgram
                0x000065c8       0x70 Midi.o
                0x000065c8                register_toProgram
 .text.prog_toLcd
                0x00006638       0x42 Midi.o
                0x00006638                prog_toLcd
 .text.init_RegOut
                0x0000667a       0x16 Midi.o
                0x0000667a                init_RegOut
 .text.reg_toLCD
                0x00006690      0x108 Midi.o
                0x00006690                reg_toLCD
 .text.reg_ClearOnLCD
                0x00006798       0x52 Midi.o
                0x00006798                reg_ClearOnLCD
 .text.init_Midi2Manual
                0x000067ea       0x80 Midi.o
                0x000067ea                init_Midi2Manual
 .text.init_Manual2Midi
                0x0000686a       0x54 Midi.o
                0x0000686a                init_Manual2Midi
 .text.Manual_to_MidiNote
                0x000068be       0x20 Midi.o
                0x000068be                Manual_to_MidiNote
 .text.Midi_updateManualRange
                0x000068de       0xae Midi.o
                0x000068de                Midi_updateManualRange
 .text.init_Manual2Module
                0x0000698c       0xc2 Midi.o
                0x0000698c                init_Manual2Module
 .text.manualNote_to_moduleBit
                0x00006a4e       0x40 Midi.o
                0x00006a4e                manualNote_to_moduleBit
 .text.moduleBit_to_manualNote
                0x00006a8e       0x46 Midi.o
                0x00006a8e                moduleBit_to_manualNote
 .text.manual_NoteOnOff
                0x00006ad4       0xb2 Midi.o
                0x00006ad4                manual_NoteOnOff
 .text.midiAllNotesOff
                0x00006b86       0xcc Midi.o
                0x00006b86                midiAllNotesOff
 .text.midi_ManualOff
                0x00006c52       0x76 Midi.o
                0x00006c52                midi_ManualOff
 .text.midi_AllManualsOff
                0x00006cc8       0x14 Midi.o
                0x00006cc8                midi_AllManualsOff
 .text.midi_CheckRxActiveSense
                0x00006cdc       0x18 Midi.o
                0x00006cdc                midi_CheckRxActiveSense
 .text.midiNote_to_Manual
                0x00006cf4       0xfa Midi.o
                0x00006cf4                midiNote_to_Manual
 .text.midiIn_Process
                0x00006dee      0x128 Midi.o
                0x00006dee                midiIn_Process
 .text.proc_ESPmidi
                0x00006f16       0x62 Midi.o
                0x00006f16                proc_ESPmidi
 .text.midiKeyPress_Process
                0x00006f78      0x1b0 Midi.o
                0x00006f78                midiKeyPress_Process
 .text.midiSendAllNotesOff
                0x00007128       0x16 Midi.o
                0x00007128                midiSendAllNotesOff
 .text.midi_SendActiveSense
                0x0000713e        0x6 Midi.o
                0x0000713e                midi_SendActiveSense
 .text.midi_CheckTxActiveSense
                0x00007144       0x38 Midi.o
                0x00007144                midi_CheckTxActiveSense
 .text.init_Serial1MIDI
                0x0000717c       0x4c serial.o
                0x0000717c                init_Serial1MIDI
 .text.__vector_36
                0x000071c8       0xaa serial.o
                0x000071c8                __vector_36
 .text.__vector_37
                0x00007272       0x70 serial.o
                0x00007272                __vector_37
 .text.serial0SER_USBSend
                0x000072e2       0x6c serial.o
                0x000072e2                serial0SER_USBSend
 .text.serial0USB_logMIDIin
                0x0000734e       0x26 serial.o
                0x0000734e                serial0USB_logMIDIin
 .text.serial1MIDIReadRx
                0x00007374       0x32 serial.o
                0x00007374                serial1MIDIReadRx
 .text.serial0USB_logMIDIout
                0x000073a6       0x26 serial.o
                0x000073a6                serial0USB_logMIDIout
 .text.serial1MIDISend
                0x000073cc       0xc6 serial.o
                0x000073cc                serial1MIDISend
 .text.serial0USB_logPipeIn
                0x00007492       0x3c serial.o
                0x00007492                serial0USB_logPipeIn
 .text.serial0SER_USB_sendStringP
                0x000074ce       0x24 serial.o
                0x000074ce                serial0SER_USB_sendStringP
 .text.serial0SER_USB_sendCRLF
                0x000074f2        0x8 serial.o
                0x000074f2                serial0SER_USB_sendCRLF
 .text.init_Serial0SerUSB
                0x000074fa       0x7c serial.o
                0x000074fa                init_Serial0SerUSB
 .text.serial0SER_USB_sendString
                0x00007576       0x2c serial.o
                0x00007576                serial0SER_USB_sendString
 .text.__vector_25
                0x000075a2       0x8c serial.o
                0x000075a2                __vector_25
 .text.__vector_26
                0x0000762e       0x72 serial.o
                0x0000762e                __vector_26
 .text.init_Serial3SerESP
                0x000076a0       0x68 serial.o
                0x000076a0                init_Serial3SerESP
 .text.serial3SER_ESPSend
                0x00007708       0x6c serial.o
                0x00007708                serial3SER_ESPSend
 .text.serial3SER_ESPReadRx
                0x00007774       0x3a serial.o
                0x00007774                serial3SER_ESPReadRx
 .text.__vector_54
                0x000077ae       0xb0 serial.o
                0x000077ae                __vector_54
 .text.__vector_55
                0x0000785e       0x72 serial.o
                0x0000785e                __vector_55
 .text.nibbleToChr
                0x000078d0        0xc utils.o
                0x000078d0                nibbleToChr
 .text.lcd_hexout
                0x000078dc       0x2e utils.o
                0x000078dc                lcd_hexout
 .text.lcd_longout
                0x0000790a       0x4a utils.o
                0x0000790a                lcd_longout
 .text.lcd_dec2out
                0x00007954       0x34 utils.o
                0x00007954                lcd_dec2out
 .text.putChar_Dec2
                0x00007988       0x38 utils.o
                0x00007988                putChar_Dec2
 .text.putChar_Dec
                0x000079c0       0x4e utils.o
                0x000079c0                putChar_Dec
 .text.putChar_hex
                0x00007a0e       0x30 utils.o
                0x00007a0e                putChar_hex
 .text.putChar_MidiChan
                0x00007a3e       0x46 utils.o
                0x00007a3e                putChar_MidiChan
 .text.putChar_word
                0x00007a84       0x3a utils.o
                0x00007a84                putChar_word
 .text.putChar_long
                0x00007abe       0x48 utils.o
                0x00007abe                putChar_long
 .text.putChar_Note
                0x00007b06       0xb8 utils.o
                0x00007b06                putChar_Note
 .text.putChar_Manual
                0x00007bbe       0x32 utils.o
                0x00007bbe                putChar_Manual
 .text.putString_P
                0x00007bf0       0x2c utils.o
                0x00007bf0                putString_P
 .text.putString_Prog
                0x00007c1c       0x20 utils.o
                0x00007c1c                putString_Prog
 .text.lcd_wordout
                0x00007c3c       0x10 utils.o
                0x00007c3c                lcd_wordout
 .text.lcd_noteOut
                0x00007c4c       0xa2 utils.o
                0x00007c4c                lcd_noteOut
 .text.lcd_ChannelOut
                0x00007cee       0x22 utils.o
                0x00007cee                lcd_ChannelOut
 .text.lcd_ManualOutDec
                0x00007d10       0x24 utils.o
                0x00007d10                lcd_ManualOutDec
 .text.lcd_blank
                0x00007d34       0x18 utils.o
                0x00007d34                lcd_blank
 .text.lcd_clrEol
                0x00007d4c       0x2e utils.o
                0x00007d4c                lcd_clrEol
 .text.lcd_waitSymbolOn
                0x00007d7a       0x1c utils.o
                0x00007d7a                lcd_waitSymbolOn
 .text.lcd_waitSymbolOff
                0x00007d96       0x1c utils.o
                0x00007d96                lcd_waitSymbolOff
 .text.keylabel_set
                0x00007db2       0x76 utils.o
                0x00007db2                keylabel_set
 .text.keylabel_clr
                0x00007e28       0x28 utils.o
                0x00007e28                keylabel_clr
 .text.keylabel_toLCD
                0x00007e50       0x3e utils.o
                0x00007e50                keylabel_toLCD
 .text.keylabel_statcheck
                0x00007e8e       0x46 utils.o
                0x00007e8e                keylabel_statcheck
 .text.get_StrLenP
                0x00007ed4       0x14 utils.o
                0x00007ed4                get_StrLenP
 .text.get_StrLen
                0x00007ee8       0x14 utils.o
                0x00007ee8                get_StrLen
 .text.reverse_Bits
                0x00007efc       0x1a utils.o
                0x00007efc                reverse_Bits
 .text.libgcc   0x00007f16       0x10 c:/program files (x86)/atmel/studio/7.0/toolchain/avr8/avr8-gnu-toolchain/bin/../lib/gcc/avr/5.4.0/avr6\libgcc.a(_tablejump2.o)
                0x00007f16                __tablejump2__
 .text.avr-libc
                0x00007f26       0x20 C:/Program Files (x86)/Atmel/Studio/7.0/Packs/atmel/ATmega_DFP/1.2.209/gcc/dev/atmega2560/avr6\libatmega2560.a(eerd_block.o)
                0x00007f26                eeprom_read_block
                0x00007f2a                eeprom_read_blraw
 .text.avr-libc
                0x00007f46       0x10 C:/Program Files (x86)/Atmel/Studio/7.0/Packs/atmel/ATmega_DFP/1.2.209/gcc/dev/atmega2560/avr6\libatmega2560.a(eerd_byte.o)
                0x00007f46                eeprom_read_byte
 .text.avr-libc
                0x00007f56        0xa C:/Program Files (x86)/Atmel/Studio/7.0/Packs/atmel/ATmega_DFP/1.2.209/gcc/dev/atmega2560/avr6\libatmega2560.a(eerd_word.o)
                0x00007f56                eeprom_read_word
 .text.avr-libc
                0x00007f60       0x1e C:/Program Files (x86)/Atmel/Studio/7.0/Packs/atmel/ATmega_DFP/1.2.209/gcc/dev/atmega2560/avr6\libatmega2560.a(eeupd_block.o)
                0x00007f60                eeprom_update_block
 .text.avr-libc
                0x00007f7e       0x24 C:/Program Files (x86)/Atmel/Studio/7.0/Packs/atmel/ATmega_DFP/1.2.209/gcc/dev/atmega2560/avr6\libatmega2560.a(eeupd_byte.o)
                0x00007f7e                eeprom_update_byte
                0x00007f80                eeprom_update_r18
 .text.avr-libc
                0x00007fa2        0x8 C:/Program Files (x86)/Atmel/Studio/7.0/Packs/atmel/ATmega_DFP/1.2.209/gcc/dev/atmega2560/avr6\libatmega2560.a(eeupd_word.o)
                0x00007fa2                eeprom_update_word
                0x00007faa                . = ALIGN (0x2)
 *(.fini9)
 .fini9         0x00007faa        0x0 c:/program files (x86)/atmel/studio/7.0/toolchain/avr8/avr8-gnu-toolchain/bin/../lib/gcc/avr/5.4.0/avr6\libgcc.a(_exit.o)
                0x00007faa                _exit
                0x00007faa                exit
 *(.fini9)
 *(.fini8)
 *(.fini8)
 *(.fini7)
 *(.fini7)
 *(.fini6)
 *(.fini6)
 *(.fini5)
 *(.fini5)
 *(.fini4)
 *(.fini4)
 *(.fini3)
 *(.fini3)
 *(.fini2)
 *(.fini2)
 *(.fini1)
 *(.fini1)
 *(.fini0)
 .fini0         0x00007faa        0x4 c:/program files (x86)/atmel/studio/7.0/toolchain/avr8/avr8-gnu-toolchain/bin/../lib/gcc/avr/5.4.0/avr6\libgcc.a(_exit.o)
 *(.fini0)
                0x00007fae                _etext = .

.data           0x00800200       0x28 load address 0x00007fae
                0x00800200                PROVIDE (__data_start, .)
 *(.data)
 *(.data*)
 .data.reg_Out  0x00800200       0x20 Midi.o
                0x00800200                reg_Out
 .data.midiLastProgram
                0x00800220        0x1 Midi.o
                0x00800220                midiLastProgram
 .data.midiLastInManual
                0x00800221        0x1 Midi.o
                0x00800221                midiLastInManual
 .data.midiLastInChannel
                0x00800222        0x1 Midi.o
                0x00800222                midiLastInChannel
 .data.midiLastInNote
                0x00800223        0x1 Midi.o
                0x00800223                midiLastInNote
 .data.midiLastOutManual
                0x00800224        0x1 Midi.o
                0x00800224                midiLastOutManual
 .data.midiLastOutNote
                0x00800225        0x1 Midi.o
                0x00800225                midiLastOutNote
 .data.midiDataByteExpected
                0x00800226        0x1 Midi.o
                0x00800226                midiDataByteExpected
 *(.gnu.linkonce.d*)
 *(.rodata)
 *(.rodata*)
 *(.gnu.linkonce.r*)
                0x00800228                . = ALIGN (0x2)
 *fill*         0x00800227        0x1 
                0x00800228                _edata = .
                0x00800228                PROVIDE (__data_end, .)

.bss            0x00800228     0x1722
                0x00800228                PROVIDE (__bss_start, .)
 *(.bss)
 *(.bss*)
 .bss.ee_initError
                0x00800228        0x1 ee_prom.o
                0x00800228                ee_initError
 .bss.adcNr     0x00800229        0x1 hwtimer.o
 .bss.regShowHW
                0x0080022a        0x1 main.o
                0x0080022a                regShowHW
 .bss.showText.3111
                0x0080022b        0x1 menu.o
 .bss.logEntryNr.3110
                0x0080022c        0x1 menu.o
 .bss.notOnOff.3069
                0x0080022d        0x1 menu.o
 .bss.maxManNote.3068
                0x0080022e        0x1 menu.o
 .bss.minManNote.3067
                0x0080022f        0x1 menu.o
 .bss.midiEEPromLoadError
                0x00800230        0x1 Midi.o
                0x00800230                midiEEPromLoadError
 .bss.midiRxActivceSensing
                0x00800231        0x1 Midi.o
                0x00800231                midiRxActivceSensing
 .bss.labelBuffer
                0x00800232       0x14 utils.o
 *(COMMON)
 COMMON         0x00800246        0xa ee_prom.o
                0x00800246                lcdData
 COMMON         0x00800250      0x12b hwtimer.o
                0x00800250                swTimer
                0x00800264                time_Uptime
                0x00800268                pipe_PowerStatus
                0x00800269                pipeProcessing
                0x0080026a                msecCtr
                0x0080026b                pipe_ModuleTested
                0x0080026c                pipe
                0x0080036c                adcKeys
                0x00800372                keyWants
                0x00800378                pipe_Module
                0x0080037a                time_UpTimeUpdated
 COMMON         0x0080037b       0x54 lcd_u.o
                0x0080037b                lcd_cursorIsOn
                0x0080037c                lcd_buffer
                0x008003cc                lcd_saveCursorIsOn
                0x008003cd                lcd_cursorPos
                0x008003ce                lcd_displayingMessage
 COMMON         0x008003cf      0x1bd log.o
                0x008003cf                log_unreadErrors
                0x008003d0                Log_TextBuff
                0x008003f8                log_List
                0x00800588                pLogEnd
                0x0080058a                pLogStart
 COMMON         0x0080058c        0x2 main.o
                0x0080058c                messageFromESP
                0x0080058d                menuNotActive
 COMMON         0x0080058e       0x67 menu.o
                0x0080058e                menuStackIndex
                0x0080058f                menu_TestModuleErrorList
                0x00800593                menuVRegisters
                0x0080059b                dataType
                0x0080059c                nibbleIndex
                0x0080059d                menuVmanual
                0x0080059e                menuVmodule
                0x0080059f                pNibbleInfo
                0x008005a1                menuStack
                0x008005c1                menuManual
                0x008005c2                pMenuTopTitle
                0x008005c4                displayMessageArea
                0x008005c5                menuNote
                0x008005c6                nibbleCount
                0x008005c7                menuSection
                0x008005c8                dataEntry32
                0x008005cc                menu_TestModuleBitCounter
                0x008005cd                menuVmidiChan
                0x008005ce                menuVKombination
                0x008005cf                currentMenu
                0x008005d1                menuVkey
                0x008005d2                menuTestModuleBit
                0x008005d3                menuModVal
                0x008005d7                DataAdressOffset
                0x008005d9                soft_KeyMenuIndex
                0x008005dd                menuVsection
                0x008005de                menuTestData
                0x008005df                dataEntry
                0x008005e0                soft_KeyMenu
                0x008005e8                menu_TestModulePattern
                0x008005e9                menuVSoftKey
                0x008005ea                nibble
                0x008005f2                menuMidiChan
                0x008005f3                menuVMenuSoftKey
 COMMON         0x008005f5      0x227 message.o
                0x008005f5                msgOutIndex
                0x008005f6                pipeMessages
                0x008007f6                pipeMsgInIndex
                0x008007f7                msgOverflow
                0x008007f8                msgInIndex
                0x008007f9                messages
                0x00800819                msgPipe_Handling
                0x0080081a                msgPipeOverflow
                0x0080081b                pipeMsgOutIndex
 COMMON         0x0080081c      0x3fb Midi.o
                0x0080081c                prog_Display
                0x0080081d                registerMap
                0x00800835                prog_UpdDisplay
                0x00800836                registerCount
                0x00800837                midi_Couplers
                0x00800843                midiDataByteCount
                0x00800844                ManualNoteRange
                0x0080084c                midiThrough
                0x0080084e                midiInMap
                0x0080094e                midiOutMap
                0x00800956                midi_Setting
                0x00800959                midi_RegisterChanged
                0x0080095a                midi_ccReg
                0x0080095e                manualMap
                0x0080098e                programMap
                0x00800c0e                midiDataByte
                0x00800c16                midiLastCommand
 COMMON         0x00800c17      0xcee serial.o
                0x00800c17                serUSBTxBuffer
                0x00801417                serUSBTxOutIndex
                0x00801419                midiTxInIndex
                0x0080141a                serESPOvflFlag
                0x0080141b                serESPInBuffer
                0x00801423                serESPRxOutIndex
                0x00801425                midiRxOvfl
                0x00801426                midiTxOutIndex
                0x00801427                midiTxLastCmd
                0x00801428                serESPRxInIndex
                0x0080142a                midiTxOvfl
                0x0080142b                serUSBRxBuffer
                0x0080146b                midiRxBuffer
                0x0080156b                midiRxBuffUsage
                0x0080156c                midiTxBuffer
                0x0080166c                serESPTxOutIndex
                0x0080166e                midiRxInIndex
                0x0080166f                serESPTxInIndex
                0x00801671                serUSBRxOutIndex
                0x00801673                serUSBOvflFlag
                0x00801674                midiTxBuffUsage
                0x00801675                serESPMidiTmp
                0x00801678                serESP_Active
                0x00801679                midiRxOvflCount
                0x0080167a                midiTxBytesCount
                0x0080167c                serUSB_Active
                0x0080167d                midiRxOutIndex
                0x0080167e                serUSBRxInIndex
                0x00801680                midiTxOvflCount
                0x00801681                serESPRxBuffer
                0x00801701                serESPTxBuffer
                0x00801901                serUSBTxInIndex
                0x00801903                midiRxBytesCount
 COMMON         0x00801905       0x45 utils.o
                0x00801905                editByte
                0x00801906                editLong
                0x0080190a                string_Buf
                0x0080194a                PROVIDE (__bss_end, .)
                0x00007fae                __data_load_start = LOADADDR (.data)
                0x00007fd6                __data_load_end = (__data_load_start + SIZEOF (.data))

.noinit         0x0080194a        0x0
                [!provide]                PROVIDE (__noinit_start, .)
 *(.noinit*)
                [!provide]                PROVIDE (__noinit_end, .)
                0x0080194a                _end = .
                [!provide]                PROVIDE (__heap_start, .)

.eeprom         0x00810000     0x1000
 *(.eeprom*)
 .eeprom        0x00810000     0x1000 ee_prom.o
                0x00810000                ee
                0x00811000                __eeprom_end = .

.fuse
 *(.fuse)
 *(.lfuse)
 *(.hfuse)
 *(.efuse)

.lock
 *(.lock*)

.signature
 *(.signature*)

.user_signatures
 *(.user_signatures*)

.stab
 *(.stab)

.stabstr
 *(.stabstr)

.stab.excl
 *(.stab.excl)

.stab.exclstr
 *(.stab.exclstr)

.stab.index
 *(.stab.index)

.stab.indexstr
 *(.stab.indexstr)

.comment        0x00000000       0x30
 *(.comment)
 .comment       0x00000000       0x30 ee_prom.o
                                 0x31 (size before relaxing)
 .comment       0x00000030       0x31 hwtimer.o
 .comment       0x00000030       0x31 initio.o
 .comment       0x00000030       0x31 lcd_u.o
 .comment       0x00000030       0x31 log.o
 .comment       0x00000030       0x31 main.o
 .comment       0x00000030       0x31 menu.o
 .comment       0x00000030       0x31 message.o
 .comment       0x00000030       0x31 Midi.o
 .comment       0x00000030       0x31 serial.o
 .comment       0x00000030       0x31 utils.o

.note.gnu.avr.deviceinfo
                0x00000000       0x40
 .note.gnu.avr.deviceinfo
                0x00000000       0x40 C:/Program Files (x86)/Atmel/Studio/7.0/Packs/atmel/ATmega_DFP/1.2.209/gcc/dev/atmega2560/avr6/crtatmega2560.o

.note.gnu.build-id
 *(.note.gnu.build-id)

.debug
 *(.debug)

.line
 *(.line)

.debug_srcinfo
 *(.debug_srcinfo)

.debug_sfnames
 *(.debug_sfnames)

.debug_aranges  0x00000000      0xba0
 *(.debug_aranges)
 .debug_aranges
                0x00000000      0x128 ee_prom.o
 .debug_aranges
                0x00000128       0x90 hwtimer.o
 .debug_aranges
                0x000001b8       0x20 initio.o
 .debug_aranges
                0x000001d8       0xa8 lcd_u.o
 .debug_aranges
                0x00000280       0x70 log.o
 .debug_aranges
                0x000002f0       0x20 main.o
 .debug_aranges
                0x00000310      0x3e0 menu.o
 .debug_aranges
                0x000006f0       0x60 message.o
 .debug_aranges
                0x00000750      0x188 Midi.o
 .debug_aranges
                0x000008d8       0xe8 serial.o
 .debug_aranges
                0x000009c0      0x120 utils.o
 .debug_aranges
                0x00000ae0       0x20 C:/Program Files (x86)/Atmel/Studio/7.0/Packs/atmel/ATmega_DFP/1.2.209/gcc/dev/atmega2560/avr6\libatmega2560.a(eerd_block.o)
 .debug_aranges
                0x00000b00       0x20 C:/Program Files (x86)/Atmel/Studio/7.0/Packs/atmel/ATmega_DFP/1.2.209/gcc/dev/atmega2560/avr6\libatmega2560.a(eerd_byte.o)
 .debug_aranges
                0x00000b20       0x20 C:/Program Files (x86)/Atmel/Studio/7.0/Packs/atmel/ATmega_DFP/1.2.209/gcc/dev/atmega2560/avr6\libatmega2560.a(eerd_word.o)
 .debug_aranges
                0x00000b40       0x20 C:/Program Files (x86)/Atmel/Studio/7.0/Packs/atmel/ATmega_DFP/1.2.209/gcc/dev/atmega2560/avr6\libatmega2560.a(eeupd_block.o)
 .debug_aranges
                0x00000b60       0x20 C:/Program Files (x86)/Atmel/Studio/7.0/Packs/atmel/ATmega_DFP/1.2.209/gcc/dev/atmega2560/avr6\libatmega2560.a(eeupd_byte.o)
 .debug_aranges
                0x00000b80       0x20 C:/Program Files (x86)/Atmel/Studio/7.0/Packs/atmel/ATmega_DFP/1.2.209/gcc/dev/atmega2560/avr6\libatmega2560.a(eeupd_word.o)

.debug_pubnames
 *(.debug_pubnames)

.debug_info     0x00000000     0xfc1c
 *(.debug_info .gnu.linkonce.wi.*)
 .debug_info    0x00000000      0xbbc C:/Program Files (x86)/Atmel/Studio/7.0/Packs/atmel/ATmega_DFP/1.2.209/gcc/dev/atmega2560/avr6/crtatmega2560.o
 .debug_info    0x00000bbc     0x2019 ee_prom.o
 .debug_info    0x00002bd5      0xf8d hwtimer.o
 .debug_info    0x00003b62       0x83 initio.o
 .debug_info    0x00003be5      0xedd lcd_u.o
 .debug_info    0x00004ac2      0x720 log.o
 .debug_info    0x000051e2     0x12be main.o
 .debug_info    0x000064a0     0x4ea6 menu.o
 .debug_info    0x0000b346      0x43b message.o
 .debug_info    0x0000b781     0x218d Midi.o
 .debug_info    0x0000d90e     0x1046 serial.o
 .debug_info    0x0000e954      0xebb utils.o
 .debug_info    0x0000f80f       0xad C:/Program Files (x86)/Atmel/Studio/7.0/Packs/atmel/ATmega_DFP/1.2.209/gcc/dev/atmega2560/avr6\libatmega2560.a(eerd_block.o)
 .debug_info    0x0000f8bc       0xac C:/Program Files (x86)/Atmel/Studio/7.0/Packs/atmel/ATmega_DFP/1.2.209/gcc/dev/atmega2560/avr6\libatmega2560.a(eerd_byte.o)
 .debug_info    0x0000f968       0xac C:/Program Files (x86)/Atmel/Studio/7.0/Packs/atmel/ATmega_DFP/1.2.209/gcc/dev/atmega2560/avr6\libatmega2560.a(eerd_word.o)
 .debug_info    0x0000fa14       0xae C:/Program Files (x86)/Atmel/Studio/7.0/Packs/atmel/ATmega_DFP/1.2.209/gcc/dev/atmega2560/avr6\libatmega2560.a(eeupd_block.o)
 .debug_info    0x0000fac2       0xad C:/Program Files (x86)/Atmel/Studio/7.0/Packs/atmel/ATmega_DFP/1.2.209/gcc/dev/atmega2560/avr6\libatmega2560.a(eeupd_byte.o)
 .debug_info    0x0000fb6f       0xad C:/Program Files (x86)/Atmel/Studio/7.0/Packs/atmel/ATmega_DFP/1.2.209/gcc/dev/atmega2560/avr6\libatmega2560.a(eeupd_word.o)

.debug_abbrev   0x00000000     0x26eb
 *(.debug_abbrev)
 .debug_abbrev  0x00000000      0xb1a C:/Program Files (x86)/Atmel/Studio/7.0/Packs/atmel/ATmega_DFP/1.2.209/gcc/dev/atmega2560/avr6/crtatmega2560.o
 .debug_abbrev  0x00000b1a      0x2af ee_prom.o
 .debug_abbrev  0x00000dc9      0x373 hwtimer.o
 .debug_abbrev  0x0000113c       0x51 initio.o
 .debug_abbrev  0x0000118d      0x317 lcd_u.o
 .debug_abbrev  0x000014a4      0x1d6 log.o
 .debug_abbrev  0x0000167a      0x221 main.o
 .debug_abbrev  0x0000189b      0x346 menu.o
 .debug_abbrev  0x00001be1      0x1c2 message.o
 .debug_abbrev  0x00001da3      0x346 Midi.o
 .debug_abbrev  0x000020e9      0x2f4 serial.o
 .debug_abbrev  0x000023dd      0x296 utils.o
 .debug_abbrev  0x00002673       0x14 C:/Program Files (x86)/Atmel/Studio/7.0/Packs/atmel/ATmega_DFP/1.2.209/gcc/dev/atmega2560/avr6\libatmega2560.a(eerd_block.o)
 .debug_abbrev  0x00002687       0x14 C:/Program Files (x86)/Atmel/Studio/7.0/Packs/atmel/ATmega_DFP/1.2.209/gcc/dev/atmega2560/avr6\libatmega2560.a(eerd_byte.o)
 .debug_abbrev  0x0000269b       0x14 C:/Program Files (x86)/Atmel/Studio/7.0/Packs/atmel/ATmega_DFP/1.2.209/gcc/dev/atmega2560/avr6\libatmega2560.a(eerd_word.o)
 .debug_abbrev  0x000026af       0x14 C:/Program Files (x86)/Atmel/Studio/7.0/Packs/atmel/ATmega_DFP/1.2.209/gcc/dev/atmega2560/avr6\libatmega2560.a(eeupd_block.o)
 .debug_abbrev  0x000026c3       0x14 C:/Program Files (x86)/Atmel/Studio/7.0/Packs/atmel/ATmega_DFP/1.2.209/gcc/dev/atmega2560/avr6\libatmega2560.a(eeupd_byte.o)
 .debug_abbrev  0x000026d7       0x14 C:/Program Files (x86)/Atmel/Studio/7.0/Packs/atmel/ATmega_DFP/1.2.209/gcc/dev/atmega2560/avr6\libatmega2560.a(eeupd_word.o)

.debug_line     0x00000000     0x924f
 *(.debug_line .debug_line.* .debug_line_end)
 .debug_line    0x00000000      0x1f9 C:/Program Files (x86)/Atmel/Studio/7.0/Packs/atmel/ATmega_DFP/1.2.209/gcc/dev/atmega2560/avr6/crtatmega2560.o
 .debug_line    0x000001f9      0xa8f ee_prom.o
 .debug_line    0x00000c88      0xcd6 hwtimer.o
 .debug_line    0x0000195e       0xfb initio.o
 .debug_line    0x00001a59      0x860 lcd_u.o
 .debug_line    0x000022b9      0x41d log.o
 .debug_line    0x000026d6      0x9b9 main.o
 .debug_line    0x0000308f     0x2d93 menu.o
 .debug_line    0x00005e22      0x347 message.o
 .debug_line    0x00006169     0x16b3 Midi.o
 .debug_line    0x0000781c      0xa85 serial.o
 .debug_line    0x000082a1      0xc65 utils.o
 .debug_line    0x00008f06       0xab C:/Program Files (x86)/Atmel/Studio/7.0/Packs/atmel/ATmega_DFP/1.2.209/gcc/dev/atmega2560/avr6\libatmega2560.a(eerd_block.o)
 .debug_line    0x00008fb1       0x7a C:/Program Files (x86)/Atmel/Studio/7.0/Packs/atmel/ATmega_DFP/1.2.209/gcc/dev/atmega2560/avr6\libatmega2560.a(eerd_byte.o)
 .debug_line    0x0000902b       0x67 C:/Program Files (x86)/Atmel/Studio/7.0/Packs/atmel/ATmega_DFP/1.2.209/gcc/dev/atmega2560/avr6\libatmega2560.a(eerd_word.o)
 .debug_line    0x00009092       0xa5 C:/Program Files (x86)/Atmel/Studio/7.0/Packs/atmel/ATmega_DFP/1.2.209/gcc/dev/atmega2560/avr6\libatmega2560.a(eeupd_block.o)
 .debug_line    0x00009137       0xb6 C:/Program Files (x86)/Atmel/Studio/7.0/Packs/atmel/ATmega_DFP/1.2.209/gcc/dev/atmega2560/avr6\libatmega2560.a(eeupd_byte.o)
 .debug_line    0x000091ed       0x62 C:/Program Files (x86)/Atmel/Studio/7.0/Packs/atmel/ATmega_DFP/1.2.209/gcc/dev/atmega2560/avr6\libatmega2560.a(eeupd_word.o)

.debug_frame    0x00000000     0x1d2c
 *(.debug_frame)
 .debug_frame   0x00000000      0x434 ee_prom.o
 .debug_frame   0x00000434      0x168 hwtimer.o
 .debug_frame   0x0000059c       0x24 initio.o
 .debug_frame   0x000005c0      0x1e0 lcd_u.o
 .debug_frame   0x000007a0       0xec log.o
 .debug_frame   0x0000088c       0x24 main.o
 .debug_frame   0x000008b0      0x96c menu.o
 .debug_frame   0x0000121c       0xa4 message.o
 .debug_frame   0x000012c0      0x484 Midi.o
 .debug_frame   0x00001744      0x334 serial.o
 .debug_frame   0x00001a78      0x2b4 utils.o

.debug_str      0x00000000     0x36ac
 *(.debug_str)
 .debug_str     0x00000000      0x3e6 C:/Program Files (x86)/Atmel/Studio/7.0/Packs/atmel/ATmega_DFP/1.2.209/gcc/dev/atmega2560/avr6/crtatmega2560.o
 .debug_str     0x000003e6      0x8a1 ee_prom.o
                                0x92d (size before relaxing)
 .debug_str     0x00000c87      0x441 hwtimer.o
                                0x612 (size before relaxing)
 .debug_str     0x000010c8       0x1a initio.o
                                0x179 (size before relaxing)
 .debug_str     0x000010e2      0x299 lcd_u.o
                                0x4b7 (size before relaxing)
 .debug_str     0x0000137b      0x1ec log.o
                                0x399 (size before relaxing)
 .debug_str     0x00001567      0x55e main.o
                                0x964 (size before relaxing)
 .debug_str     0x00001ac5     0x143e menu.o
                               0x1d3c (size before relaxing)
 .debug_str     0x00002f03       0x9a message.o
                                0x2d7 (size before relaxing)
 .debug_str     0x00002f9d      0x38a Midi.o
                                0xc7b (size before relaxing)
 .debug_str     0x00003327      0x258 serial.o
                                0x714 (size before relaxing)
 .debug_str     0x0000357f      0x12d utils.o
                                0x5b4 (size before relaxing)

.debug_loc      0x00000000     0xa055
 *(.debug_loc)
 .debug_loc     0x00000000     0x10fa ee_prom.o
 .debug_loc     0x000010fa      0xc67 hwtimer.o
 .debug_loc     0x00001d61      0xd9c lcd_u.o
 .debug_loc     0x00002afd      0x669 log.o
 .debug_loc     0x00003166      0x500 main.o
 .debug_loc     0x00003666     0x2b2a menu.o
 .debug_loc     0x00006190      0x18f message.o
 .debug_loc     0x0000631f     0x19d5 Midi.o
 .debug_loc     0x00007cf4      0xe5c serial.o
 .debug_loc     0x00008b50     0x1505 utils.o

.debug_macinfo
 *(.debug_macinfo)

.debug_weaknames
 *(.debug_weaknames)

.debug_funcnames
 *(.debug_funcnames)

.debug_typenames
 *(.debug_typenames)

.debug_varnames
 *(.debug_varnames)

.debug_pubtypes
 *(.debug_pubtypes)

.debug_ranges   0x00000000      0xf88
 *(.debug_ranges)
 .debug_ranges  0x00000000      0x160 ee_prom.o
 .debug_ranges  0x00000160       0xf8 hwtimer.o
 .debug_ranges  0x00000258       0x10 initio.o
 .debug_ranges  0x00000268       0xe0 lcd_u.o
 .debug_ranges  0x00000348       0x90 log.o
 .debug_ranges  0x000003d8       0x28 main.o
 .debug_ranges  0x00000400      0x510 menu.o
 .debug_ranges  0x00000910       0x50 message.o
 .debug_ranges  0x00000960      0x398 Midi.o
 .debug_ranges  0x00000cf8      0x108 serial.o
 .debug_ranges  0x00000e00      0x188 utils.o

.debug_macro
 *(.debug_macro)
OUTPUT(Pipe1.elf elf32-avr)
LOAD linker stubs
