Archive member included to satisfy reference by file (symbol)

c:/program files (x86)/atmel/studio/7.0/toolchain/avr8/avr8-gnu-toolchain/bin/../lib/gcc/avr/5.4.0/avr6\libgcc.a(_exit.o)
                              C:/Program Files (x86)/Atmel/Studio/7.0/Packs/atmel/ATmega_DFP/1.2.209/gcc/dev/atmega2560/avr6/crtatmega2560.o (exit)
c:/program files (x86)/atmel/studio/7.0/toolchain/avr8/avr8-gnu-toolchain/bin/../lib/gcc/avr/5.4.0/avr6\libgcc.a(_tablejump2.o)
                              menu.o (__tablejump2__)
c:/program files (x86)/atmel/studio/7.0/toolchain/avr8/avr8-gnu-toolchain/bin/../lib/gcc/avr/5.4.0/avr6\libgcc.a(_copy_data.o)
                              display.o (__do_copy_data)
c:/program files (x86)/atmel/studio/7.0/toolchain/avr8/avr8-gnu-toolchain/bin/../lib/gcc/avr/5.4.0/avr6\libgcc.a(_clear_bss.o)
                              display.o (__do_clear_bss)
C:/Program Files (x86)/Atmel/Studio/7.0/Packs/atmel/ATmega_DFP/1.2.209/gcc/dev/atmega2560/avr6\libatmega2560.a(eerd_block.o)
                              ee_prom.o (eeprom_read_block)
C:/Program Files (x86)/Atmel/Studio/7.0/Packs/atmel/ATmega_DFP/1.2.209/gcc/dev/atmega2560/avr6\libatmega2560.a(eerd_byte.o)
                              ee_prom.o (eeprom_read_byte)
C:/Program Files (x86)/Atmel/Studio/7.0/Packs/atmel/ATmega_DFP/1.2.209/gcc/dev/atmega2560/avr6\libatmega2560.a(eerd_word.o)
                              ee_prom.o (eeprom_read_word)
C:/Program Files (x86)/Atmel/Studio/7.0/Packs/atmel/ATmega_DFP/1.2.209/gcc/dev/atmega2560/avr6\libatmega2560.a(eeupd_block.o)
                              ee_prom.o (eeprom_update_block)
C:/Program Files (x86)/Atmel/Studio/7.0/Packs/atmel/ATmega_DFP/1.2.209/gcc/dev/atmega2560/avr6\libatmega2560.a(eeupd_byte.o)
                              ee_prom.o (eeprom_update_byte)
C:/Program Files (x86)/Atmel/Studio/7.0/Packs/atmel/ATmega_DFP/1.2.209/gcc/dev/atmega2560/avr6\libatmega2560.a(eeupd_word.o)
                              ee_prom.o (eeprom_update_word)

Allocating common symbols
Common symbol       size              file

menuStackIndex      0x1               menu.o
menu_TestModuleErrorList
                    0x4               menu.o
log_unreadErrors    0x1               log.o
midi_TxActivceSense
                    0x1               Midi.o
Log_TextBuff        0x28              log.o
msgOutIndex         0x1               message.o
midiTxInIndex       0x1               serial.o
dataType            0x1               menu.o
nibbleIndex         0x1               menu.o
swTimer             0x12              hwtimer.o
menuVmanual         0x1               menu.o
time_Uptime         0x4               hwtimer.o
pipeMessages        0x200             message.o
menuVmodule         0x1               menu.o
midiRxOvfl          0x1               serial.o
pNibbleInfo         0x2               menu.o
midiTxOutIndex      0x1               serial.o
menuStack           0x20              menu.o
pipeMsgInIndex      0x1               message.o
serusbTxOutIndex    0x1               serial.o
midiTxOvfl          0x1               serial.o
registerMap         0x40              Midi.o
menuManual          0x1               menu.o
pipe_PowerStatus    0x1               hwtimer.o
pipeProcessing      0x1               hwtimer.o
midiRxBuffer        0x20              serial.o
soft_Key            0x8               menu.o
msecCtr             0x1               hwtimer.o
midiTxBuffer        0x20              serial.o
lcd_cursorIsOn      0x1               utils.o
log_List            0x190             log.o
editByte            0x1               utils.o
pMenuTopTitle       0x2               menu.o
pipe_ModuleTested   0x1               hwtimer.o
midiCoupler_1from2  0x1               Midi.o
menuNote            0x1               menu.o
pipe                0x100             hwtimer.o
midiRxInIndex       0x1               serial.o
registerCount       0x1               Midi.o
nibbleCount         0x1               menu.o
serusb_Active       0x1               serial.o
menuSection         0x1               menu.o
msgOverflow         0x1               message.o
serusbTxInIndex     0x1               serial.o
dataEntry32         0x4               menu.o
pLogEnd             0x2               log.o
menu_TestModuleBitCounter
                    0x1               menu.o
serusbRxOutIndex    0x1               serial.o
menuVmidiChan       0x1               menu.o
midiDataByteCount   0x1               Midi.o
sectionBuffer       0x20              display.o
ManualNoteRange     0x8               Midi.o
currentMenu         0x2               menu.o
midiCoupler_2from3  0x1               Midi.o
serUsbRxBuffer      0x40              serial.o
menuVkey            0x1               menu.o
lcdData             0xa               ee_prom.o
msgInIndex          0x1               message.o
midiCoupler_Pfrom2  0x1               Midi.o
adcKeys             0x6               hwtimer.o
pipe_ModuleAssnWrite
                    0x1               hwtimer.o
menuTestModuleBit   0x1               menu.o
messages            0x20              message.o
midiInMap           0x100             Midi.o
menuModVal          0x4               menu.o
pipe_ModuleAssnRead
                    0x1               hwtimer.o
DataAdressOffset    0x2               menu.o
midiRxOvflCount     0x1               serial.o
midiOutMap          0x4               Midi.o
editLong            0x4               utils.o
midiTxBytesCount    0x2               serial.o
string_Buf          0x28              utils.o
msgPipe_Handling    0x1               message.o
keyWants            0x6               hwtimer.o
menuVsection        0x1               menu.o
lcd_cursorPos       0x1               lcd_u.o
menuTestData        0x1               menu.o
dataEntry           0x1               menu.o
serUsbTxBuffer      0x100             serial.o
menu_TestModulePattern
                    0x1               menu.o
serusbOvflFlag      0x1               serial.o
midiRxOutIndex      0x1               serial.o
manualMap           0x30              Midi.o
programMap          0x200             Midi.o
menuVSoftKey        0x1               menu.o
pLogStart           0x2               log.o
midiDataByte        0x2               Midi.o
nibble              0x8               menu.o
midiCoupler_Pfrom3  0x1               Midi.o
menuNotActive       0x1               main.o
midiTxOvflCount     0x1               serial.o
menuMidiChan        0x1               menu.o
midiCoupler_Pfrom1  0x1               Midi.o
midiCoupler_1from3  0x1               Midi.o
menuVMenuSoftKey    0x2               menu.o
msgPipeOverflow     0x1               message.o
midiRxBytesCount    0x2               serial.o
serusbRxInIndex     0x1               serial.o
time_UpTimeUpdated  0x1               hwtimer.o
pipeMsgOutIndex     0x1               message.o
midiLastCommand     0x1               Midi.o

Discarded input sections

 .data          0x00000000        0x0 C:/Program Files (x86)/Atmel/Studio/7.0/Packs/atmel/ATmega_DFP/1.2.209/gcc/dev/atmega2560/avr6/crtatmega2560.o
 .bss           0x00000000        0x0 C:/Program Files (x86)/Atmel/Studio/7.0/Packs/atmel/ATmega_DFP/1.2.209/gcc/dev/atmega2560/avr6/crtatmega2560.o
 .text          0x00000000        0x0 display.o
 .data          0x00000000        0x0 display.o
 .bss           0x00000000        0x0 display.o
 .text.calcSpaces
                0x00000000       0x26 display.o
 .text.disp_clear
                0x00000000       0x1c display.o
 .text.init_disp
                0x00000000       0x2a display.o
 .text.disp_redraw
                0x00000000       0x24 display.o
 .text.disp_beginSectionUpdate
                0x00000000       0x18 display.o
 .text.disp_endSectionUpdate
                0x00000000       0xfa display.o
 .text.disp_sectionClearSub
                0x00000000       0xb4 display.o
 .bss.sectionStatus
                0x00000000       0x3c display.o
 .progmem.data.sectionInfo
                0x00000000       0x3c display.o
 .rodata.displaySize
                0x00000000        0x1 display.o
 .bss.textLen   0x00000000        0x1 display.o
 .bss.displayBuffer
                0x00000000       0x80 display.o
 .debug_info    0x00000000      0x4b0 display.o
 .debug_abbrev  0x00000000      0x1a3 display.o
 .debug_loc     0x00000000      0x414 display.o
 .debug_aranges
                0x00000000       0x50 display.o
 .debug_ranges  0x00000000       0x58 display.o
 .debug_line    0x00000000      0x310 display.o
 .debug_str     0x00000000      0x32e display.o
 .comment       0x00000000       0x31 display.o
 .debug_frame   0x00000000       0xd8 display.o
 COMMON         0x00000000       0x20 display.o
 .text          0x00000000        0x0 ee_prom.o
 .data          0x00000000        0x0 ee_prom.o
 .bss           0x00000000        0x0 ee_prom.o
 .text.crc16_eeprom_startVal
                0x00000000       0x6c ee_prom.o
 .text.eeprom_ReadReg
                0x00000000       0x6a ee_prom.o
 .text.eeprom_ReadProg
                0x00000000       0x46 ee_prom.o
 .text          0x00000000        0x0 hwtimer.o
 .data          0x00000000        0x0 hwtimer.o
 .bss           0x00000000        0x0 hwtimer.o
 .text.Pipes_AllOutputsOff
                0x00000000       0x1e hwtimer.o
 .text.module_WaitOutputInput2Cycles
                0x00000000       0x1a hwtimer.o
 .text          0x00000000        0x0 initio.o
 .data          0x00000000        0x0 initio.o
 .bss           0x00000000        0x0 initio.o
 .text          0x00000000        0x0 lcd_u.o
 .data          0x00000000        0x0 lcd_u.o
 .bss           0x00000000        0x0 lcd_u.o
 .text.lcd_home
                0x00000000        0xc lcd_u.o
 .text          0x00000000        0x0 log.o
 .data          0x00000000        0x0 log.o
 .bss           0x00000000        0x0 log.o
 .text.log_putInfo
                0x00000000        0x8 log.o
 .progmem.data.nullLog
                0x00000000        0x2 log.o
 .text          0x00000000        0x0 main.o
 .data          0x00000000        0x0 main.o
 .bss           0x00000000        0x0 main.o
 .progmem.data.module_string
                0x00000000        0x7 main.o
 .progmem.data.eprom_ok
                0x00000000        0x4 main.o
 .text          0x00000000        0x0 menu.o
 .data          0x00000000        0x0 menu.o
 .bss           0x00000000        0x0 menu.o
 .text.menuTextOutVar
                0x00000000       0x36 menu.o
 .text.menuResetVars
                0x00000000       0x12 menu.o
 .text          0x00000000        0x0 message.o
 .data          0x00000000        0x0 message.o
 .bss           0x00000000        0x0 message.o
 .text.message_peek
                0x00000000       0x28 message.o
 .text.pipeMsgInit
                0x00000000       0x12 message.o
 .text          0x00000000        0x0 Midi.o
 .data          0x00000000        0x0 Midi.o
 .bss           0x00000000        0x0 Midi.o
 .text.init_Registers
                0x00000000       0x5e Midi.o
 .text.read_Register
                0x00000000       0x78 Midi.o
 .text.read_allRegister
                0x00000000       0x68 Midi.o
 .text          0x00000000        0x0 serial.o
 .data          0x00000000        0x0 serial.o
 .bss           0x00000000        0x0 serial.o
 .text.serial0SER_USBReadRx
                0x00000000       0x28 serial.o
 .text          0x00000000        0x0 utils.o
 .data          0x00000000        0x0 utils.o
 .bss           0x00000000        0x0 utils.o
 .text.lcd_decout
                0x00000000       0x34 utils.o
 .text.lcd_ModBitOut
                0x00000000       0x3c utils.o
 .text.lcd_ManualOut
                0x00000000       0x3a utils.o
 .text.chekcDecNibbles
                0x00000000       0x3e utils.o
 .text          0x00000000        0x0 c:/program files (x86)/atmel/studio/7.0/toolchain/avr8/avr8-gnu-toolchain/bin/../lib/gcc/avr/5.4.0/avr6\libgcc.a(_exit.o)
 .data          0x00000000        0x0 c:/program files (x86)/atmel/studio/7.0/toolchain/avr8/avr8-gnu-toolchain/bin/../lib/gcc/avr/5.4.0/avr6\libgcc.a(_exit.o)
 .bss           0x00000000        0x0 c:/program files (x86)/atmel/studio/7.0/toolchain/avr8/avr8-gnu-toolchain/bin/../lib/gcc/avr/5.4.0/avr6\libgcc.a(_exit.o)
 .text.libgcc.mul
                0x00000000        0x0 c:/program files (x86)/atmel/studio/7.0/toolchain/avr8/avr8-gnu-toolchain/bin/../lib/gcc/avr/5.4.0/avr6\libgcc.a(_exit.o)
 .text.libgcc.div
                0x00000000        0x0 c:/program files (x86)/atmel/studio/7.0/toolchain/avr8/avr8-gnu-toolchain/bin/../lib/gcc/avr/5.4.0/avr6\libgcc.a(_exit.o)
 .text.libgcc   0x00000000        0x0 c:/program files (x86)/atmel/studio/7.0/toolchain/avr8/avr8-gnu-toolchain/bin/../lib/gcc/avr/5.4.0/avr6\libgcc.a(_exit.o)
 .text.libgcc.prologue
                0x00000000        0x0 c:/program files (x86)/atmel/studio/7.0/toolchain/avr8/avr8-gnu-toolchain/bin/../lib/gcc/avr/5.4.0/avr6\libgcc.a(_exit.o)
 .text.libgcc.builtins
                0x00000000        0x0 c:/program files (x86)/atmel/studio/7.0/toolchain/avr8/avr8-gnu-toolchain/bin/../lib/gcc/avr/5.4.0/avr6\libgcc.a(_exit.o)
 .text.libgcc.fmul
                0x00000000        0x0 c:/program files (x86)/atmel/studio/7.0/toolchain/avr8/avr8-gnu-toolchain/bin/../lib/gcc/avr/5.4.0/avr6\libgcc.a(_exit.o)
 .text.libgcc.fixed
                0x00000000        0x0 c:/program files (x86)/atmel/studio/7.0/toolchain/avr8/avr8-gnu-toolchain/bin/../lib/gcc/avr/5.4.0/avr6\libgcc.a(_exit.o)
 .text          0x00000000        0x0 c:/program files (x86)/atmel/studio/7.0/toolchain/avr8/avr8-gnu-toolchain/bin/../lib/gcc/avr/5.4.0/avr6\libgcc.a(_tablejump2.o)
 .data          0x00000000        0x0 c:/program files (x86)/atmel/studio/7.0/toolchain/avr8/avr8-gnu-toolchain/bin/../lib/gcc/avr/5.4.0/avr6\libgcc.a(_tablejump2.o)
 .bss           0x00000000        0x0 c:/program files (x86)/atmel/studio/7.0/toolchain/avr8/avr8-gnu-toolchain/bin/../lib/gcc/avr/5.4.0/avr6\libgcc.a(_tablejump2.o)
 .text.libgcc.mul
                0x00000000        0x0 c:/program files (x86)/atmel/studio/7.0/toolchain/avr8/avr8-gnu-toolchain/bin/../lib/gcc/avr/5.4.0/avr6\libgcc.a(_tablejump2.o)
 .text.libgcc.div
                0x00000000        0x0 c:/program files (x86)/atmel/studio/7.0/toolchain/avr8/avr8-gnu-toolchain/bin/../lib/gcc/avr/5.4.0/avr6\libgcc.a(_tablejump2.o)
 .text.libgcc.prologue
                0x00000000        0x0 c:/program files (x86)/atmel/studio/7.0/toolchain/avr8/avr8-gnu-toolchain/bin/../lib/gcc/avr/5.4.0/avr6\libgcc.a(_tablejump2.o)
 .text.libgcc.builtins
                0x00000000        0x0 c:/program files (x86)/atmel/studio/7.0/toolchain/avr8/avr8-gnu-toolchain/bin/../lib/gcc/avr/5.4.0/avr6\libgcc.a(_tablejump2.o)
 .text.libgcc.fmul
                0x00000000        0x0 c:/program files (x86)/atmel/studio/7.0/toolchain/avr8/avr8-gnu-toolchain/bin/../lib/gcc/avr/5.4.0/avr6\libgcc.a(_tablejump2.o)
 .text.libgcc.fixed
                0x00000000        0x0 c:/program files (x86)/atmel/studio/7.0/toolchain/avr8/avr8-gnu-toolchain/bin/../lib/gcc/avr/5.4.0/avr6\libgcc.a(_tablejump2.o)
 .text          0x00000000        0x0 c:/program files (x86)/atmel/studio/7.0/toolchain/avr8/avr8-gnu-toolchain/bin/../lib/gcc/avr/5.4.0/avr6\libgcc.a(_copy_data.o)
 .data          0x00000000        0x0 c:/program files (x86)/atmel/studio/7.0/toolchain/avr8/avr8-gnu-toolchain/bin/../lib/gcc/avr/5.4.0/avr6\libgcc.a(_copy_data.o)
 .bss           0x00000000        0x0 c:/program files (x86)/atmel/studio/7.0/toolchain/avr8/avr8-gnu-toolchain/bin/../lib/gcc/avr/5.4.0/avr6\libgcc.a(_copy_data.o)
 .text.libgcc.mul
                0x00000000        0x0 c:/program files (x86)/atmel/studio/7.0/toolchain/avr8/avr8-gnu-toolchain/bin/../lib/gcc/avr/5.4.0/avr6\libgcc.a(_copy_data.o)
 .text.libgcc.div
                0x00000000        0x0 c:/program files (x86)/atmel/studio/7.0/toolchain/avr8/avr8-gnu-toolchain/bin/../lib/gcc/avr/5.4.0/avr6\libgcc.a(_copy_data.o)
 .text.libgcc   0x00000000        0x0 c:/program files (x86)/atmel/studio/7.0/toolchain/avr8/avr8-gnu-toolchain/bin/../lib/gcc/avr/5.4.0/avr6\libgcc.a(_copy_data.o)
 .text.libgcc.prologue
                0x00000000        0x0 c:/program files (x86)/atmel/studio/7.0/toolchain/avr8/avr8-gnu-toolchain/bin/../lib/gcc/avr/5.4.0/avr6\libgcc.a(_copy_data.o)
 .text.libgcc.builtins
                0x00000000        0x0 c:/program files (x86)/atmel/studio/7.0/toolchain/avr8/avr8-gnu-toolchain/bin/../lib/gcc/avr/5.4.0/avr6\libgcc.a(_copy_data.o)
 .text.libgcc.fmul
                0x00000000        0x0 c:/program files (x86)/atmel/studio/7.0/toolchain/avr8/avr8-gnu-toolchain/bin/../lib/gcc/avr/5.4.0/avr6\libgcc.a(_copy_data.o)
 .text.libgcc.fixed
                0x00000000        0x0 c:/program files (x86)/atmel/studio/7.0/toolchain/avr8/avr8-gnu-toolchain/bin/../lib/gcc/avr/5.4.0/avr6\libgcc.a(_copy_data.o)
 .text          0x00000000        0x0 c:/program files (x86)/atmel/studio/7.0/toolchain/avr8/avr8-gnu-toolchain/bin/../lib/gcc/avr/5.4.0/avr6\libgcc.a(_clear_bss.o)
 .data          0x00000000        0x0 c:/program files (x86)/atmel/studio/7.0/toolchain/avr8/avr8-gnu-toolchain/bin/../lib/gcc/avr/5.4.0/avr6\libgcc.a(_clear_bss.o)
 .bss           0x00000000        0x0 c:/program files (x86)/atmel/studio/7.0/toolchain/avr8/avr8-gnu-toolchain/bin/../lib/gcc/avr/5.4.0/avr6\libgcc.a(_clear_bss.o)
 .text.libgcc.mul
                0x00000000        0x0 c:/program files (x86)/atmel/studio/7.0/toolchain/avr8/avr8-gnu-toolchain/bin/../lib/gcc/avr/5.4.0/avr6\libgcc.a(_clear_bss.o)
 .text.libgcc.div
                0x00000000        0x0 c:/program files (x86)/atmel/studio/7.0/toolchain/avr8/avr8-gnu-toolchain/bin/../lib/gcc/avr/5.4.0/avr6\libgcc.a(_clear_bss.o)
 .text.libgcc   0x00000000        0x0 c:/program files (x86)/atmel/studio/7.0/toolchain/avr8/avr8-gnu-toolchain/bin/../lib/gcc/avr/5.4.0/avr6\libgcc.a(_clear_bss.o)
 .text.libgcc.prologue
                0x00000000        0x0 c:/program files (x86)/atmel/studio/7.0/toolchain/avr8/avr8-gnu-toolchain/bin/../lib/gcc/avr/5.4.0/avr6\libgcc.a(_clear_bss.o)
 .text.libgcc.builtins
                0x00000000        0x0 c:/program files (x86)/atmel/studio/7.0/toolchain/avr8/avr8-gnu-toolchain/bin/../lib/gcc/avr/5.4.0/avr6\libgcc.a(_clear_bss.o)
 .text.libgcc.fmul
                0x00000000        0x0 c:/program files (x86)/atmel/studio/7.0/toolchain/avr8/avr8-gnu-toolchain/bin/../lib/gcc/avr/5.4.0/avr6\libgcc.a(_clear_bss.o)
 .text.libgcc.fixed
                0x00000000        0x0 c:/program files (x86)/atmel/studio/7.0/toolchain/avr8/avr8-gnu-toolchain/bin/../lib/gcc/avr/5.4.0/avr6\libgcc.a(_clear_bss.o)
 .text          0x00000000        0x0 C:/Program Files (x86)/Atmel/Studio/7.0/Packs/atmel/ATmega_DFP/1.2.209/gcc/dev/atmega2560/avr6\libatmega2560.a(eerd_block.o)
 .data          0x00000000        0x0 C:/Program Files (x86)/Atmel/Studio/7.0/Packs/atmel/ATmega_DFP/1.2.209/gcc/dev/atmega2560/avr6\libatmega2560.a(eerd_block.o)
 .bss           0x00000000        0x0 C:/Program Files (x86)/Atmel/Studio/7.0/Packs/atmel/ATmega_DFP/1.2.209/gcc/dev/atmega2560/avr6\libatmega2560.a(eerd_block.o)
 .text          0x00000000        0x0 C:/Program Files (x86)/Atmel/Studio/7.0/Packs/atmel/ATmega_DFP/1.2.209/gcc/dev/atmega2560/avr6\libatmega2560.a(eerd_byte.o)
 .data          0x00000000        0x0 C:/Program Files (x86)/Atmel/Studio/7.0/Packs/atmel/ATmega_DFP/1.2.209/gcc/dev/atmega2560/avr6\libatmega2560.a(eerd_byte.o)
 .bss           0x00000000        0x0 C:/Program Files (x86)/Atmel/Studio/7.0/Packs/atmel/ATmega_DFP/1.2.209/gcc/dev/atmega2560/avr6\libatmega2560.a(eerd_byte.o)
 .text          0x00000000        0x0 C:/Program Files (x86)/Atmel/Studio/7.0/Packs/atmel/ATmega_DFP/1.2.209/gcc/dev/atmega2560/avr6\libatmega2560.a(eerd_word.o)
 .data          0x00000000        0x0 C:/Program Files (x86)/Atmel/Studio/7.0/Packs/atmel/ATmega_DFP/1.2.209/gcc/dev/atmega2560/avr6\libatmega2560.a(eerd_word.o)
 .bss           0x00000000        0x0 C:/Program Files (x86)/Atmel/Studio/7.0/Packs/atmel/ATmega_DFP/1.2.209/gcc/dev/atmega2560/avr6\libatmega2560.a(eerd_word.o)
 .text          0x00000000        0x0 C:/Program Files (x86)/Atmel/Studio/7.0/Packs/atmel/ATmega_DFP/1.2.209/gcc/dev/atmega2560/avr6\libatmega2560.a(eeupd_block.o)
 .data          0x00000000        0x0 C:/Program Files (x86)/Atmel/Studio/7.0/Packs/atmel/ATmega_DFP/1.2.209/gcc/dev/atmega2560/avr6\libatmega2560.a(eeupd_block.o)
 .bss           0x00000000        0x0 C:/Program Files (x86)/Atmel/Studio/7.0/Packs/atmel/ATmega_DFP/1.2.209/gcc/dev/atmega2560/avr6\libatmega2560.a(eeupd_block.o)
 .text          0x00000000        0x0 C:/Program Files (x86)/Atmel/Studio/7.0/Packs/atmel/ATmega_DFP/1.2.209/gcc/dev/atmega2560/avr6\libatmega2560.a(eeupd_byte.o)
 .data          0x00000000        0x0 C:/Program Files (x86)/Atmel/Studio/7.0/Packs/atmel/ATmega_DFP/1.2.209/gcc/dev/atmega2560/avr6\libatmega2560.a(eeupd_byte.o)
 .bss           0x00000000        0x0 C:/Program Files (x86)/Atmel/Studio/7.0/Packs/atmel/ATmega_DFP/1.2.209/gcc/dev/atmega2560/avr6\libatmega2560.a(eeupd_byte.o)
 .text          0x00000000        0x0 C:/Program Files (x86)/Atmel/Studio/7.0/Packs/atmel/ATmega_DFP/1.2.209/gcc/dev/atmega2560/avr6\libatmega2560.a(eeupd_word.o)
 .data          0x00000000        0x0 C:/Program Files (x86)/Atmel/Studio/7.0/Packs/atmel/ATmega_DFP/1.2.209/gcc/dev/atmega2560/avr6\libatmega2560.a(eeupd_word.o)
 .bss           0x00000000        0x0 C:/Program Files (x86)/Atmel/Studio/7.0/Packs/atmel/ATmega_DFP/1.2.209/gcc/dev/atmega2560/avr6\libatmega2560.a(eeupd_word.o)

Memory Configuration

Name             Origin             Length             Attributes
text             0x00000000         0x00100000         xr
data             0x00800200         0x0000fe00         rw !x
eeprom           0x00810000         0x00010000         rw !x
fuse             0x00820000         0x00000003         rw !x
lock             0x00830000         0x00000400         rw !x
signature        0x00840000         0x00000400         rw !x
user_signatures  0x00850000         0x00000400         rw !x
*default*        0x00000000         0xffffffff

Linker script and memory map

Address of section .data set to 0x800200
LOAD C:/Program Files (x86)/Atmel/Studio/7.0/Packs/atmel/ATmega_DFP/1.2.209/gcc/dev/atmega2560/avr6/crtatmega2560.o
LOAD display.o
LOAD ee_prom.o
LOAD hwtimer.o
LOAD initio.o
LOAD lcd_u.o
LOAD log.o
LOAD main.o
LOAD menu.o
LOAD message.o
LOAD Midi.o
LOAD serial.o
LOAD utils.o
START GROUP
LOAD c:/program files (x86)/atmel/studio/7.0/toolchain/avr8/avr8-gnu-toolchain/bin/../lib/gcc/avr/5.4.0/../../../../avr/lib/avr6\libm.a
END GROUP
START GROUP
LOAD c:/program files (x86)/atmel/studio/7.0/toolchain/avr8/avr8-gnu-toolchain/bin/../lib/gcc/avr/5.4.0/avr6\libgcc.a
LOAD c:/program files (x86)/atmel/studio/7.0/toolchain/avr8/avr8-gnu-toolchain/bin/../lib/gcc/avr/5.4.0/../../../../avr/lib/avr6\libm.a
LOAD c:/program files (x86)/atmel/studio/7.0/toolchain/avr8/avr8-gnu-toolchain/bin/../lib/gcc/avr/5.4.0/../../../../avr/lib/avr6\libc.a
LOAD C:/Program Files (x86)/Atmel/Studio/7.0/Packs/atmel/ATmega_DFP/1.2.209/gcc/dev/atmega2560/avr6\libatmega2560.a
END GROUP
                0x00100000                __TEXT_REGION_LENGTH__ = DEFINED (__TEXT_REGION_LENGTH__)?__TEXT_REGION_LENGTH__:0x100000
                0x0000fe00                __DATA_REGION_LENGTH__ = DEFINED (__DATA_REGION_LENGTH__)?__DATA_REGION_LENGTH__:0xfe00
                0x00010000                __EEPROM_REGION_LENGTH__ = DEFINED (__EEPROM_REGION_LENGTH__)?__EEPROM_REGION_LENGTH__:0x10000
                [0x00000003]                __FUSE_REGION_LENGTH__ = DEFINED (__FUSE_REGION_LENGTH__)?__FUSE_REGION_LENGTH__:0x400
                0x00000400                __LOCK_REGION_LENGTH__ = DEFINED (__LOCK_REGION_LENGTH__)?__LOCK_REGION_LENGTH__:0x400
                0x00000400                __SIGNATURE_REGION_LENGTH__ = DEFINED (__SIGNATURE_REGION_LENGTH__)?__SIGNATURE_REGION_LENGTH__:0x400
                0x00000400                __USER_SIGNATURE_REGION_LENGTH__ = DEFINED (__USER_SIGNATURE_REGION_LENGTH__)?__USER_SIGNATURE_REGION_LENGTH__:0x400

.hash
 *(.hash)

.dynsym
 *(.dynsym)

.dynstr
 *(.dynstr)

.gnu.version
 *(.gnu.version)

.gnu.version_d
 *(.gnu.version_d)

.gnu.version_r
 *(.gnu.version_r)

.rel.init
 *(.rel.init)

.rela.init
 *(.rela.init)

.rel.text
 *(.rel.text)
 *(.rel.text.*)
 *(.rel.gnu.linkonce.t*)

.rela.text
 *(.rela.text)
 *(.rela.text.*)
 *(.rela.gnu.linkonce.t*)

.rel.fini
 *(.rel.fini)

.rela.fini
 *(.rela.fini)

.rel.rodata
 *(.rel.rodata)
 *(.rel.rodata.*)
 *(.rel.gnu.linkonce.r*)

.rela.rodata
 *(.rela.rodata)
 *(.rela.rodata.*)
 *(.rela.gnu.linkonce.r*)

.rel.data
 *(.rel.data)
 *(.rel.data.*)
 *(.rel.gnu.linkonce.d*)

.rela.data
 *(.rela.data)
 *(.rela.data.*)
 *(.rela.gnu.linkonce.d*)

.rel.ctors
 *(.rel.ctors)

.rela.ctors
 *(.rela.ctors)

.rel.dtors
 *(.rel.dtors)

.rela.dtors
 *(.rela.dtors)

.rel.got
 *(.rel.got)

.rela.got
 *(.rela.got)

.rel.bss
 *(.rel.bss)

.rela.bss
 *(.rela.bss)

.rel.plt
 *(.rel.plt)

.rela.plt
 *(.rela.plt)

.text           0x00000000     0x5678
 *(.vectors)
 .vectors       0x00000000       0xe4 C:/Program Files (x86)/Atmel/Studio/7.0/Packs/atmel/ATmega_DFP/1.2.209/gcc/dev/atmega2560/avr6/crtatmega2560.o
                0x00000000                __vector_default
                0x00000000                __vectors
 *(.vectors)
 *(.progmem.gcc*)
 .progmem.gcc_sw_table.dataToNibbles
                0x000000e4       0x14 menu.o
 .progmem.gcc_sw_table.nibbleToLCDstring
                0x000000f8       0x14 menu.o
 .progmem.gcc_sw_table.nibbleChange
                0x0000010c       0x14 menu.o
 .progmem.gcc_sw_table.nibbleToData
                0x00000120       0x14 menu.o
 .progmem.gcc_sw_table.lcd_noteOut
                0x00000134       0x18 utils.o
                0x0000014c                . = ALIGN (0x2)
                0x0000014c                __trampolines_start = .
 *(.trampolines)
 .trampolines   0x0000014c        0x0 linker stubs
 *(.trampolines*)
                0x0000014c                __trampolines_end = .
 *libprintf_flt.a:*(.progmem.data)
 *libc.a:*(.progmem.data)
 *(.progmem*)
 .progmem.data.stringLog
                0x0000014c        0x6 log.o
                0x0000014c                stringLog
 .progmem.data.ErrorText
                0x00000152      0x10e log.o
                0x00000152                ErrorText
 .progmem.data.releaseKeyString
                0x00000260       0x12 main.o
                0x00000260                releaseKeyString
 .progmem.data.prog_name
                0x00000272        0xf main.o
                0x00000272                prog_name
 .progmem.data.usbHWBits
                0x00000281        0x7 menu.o
                0x00000281                usbHWBits
 .progmem.data.usbHWmodule
                0x00000288        0x8 menu.o
                0x00000288                usbHWmodule
 .progmem.data.usbHWempty
                0x00000290        0x6 menu.o
                0x00000290                usbHWempty
 .progmem.data.usbHWRange
                0x00000296        0x8 menu.o
                0x00000296                usbHWRange
 .progmem.data.usbHWManual
                0x0000029e        0x9 menu.o
                0x0000029e                usbHWManual
 .progmem.data.usbHWmodulCheck
                0x000002a7       0x12 menu.o
                0x000002a7                usbHWmodulCheck
 .progmem.data.usbHWmodulInst
                0x000002b9       0x13 menu.o
                0x000002b9                usbHWmodulInst
 .progmem.data.usbHWtitel
                0x000002cc       0x19 menu.o
                0x000002cc                usbHWtitel
 .progmem.data.HelloMsg
                0x000002e5       0x19 menu.o
                0x000002e5                HelloMsg
 .progmem.data.usbLog
                0x000002fe        0x6 menu.o
                0x000002fe                usbLog
 .progmem.data.usbEmpty
                0x00000304        0x8 menu.o
                0x00000304                usbEmpty
 .progmem.data.msg_programming2
                0x0000030c        0x8 menu.o
                0x0000030c                msg_programming2
 .progmem.data.msg_programming1
                0x00000314        0x8 menu.o
                0x00000314                msg_programming1
 .progmem.data.logNone
                0x0000031c        0x7 menu.o
                0x0000031c                logNone
 .progmem.data.stringNotAssigen
                0x00000323        0xb menu.o
                0x00000323                stringNotAssigen
 .progmem.data.menuMessageMIDIpanic
                0x0000032e        0xb menu.o
                0x0000032e                menuMessageMIDIpanic
 .progmem.data.MenuMIDIOutText
                0x00000339        0x5 menu.o
                0x00000339                MenuMIDIOutText
 .progmem.data.MenuMIDIInText
                0x0000033e        0x4 menu.o
                0x0000033e                MenuMIDIInText
 .progmem.data.initMenuText
                0x00000342        0xa menu.o
                0x00000342                initMenuText
 .progmem.data.nibbleInfo
                0x0000034c       0x6c menu.o
                0x0000034c                nibbleInfo
 .progmem.data.menu_selFunc
                0x000003b8       0xc8 menu.o
                0x000003b8                menu_selFunc
 .progmem.data.shortKeyTextCplP1
                0x00000480        0xa menu.o
                0x00000480                shortKeyTextCplP1
 .progmem.data.shortKeyTextCplP2
                0x0000048a        0xa menu.o
                0x0000048a                shortKeyTextCplP2
 .progmem.data.shortKeyTextCpl12
                0x00000494        0xa menu.o
                0x00000494                shortKeyTextCpl12
 .progmem.data.shortKeyTextCplP3
                0x0000049e        0xa menu.o
                0x0000049e                shortKeyTextCplP3
 .progmem.data.shortKeyTextCpl13
                0x000004a8        0xa menu.o
                0x000004a8                shortKeyTextCpl13
 .progmem.data.shortKeyTextCpl23
                0x000004b2        0xa menu.o
                0x000004b2                shortKeyTextCpl23
 .progmem.data.shortKeyTextMIDIoff
                0x000004bc        0xa menu.o
                0x000004bc                shortKeyTextMIDIoff
 .progmem.data.shortKeyTextSetup
                0x000004c6        0xa menu.o
                0x000004c6                shortKeyTextSetup
 .progmem.data.shortKeyTextStim
                0x000004d0        0xa menu.o
                0x000004d0                shortKeyTextStim
 .progmem.data.shortKeyTextMenu
                0x000004da        0xa menu.o
                0x000004da                shortKeyTextMenu
 .progmem.data.menu_main
                0x000004e4       0x64 menu.o
                0x000004e4                menu_main
 .progmem.data.menu_manual
                0x00000548       0x28 menu.o
                0x00000548                menu_manual
 .progmem.data.menu_coupler
                0x00000570       0x78 menu.o
                0x00000570                menu_coupler
 .progmem.data.menu_midi
                0x000005e8       0x50 menu.o
                0x000005e8                menu_midi
 .progmem.data.menu_midiIn
                0x00000638      0x140 menu.o
                0x00000638                menu_midiIn
 .progmem.data.menu_midiInSec
                0x00000778       0x50 menu.o
                0x00000778                menu_midiInSec
 .progmem.data.menu_midiInVar
                0x000007c8       0x50 menu.o
                0x000007c8                menu_midiInVar
 .progmem.data.menu_key
                0x00000818       0x50 menu.o
                0x00000818                menu_key
 .progmem.data.menu_tune
                0x00000868       0x50 menu.o
                0x00000868                menu_tune
 .progmem.data.menu_midiOut
                0x000008b8       0x50 menu.o
                0x000008b8                menu_midiOut
 .progmem.data.menu_setup
                0x00000908       0x50 menu.o
                0x00000908                menu_setup
 .progmem.data.menu_eeprom
                0x00000958       0x3c menu.o
                0x00000958                menu_eeprom
 .progmem.data.menu_Power
                0x00000994       0x3c menu.o
                0x00000994                menu_Power
 .progmem.data.menu_module
                0x000009d0       0x64 menu.o
                0x000009d0                menu_module
 .progmem.data.menu_ModeSel
                0x00000a34       0xa0 menu.o
                0x00000a34                menu_ModeSel
 .progmem.data.menu_ModTestSelcted
                0x00000ad4       0x50 menu.o
                0x00000ad4                menu_ModTestSelcted
 .progmem.data.menu_USBser
                0x00000b24       0x3c menu.o
                0x00000b24                menu_USBser
 .progmem.data.menu_modAssign
                0x00000b60       0x50 menu.o
                0x00000b60                menu_modAssign
 .progmem.data.menu_modSection
                0x00000bb0       0x50 menu.o
                0x00000bb0                menu_modSection
 .progmem.data.menu_modDefine
                0x00000c00       0x3c menu.o
                0x00000c00                menu_modDefine
 .progmem.data.menu_status
                0x00000c3c       0x3c menu.o
                0x00000c3c                menu_status
 .progmem.data.sw_version
                0x00000c78        0x6 menu.o
                0x00000c78                sw_version
 .progmem.data.keylabel_1
                0x00000c7e        0x2 utils.o
                0x00000c7e                keylabel_1
 .progmem.data.keylabel_0
                0x00000c80        0x2 utils.o
                0x00000c80                keylabel_0
 .progmem.data.keylabel_text
                0x00000c82        0x6 utils.o
                0x00000c82                keylabel_text
 .progmem.data.keylabel_exit
                0x00000c88        0x5 utils.o
                0x00000c88                keylabel_exit
 .progmem.data.keylabel_onoff
                0x00000c8d        0x5 utils.o
                0x00000c8d                keylabel_onoff
 .progmem.data.keylabel_minus
                0x00000c92        0x2 utils.o
                0x00000c92                keylabel_minus
 .progmem.data.keylabel_plus
                0x00000c94        0x2 utils.o
                0x00000c94                keylabel_plus
 .progmem.data.keylabel_left
                0x00000c96        0x2 utils.o
                0x00000c96                keylabel_left
 .progmem.data.keylabel_right
                0x00000c98        0x2 utils.o
                0x00000c98                keylabel_right
 .progmem.data.keylabel_down
                0x00000c9a        0x2 utils.o
                0x00000c9a                keylabel_down
 .progmem.data.keylabel_up
                0x00000c9c        0x2 utils.o
                0x00000c9c                keylabel_up
 .progmem.data.cgPattern_Block
                0x00000c9e        0x8 utils.o
                0x00000c9e                cgPattern_Block
 .progmem.data.cgPattern_Down
                0x00000ca6        0x8 utils.o
                0x00000ca6                cgPattern_Down
 .progmem.data.cgPattern_Up
                0x00000cae        0x8 utils.o
                0x00000cae                cgPattern_Up
 .progmem.data.cr_lf
                0x00000cb6        0x3 utils.o
                0x00000cb6                cr_lf
                0x00000cba                . = ALIGN (0x2)
 *fill*         0x00000cb9        0x1 
 *(.jumptables)
 *(.jumptables*)
 *(.lowtext)
 *(.lowtext*)
                0x00000cba                __ctors_start = .
 *(.ctors)
                0x00000cba                __ctors_end = .
                0x00000cba                __dtors_start = .
 *(.dtors)
                0x00000cba                __dtors_end = .
 SORT(*)(.ctors)
 SORT(*)(.dtors)
 *(.init0)
 .init0         0x00000cba        0x0 C:/Program Files (x86)/Atmel/Studio/7.0/Packs/atmel/ATmega_DFP/1.2.209/gcc/dev/atmega2560/avr6/crtatmega2560.o
                0x00000cba                __init
 *(.init0)
 *(.init1)
 *(.init1)
 *(.init2)
 .init2         0x00000cba       0x10 C:/Program Files (x86)/Atmel/Studio/7.0/Packs/atmel/ATmega_DFP/1.2.209/gcc/dev/atmega2560/avr6/crtatmega2560.o
 *(.init2)
 *(.init3)
 *(.init3)
 *(.init4)
 .init4         0x00000cca       0x1a c:/program files (x86)/atmel/studio/7.0/toolchain/avr8/avr8-gnu-toolchain/bin/../lib/gcc/avr/5.4.0/avr6\libgcc.a(_copy_data.o)
                0x00000cca                __do_copy_data
 .init4         0x00000ce4       0x10 c:/program files (x86)/atmel/studio/7.0/toolchain/avr8/avr8-gnu-toolchain/bin/../lib/gcc/avr/5.4.0/avr6\libgcc.a(_clear_bss.o)
                0x00000ce4                __do_clear_bss
 *(.init4)
 *(.init5)
 *(.init5)
 *(.init6)
 *(.init6)
 *(.init7)
 *(.init7)
 *(.init8)
 *(.init8)
 *(.init9)
 .init9         0x00000cf4        0x8 C:/Program Files (x86)/Atmel/Studio/7.0/Packs/atmel/ATmega_DFP/1.2.209/gcc/dev/atmega2560/avr6/crtatmega2560.o
 *(.init9)
 *(.text)
 .text          0x00000cfc        0x2 C:/Program Files (x86)/Atmel/Studio/7.0/Packs/atmel/ATmega_DFP/1.2.209/gcc/dev/atmega2560/avr6/crtatmega2560.o
                0x00000cfc                __vector_38
                0x00000cfc                __vector_22
                0x00000cfc                __vector_28
                0x00000cfc                __vector_1
                0x00000cfc                __vector_32
                0x00000cfc                __vector_34
                0x00000cfc                __vector_24
                0x00000cfc                __vector_12
                0x00000cfc                __vector_55
                0x00000cfc                __vector_46
                0x00000cfc                __bad_interrupt
                0x00000cfc                __vector_6
                0x00000cfc                __vector_31
                0x00000cfc                __vector_35
                0x00000cfc                __vector_39
                0x00000cfc                __vector_3
                0x00000cfc                __vector_23
                0x00000cfc                __vector_30
                0x00000cfc                __vector_45
                0x00000cfc                __vector_11
                0x00000cfc                __vector_54
                0x00000cfc                __vector_13
                0x00000cfc                __vector_17
                0x00000cfc                __vector_19
                0x00000cfc                __vector_56
                0x00000cfc                __vector_7
                0x00000cfc                __vector_49
                0x00000cfc                __vector_41
                0x00000cfc                __vector_43
                0x00000cfc                __vector_27
                0x00000cfc                __vector_5
                0x00000cfc                __vector_33
                0x00000cfc                __vector_47
                0x00000cfc                __vector_52
                0x00000cfc                __vector_4
                0x00000cfc                __vector_44
                0x00000cfc                __vector_51
                0x00000cfc                __vector_9
                0x00000cfc                __vector_2
                0x00000cfc                __vector_15
                0x00000cfc                __vector_29
                0x00000cfc                __vector_40
                0x00000cfc                __vector_8
                0x00000cfc                __vector_48
                0x00000cfc                __vector_14
                0x00000cfc                __vector_53
                0x00000cfc                __vector_10
                0x00000cfc                __vector_50
                0x00000cfc                __vector_16
                0x00000cfc                __vector_18
                0x00000cfc                __vector_20
                0x00000cfc                __vector_42
                0x00000cfe                . = ALIGN (0x2)
 *(.text.*)
 .text.crc16_ram
                0x00000cfe       0x4c ee_prom.o
                0x00000cfe                crc16_ram
 .text.crc16_eeprom
                0x00000d4a       0x6e ee_prom.o
                0x00000d4a                crc16_eeprom
 .text.crc16_ram_startVal
                0x00000db8       0x4a ee_prom.o
                0x00000db8                crc16_ram_startVal
 .text.eeprom_ReadManualMap
                0x00000e02       0x50 ee_prom.o
                0x00000e02                eeprom_ReadManualMap
 .text.eeprom_ReadMidiInMap
                0x00000e52       0x50 ee_prom.o
                0x00000e52                eeprom_ReadMidiInMap
 .text.eeprom_ReadMidiOutMap
                0x00000ea2       0x5c ee_prom.o
                0x00000ea2                eeprom_ReadMidiOutMap
 .text.eeprom_ReadModules
                0x00000efe       0x58 ee_prom.o
                0x00000efe                eeprom_ReadModules
 .text.eeprom_ReadUSB
                0x00000f56       0x4c ee_prom.o
                0x00000f56                eeprom_ReadUSB
 .text.eeprom_ReadSoftkeys
                0x00000fa2       0x44 ee_prom.o
                0x00000fa2                eeprom_ReadSoftkeys
 .text.eepromWriteSignature
                0x00000fe6       0x16 ee_prom.o
                0x00000fe6                eepromWriteSignature
 .text.eeprom_UpdateManualMap
                0x00000ffc       0x44 ee_prom.o
                0x00000ffc                eeprom_UpdateManualMap
 .text.eeprom_UpdateMidiInMap
                0x00001040       0x44 ee_prom.o
                0x00001040                eeprom_UpdateMidiInMap
 .text.eeprom_UpdateMidiOutMap
                0x00001084       0x5c ee_prom.o
                0x00001084                eeprom_UpdateMidiOutMap
 .text.eeprom_UpdateModules
                0x000010e0       0x4c ee_prom.o
                0x000010e0                eeprom_UpdateModules
 .text.eeprom_UpdateUSB
                0x0000112c       0x40 ee_prom.o
                0x0000112c                eeprom_UpdateUSB
 .text.eeprom_UpdateReg
                0x0000116c       0x5c ee_prom.o
                0x0000116c                eeprom_UpdateReg
 .text.eeprom_UpdateProg
                0x000011c8       0x44 ee_prom.o
                0x000011c8                eeprom_UpdateProg
 .text.eeprom_UpdateSoftkeys
                0x0000120c       0x44 ee_prom.o
                0x0000120c                eeprom_UpdateSoftkeys
 .text.eeprom_UpdateALL
                0x00001250       0x12 ee_prom.o
                0x00001250                eeprom_UpdateALL
 .text.eepromCopy
                0x00001262       0x52 ee_prom.o
                0x00001262                eepromCopy
 .text.eeprom_Backup
                0x000012b4       0x18 ee_prom.o
                0x000012b4                eeprom_Backup
 .text.eeprom_Restore
                0x000012cc       0x18 ee_prom.o
                0x000012cc                eeprom_Restore
 .text.init_Timers
                0x000012e4       0x30 hwtimer.o
                0x000012e4                init_Timers
 .text.init_HwTimer
                0x00001314       0x1e hwtimer.o
                0x00001314                init_HwTimer
 .text.init_ADC
                0x00001332       0x54 hwtimer.o
                0x00001332                init_ADC
 .text.init_Pipe
                0x00001386       0x50 hwtimer.o
                0x00001386                init_Pipe
 .text.init_PipeModules
                0x000013d6      0x17e hwtimer.o
                0x000013d6                init_PipeModules
 .text.test_PipeModule
                0x00001554       0xe8 hwtimer.o
                0x00001554                test_PipeModule
 .text.module_TestAllInputs
                0x0000163c       0x22 hwtimer.o
                0x0000163c                module_TestAllInputs
 .text.module_StartPowerOn
                0x0000165e       0x20 hwtimer.o
                0x0000165e                module_StartPowerOn
 .text.module_PowerControl
                0x0000167e       0x8c hwtimer.o
                0x0000167e                module_PowerControl
 .text.__vector_21
                0x0000170a      0x494 hwtimer.o
                0x0000170a                __vector_21
 .text.init_iopins
                0x00001b9e       0x3a initio.o
                0x00001b9e                init_iopins
 .text.lcd_write_nibble
                0x00001bd8       0x7a lcd_u.o
                0x00001bd8                lcd_write_nibble
 .text.lcd_write_character
                0x00001c52       0x30 lcd_u.o
                0x00001c52                lcd_write_character
 .text.lcd_write_command
                0x00001c82       0x44 lcd_u.o
                0x00001c82                lcd_write_command
 .text.lcd_init
                0x00001cc6       0xa0 lcd_u.o
                0x00001cc6                lcd_init
 .text.lcd_goto
                0x00001d66        0xa lcd_u.o
                0x00001d66                lcd_goto
 .text.lcd_clrscr
                0x00001d70        0xa lcd_u.o
                0x00001d70                lcd_clrscr
 .text.lcd_putc
                0x00001d7a       0x10 lcd_u.o
                0x00001d7a                lcd_putc
 .text.lcd_puts
                0x00001d8a       0x20 lcd_u.o
                0x00001d8a                lcd_puts
 .text.lcd_puts_P
                0x00001daa       0x20 lcd_u.o
                0x00001daa                lcd_puts_P
 .text.init_log
                0x00001dca       0x16 log.o
                0x00001dca                init_log
 .text.log_count
                0x00001de0       0x3e log.o
                0x00001de0                log_count
 .text.log_getLog
                0x00001e1e       0x50 log.o
                0x00001e1e                log_getLog
 .text.getErrorText
                0x00001e6e       0x88 log.o
                0x00001e6e                getErrorText
 .text.logCheckUnreadErrorLogs
                0x00001ef6       0x40 log.o
                0x00001ef6                logCheckUnreadErrorLogs
 .text.log_getShortTextFromPtr
                0x00001f36      0x118 log.o
                0x00001f36                log_getShortTextFromPtr
 .text.log_put  0x0000204e       0xc8 log.o
                0x0000204e                log_put
 .text.log_putError
                0x00002116        0xc log.o
                0x00002116                log_putError
 .text.log_putWarning
                0x00002122        0x6 log.o
                0x00002122                log_putWarning
 .text.log_getShortTextFromIndex
                0x00002128       0x20 log.o
                0x00002128                log_getShortTextFromIndex
 .text.main     0x00002148      0x36a main.o
                0x00002148                main
 .text.menuOnExitCoupler
                0x000024b2        0x4 menu.o
                0x000024b2                menuOnExitCoupler
 .text.menu_enterWriteModule
                0x000024b6       0x78 menu.o
                0x000024b6                menu_enterWriteModule
 .text.menu_exitWriteModule
                0x0000252e       0x5a menu.o
                0x0000252e                menu_exitWriteModule
 .text.menuOnEnterModSel
                0x00002588       0x16 menu.o
                0x00002588                menuOnEnterModSel
 .text.menuOnEnterMidiInCh
                0x0000259e       0x16 menu.o
                0x0000259e                menuOnEnterMidiInCh
 .text.menuOnEnterMidiInSec
                0x000025b4       0x3c menu.o
                0x000025b4                menuOnEnterMidiInSec
 .text.menuOnEnterModManual
                0x000025f0       0x16 menu.o
                0x000025f0                menuOnEnterModManual
 .text.menuOnEnterModSec
                0x00002606       0x4a menu.o
                0x00002606                menuOnEnterModSec
 .text.menuOnEnterKey
                0x00002650       0x2e menu.o
                0x00002650                menuOnEnterKey
 .text.menuOnExitKeys
                0x0000267e        0x8 menu.o
                0x0000267e                menuOnExitKeys
 .text.menu_readModule
                0x00002686       0x68 menu.o
                0x00002686                menu_readModule
 .text.menu_testModule
                0x000026ee       0x24 menu.o
                0x000026ee                menu_testModule
 .text.menuOnEnterTune
                0x00002712      0x238 menu.o
                0x00002712                menuOnEnterTune
 .text.menuOnExitMidiActiveSense
                0x0000294a        0x8 menu.o
                0x0000294a                menuOnExitMidiActiveSense
 .text.menuOnExitMidiOut
                0x00002952        0x8 menu.o
                0x00002952                menuOnExitMidiOut
 .text.menuOnExitMidiIn
                0x0000295a        0x8 menu.o
                0x0000295a                menuOnExitMidiIn
 .text.menuOnExitManual
                0x00002962        0xc menu.o
                0x00002962                menuOnExitManual
 .text.menuOnExitModules
                0x0000296e        0x8 menu.o
                0x0000296e                menuOnExitModules
 .text.menuOnEnterUSBprotokoll
                0x00002976       0x3c menu.o
                0x00002976                menuOnEnterUSBprotokoll
 .text.menuOnExitUSBactive
                0x000029b2       0x28 menu.o
                0x000029b2                menuOnExitUSBactive
 .text.menuOnEnterUSBsendHW
                0x000029da      0x20c menu.o
                0x000029da                menuOnEnterUSBsendHW
 .text.softkeyCoupler
                0x00002be6       0x1c menu.o
                0x00002be6                softkeyCoupler
 .text.softKeyCoupler2from3
                0x00002c02       0x1a menu.o
                0x00002c02                softKeyCoupler2from3
 .text.softKeyCoupler1from3
                0x00002c1c       0x1a menu.o
                0x00002c1c                softKeyCoupler1from3
 .text.softKeyCouplerPfrom3
                0x00002c36       0x1a menu.o
                0x00002c36                softKeyCouplerPfrom3
 .text.softKeyCoupler1from2
                0x00002c50       0x1a menu.o
                0x00002c50                softKeyCoupler1from2
 .text.softKeyCouplerPfrom2
                0x00002c6a       0x1a menu.o
                0x00002c6a                softKeyCouplerPfrom2
 .text.softKeyCouplerPfrom1
                0x00002c84       0x1a menu.o
                0x00002c84                softKeyCouplerPfrom1
 .text.menuLCDwriteOK
                0x00002c9e       0x26 menu.o
                0x00002c9e                menuLCDwriteOK
 .text.menuOnEnterEEBackup
                0x00002cc4       0x14 menu.o
                0x00002cc4                menuOnEnterEEBackup
 .text.menuOnEnterEERestore
                0x00002cd8       0x14 menu.o
                0x00002cd8                menuOnEnterEERestore
 .text.menuOnEnterEEUpdate
                0x00002cec       0x14 menu.o
                0x00002cec                menuOnEnterEEUpdate
 .text.menu_Init
                0x00002d00       0x46 menu.o
                0x00002d00                menu_Init
 .text.softkeyLeft
                0x00002d46        0xc menu.o
                0x00002d46                softkeyLeft
 .text.softkeyRight
                0x00002d52        0xc menu.o
                0x00002d52                softkeyRight
 .text.softkeyDown
                0x00002d5e        0xc menu.o
                0x00002d5e                softkeyDown
 .text.softkeyUp
                0x00002d6a        0xc menu.o
                0x00002d6a                softkeyUp
 .text.softkeyPlus
                0x00002d76       0x20 menu.o
                0x00002d76                softkeyPlus
 .text.softkeyMinus
                0x00002d96       0x20 menu.o
                0x00002d96                softkeyMinus
 .text.dataToNibbles
                0x00002db6      0x19c menu.o
                0x00002db6                dataToNibbles
 .text.nibbleToLCDstring
                0x00002f52      0x224 menu.o
                0x00002f52                nibbleToLCDstring
 .text.LCDStringOut
                0x00003176       0x36 menu.o
                0x00003176                LCDStringOut
 .text.nibbleCheckOvfl
                0x000031ac       0x12 menu.o
                0x000031ac                nibbleCheckOvfl
 .text.nibbleChange
                0x000031be      0x2de menu.o
                0x000031be                nibbleChange
 .text.nibbleToData
                0x0000349c      0x186 menu.o
                0x0000349c                nibbleToData
 .text.menuTextOut
                0x00003622       0x36 menu.o
                0x00003622                menuTextOut
 .text.menuParentMenuToLCD
                0x00003658       0x34 menu.o
                0x00003658                menuParentMenuToLCD
 .text.menuDisplayValue
                0x0000368c       0x1a menu.o
                0x0000368c                menuDisplayValue
 .text.menuCursorSetDataNibble
                0x000036a6       0x5a menu.o
                0x000036a6                menuCursorSetDataNibble
 .text.menuCursorSetExtra
                0x00003700        0x8 menu.o
                0x00003700                menuCursorSetExtra
 .text.menuOnEnterStatusMidiIn
                0x00003708       0x7c menu.o
                0x00003708                menuOnEnterStatusMidiIn
 .text.menuOnEnterStatusMidiOut
                0x00003784       0x7c menu.o
                0x00003784                menuOnEnterStatusMidiOut
 .text.menuOnEnterLogDisp
                0x00003800      0x106 menu.o
                0x00003800                menuOnEnterLogDisp
 .text.menuCursorSetMenu
                0x00003906        0x8 menu.o
                0x00003906                menuCursorSetMenu
 .text.menu_OnEnterMidiPanic
                0x0000390e       0x32 menu.o
                0x0000390e                menu_OnEnterMidiPanic
 .text.menuCurrMenuToLCD
                0x00003940       0x5c menu.o
                0x00003940                menuCurrMenuToLCD
 .text.menuClearExtraDisp
                0x0000399c        0xa menu.o
                0x0000399c                menuClearExtraDisp
 .text.menu_ClearDataDisp
                0x000039a6        0xe menu.o
                0x000039a6                menu_ClearDataDisp
 .text.menu_ModuleTestExecute
                0x000039b4      0x210 menu.o
                0x000039b4                menu_ModuleTestExecute
 .text.menu_ModuleTestPattern
                0x00003bc4       0x32 menu.o
                0x00003bc4                menu_ModuleTestPattern
 .text.menuClearMenuDisp
                0x00003bf6       0x16 menu.o
                0x00003bf6                menuClearMenuDisp
 .text.menu_ClearAllDisp
                0x00003c0c        0x8 menu.o
                0x00003c0c                menu_ClearAllDisp
 .text.menuItemChanged
                0x00003c14       0xc4 menu.o
                0x00003c14                menuItemChanged
 .text.menu_InitLCD
                0x00003cd8        0xe menu.o
                0x00003cd8                menu_InitLCD
 .text.menu_ProcessMessage
                0x00003ce6      0x41c menu.o
                0x00003ce6                menu_ProcessMessage
 .text.init_SoftKeys
                0x00004102       0x8a menu.o
                0x00004102                init_SoftKeys
 .text.softKey_Set
                0x0000418c       0x3e menu.o
                0x0000418c                softKey_Set
 .text.menuOnExitKey
                0x000041ca       0x1c menu.o
                0x000041ca                menuOnExitKey
 .text.softKeys_toLCD
                0x000041e6       0x7e menu.o
                0x000041e6                softKeys_toLCD
 .text.softKey_MessageKey_ToSoftKeyNr
                0x00004264       0x2a menu.o
                0x00004264                softKey_MessageKey_ToSoftKeyNr
 .text.softKey_Execute
                0x0000428e       0x98 menu.o
                0x0000428e                softKey_Execute
 .text.menu_showPowerState
                0x00004326       0x28 menu.o
                0x00004326                menu_showPowerState
 .text.menuOnEnterPwrOn
                0x0000434e       0x12 menu.o
                0x0000434e                menuOnEnterPwrOn
 .text.menuOnEnterPwrOff
                0x00004360       0x10 menu.o
                0x00004360                menuOnEnterPwrOff
 .text.menuOnEnterPwrRest
                0x00004370       0x2a menu.o
                0x00004370                menuOnEnterPwrRest
 .text.init_message
                0x0000439a        0xe message.o
                0x0000439a                init_message
 .text.message_push
                0x000043a8       0x28 message.o
                0x000043a8                message_push
 .text.message_get
                0x000043d0       0x32 message.o
                0x000043d0                message_get
 .text.message_status
                0x00004402       0x26 message.o
                0x00004402                message_status
 .text.pipeMsgPush
                0x00004428       0x44 message.o
                0x00004428                pipeMsgPush
 .text.pipeMsgGet
                0x0000446c       0x2a message.o
                0x0000446c                pipeMsgGet
 .text.pipeMsgStatus
                0x00004496       0x14 message.o
                0x00004496                pipeMsgStatus
 .text.init_Midi
                0x000044aa       0x1a Midi.o
                0x000044aa                init_Midi
 .text.midiAllReset
                0x000044c4        0xc Midi.o
                0x000044c4                midiAllReset
 .text.register_onOff
                0x000044d0       0x7a Midi.o
                0x000044d0                register_onOff
 .text.program_toRegister
                0x0000454a       0x76 Midi.o
                0x0000454a                program_toRegister
 .text.init_Midi2Manual
                0x000045c0       0x64 Midi.o
                0x000045c0                init_Midi2Manual
 .text.init_Manual2Midi
                0x00004624       0x48 Midi.o
                0x00004624                init_Manual2Midi
 .text.Manual_to_MidiNote
                0x0000466c       0x1c Midi.o
                0x0000466c                Manual_to_MidiNote
 .text.Midi_updateManualRange
                0x00004688       0xae Midi.o
                0x00004688                Midi_updateManualRange
 .text.init_Manual2Module
                0x00004736       0x74 Midi.o
                0x00004736                init_Manual2Module
 .text.manualNote_to_moduleBit
                0x000047aa       0x40 Midi.o
                0x000047aa                manualNote_to_moduleBit
 .text.moduleBit_to_manualNote
                0x000047ea       0x52 Midi.o
                0x000047ea                moduleBit_to_manualNote
 .text.manual_NoteOnOff
                0x0000483c       0x74 Midi.o
                0x0000483c                manual_NoteOnOff
 .text.midiAllNotesOff
                0x000048b0       0xa8 Midi.o
                0x000048b0                midiAllNotesOff
 .text.midi_ManualOff
                0x00004958       0x58 Midi.o
                0x00004958                midi_ManualOff
 .text.midi_AllManualsOff
                0x000049b0       0x14 Midi.o
                0x000049b0                midi_AllManualsOff
 .text.midi_CheckRxActiveSense
                0x000049c4       0x18 Midi.o
                0x000049c4                midi_CheckRxActiveSense
 .text.midiNote_to_Manual
                0x000049dc       0xb4 Midi.o
                0x000049dc                midiNote_to_Manual
 .text.midiIn_Process
                0x00004a90      0x11c Midi.o
                0x00004a90                midiIn_Process
 .text.midiKeyPress_Process
                0x00004bac      0x108 Midi.o
                0x00004bac                midiKeyPress_Process
 .text.midiSendAllNotesOff
                0x00004cb4       0x2a Midi.o
                0x00004cb4                midiSendAllNotesOff
 .text.midi_SendActiveSense
                0x00004cde        0x6 Midi.o
                0x00004cde                midi_SendActiveSense
 .text.midi_CheckTxActiveSense
                0x00004ce4       0x36 Midi.o
                0x00004ce4                midi_CheckTxActiveSense
 .text.init_Serial1MIDI
                0x00004d1a       0x40 serial.o
                0x00004d1a                init_Serial1MIDI
 .text.serial1MIDISend
                0x00004d5a       0x54 serial.o
                0x00004d5a                serial1MIDISend
 .text.serial1MIDIReadRx
                0x00004dae       0x2a serial.o
                0x00004dae                serial1MIDIReadRx
 .text.__vector_36
                0x00004dd8       0x80 serial.o
                0x00004dd8                __vector_36
 .text.__vector_37
                0x00004e58       0x72 serial.o
                0x00004e58                __vector_37
 .text.serial0SER_USBSend
                0x00004eca       0x4c serial.o
                0x00004eca                serial0SER_USBSend
 .text.serial0SER_USB_sendStringP
                0x00004f16       0x24 serial.o
                0x00004f16                serial0SER_USB_sendStringP
 .text.serial0SER_USB_sendCRLF
                0x00004f3a        0x8 serial.o
                0x00004f3a                serial0SER_USB_sendCRLF
 .text.init_Serial0SerUSB
                0x00004f42       0x64 serial.o
                0x00004f42                init_Serial0SerUSB
 .text.serial0SER_USB_sendString
                0x00004fa6       0x2c serial.o
                0x00004fa6                serial0SER_USB_sendString
 .text.__vector_25
                0x00004fd2       0x56 serial.o
                0x00004fd2                __vector_25
 .text.__vector_26
                0x00005028       0x60 serial.o
                0x00005028                __vector_26
 .text.nibbleToChr
                0x00005088        0xc utils.o
                0x00005088                nibbleToChr
 .text.lcd_setCG
                0x00005094       0x48 utils.o
                0x00005094                lcd_setCG
 .text.lcd_initCG
                0x000050dc       0x1a utils.o
                0x000050dc                lcd_initCG
 .text.lcd_hexout
                0x000050f6       0x2e utils.o
                0x000050f6                lcd_hexout
 .text.lcd_longout
                0x00005124       0x4a utils.o
                0x00005124                lcd_longout
 .text.lcd_dec2out
                0x0000516e       0x34 utils.o
                0x0000516e                lcd_dec2out
 .text.putChar_Dec2
                0x000051a2       0x38 utils.o
                0x000051a2                putChar_Dec2
 .text.putChar_hex
                0x000051da       0x30 utils.o
                0x000051da                putChar_hex
 .text.putChar_long
                0x0000520a       0x3a utils.o
                0x0000520a                putChar_long
 .text.putChar_Note
                0x00005244       0xb8 utils.o
                0x00005244                putChar_Note
 .text.putChar_Manual
                0x000052fc       0x32 utils.o
                0x000052fc                putChar_Manual
 .text.lcd_wordout
                0x0000532e       0x10 utils.o
                0x0000532e                lcd_wordout
 .text.lcd_noteOut
                0x0000533e       0xa2 utils.o
                0x0000533e                lcd_noteOut
 .text.lcd_ChannelOut
                0x000053e0       0x22 utils.o
                0x000053e0                lcd_ChannelOut
 .text.lcd_ManualOutDec
                0x00005402       0x24 utils.o
                0x00005402                lcd_ManualOutDec
 .text.lcd_blank
                0x00005426       0x18 utils.o
                0x00005426                lcd_blank
 .text.lcd_clrEol
                0x0000543e       0x2e utils.o
                0x0000543e                lcd_clrEol
 .text.lcd_cursosblink
                0x0000546c        0xe utils.o
                0x0000546c                lcd_cursosblink
 .text.lcd_cursoroff
                0x0000547a        0xc utils.o
                0x0000547a                lcd_cursoroff
 .text.lcd_waitSymbolOn
                0x00005486       0x1c utils.o
                0x00005486                lcd_waitSymbolOn
 .text.lcd_waitSymbolOff
                0x000054a2       0x1c utils.o
                0x000054a2                lcd_waitSymbolOff
 .text.keylabel_set
                0x000054be       0x76 utils.o
                0x000054be                keylabel_set
 .text.keylabel_clr
                0x00005534       0x28 utils.o
                0x00005534                keylabel_clr
 .text.keylabel_toLCD
                0x0000555c       0x3e utils.o
                0x0000555c                keylabel_toLCD
 .text.keylabel_statcheck
                0x0000559a       0x46 utils.o
                0x0000559a                keylabel_statcheck
 .text.libgcc   0x000055e0       0x10 c:/program files (x86)/atmel/studio/7.0/toolchain/avr8/avr8-gnu-toolchain/bin/../lib/gcc/avr/5.4.0/avr6\libgcc.a(_tablejump2.o)
                0x000055e0                __tablejump2__
 .text.avr-libc
                0x000055f0       0x20 C:/Program Files (x86)/Atmel/Studio/7.0/Packs/atmel/ATmega_DFP/1.2.209/gcc/dev/atmega2560/avr6\libatmega2560.a(eerd_block.o)
                0x000055f0                eeprom_read_block
                0x000055f4                eeprom_read_blraw
 .text.avr-libc
                0x00005610       0x10 C:/Program Files (x86)/Atmel/Studio/7.0/Packs/atmel/ATmega_DFP/1.2.209/gcc/dev/atmega2560/avr6\libatmega2560.a(eerd_byte.o)
                0x00005610                eeprom_read_byte
 .text.avr-libc
                0x00005620        0xa C:/Program Files (x86)/Atmel/Studio/7.0/Packs/atmel/ATmega_DFP/1.2.209/gcc/dev/atmega2560/avr6\libatmega2560.a(eerd_word.o)
                0x00005620                eeprom_read_word
 .text.avr-libc
                0x0000562a       0x1e C:/Program Files (x86)/Atmel/Studio/7.0/Packs/atmel/ATmega_DFP/1.2.209/gcc/dev/atmega2560/avr6\libatmega2560.a(eeupd_block.o)
                0x0000562a                eeprom_update_block
 .text.avr-libc
                0x00005648       0x24 C:/Program Files (x86)/Atmel/Studio/7.0/Packs/atmel/ATmega_DFP/1.2.209/gcc/dev/atmega2560/avr6\libatmega2560.a(eeupd_byte.o)
                0x00005648                eeprom_update_byte
                0x0000564a                eeprom_update_r18
 .text.avr-libc
                0x0000566c        0x8 C:/Program Files (x86)/Atmel/Studio/7.0/Packs/atmel/ATmega_DFP/1.2.209/gcc/dev/atmega2560/avr6\libatmega2560.a(eeupd_word.o)
                0x0000566c                eeprom_update_word
                0x00005674                . = ALIGN (0x2)
 *(.fini9)
 .fini9         0x00005674        0x0 c:/program files (x86)/atmel/studio/7.0/toolchain/avr8/avr8-gnu-toolchain/bin/../lib/gcc/avr/5.4.0/avr6\libgcc.a(_exit.o)
                0x00005674                _exit
                0x00005674                exit
 *(.fini9)
 *(.fini8)
 *(.fini8)
 *(.fini7)
 *(.fini7)
 *(.fini6)
 *(.fini6)
 *(.fini5)
 *(.fini5)
 *(.fini4)
 *(.fini4)
 *(.fini3)
 *(.fini3)
 *(.fini2)
 *(.fini2)
 *(.fini1)
 *(.fini1)
 *(.fini0)
 .fini0         0x00005674        0x4 c:/program files (x86)/atmel/studio/7.0/toolchain/avr8/avr8-gnu-toolchain/bin/../lib/gcc/avr/5.4.0/avr6\libgcc.a(_exit.o)
 *(.fini0)
                0x00005678                _etext = .

.data           0x00800200        0x6 load address 0x00005678
                0x00800200                PROVIDE (__data_start, .)
 *(.data)
 *(.data*)
 .data.midiLastInManual
                0x00800200        0x1 Midi.o
                0x00800200                midiLastInManual
 .data.midiLastInChannel
                0x00800201        0x1 Midi.o
                0x00800201                midiLastInChannel
 .data.midiLastInNote
                0x00800202        0x1 Midi.o
                0x00800202                midiLastInNote
 .data.midiLastOutManual
                0x00800203        0x1 Midi.o
                0x00800203                midiLastOutManual
 .data.midiLastOutNote
                0x00800204        0x1 Midi.o
                0x00800204                midiLastOutNote
 .data.midiDataByteExpected
                0x00800205        0x1 Midi.o
                0x00800205                midiDataByteExpected
 *(.gnu.linkonce.d*)
 *(.rodata)
 *(.rodata*)
 *(.gnu.linkonce.r*)
                0x00800206                . = ALIGN (0x2)
                0x00800206                _edata = .
                0x00800206                PROVIDE (__data_end, .)

.bss            0x00800206      0xad7
                0x00800206                PROVIDE (__bss_start, .)
 *(.bss)
 *(.bss*)
 .bss.ee_initError
                0x00800206        0x1 ee_prom.o
                0x00800206                ee_initError
 .bss.adcNr     0x00800207        0x1 hwtimer.o
 .bss.showText.2720
                0x00800208        0x1 menu.o
 .bss.logEntryNr.2719
                0x00800209        0x1 menu.o
 .bss.notOnOff.2678
                0x0080020a        0x1 menu.o
 .bss.maxManNote.2677
                0x0080020b        0x1 menu.o
 .bss.minManNote.2676
                0x0080020c        0x1 menu.o
 .bss.midiEEPromLoadError
                0x0080020d        0x1 Midi.o
                0x0080020d                midiEEPromLoadError
 .bss.midiRxActivceSensing
                0x0080020e        0x1 Midi.o
                0x0080020e                midiRxActivceSensing
 .bss.labelBuffer
                0x0080020f       0x14 utils.o
 *(COMMON)
 COMMON         0x00800223        0xa ee_prom.o
                0x00800223                lcdData
 COMMON         0x0080022d      0x129 hwtimer.o
                0x0080022d                swTimer
                0x0080023f                time_Uptime
                0x00800243                pipe_PowerStatus
                0x00800244                pipeProcessing
                0x00800245                msecCtr
                0x00800246                pipe_ModuleTested
                0x00800247                pipe
                0x00800347                adcKeys
                0x0080034d                pipe_ModuleAssnWrite
                0x0080034e                pipe_ModuleAssnRead
                0x0080034f                keyWants
                0x00800355                time_UpTimeUpdated
 COMMON         0x00800356        0x1 lcd_u.o
                0x00800356                lcd_cursorPos
 COMMON         0x00800357      0x1bd log.o
                0x00800357                log_unreadErrors
                0x00800358                Log_TextBuff
                0x00800380                log_List
                0x00800510                pLogEnd
                0x00800512                pLogStart
 COMMON         0x00800514        0x1 main.o
                0x00800514                menuNotActive
 COMMON         0x00800515       0x59 menu.o
                0x00800515                menuStackIndex
                0x00800516                menu_TestModuleErrorList
                0x0080051a                dataType
                0x0080051b                nibbleIndex
                0x0080051c                menuVmanual
                0x0080051d                menuVmodule
                0x0080051e                pNibbleInfo
                0x00800520                menuStack
                0x00800540                menuManual
                0x00800541                soft_Key
                0x00800549                pMenuTopTitle
                0x0080054b                menuNote
                0x0080054c                nibbleCount
                0x0080054d                menuSection
                0x0080054e                dataEntry32
                0x00800552                menu_TestModuleBitCounter
                0x00800553                menuVmidiChan
                0x00800554                currentMenu
                0x00800556                menuVkey
                0x00800557                menuTestModuleBit
                0x00800558                menuModVal
                0x0080055c                DataAdressOffset
                0x0080055e                menuVsection
                0x0080055f                menuTestData
                0x00800560                dataEntry
                0x00800561                menu_TestModulePattern
                0x00800562                menuVSoftKey
                0x00800563                nibble
                0x0080056b                menuMidiChan
                0x0080056c                menuVMenuSoftKey
 COMMON         0x0080056e      0x227 message.o
                0x0080056e                msgOutIndex
                0x0080056f                pipeMessages
                0x0080076f                pipeMsgInIndex
                0x00800770                msgOverflow
                0x00800771                msgInIndex
                0x00800772                messages
                0x00800792                msgPipe_Handling
                0x00800793                msgPipeOverflow
                0x00800794                pipeMsgOutIndex
 COMMON         0x00800795      0x388 Midi.o
                0x00800795                midi_TxActivceSense
                0x00800796                registerMap
                0x008007d6                midiCoupler_1from2
                0x008007d7                registerCount
                0x008007d8                midiDataByteCount
                0x008007d9                ManualNoteRange
                0x008007e1                midiCoupler_2from3
                0x008007e2                midiCoupler_Pfrom2
                0x008007e3                midiInMap
                0x008008e3                midiOutMap
                0x008008e7                manualMap
                0x00800917                programMap
                0x00800b17                midiDataByte
                0x00800b19                midiCoupler_Pfrom3
                0x00800b1a                midiCoupler_Pfrom1
                0x00800b1b                midiCoupler_1from3
                0x00800b1c                midiLastCommand
 COMMON         0x00800b1d      0x192 serial.o
                0x00800b1d                midiTxInIndex
                0x00800b1e                midiRxOvfl
                0x00800b1f                midiTxOutIndex
                0x00800b20                serusbTxOutIndex
                0x00800b21                midiTxOvfl
                0x00800b22                midiRxBuffer
                0x00800b42                midiTxBuffer
                0x00800b62                midiRxInIndex
                0x00800b63                serusb_Active
                0x00800b64                serusbTxInIndex
                0x00800b65                serusbRxOutIndex
                0x00800b66                serUsbRxBuffer
                0x00800ba6                midiRxOvflCount
                0x00800ba7                midiTxBytesCount
                0x00800ba9                serUsbTxBuffer
                0x00800ca9                serusbOvflFlag
                0x00800caa                midiRxOutIndex
                0x00800cab                midiTxOvflCount
                0x00800cac                midiRxBytesCount
                0x00800cae                serusbRxInIndex
 COMMON         0x00800caf       0x2e utils.o
                0x00800caf                lcd_cursorIsOn
                0x00800cb0                editByte
                0x00800cb1                editLong
                0x00800cb5                string_Buf
                0x00800cdd                PROVIDE (__bss_end, .)
                0x00005678                __data_load_start = LOADADDR (.data)
                0x0000567e                __data_load_end = (__data_load_start + SIZEOF (.data))

.noinit         0x00800cdd        0x0
                [!provide]                PROVIDE (__noinit_start, .)
 *(.noinit*)
                [!provide]                PROVIDE (__noinit_end, .)
                0x00800cdd                _end = .
                [!provide]                PROVIDE (__heap_start, .)

.eeprom         0x00810000      0x800
 *(.eeprom*)
 .eeprom        0x00810000      0x800 ee_prom.o
                0x00810000                ee
                0x00810800                __eeprom_end = .

.fuse
 *(.fuse)
 *(.lfuse)
 *(.hfuse)
 *(.efuse)

.lock
 *(.lock*)

.signature
 *(.signature*)

.user_signatures
 *(.user_signatures*)

.stab
 *(.stab)

.stabstr
 *(.stabstr)

.stab.excl
 *(.stab.excl)

.stab.exclstr
 *(.stab.exclstr)

.stab.index
 *(.stab.index)

.stab.indexstr
 *(.stab.indexstr)

.comment        0x00000000       0x30
 *(.comment)
 .comment       0x00000000       0x30 ee_prom.o
                                 0x31 (size before relaxing)
 .comment       0x00000030       0x31 hwtimer.o
 .comment       0x00000030       0x31 initio.o
 .comment       0x00000030       0x31 lcd_u.o
 .comment       0x00000030       0x31 log.o
 .comment       0x00000030       0x31 main.o
 .comment       0x00000030       0x31 menu.o
 .comment       0x00000030       0x31 message.o
 .comment       0x00000030       0x31 Midi.o
 .comment       0x00000030       0x31 serial.o
 .comment       0x00000030       0x31 utils.o

.note.gnu.avr.deviceinfo
                0x00000000       0x40
 .note.gnu.avr.deviceinfo
                0x00000000       0x40 C:/Program Files (x86)/Atmel/Studio/7.0/Packs/atmel/ATmega_DFP/1.2.209/gcc/dev/atmega2560/avr6/crtatmega2560.o

.note.gnu.build-id
 *(.note.gnu.build-id)

.debug
 *(.debug)

.line
 *(.line)

.debug_srcinfo
 *(.debug_srcinfo)

.debug_sfnames
 *(.debug_sfnames)

.debug_aranges  0x00000000      0x870
 *(.debug_aranges)
 .debug_aranges
                0x00000000       0xe0 ee_prom.o
 .debug_aranges
                0x000000e0       0x78 hwtimer.o
 .debug_aranges
                0x00000158       0x20 initio.o
 .debug_aranges
                0x00000178       0x68 lcd_u.o
 .debug_aranges
                0x000001e0       0x70 log.o
 .debug_aranges
                0x00000250       0x20 main.o
 .debug_aranges
                0x00000270      0x280 menu.o
 .debug_aranges
                0x000004f0       0x60 message.o
 .debug_aranges
                0x00000550       0xe0 Midi.o
 .debug_aranges
                0x00000630       0x80 serial.o
 .debug_aranges
                0x000006b0      0x100 utils.o
 .debug_aranges
                0x000007b0       0x20 C:/Program Files (x86)/Atmel/Studio/7.0/Packs/atmel/ATmega_DFP/1.2.209/gcc/dev/atmega2560/avr6\libatmega2560.a(eerd_block.o)
 .debug_aranges
                0x000007d0       0x20 C:/Program Files (x86)/Atmel/Studio/7.0/Packs/atmel/ATmega_DFP/1.2.209/gcc/dev/atmega2560/avr6\libatmega2560.a(eerd_byte.o)
 .debug_aranges
                0x000007f0       0x20 C:/Program Files (x86)/Atmel/Studio/7.0/Packs/atmel/ATmega_DFP/1.2.209/gcc/dev/atmega2560/avr6\libatmega2560.a(eerd_word.o)
 .debug_aranges
                0x00000810       0x20 C:/Program Files (x86)/Atmel/Studio/7.0/Packs/atmel/ATmega_DFP/1.2.209/gcc/dev/atmega2560/avr6\libatmega2560.a(eeupd_block.o)
 .debug_aranges
                0x00000830       0x20 C:/Program Files (x86)/Atmel/Studio/7.0/Packs/atmel/ATmega_DFP/1.2.209/gcc/dev/atmega2560/avr6\libatmega2560.a(eeupd_byte.o)
 .debug_aranges
                0x00000850       0x20 C:/Program Files (x86)/Atmel/Studio/7.0/Packs/atmel/ATmega_DFP/1.2.209/gcc/dev/atmega2560/avr6\libatmega2560.a(eeupd_word.o)

.debug_pubnames
 *(.debug_pubnames)

.debug_info     0x00000000     0xb134
 *(.debug_info .gnu.linkonce.wi.*)
 .debug_info    0x00000000      0xbbc C:/Program Files (x86)/Atmel/Studio/7.0/Packs/atmel/ATmega_DFP/1.2.209/gcc/dev/atmega2560/avr6/crtatmega2560.o
 .debug_info    0x00000bbc     0x16b6 ee_prom.o
 .debug_info    0x00002272      0xee2 hwtimer.o
 .debug_info    0x00003154       0x83 initio.o
 .debug_info    0x000031d7      0x697 lcd_u.o
 .debug_info    0x0000386e      0x720 log.o
 .debug_info    0x00003f8e      0xcb8 main.o
 .debug_info    0x00004c46     0x368f menu.o
 .debug_info    0x000082d5      0x43b message.o
 .debug_info    0x00008710     0x126f Midi.o
 .debug_info    0x0000997f      0x5a4 serial.o
 .debug_info    0x00009f23      0xe04 utils.o
 .debug_info    0x0000ad27       0xad C:/Program Files (x86)/Atmel/Studio/7.0/Packs/atmel/ATmega_DFP/1.2.209/gcc/dev/atmega2560/avr6\libatmega2560.a(eerd_block.o)
 .debug_info    0x0000add4       0xac C:/Program Files (x86)/Atmel/Studio/7.0/Packs/atmel/ATmega_DFP/1.2.209/gcc/dev/atmega2560/avr6\libatmega2560.a(eerd_byte.o)
 .debug_info    0x0000ae80       0xac C:/Program Files (x86)/Atmel/Studio/7.0/Packs/atmel/ATmega_DFP/1.2.209/gcc/dev/atmega2560/avr6\libatmega2560.a(eerd_word.o)
 .debug_info    0x0000af2c       0xae C:/Program Files (x86)/Atmel/Studio/7.0/Packs/atmel/ATmega_DFP/1.2.209/gcc/dev/atmega2560/avr6\libatmega2560.a(eeupd_block.o)
 .debug_info    0x0000afda       0xad C:/Program Files (x86)/Atmel/Studio/7.0/Packs/atmel/ATmega_DFP/1.2.209/gcc/dev/atmega2560/avr6\libatmega2560.a(eeupd_byte.o)
 .debug_info    0x0000b087       0xad C:/Program Files (x86)/Atmel/Studio/7.0/Packs/atmel/ATmega_DFP/1.2.209/gcc/dev/atmega2560/avr6\libatmega2560.a(eeupd_word.o)

.debug_abbrev   0x00000000     0x2375
 *(.debug_abbrev)
 .debug_abbrev  0x00000000      0xb1a C:/Program Files (x86)/Atmel/Studio/7.0/Packs/atmel/ATmega_DFP/1.2.209/gcc/dev/atmega2560/avr6/crtatmega2560.o
 .debug_abbrev  0x00000b1a      0x2c7 ee_prom.o
 .debug_abbrev  0x00000de1      0x33b hwtimer.o
 .debug_abbrev  0x0000111c       0x51 initio.o
 .debug_abbrev  0x0000116d      0x1b1 lcd_u.o
 .debug_abbrev  0x0000131e      0x1d6 log.o
 .debug_abbrev  0x000014f4      0x1da main.o
 .debug_abbrev  0x000016ce      0x314 menu.o
 .debug_abbrev  0x000019e2      0x1c2 message.o
 .debug_abbrev  0x00001ba4      0x310 Midi.o
 .debug_abbrev  0x00001eb4      0x1a3 serial.o
 .debug_abbrev  0x00002057      0x2a6 utils.o
 .debug_abbrev  0x000022fd       0x14 C:/Program Files (x86)/Atmel/Studio/7.0/Packs/atmel/ATmega_DFP/1.2.209/gcc/dev/atmega2560/avr6\libatmega2560.a(eerd_block.o)
 .debug_abbrev  0x00002311       0x14 C:/Program Files (x86)/Atmel/Studio/7.0/Packs/atmel/ATmega_DFP/1.2.209/gcc/dev/atmega2560/avr6\libatmega2560.a(eerd_byte.o)
 .debug_abbrev  0x00002325       0x14 C:/Program Files (x86)/Atmel/Studio/7.0/Packs/atmel/ATmega_DFP/1.2.209/gcc/dev/atmega2560/avr6\libatmega2560.a(eerd_word.o)
 .debug_abbrev  0x00002339       0x14 C:/Program Files (x86)/Atmel/Studio/7.0/Packs/atmel/ATmega_DFP/1.2.209/gcc/dev/atmega2560/avr6\libatmega2560.a(eeupd_block.o)
 .debug_abbrev  0x0000234d       0x14 C:/Program Files (x86)/Atmel/Studio/7.0/Packs/atmel/ATmega_DFP/1.2.209/gcc/dev/atmega2560/avr6\libatmega2560.a(eeupd_byte.o)
 .debug_abbrev  0x00002361       0x14 C:/Program Files (x86)/Atmel/Studio/7.0/Packs/atmel/ATmega_DFP/1.2.209/gcc/dev/atmega2560/avr6\libatmega2560.a(eeupd_word.o)

.debug_line     0x00000000     0x67c7
 *(.debug_line .debug_line.* .debug_line_end)
 .debug_line    0x00000000      0x1f9 C:/Program Files (x86)/Atmel/Studio/7.0/Packs/atmel/ATmega_DFP/1.2.209/gcc/dev/atmega2560/avr6/crtatmega2560.o
 .debug_line    0x000001f9      0x784 ee_prom.o
 .debug_line    0x0000097d      0xc6a hwtimer.o
 .debug_line    0x000015e7       0xf5 initio.o
 .debug_line    0x000016dc      0x36c lcd_u.o
 .debug_line    0x00001a48      0x41d log.o
 .debug_line    0x00001e65      0x5af main.o
 .debug_line    0x00002414     0x2210 menu.o
 .debug_line    0x00004624      0x347 message.o
 .debug_line    0x0000496b      0xc50 Midi.o
 .debug_line    0x000055bb      0x427 serial.o
 .debug_line    0x000059e2      0xa9c utils.o
 .debug_line    0x0000647e       0xab C:/Program Files (x86)/Atmel/Studio/7.0/Packs/atmel/ATmega_DFP/1.2.209/gcc/dev/atmega2560/avr6\libatmega2560.a(eerd_block.o)
 .debug_line    0x00006529       0x7a C:/Program Files (x86)/Atmel/Studio/7.0/Packs/atmel/ATmega_DFP/1.2.209/gcc/dev/atmega2560/avr6\libatmega2560.a(eerd_byte.o)
 .debug_line    0x000065a3       0x67 C:/Program Files (x86)/Atmel/Studio/7.0/Packs/atmel/ATmega_DFP/1.2.209/gcc/dev/atmega2560/avr6\libatmega2560.a(eerd_word.o)
 .debug_line    0x0000660a       0xa5 C:/Program Files (x86)/Atmel/Studio/7.0/Packs/atmel/ATmega_DFP/1.2.209/gcc/dev/atmega2560/avr6\libatmega2560.a(eeupd_block.o)
 .debug_line    0x000066af       0xb6 C:/Program Files (x86)/Atmel/Studio/7.0/Packs/atmel/ATmega_DFP/1.2.209/gcc/dev/atmega2560/avr6\libatmega2560.a(eeupd_byte.o)
 .debug_line    0x00006765       0x62 C:/Program Files (x86)/Atmel/Studio/7.0/Packs/atmel/ATmega_DFP/1.2.209/gcc/dev/atmega2560/avr6\libatmega2560.a(eeupd_word.o)

.debug_frame    0x00000000     0x138c
 *(.debug_frame)
 .debug_frame   0x00000000      0x2d4 ee_prom.o
 .debug_frame   0x000002d4      0x138 hwtimer.o
 .debug_frame   0x0000040c       0x24 initio.o
 .debug_frame   0x00000430       0xdc lcd_u.o
 .debug_frame   0x0000050c       0xec log.o
 .debug_frame   0x000005f8       0x24 main.o
 .debug_frame   0x0000061c      0x650 menu.o
 .debug_frame   0x00000c6c       0xa4 message.o
 .debug_frame   0x00000d10      0x274 Midi.o
 .debug_frame   0x00000f84      0x184 serial.o
 .debug_frame   0x00001108      0x284 utils.o

.debug_str      0x00000000     0x279d
 *(.debug_str)
 .debug_str     0x00000000      0x3e6 C:/Program Files (x86)/Atmel/Studio/7.0/Packs/atmel/ATmega_DFP/1.2.209/gcc/dev/atmega2560/avr6/crtatmega2560.o
 .debug_str     0x000003e6      0x66b ee_prom.o
                                0x6fc (size before relaxing)
 .debug_str     0x00000a51      0x40b hwtimer.o
                                0x5d8 (size before relaxing)
 .debug_str     0x00000e5c       0x1a initio.o
                                0x179 (size before relaxing)
 .debug_str     0x00000e76       0xc0 lcd_u.o
                                0x27d (size before relaxing)
 .debug_str     0x00000f36      0x1e8 log.o
                                0x395 (size before relaxing)
 .debug_str     0x0000111e      0x406 main.o
                                0x743 (size before relaxing)
 .debug_str     0x00001524      0xcfa menu.o
                               0x1403 (size before relaxing)
 .debug_str     0x0000221e       0x9a message.o
                                0x2d7 (size before relaxing)
 .debug_str     0x000022b8      0x2a0 Midi.o
                                0x820 (size before relaxing)
 .debug_str     0x00002558       0xf5 serial.o
                                0x422 (size before relaxing)
 .debug_str     0x0000264d      0x150 utils.o
                                0x5b6 (size before relaxing)

.debug_loc      0x00000000     0x67f1
 *(.debug_loc)
 .debug_loc     0x00000000      0xaca ee_prom.o
 .debug_loc     0x00000aca      0xbab hwtimer.o
 .debug_loc     0x00001675      0x553 lcd_u.o
 .debug_loc     0x00001bc8      0x669 log.o
 .debug_loc     0x00002231      0x27a main.o
 .debug_loc     0x000024ab     0x1e09 menu.o
 .debug_loc     0x000042b4      0x18f message.o
 .debug_loc     0x00004443      0xe51 Midi.o
 .debug_loc     0x00005294      0x4e2 serial.o
 .debug_loc     0x00005776     0x107b utils.o

.debug_macinfo
 *(.debug_macinfo)

.debug_weaknames
 *(.debug_weaknames)

.debug_funcnames
 *(.debug_funcnames)

.debug_typenames
 *(.debug_typenames)

.debug_varnames
 *(.debug_varnames)

.debug_pubtypes
 *(.debug_pubtypes)

.debug_ranges   0x00000000      0x9c0
 *(.debug_ranges)
 .debug_ranges  0x00000000       0xd0 ee_prom.o
 .debug_ranges  0x000000d0       0xe0 hwtimer.o
 .debug_ranges  0x000001b0       0x10 initio.o
 .debug_ranges  0x000001c0       0x58 lcd_u.o
 .debug_ranges  0x00000218       0x90 log.o
 .debug_ranges  0x000002a8       0x10 main.o
 .debug_ranges  0x000002b8      0x350 menu.o
 .debug_ranges  0x00000608       0x50 message.o
 .debug_ranges  0x00000658      0x190 Midi.o
 .debug_ranges  0x000007e8       0x70 serial.o
 .debug_ranges  0x00000858      0x168 utils.o

.debug_macro
 *(.debug_macro)
OUTPUT(Pipe1.elf elf32-avr)
LOAD linker stubs
