Archive member included to satisfy reference by file (symbol)

c:/program files (x86)/atmel/studio/7.0/toolchain/avr8/avr8-gnu-toolchain/bin/../lib/gcc/avr/5.4.0/avr6\libgcc.a(_exit.o)
                              C:/Program Files (x86)/Atmel/Studio/7.0/Packs/atmel/ATmega_DFP/1.2.209/gcc/dev/atmega2560/avr6/crtatmega2560.o (exit)
c:/program files (x86)/atmel/studio/7.0/toolchain/avr8/avr8-gnu-toolchain/bin/../lib/gcc/avr/5.4.0/avr6\libgcc.a(_tablejump2.o)
                              menu.o (__tablejump2__)
c:/program files (x86)/atmel/studio/7.0/toolchain/avr8/avr8-gnu-toolchain/bin/../lib/gcc/avr/5.4.0/avr6\libgcc.a(_copy_data.o)
                              Midi.o (__do_copy_data)
c:/program files (x86)/atmel/studio/7.0/toolchain/avr8/avr8-gnu-toolchain/bin/../lib/gcc/avr/5.4.0/avr6\libgcc.a(_clear_bss.o)
                              ee_prom.o (__do_clear_bss)
C:/Program Files (x86)/Atmel/Studio/7.0/Packs/atmel/ATmega_DFP/1.2.209/gcc/dev/atmega2560/avr6\libatmega2560.a(eerd_block.o)
                              ee_prom.o (eeprom_read_block)
C:/Program Files (x86)/Atmel/Studio/7.0/Packs/atmel/ATmega_DFP/1.2.209/gcc/dev/atmega2560/avr6\libatmega2560.a(eerd_byte.o)
                              ee_prom.o (eeprom_read_byte)
C:/Program Files (x86)/Atmel/Studio/7.0/Packs/atmel/ATmega_DFP/1.2.209/gcc/dev/atmega2560/avr6\libatmega2560.a(eerd_word.o)
                              ee_prom.o (eeprom_read_word)
C:/Program Files (x86)/Atmel/Studio/7.0/Packs/atmel/ATmega_DFP/1.2.209/gcc/dev/atmega2560/avr6\libatmega2560.a(eeupd_block.o)
                              ee_prom.o (eeprom_update_block)
C:/Program Files (x86)/Atmel/Studio/7.0/Packs/atmel/ATmega_DFP/1.2.209/gcc/dev/atmega2560/avr6\libatmega2560.a(eeupd_byte.o)
                              ee_prom.o (eeprom_update_byte)
C:/Program Files (x86)/Atmel/Studio/7.0/Packs/atmel/ATmega_DFP/1.2.209/gcc/dev/atmega2560/avr6\libatmega2560.a(eeupd_word.o)
                              ee_prom.o (eeprom_update_word)

Allocating common symbols
Common symbol       size              file

serUSBTxBuffer      0x800             serial.o
serUSBTxOutIndex    0x2               serial.o
menuStackIndex      0x1               menu.o
menu_TestModuleErrorList
                    0x4               menu.o
log_unreadErrors    0x1               log.o
menuVRegisters      0x8               menu.o
Log_TextBuff        0x28              log.o
msgOutIndex         0x1               message.o
prog_Display        0x1               Midi.o
midiTxInIndex       0x1               serial.o
serESPOvflFlag      0x1               serial.o
dataType            0x1               menu.o
nibbleIndex         0x1               menu.o
swTimer             0x14              hwtimer.o
menuVmanual         0x1               menu.o
serESPInBuffer      0x8               serial.o
time_Uptime         0x4               hwtimer.o
serESPRxOutIndex    0x2               serial.o
pipeMessages        0x200             message.o
menuVmodule         0x1               menu.o
midiRxOvfl          0x1               serial.o
pNibbleInfo         0x2               menu.o
midiTxOutIndex      0x1               serial.o
menuStack           0x20              menu.o
midiTxLastCmd       0x1               serial.o
pipeMsgInIndex      0x1               message.o
serESPRxInIndex     0x2               serial.o
midiTxOvfl          0x1               serial.o
registerMap         0x18              Midi.o
menuManual          0x1               menu.o
serUSBRxBuffer      0x40              serial.o
pipe_PowerStatus    0x1               hwtimer.o
pipeProcessing      0x1               hwtimer.o
prog_UpdDisplay     0x1               Midi.o
midiRxBuffer        0x100             serial.o
midiRxBuffUsage     0x1               serial.o
msecCtr             0x1               hwtimer.o
midiTxBuffer        0x100             serial.o
lcd_cursorIsOn      0x1               lcd_u.o
log_List            0x190             log.o
editByte            0x1               utils.o
pMenuTopTitle       0x2               menu.o
pipe_ModuleTested   0x1               hwtimer.o
displayMessageArea  0x1               menu.o
lcd_buffer          0x50              lcd_u.o
serESPTxOutIndex    0x2               serial.o
messageFromESP      0x1               main.o
menuNote            0x1               menu.o
pipe                0x100             hwtimer.o
midiRxInIndex       0x1               serial.o
registerCount       0x1               Midi.o
serESPTxInIndex     0x2               serial.o
nibbleCount         0x1               menu.o
menuSection         0x1               menu.o
midi_Couplers       0xc               Midi.o
msgOverflow         0x1               message.o
dataEntry32         0x4               menu.o
pLogEnd             0x2               log.o
menu_TestModuleBitCounter
                    0x1               menu.o
menuVmidiChan       0x1               menu.o
midiDataByteCount   0x1               Midi.o
menuVKombination    0x1               menu.o
[...]
Memory Configuration

Name             Origin             Length             Attributes
text             0x00000000         0x00100000         xr
data             0x00800200         0x0000fe00         rw !x
eeprom           0x00810000         0x00010000         rw !x
fuse             0x00820000         0x00000003         rw !x
lock             0x00830000         0x00000400         rw !x
signature        0x00840000         0x00000400         rw !x
user_signatures  0x00850000         0x00000400         rw !x
*default*        0x00000000         0xffffffff

Linker script and memory map

Address of section .data set to 0x800200
LOAD C:/Program Files (x86)/Atmel/Studio/7.0/Packs/atmel/ATmega_DFP/1.2.209/gcc/dev/atmega2560/avr6/crtatmega2560.o
LOAD ee_prom.o
LOAD hwtimer.o
LOAD initio.o
LOAD lcd_u.o
LOAD log.o
LOAD main.o
LOAD menu.o
LOAD message.o
LOAD Midi.o
LOAD serial.o
LOAD utils.o
START GROUP
LOAD c:/program files (x86)/atmel/studio/7.0/toolchain/avr8/avr8-gnu-toolchain/bin/../lib/gcc/avr/5.4.0/../../../../avr/lib/avr6\libm.a
END GROUP
START GROUP
LOAD c:/program files (x86)/atmel/studio/7.0/toolchain/avr8/avr8-gnu-toolchain/bin/../lib/gcc/avr/5.4.0/avr6\libgcc.a
LOAD c:/program files (x86)/atmel/studio/7.0/toolchain/avr8/avr8-gnu-toolchain/bin/../lib/gcc/avr/5.4.0/../../../../avr/lib/avr6\libm.a
LOAD c:/program files (x86)/atmel/studio/7.0/toolchain/avr8/avr8-gnu-toolchain/bin/../lib/gcc/avr/5.4.0/../../../../avr/lib/avr6\libc.a
LOAD C:/Program Files (x86)/Atmel/Studio/7.0/Packs/atmel/ATmega_DFP/1.2.209/gcc/dev/atmega2560/avr6\libatmega2560.a
END GROUP
                0x00100000                __TEXT_REGION_LENGTH__ = DEFINED (__TEXT_REGION_LENGTH__)?__TEXT_REGION_LENGTH__:0x100000
                0x0000fe00                __DATA_REGION_LENGTH__ = DEFINED (__DATA_REGION_LENGTH__)?__DATA_REGION_LENGTH__:0xfe00
                0x00010000                __EEPROM_REGION_LENGTH__ = DEFINED (__EEPROM_REGION_LENGTH__)?__EEPROM_REGION_LENGTH__:0x10000
                [0x00000003]                __FUSE_REGION_LENGTH__ = DEFINED (__FUSE_REGION_LENGTH__)?__FUSE_REGION_LENGTH__:0x400
                0x00000400                __LOCK_REGION_LENGTH__ = DEFINED (__LOCK_REGION_LENGTH__)?__LOCK_REGION_LENGTH__:0x400
                0x00000400                __SIGNATURE_REGION_LENGTH__ = DEFINED (__SIGNATURE_REGION_LENGTH__)?__SIGNATURE_REGION_LENGTH__:0x400
                0x00000400                __USER_SIGNATURE_REGION_LENGTH__ = DEFINED (__USER_SIGNATURE_REGION_LENGTH__)?__USER_SIGNATURE_REGION_LENGTH__:0x400

.hash
 *(.hash)

.dynsym
 *(.dynsym)

.dynstr
 *(.dynstr)

.gnu.version
 *(.gnu.version)

.gnu.version_d
 *(.gnu.version_d)

.gnu.version_r
 *(.gnu.version_r)

.rel.init
 *(.rel.init)

.rela.init
 *(.rela.init)

.rel.text
 *(.rel.text)
 *(.rel.text.*)
 *(.rel.gnu.linkonce.t*)

.rela.text
 *(.rela.text)
 *(.rela.text.*)
 *(.rela.gnu.linkonce.t*)

.rel.fini
 *(.rel.fini)

.rela.fini
 *(.rela.fini)

.rel.rodata
 *(.rel.rodata)
 *(.rel.rodata.*)
 *(.rel.gnu.linkonce.r*)

.rela.rodata
 *(.rela.rodata)
 *(.rela.rodata.*)
 *(.rela.gnu.linkonce.r*)

.rel.data
 *(.rel.data)
 *(.rel.data.*)
 *(.rel.gnu.linkonce.d*)

.rela.data
 *(.rela.data)
 *(.rela.data.*)
 *(.rela.gnu.linkonce.d*)

.rel.ctors
 *(.rel.ctors)

.rela.ctors
 *(.rela.ctors)

.rel.dtors
 *(.rel.dtors)

.rela.dtors
 *(.rela.dtors)

.rel.got
 *(.rel.got)

.rela.got
 *(.rela.got)

.rel.bss
 *(.rel.bss)

.rela.bss
 *(.rela.bss)

.rel.plt
 *(.rel.plt)

.rela.plt
 *(.rela.plt)

.text           0x00000000     0x7e64
 *(.vectors)
 .vectors       0x00000000       0xe4 C:/Program Files (x86)/Atmel/Studio/7.0/Packs/atmel/ATmega_DFP/1.2.209/gcc/dev/atmega2560/avr6/crtatmega2560.o
                0x00000000                __vector_default
                0x00000000                __vectors
 *(.vectors)
 *(.progmem.gcc*)
 .progmem.gcc_sw_table.dataToNibbles
                0x000000e4       0x1a menu.o
 .progmem.gcc_sw_table.nibbleToLCDstring
                0x000000fe       0x1a menu.o
 .progmem.gcc_sw_table.nibbleChange
                0x00000118       0x1a menu.o
 .progmem.gcc_sw_table.nibbleToData
                0x00000132       0x1a menu.o
 .progmem.gcc_sw_table.lcd_noteOut
                0x0000014c       0x18 utils.o
                0x00000164                . = ALIGN (0x2)
                0x00000164                __trampolines_start = .
 *(.trampolines)
 .trampolines   0x00000164        0x0 linker stubs
 *(.trampolines*)
                0x00000164                __trampolines_end = .
 *libprintf_flt.a:*(.progmem.data)
 *libc.a:*(.progmem.data)
 *(.progmem*)
 .progmem.data.cgPattern_RegOnOn
                0x00000164        0x8 lcd_u.o
                0x00000164                cgPattern_RegOnOn
 .progmem.data.cgPattern_RegOnOff
                0x0000016c        0x8 lcd_u.o
                0x0000016c                cgPattern_RegOnOff
 .progmem.data.cgPattern_RegOffOn
                0x00000174        0x8 lcd_u.o
                0x00000174                cgPattern_RegOffOn
 .progmem.data.cgPattern_RegOffOff
                0x0000017c        0x8 lcd_u.o
                0x0000017c                cgPattern_RegOffOff
 .progmem.data.cgPattern_RegOn
                0x00000184        0x8 lcd_u.o
                0x00000184                cgPattern_RegOn
 .progmem.data.cgPattern_RegOff
                0x0000018c        0x8 lcd_u.o
                0x0000018c                cgPattern_RegOff
 .progmem.data.cgPattern_Down
                0x00000194        0x8 lcd_u.o
                0x00000194                cgPattern_Down
 .progmem.data.cgPattern_Up
                0x0000019c        0x8 lcd_u.o
                0x0000019c                cgPattern_Up
 .progmem.data.stringLog
                0x000001a4        0x6 log.o
                0x000001a4                stringLog
 .progmem.data.ErrorText
                0x000001aa      0x120 log.o
                0x000001aa                ErrorText
 .progmem.data.panicString
                0x000002ca        0x9 main.o
                0x000002ca                panicString
 .progmem.data.releaseKeyString
                0x000002d3       0x12 main.o
                0x000002d3                releaseKeyString
 .progmem.data.prog_name
                0x000002e5        0xf main.o
                0x000002e5                prog_name
 .progmem.data.usbHWnone
                0x000002f4        0x5 menu.o
                0x000002f4                usbHWnone
 .progmem.data.usbHWmidiThru
                0x000002f9        0xc menu.o
                0x000002f9                usbHWmidiThru
 .progmem.data.usbHWmidiOut
                0x00000305        0xa menu.o
                0x00000305                usbHWmidiOut
 .progmem.data.usbHWmidiIn
                0x0000030f        0x9 menu.o
                0x0000030f                usbHWmidiIn
 .progmem.data.usbHWmidichanSW
                0x00000318       0x22 menu.o
                0x00000318                usbHWmidichanSW
 .progmem.data.usbHWBits
                0x0000033a        0x8 menu.o
                0x0000033a                usbHWBits
 .progmem.data.usbHWmodule
                0x00000342        0x8 menu.o
                0x00000342                usbHWmodule
 .progmem.data.usbHWempty
                0x0000034a        0x6 menu.o
                0x0000034a                usbHWempty
 .progmem.data.usbHWRegister
                0x00000350        0xc menu.o
                0x00000350                usbHWRegister
 .progmem.data.usbHWRange
                0x0000035c        0x7 menu.o
                0x0000035c                usbHWRange
 .progmem.data.usbHWManual
                0x00000363        0x9 menu.o
                0x00000363                usbHWManual
 .progmem.data.usbHWmodulCheck
                0x0000036c       0x12 menu.o
                0x0000036c                usbHWmodulCheck
 .progmem.data.usbHWmodulInst
                0x0000037e       0x13 menu.o
                0x0000037e                usbHWmodulInst
 .progmem.data.usbHWtitel
                0x00000391       0x19 menu.o
                0x00000391                usbHWtitel
 .progmem.data.HelloMsg
                0x000003aa       0x19 menu.o
                0x000003aa                HelloMsg
 .progmem.data.usbLog
                0x000003c3        0x6 menu.o
                0x000003c3                usbLog
 .progmem.data.usbEmpty
                0x000003c9        0x8 menu.o
                0x000003c9                usbEmpty
 .progmem.data.msg_programming1
                0x000003d1        0x8 menu.o
                0x000003d1                msg_programming1
 .progmem.data.logNone
                0x000003d9        0x7 menu.o
                0x000003d9                logNone
 .progmem.data.stringNotAssigen
                0x000003e0        0xb menu.o
                0x000003e0                stringNotAssigen
 .progmem.data.menuMessageE
                0x000003eb        0x3 menu.o
                0x000003eb                menuMessageE
 .progmem.data.menuMessageOK
                0x000003ee        0x4 menu.o
                0x000003ee                menuMessageOK
 .progmem.data.menuMessageAbort
                0x000003f2        0x6 menu.o
                0x000003f2                menuMessageAbort
 .progmem.data.menuMessageMIDIpanic
                0x000003f8        0xf menu.o
                0x000003f8                menuMessageMIDIpanic
 .progmem.data.messageRegisterMan
                0x00000407        0x2 menu.o
                0x00000407                messageRegisterMan
 .progmem.data.messageLoaded
                0x00000409        0x5 menu.o
                0x00000409                messageLoaded
 .progmem.data.messageSaved
                0x0000040e        0x8 menu.o
                0x0000040e                messageSaved
 .progmem.data.MenuMIDIOutText
                0x00000416        0x5 menu.o
                0x00000416                MenuMIDIOutText
 .progmem.data.MenuMIDIInText
                0x0000041b        0x4 menu.o
                0x0000041b                MenuMIDIInText
 .progmem.data.initMenuText
                0x0000041f        0xa menu.o
                0x0000041f                initMenuText
 .progmem.data.nibbleInfo
                0x00000429       0x87 menu.o
                0x00000429                nibbleInfo
 .progmem.data.menu_selFunc
                0x000004b0      0x244 menu.o
                0x000004b0                menu_selFunc
 .progmem.data.shortKeyTextRegOff
                0x000006f4        0xa menu.o
                0x000006f4                shortKeyTextRegOff
 .progmem.data.shortKeyTextPRS
                0x000006fe        0xa menu.o
                0x000006fe                shortKeyTextPRS
 .progmem.data.shortKeyTextPBD
                0x00000708        0xa menu.o
                0x00000708                shortKeyTextPBD
 .progmem.data.shortKeyTextPBI
                0x00000712        0xa menu.o
                0x00000712                shortKeyTextPBI
 .progmem.data.shortKeyTextPRD
                0x0000071c        0xa menu.o
                0x0000071c                shortKeyTextPRD
 .progmem.data.shortKeyTextPRI
                0x00000726        0xa menu.o
                0x00000726                shortKeyTextPRI
 .progmem.data.shortKeyTextPRM
                0x00000730        0xa menu.o
                0x00000730                shortKeyTextPRM
 .progmem.data.shortKeyTextPRP
                0x0000073a        0xa menu.o
                0x0000073a                shortKeyTextPRP
 .progmem.data.shortKeyTextK4A
                0x00000744        0xa menu.o
                0x00000744                shortKeyTextK4A
 .progmem.data.shortKeyTextK3A
                0x0000074e        0xa menu.o
                0x0000074e                shortKeyTextK3A
 .progmem.data.shortKeyTextK2A
                0x00000758        0xa menu.o
                0x00000758                shortKeyTextK2A
 .progmem.data.shortKeyTextK1A
                0x00000762        0xa menu.o
                0x00000762                shortKeyTextK1A
 .progmem.data.shortKeyTextCpl1P
                0x0000076c        0xa menu.o
                0x0000076c                shortKeyTextCpl1P
 .progmem.data.shortKeyTextCpl2P
                0x00000776        0xa menu.o
                0x00000776                shortKeyTextCpl2P
 .progmem.data.shortKeyTextCpl21
                0x00000780        0xa menu.o
                0x00000780                shortKeyTextCpl21
 .progmem.data.shortKeyTextCpl3P
                0x0000078a        0xa menu.o
                0x0000078a                shortKeyTextCpl3P
 .progmem.data.shortKeyTextCpl31
                0x00000794        0xa menu.o
                0x00000794                shortKeyTextCpl31
 .progmem.data.shortKeyTextCpl32
                0x0000079e        0xa menu.o
                0x0000079e                shortKeyTextCpl32
 .progmem.data.shortKeyTextCplP1
                0x000007a8        0xa menu.o
                0x000007a8                shortKeyTextCplP1
 .progmem.data.shortKeyTextCplP2
                0x000007b2        0xa menu.o
                0x000007b2                shortKeyTextCplP2
 .progmem.data.shortKeyTextCpl12
                0x000007bc        0xa menu.o
                0x000007bc                shortKeyTextCpl12
 .progmem.data.shortKeyTextCplP3
                0x000007c6        0xa menu.o
                0x000007c6                shortKeyTextCplP3
 .progmem.data.shortKeyTextCpl13
                0x000007d0        0xa menu.o
                0x000007d0                shortKeyTextCpl13
 .progmem.data.shortKeyTextCpl23
                0x000007da        0xa menu.o
                0x000007da                shortKeyTextCpl23
 .progmem.data.shortKeyTextMIDIoff
                0x000007e4        0xa menu.o
                0x000007e4                shortKeyTextMIDIoff
 .progmem.data.shortKeyTextSetup
                0x000007ee        0xa menu.o
                0x000007ee                shortKeyTextSetup
 .progmem.data.shortKeyTextStim
                0x000007f8        0xa menu.o
                0x000007f8                shortKeyTextStim
 .progmem.data.shortKeyTextMenu
                0x00000802        0xa menu.o
                0x00000802                shortKeyTextMenu
 .progmem.data.shortKeyTextNone
                0x0000080c        0xa menu.o
                0x0000080c                shortKeyTextNone
 .progmem.data.menu_main
                0x00000816       0x78 menu.o
                0x00000816                menu_main
 .progmem.data.menu_manual
                0x0000088e       0x28 menu.o
                0x0000088e                menu_manual
 .progmem.data.menu_register
                0x000008b6       0xdc menu.o
                0x000008b6                menu_register
 .progmem.data.menu_coupler
                0x00000992       0xf0 menu.o
                0x00000992                menu_coupler
 .progmem.data.menu_midi
                0x00000a82       0xc8 menu.o
                0x00000a82                menu_midi
 .progmem.data.menu_midiIn
                0x00000b4a      0x140 menu.o
                0x00000b4a                menu_midiIn
 .progmem.data.menu_midiInSec
                0x00000c8a       0x50 menu.o
                0x00000c8a                menu_midiInSec
 .progmem.data.menu_midiInVar
                0x00000cda       0x50 menu.o
                0x00000cda                menu_midiInVar
 .progmem.data.menu_key
                0x00000d2a       0x50 menu.o
                0x00000d2a                menu_key
 .progmem.data.menu_tune
                0x00000d7a       0x50 menu.o
                0x00000d7a                menu_tune
 .progmem.data.menu_midiOut
                0x00000dca       0xa0 menu.o
                0x00000dca                menu_midiOut
 .progmem.data.menu_setup
                0x00000e6a       0x64 menu.o
                0x00000e6a                menu_setup
 .progmem.data.menu_regout
                0x00000ece       0xa0 menu.o
                0x00000ece                menu_regout
 .progmem.data.menu_regoutSec
                0x00000f6e       0x50 menu.o
                0x00000f6e                menu_regoutSec
 .progmem.data.menu_eeprom
                0x00000fbe       0x3c menu.o
                0x00000fbe                menu_eeprom
 .progmem.data.menu_Power
                0x00000ffa       0x3c menu.o
                0x00000ffa                menu_Power
 .progmem.data.menu_module
                0x00001036       0x64 menu.o
                0x00001036                menu_module
 .progmem.data.menu_ModeSel
                0x0000109a       0xa0 menu.o
                0x0000109a                menu_ModeSel
 .progmem.data.menu_ModTestSelcted
                0x0000113a       0x50 menu.o
                0x0000113a                menu_ModTestSelcted
 .progmem.data.menu_modAssign
                0x0000118a       0x64 menu.o
                0x0000118a                menu_modAssign
 .progmem.data.menu_modSection8
                0x000011ee       0xa0 menu.o
                0x000011ee                menu_modSection8
 .progmem.data.menu_modSection
                0x0000128e       0x50 menu.o
                0x0000128e                menu_modSection
 .progmem.data.menu_modDefineReg
                0x000012de       0x3c menu.o
                0x000012de                menu_modDefineReg
 .progmem.data.menu_modDefine
                0x0000131a       0x3c menu.o
                0x0000131a                menu_modDefine
 .progmem.data.menu_status
                0x00001356       0x50 menu.o
                0x00001356                menu_status
 .progmem.data.menu_USBser
                0x000013a6       0x3c menu.o
                0x000013a6                menu_USBser
 .progmem.data.sw_version
                0x000013e2        0x6 menu.o
                0x000013e2                sw_version
 .progmem.data.cplInfo
                0x000013e8       0x18 Midi.o
                0x000013e8                cplInfo
 .progmem.data.keylabel_1
                0x00001400        0x2 utils.o
                0x00001400                keylabel_1
 .progmem.data.keylabel_0
                0x00001402        0x2 utils.o
                0x00001402                keylabel_0
 .progmem.data.keylabel_text
                0x00001404        0x6 utils.o
                0x00001404                keylabel_text
 .progmem.data.keylabel_exit
                0x0000140a        0x5 utils.o
                0x0000140a                keylabel_exit
 .progmem.data.keylabel_off
                0x0000140f        0x5 utils.o
                0x0000140f                keylabel_off
 .progmem.data.keylabel_on
                0x00001414        0x5 utils.o
                0x00001414                keylabel_on
 .progmem.data.keylabel_onoff
                0x00001419        0x5 utils.o
                0x00001419                keylabel_onoff
 .progmem.data.keylabel_minus
                0x0000141e        0x2 utils.o
                0x0000141e                keylabel_minus
 .progmem.data.keylabel_plus
                0x00001420        0x2 utils.o
                0x00001420                keylabel_plus
 .progmem.data.keylabel_left
                0x00001422        0x2 utils.o
                0x00001422                keylabel_left
 .progmem.data.keylabel_right
                0x00001424        0x2 utils.o
                0x00001424                keylabel_right
 .progmem.data.keylabel_down
                0x00001426        0x2 utils.o
                0x00001426                keylabel_down
 .progmem.data.keylabel_up
                0x00001428        0x2 utils.o
                0x00001428                keylabel_up
 .progmem.data.cr_lf
                0x0000142a        0x3 utils.o
                0x0000142a                cr_lf
                0x0000142e                . = ALIGN (0x2)
 *fill*         0x0000142d        0x1 
 *(.jumptables)
 *(.jumptables*)
 *(.lowtext)
 *(.lowtext*)
                0x0000142e                __ctors_start = .
 *(.ctors)
                0x0000142e                __ctors_end = .
                0x0000142e                __dtors_start = .
 *(.dtors)
                0x0000142e                __dtors_end = .
 SORT(*)(.ctors)
 SORT(*)(.dtors)
 *(.init0)
 .init0         0x0000142e        0x0 C:/Program Files (x86)/Atmel/Studio/7.0/Packs/atmel/ATmega_DFP/1.2.209/gcc/dev/atmega2560/avr6/crtatmega2560.o
                0x0000142e                __init
 *(.init0)
 *(.init1)
 *(.init1)
 *(.init2)
 .init2         0x0000142e       0x10 C:/Program Files (x86)/Atmel/Studio/7.0/Packs/atmel/ATmega_DFP/1.2.209/gcc/dev/atmega2560/avr6/crtatmega2560.o
 *(.init2)
 *(.init3)
 *(.init3)
 *(.init4)
 .init4         0x0000143e       0x1a c:/program files (x86)/atmel/studio/7.0/toolchain/avr8/avr8-gnu-toolchain/bin/../lib/gcc/avr/5.4.0/avr6\libgcc.a(_copy_data.o)
                0x0000143e                __do_copy_data
 .init4         0x00001458       0x10 c:/program files (x86)/atmel/studio/7.0/toolchain/avr8/avr8-gnu-toolchain/bin/../lib/gcc/avr/5.4.0/avr6\libgcc.a(_clear_bss.o)
                0x00001458                __do_clear_bss
 *(.init4)
 *(.init5)
 *(.init5)
 *(.init6)
 *(.init6)
 *(.init7)
 *(.init7)
 *(.init8)
 *(.init8)
 *(.init9)
 .init9         0x00001468        0x8 C:/Program Files (x86)/Atmel/Studio/7.0/Packs/atmel/ATmega_DFP/1.2.209/gcc/dev/atmega2560/avr6/crtatmega2560.o
 *(.init9)
 *(.text)
 .text          0x00001470        0x4 C:/Program Files (x86)/Atmel/Studio/7.0/Packs/atmel/ATmega_DFP/1.2.209/gcc/dev/atmega2560/avr6/crtatmega2560.o
                0x00001470                __vector_38
                0x00001470                __vector_22
                0x00001470                __vector_28
                0x00001470                __vector_1
                0x00001470                __vector_32
                0x00001470                __vector_34
                0x00001470                __vector_24
                0x00001470                __vector_12
                0x00001470                __vector_46
                0x00001470                __bad_interrupt
                0x00001470                __vector_6
                0x00001470                __vector_31
                0x00001470                __vector_35
                0x00001470                __vector_39
                0x00001470                __vector_3
                0x00001470                __vector_23
                0x00001470                __vector_30
                0x00001470                __vector_45
                0x00001470                __vector_11
                0x00001470                __vector_13
                0x00001470                __vector_17
                0x00001470                __vector_19
                0x00001470                __vector_56
                0x00001470                __vector_7
                0x00001470                __vector_49
                0x00001470                __vector_41
                0x00001470                __vector_43
                0x00001470                __vector_27
                0x00001470                __vector_5
                0x00001470                __vector_33
                0x00001470                __vector_47
                0x00001470                __vector_52
                0x00001470                __vector_4
                0x00001470                __vector_44
                0x00001470                __vector_51
                0x00001470                __vector_9
                0x00001470                __vector_2
                0x00001470                __vector_15
                0x00001470                __vector_29
                0x00001470                __vector_40
                0x00001470                __vector_8
                0x00001470                __vector_48
                0x00001470                __vector_14
                0x00001470                __vector_53
                0x00001470                __vector_10
                0x00001470                __vector_50
                0x00001470                __vector_16
                0x00001470                __vector_18
                0x00001470                __vector_20
                0x00001470                __vector_42
                0x00001474                . = ALIGN (0x2)
 *(.text.*)
 .text.crc16_ram
                0x00001474       0x4c ee_prom.o
                0x00001474                crc16_ram
 .text.crc16_eeprom
                0x000014c0       0x6e ee_prom.o
                0x000014c0                crc16_eeprom
 .text.crc16_ram_startVal
                0x0000152e       0x4a ee_prom.o
                0x0000152e                crc16_ram_startVal
 .text.crc16_eeprom_startVal
                0x00001578       0x6c ee_prom.o
                0x00001578                crc16_eeprom_startVal
 .text.eeprom_ReadManualMap
                0x000015e4       0x50 ee_prom.o
                0x000015e4                eeprom_ReadManualMap
 .text.eeprom_ReadMidiInMap
                0x00001634       0x50 ee_prom.o
                0x00001634                eeprom_ReadMidiInMap
 .text.eeprom_ReadMidiOutMap
                0x00001684       0x60 ee_prom.o
                0x00001684                eeprom_ReadMidiOutMap
 .text.eeprom_ReadModules
                0x000016e4       0x58 ee_prom.o
                0x000016e4                eeprom_ReadModules
 .text.eeprom_ReadMidiThrough
                0x0000173c       0x50 ee_prom.o
                0x0000173c                eeprom_ReadMidiThrough
 .text.eeprom_ReadUSB
                0x0000178c       0x4c ee_prom.o
                0x0000178c                eeprom_ReadUSB
 .text.eeprom_ReadReg
                0x000017d8       0x68 ee_prom.o
                0x000017d8                eeprom_ReadReg
 .text.eeprom_ReadProg
                0x00001840       0x50 ee_prom.o
                0x00001840                eeprom_ReadProg
 .text.eeprom_ReadSoftkeys
                0x00001890       0x44 ee_prom.o
                0x00001890                eeprom_ReadSoftkeys
 .text.eeprom_ReadRegOut
                0x000018d4       0x44 ee_prom.o
                0x000018d4                eeprom_ReadRegOut
 .text.eepromWriteSignature
                0x00001918       0x16 ee_prom.o
                0x00001918                eepromWriteSignature
 .text.eeprom_UpdateManualMap
                0x0000192e       0x44 ee_prom.o
                0x0000192e                eeprom_UpdateManualMap
 .text.eeprom_UpdateMidiInMap
                0x00001972       0x44 ee_prom.o
                0x00001972                eeprom_UpdateMidiInMap
 .text.eeprom_UpdateMidiOutMap
                0x000019b6       0x60 ee_prom.o
                0x000019b6                eeprom_UpdateMidiOutMap
 .text.eeprom_UpdateModules
                0x00001a16       0x54 ee_prom.o
                0x00001a16                eeprom_UpdateModules
 .text.eeprom_UpdateUSB
                0x00001a6a       0x40 ee_prom.o
                0x00001a6a                eeprom_UpdateUSB
 .text.eeprom_UpdateMidiThrough
                0x00001aaa       0x44 ee_prom.o
                0x00001aaa                eeprom_UpdateMidiThrough
 .text.eeprom_UpdateReg
                0x00001aee       0x5c ee_prom.o
                0x00001aee                eeprom_UpdateReg
 .text.eeprom_UpdateProg
                0x00001b4a       0x44 ee_prom.o
                0x00001b4a                eeprom_UpdateProg
 .text.eeprom_UpdateSoftkeys
                0x00001b8e       0x44 ee_prom.o
                0x00001b8e                eeprom_UpdateSoftkeys
 .text.eeprom_UpdateRegOut
                0x00001bd2       0x44 ee_prom.o
                0x00001bd2                eeprom_UpdateRegOut
 .text.eeprom_UpdateALL
                0x00001c16       0x16 ee_prom.o
                0x00001c16                eeprom_UpdateALL
 .text.eepromCopy
                0x00001c2c       0x52 ee_prom.o
                0x00001c2c                eepromCopy
 .text.eeprom_Backup
                0x00001c7e       0x18 ee_prom.o
                0x00001c7e                eeprom_Backup
 .text.eeprom_Restore
                0x00001c96       0x18 ee_prom.o
                0x00001c96                eeprom_Restore
 .text.init_Timers
                0x00001cae       0x30 hwtimer.o
                0x00001cae                init_Timers
 .text.init_HwTimer
                0x00001cde       0x1e hwtimer.o
                0x00001cde                init_HwTimer
 .text.init_ADC
                0x00001cfc       0x54 hwtimer.o
                0x00001cfc                init_ADC
 .text.init_Pipe
                0x00001d50       0x50 hwtimer.o
                0x00001d50                init_Pipe
 .text.init_PipeModules
                0x00001da0      0x160 hwtimer.o
                0x00001da0                init_PipeModules
 .text.test_PipeModule
                0x00001f00       0xe8 hwtimer.o
                0x00001f00                test_PipeModule
 .text.module_TestAllInputs
                0x00001fe8       0x28 hwtimer.o
                0x00001fe8                module_TestAllInputs
 .text.module_WaitOutputInput2Cycles
                0x00002010       0x1a hwtimer.o
                0x00002010                module_WaitOutputInput2Cycles
 .text.module_StartPowerOn
                0x0000202a       0x20 hwtimer.o
                0x0000202a                module_StartPowerOn
 .text.module_PowerControl
                0x0000204a       0x8c hwtimer.o
                0x0000204a                module_PowerControl
 .text.softKey_WantLong
                0x000020d6       0x24 hwtimer.o
                0x000020d6                softKey_WantLong
 .text.__vector_21
                0x000020fa      0x49c hwtimer.o
                0x000020fa                __vector_21
 .text.pipe_on  0x00002596       0x1e hwtimer.o
                0x00002596                pipe_on
 .text.pipe_off
                0x000025b4       0x1c hwtimer.o
                0x000025b4                pipe_off
 .text.init_iopins
                0x000025d0       0x40 initio.o
                0x000025d0                init_iopins
 .text.lcd_write_nibble
                0x00002610       0x7a lcd_u.o
                0x00002610                lcd_write_nibble
 .text.lcd_write_character
                0x0000268a       0x48 lcd_u.o
                0x0000268a                lcd_write_character
 .text.lcd_write_command
                0x000026d2       0x5c lcd_u.o
                0x000026d2                lcd_write_command
 .text.lcd_init
                0x0000272e       0xbc lcd_u.o
                0x0000272e                lcd_init
 .text.lcd_goto
                0x000027ea        0xa lcd_u.o
                0x000027ea                lcd_goto
 .text.lcd_clrscr
                0x000027f4       0x1e lcd_u.o
                0x000027f4                lcd_clrscr
 .text.getCursorFromLCDRAMcursor
                0x00002812       0x2c lcd_u.o
                0x00002812                getCursorFromLCDRAMcursor
 .text.lcd_putc
                0x0000283e       0x82 lcd_u.o
                0x0000283e                lcd_putc
 .text.lcd_puts
                0x000028c0       0x20 lcd_u.o
                0x000028c0                lcd_puts
 .text.lcd_puts_P
                0x000028e0       0x20 lcd_u.o
                0x000028e0                lcd_puts_P
 .text.lcd_message
                0x00002900       0x96 lcd_u.o
                0x00002900                lcd_message
 .text.lcd_message_P
                0x00002996       0x9c lcd_u.o
                0x00002996                lcd_message_P
 .text.lcd_setCG
                0x00002a32       0x44 lcd_u.o
                0x00002a32                lcd_setCG
 .text.lcd_initCG
                0x00002a76       0x42 lcd_u.o
                0x00002a76                lcd_initCG
 .text.lcd_cursosblink
                0x00002ab8        0xc lcd_u.o
                0x00002ab8                lcd_cursosblink
 .text.lcd_cursoroff
                0x00002ac4        0xa lcd_u.o
                0x00002ac4                lcd_cursoroff
 .text.lcd_message_clear
                0x00002ace       0x82 lcd_u.o
                0x00002ace                lcd_message_clear
 .text.init_log
                0x00002b50       0x16 log.o
                0x00002b50                init_log
 .text.log_count
                0x00002b66       0x3e log.o
                0x00002b66                log_count
 .text.log_getLog
                0x00002ba4       0x50 log.o
                0x00002ba4                log_getLog
 .text.log_getErrorText
                0x00002bf4       0x88 log.o
                0x00002bf4                log_getErrorText
 .text.logCheckUnreadErrorLogs
                0x00002c7c       0x40 log.o
                0x00002c7c                logCheckUnreadErrorLogs
 .text.log_getShortTextFromPtr
                0x00002cbc      0x118 log.o
                0x00002cbc                log_getShortTextFromPtr
 .text.log_put  0x00002dd4       0xc8 log.o
                0x00002dd4                log_put
 .text.log_putError
                0x00002e9c        0xc log.o
                0x00002e9c                log_putError
 .text.log_getShortTextFromIndex
                0x00002ea8       0x20 log.o
                0x00002ea8                log_getShortTextFromIndex
 .text.main     0x00002ec8      0x682 main.o
                0x00002ec8                main
 .text.menu_enterWriteModule
                0x0000354a       0x78 menu.o
                0x0000354a                menu_enterWriteModule
 .text.menu_exitWriteModule
                0x000035c2       0x5a menu.o
                0x000035c2                menu_exitWriteModule
 .text.menuOnEnterModSel
                0x0000361c       0x16 menu.o
                0x0000361c                menuOnEnterModSel
 .text.menuOnEnterMidiInCh
                0x00003632       0x16 menu.o
                0x00003632                menuOnEnterMidiInCh
 .text.menuOnEnterMidiInSec
                0x00003648       0x3c menu.o
                0x00003648                menuOnEnterMidiInSec
 .text.menuOnEnterModManual
                0x00003684       0x16 menu.o
                0x00003684                menuOnEnterModManual
 .text.menuOnEnterModSec
                0x0000369a       0x4a menu.o
                0x0000369a                menuOnEnterModSec
 .text.menuOnEnterModSecReg
                0x000036e4       0x2c menu.o
                0x000036e4                menuOnEnterModSecReg
 .text.menuOnEnterRegOut
                0x00003710       0x2a menu.o
                0x00003710                menuOnEnterRegOut
 .text.menuOnEnterKey
                0x0000373a       0x2e menu.o
                0x0000373a                menuOnEnterKey
 .text.menuOnExitRegisterOut
                0x00003768        0x8 menu.o
                0x00003768                menuOnExitRegisterOut
 .text.menuOnExitMidiThrough
                0x00003770        0x8 menu.o
                0x00003770                menuOnExitMidiThrough
 .text.menuOnExitRegisterEdit
                0x00003778       0x50 menu.o
                0x00003778                menuOnExitRegisterEdit
 .text.softKeyRegOff
                0x000037c8        0xa menu.o
                0x000037c8                softKeyRegOff
 .text.menuOnExitCoupler
                0x000037d2       0x26 menu.o
                0x000037d2                menuOnExitCoupler
 .text.menuOnExitSaveProgram
                0x000037f8       0x16 menu.o
                0x000037f8                menuOnExitSaveProgram
 .text.menuOnExitKeys
                0x0000380e        0x8 menu.o
                0x0000380e                menuOnExitKeys
 .text.menu_readModule
                0x00003816       0x6a menu.o
                0x00003816                menu_readModule
 .text.menu_testModule
                0x00003880       0x26 menu.o
                0x00003880                menu_testModule
 .text.menuOnEnterTune
                0x000038a6      0x24e menu.o
                0x000038a6                menuOnEnterTune
 .text.menuOnExitMidiActiveSense
                0x00003af4        0x8 menu.o
                0x00003af4                menuOnExitMidiActiveSense
 .text.menuOnExitMidiOut
                0x00003afc        0x8 menu.o
                0x00003afc                menuOnExitMidiOut
 .text.menuOnExitMidiIn
                0x00003b04        0x8 menu.o
                0x00003b04                menuOnExitMidiIn
 .text.menuOnExitManual
                0x00003b0c       0x14 menu.o
                0x00003b0c                menuOnExitManual
 .text.menuOnExitModules
                0x00003b20        0x8 menu.o
                0x00003b20                menuOnExitModules
 .text.menuOnEnterUSBprotokoll
                0x00003b28       0x4c menu.o
                0x00003b28                menuOnEnterUSBprotokoll
 .text.menuOnExitUSBactive
                0x00003b74       0x28 menu.o
                0x00003b74                menuOnExitUSBactive
 .text.menuOnEnterUSBsendHW
                0x00003b9c      0x51a menu.o
                0x00003b9c                menuOnEnterUSBsendHW
 .text.reverseRegisterBits
                0x000040b6       0x28 menu.o
                0x000040b6                reverseRegisterBits
 .text.menuOnUpdateRegister
                0x000040de        0xe menu.o
                0x000040de                menuOnUpdateRegister
 .text.menuOnEnterResetReg
                0x000040ec        0xc menu.o
                0x000040ec                menuOnEnterResetReg
 .text.menuOnExitLoadProgran
                0x000040f8       0x18 menu.o
                0x000040f8                menuOnExitLoadProgran
 .text.softkeyCoupler
                0x00004110       0x56 menu.o
                0x00004110                softkeyCoupler
 .text.softKeyCoupler2from3
                0x00004166        0x6 menu.o
                0x00004166                softKeyCoupler2from3
 .text.softKeyCoupler1from3
                0x0000416c        0x6 menu.o
                0x0000416c                softKeyCoupler1from3
 .text.softKeyCouplerPfrom3
                0x00004172        0x6 menu.o
                0x00004172                softKeyCouplerPfrom3
 .text.softKeyCoupler1from2
                0x00004178        0x6 menu.o
                0x00004178                softKeyCoupler1from2
 .text.softKeyCouplerPfrom2
                0x0000417e        0x6 menu.o
                0x0000417e                softKeyCouplerPfrom2
 .text.softKeyCouplerPfrom1
                0x00004184        0x6 menu.o
                0x00004184                softKeyCouplerPfrom1
 .text.softKeyCoupler3from2
                0x0000418a        0x6 menu.o
                0x0000418a                softKeyCoupler3from2
 .text.softKeyCoupler3from1
                0x00004190        0x6 menu.o
                0x00004190                softKeyCoupler3from1
 .text.softKeyCoupler3fromP
                0x00004196        0x6 menu.o
                0x00004196                softKeyCoupler3fromP
 .text.softKeyCoupler2from1
                0x0000419c        0x6 menu.o
                0x0000419c                softKeyCoupler2from1
 .text.softKeyCoupler2fromP
                0x000041a2        0x6 menu.o
                0x000041a2                softKeyCoupler2fromP
 .text.softKeyCoupler1fromP
                0x000041a8        0x6 menu.o
                0x000041a8                softKeyCoupler1fromP
 .text.menuDisplaySaveMessage
                0x000041ae       0x28 menu.o
                0x000041ae                menuDisplaySaveMessage
 .text.softKeyPrSet
                0x000041d6       0x2e menu.o
                0x000041d6                softKeyPrSet
 .text.menuDisplayLoadMessage
                0x00004204       0x60 menu.o
                0x00004204                menuDisplayLoadMessage
 .text.send_progrChange_toMidiThru
                0x00004264       0x22 menu.o
                0x00004264                send_progrChange_toMidiThru
 .text.handle_programKey
                0x00004286       0x4a menu.o
                0x00004286                handle_programKey
 .text.softKeyK1A
                0x000042d0        0x6 menu.o
                0x000042d0                softKeyK1A
 .text.softKeyK2A
                0x000042d6        0x6 menu.o
                0x000042d6                softKeyK2A
 .text.softKeyK3A
                0x000042dc        0x6 menu.o
                0x000042dc                softKeyK3A
 .text.softKeyK4A
                0x000042e2        0x6 menu.o
                0x000042e2                softKeyK4A
 .text.softKeyUpdateProg
                0x000042e8       0x20 menu.o
                0x000042e8                softKeyUpdateProg
 .text.softKeyPBInc
                0x00004308       0x16 menu.o
                0x00004308                softKeyPBInc
 .text.softKeyPBDec
                0x0000431e       0x16 menu.o
                0x0000431e                softKeyPBDec
 .text.progDec  0x00004334       0x24 menu.o
                0x00004334                progDec
 .text.softKeyPrM
                0x00004358       0x26 menu.o
                0x00004358                softKeyPrM
 .text.softKeyPrDec
                0x0000437e       0x22 menu.o
                0x0000437e                softKeyPrDec
 .text.progInc  0x000043a0       0x2e menu.o
                0x000043a0                progInc
 .text.softKeyPrP
                0x000043ce       0x38 menu.o
                0x000043ce                softKeyPrP
 .text.softKeyPrInc
                0x00004406       0x22 menu.o
                0x00004406                softKeyPrInc
 .text.menuLCDwriteOK
                0x00004428        0xa menu.o
                0x00004428                menuLCDwriteOK
 .text.menuOnEnterEEBackup
                0x00004432       0x18 menu.o
                0x00004432                menuOnEnterEEBackup
 .text.menuOnEnterEERestore
                0x0000444a       0x18 menu.o
                0x0000444a                menuOnEnterEERestore
 .text.menuOnEnterEEUpdate
                0x00004462       0x18 menu.o
                0x00004462                menuOnEnterEEUpdate
 .text.menu_Init
                0x0000447a       0x46 menu.o
                0x0000447a                menu_Init
 .text.softkeyLeft
                0x000044c0        0xc menu.o
                0x000044c0                softkeyLeft
 .text.softkeyRight
                0x000044cc        0xc menu.o
                0x000044cc                softkeyRight
 .text.softkeyDown
                0x000044d8        0xc menu.o
                0x000044d8                softkeyDown
 .text.softkeyOn
                0x000044e4        0xc menu.o
                0x000044e4                softkeyOn
 .text.softkeyOff
                0x000044f0        0xc menu.o
                0x000044f0                softkeyOff
 .text.softkeyUp
                0x000044fc        0xc menu.o
                0x000044fc                softkeyUp
 .text.softkeyPlus
                0x00004508       0x24 menu.o
                0x00004508                softkeyPlus
 .text.softkeyMinus
                0x0000452c       0x24 menu.o
                0x0000452c                softkeyMinus
 .text.dataToNibbles
                0x00004550      0x1e6 menu.o
                0x00004550                dataToNibbles
 .text.nibbleToLCDstring
                0x00004736      0x29c menu.o
                0x00004736                nibbleToLCDstring
 .text.LCDStringOut
                0x000049d2       0x36 menu.o
                0x000049d2                LCDStringOut
 .text.nibbleCheckOvfl
                0x00004a08       0x12 menu.o
                0x00004a08                nibbleCheckOvfl
 .text.nibbleChange
                0x00004a1a      0x35e menu.o
                0x00004a1a                nibbleChange
 .text.nibbleToData
                0x00004d78      0x1ca menu.o
                0x00004d78                nibbleToData
 .text.menuTextOut
                0x00004f42       0x36 menu.o
                0x00004f42                menuTextOut
 .text.menuParentMenuToLCD
                0x00004f78       0x34 menu.o
                0x00004f78                menuParentMenuToLCD
 .text.menuDisplayValue
                0x00004fac       0x1a menu.o
                0x00004fac                menuDisplayValue
 .text.menuCursorSetDataNibble
                0x00004fc6       0x5a menu.o
                0x00004fc6                menuCursorSetDataNibble
 .text.menuCursorSetExtra
                0x00005020        0x8 menu.o
                0x00005020                menuCursorSetExtra
 .text.menuOnEnterStatusMidiIn
                0x00005028       0x7c menu.o
                0x00005028                menuOnEnterStatusMidiIn
 .text.menuOnEnterStatusMidiOut
                0x000050a4       0x7c menu.o
                0x000050a4                menuOnEnterStatusMidiOut
 .text.menuOnEnterLogDisp
                0x00005120      0x14a menu.o
                0x00005120                menuOnEnterLogDisp
 .text.menuCursorSetMenu
                0x0000526a        0x8 menu.o
                0x0000526a                menuCursorSetMenu
 .text.menu_OnEnterMidiPanic
                0x00005272       0x12 menu.o
                0x00005272                menu_OnEnterMidiPanic
 .text.menuClearExtraDisp
                0x00005284        0xa menu.o
                0x00005284                menuClearExtraDisp
 .text.menu_ClearDataDisp
                0x0000528e        0xe menu.o
                0x0000528e                menu_ClearDataDisp
 .text.menu_ModuleTestExecute
                0x0000529c      0x1d2 menu.o
                0x0000529c                menu_ModuleTestExecute
 .text.menu_ModuleTestPattern
                0x0000546e       0x32 menu.o
                0x0000546e                menu_ModuleTestPattern
 .text.menuClearMenuDisp
                0x000054a0       0x16 menu.o
                0x000054a0                menuClearMenuDisp
 .text.menu_ClearAllDisp
                0x000054b6        0x8 menu.o
                0x000054b6                menu_ClearAllDisp
 .text.menuCheckArrowDown
                0x000054be       0x42 menu.o
                0x000054be                menuCheckArrowDown
 .text.menuCurrMenuToLCD
                0x00005500       0x62 menu.o
                0x00005500                menuCurrMenuToLCD
 .text.menuItemChanged
                0x00005562       0xbc menu.o
                0x00005562                menuItemChanged
 .text.menu_InitLCD
                0x0000561e        0xe menu.o
                0x0000561e                menu_InitLCD
 .text.menu_ProcessMessage
                0x0000562c      0x47e menu.o
                0x0000562c                menu_ProcessMessage
 .text.getSoftKeyIndex
                0x00005aaa       0x24 menu.o
                0x00005aaa                getSoftKeyIndex
 .text.init_SoftKeys
                0x00005ace       0x92 menu.o
                0x00005ace                init_SoftKeys
 .text.softKey_Set
                0x00005b60       0x58 menu.o
                0x00005b60                softKey_Set
 .text.menuOnExitKey
                0x00005bb8       0x20 menu.o
                0x00005bb8                menuOnExitKey
 .text.softKeys_toLCD
                0x00005bd8       0x7e menu.o
                0x00005bd8                softKeys_toLCD
 .text.softKey_MessageKey_ToSoftKeyNr
                0x00005c56       0x2a menu.o
                0x00005c56                softKey_MessageKey_ToSoftKeyNr
 .text.softKey_Execute
                0x00005c80       0x98 menu.o
                0x00005c80                softKey_Execute
 .text.menu_showPowerState
                0x00005d18       0x28 menu.o
                0x00005d18                menu_showPowerState
 .text.menuOnEnterPwrOn
                0x00005d40       0x12 menu.o
                0x00005d40                menuOnEnterPwrOn
 .text.menuOnEnterPwrOff
                0x00005d52       0x10 menu.o
                0x00005d52                menuOnEnterPwrOff
 .text.menuOnEnterPwrRest
                0x00005d62       0x2a menu.o
                0x00005d62                menuOnEnterPwrRest
 .text.init_message
                0x00005d8c        0xe message.o
                0x00005d8c                init_message
 .text.message_push
                0x00005d9a       0x28 message.o
                0x00005d9a                message_push
 .text.message_get
                0x00005dc2       0x32 message.o
                0x00005dc2                message_get
 .text.message_status
                0x00005df4       0x26 message.o
                0x00005df4                message_status
 .text.pipeMsgPush
                0x00005e1a       0x44 message.o
                0x00005e1a                pipeMsgPush
 .text.pipeMsgGet
                0x00005e5e       0x2a message.o
                0x00005e5e                pipeMsgGet
 .text.pipeMsgStatus
                0x00005e88       0x14 message.o
                0x00005e88                pipeMsgStatus
 .text.midi_CouplerReset
                0x00005e9c       0x14 Midi.o
                0x00005e9c                midi_CouplerReset
 .text.init_Midi
                0x00005eb0        0xe Midi.o
                0x00005eb0                init_Midi
 .text.set_Coupler
                0x00005ebe       0x42 Midi.o
                0x00005ebe                set_Coupler
 .text.getAllCouplers
                0x00005f00       0x30 Midi.o
                0x00005f00                getAllCouplers
 .text.setAllCouplers
                0x00005f30       0x32 Midi.o
                0x00005f30                setAllCouplers
 .text.midiAllReset
                0x00005f62        0xc Midi.o
                0x00005f62                midiAllReset
 .text.registers_CalcCount
                0x00005f6e       0x34 Midi.o
                0x00005f6e                registers_CalcCount
 .text.init_Registers
                0x00005fa2       0xb8 Midi.o
                0x00005fa2                init_Registers
 .text.regNr_to_moduleBit
                0x0000605a       0x36 Midi.o
                0x0000605a                regNr_to_moduleBit
 .text.moduleBit_to_registerNr
                0x00006090       0x38 Midi.o
                0x00006090                moduleBit_to_registerNr
 .text.read_Register
                0x000060c8       0x90 Midi.o
                0x000060c8                read_Register
 .text.get_RegisterStatus
                0x00006158       0x70 Midi.o
                0x00006158                get_RegisterStatus
 .text.count_Registers
                0x000061c8       0x28 Midi.o
                0x000061c8                count_Registers
 .text.read_allRegister
                0x000061f0       0x58 Midi.o
                0x000061f0                read_allRegister
 .text.register_onOff
                0x00006248       0x4a Midi.o
                0x00006248                register_onOff
 .text.midi_RegisterMatchProgram
                0x00006292       0x74 Midi.o
                0x00006292                midi_RegisterMatchProgram
 .text.midi_CountRegisterInProgram
                0x00006306       0x40 Midi.o
                0x00006306                midi_CountRegisterInProgram
 .text.prog_set
                0x00006346       0x14 Midi.o
                0x00006346                prog_set
 .text.program_toRegister
                0x0000635a       0xb2 Midi.o
                0x0000635a                program_toRegister
 .text.midi_ProgramChange
                0x0000640c       0x64 Midi.o
                0x0000640c                midi_ProgramChange
 .text.midi_resetRegisters
                0x00006470       0x1e Midi.o
                0x00006470                midi_resetRegisters
 .text.register_toProgram
                0x0000648e       0x70 Midi.o
                0x0000648e                register_toProgram
 .text.prog_toLcd
                0x000064fe       0x42 Midi.o
                0x000064fe                prog_toLcd
 .text.init_RegOut
                0x00006540        0x6 Midi.o
                0x00006540                init_RegOut
 .text.reg_toLCD
                0x00006546      0x108 Midi.o
                0x00006546                reg_toLCD
 .text.reg_ClearOnLCD
                0x0000664e       0x52 Midi.o
                0x0000664e                reg_ClearOnLCD
 .text.init_Midi2Manual
                0x000066a0       0x80 Midi.o
                0x000066a0                init_Midi2Manual
 .text.init_Manual2Midi
                0x00006720       0x54 Midi.o
                0x00006720                init_Manual2Midi
 .text.Manual_to_MidiNote
                0x00006774       0x20 Midi.o
                0x00006774                Manual_to_MidiNote
 .text.Midi_updateManualRange
                0x00006794       0xae Midi.o
                0x00006794                Midi_updateManualRange
 .text.init_Manual2Module
                0x00006842       0xc2 Midi.o
                0x00006842                init_Manual2Module
 .text.manualNote_to_moduleBit
                0x00006904       0x40 Midi.o
                0x00006904                manualNote_to_moduleBit
 .text.moduleBit_to_manualNote
                0x00006944       0x46 Midi.o
                0x00006944                moduleBit_to_manualNote
 .text.manual_NoteOnOff
                0x0000698a       0xb2 Midi.o
                0x0000698a                manual_NoteOnOff
 .text.midiAllNotesOff
                0x00006a3c       0xcc Midi.o
                0x00006a3c                midiAllNotesOff
 .text.midi_ManualOff
                0x00006b08       0x76 Midi.o
                0x00006b08                midi_ManualOff
 .text.midi_AllManualsOff
                0x00006b7e       0x14 Midi.o
                0x00006b7e                midi_AllManualsOff
 .text.midi_CheckRxActiveSense
                0x00006b92       0x18 Midi.o
                0x00006b92                midi_CheckRxActiveSense
 .text.midiNote_to_Manual
                0x00006baa       0xfa Midi.o
                0x00006baa                midiNote_to_Manual
 .text.midiIn_Process
                0x00006ca4      0x128 Midi.o
                0x00006ca4                midiIn_Process
 .text.proc_ESPmidi
                0x00006dcc       0x62 Midi.o
                0x00006dcc                proc_ESPmidi
 .text.midiKeyPress_Process
                0x00006e2e      0x1b0 Midi.o
                0x00006e2e                midiKeyPress_Process
 .text.midiSendAllNotesOff
                0x00006fde       0x16 Midi.o
                0x00006fde                midiSendAllNotesOff
 .text.midi_SendActiveSense
                0x00006ff4        0x6 Midi.o
                0x00006ff4                midi_SendActiveSense
 .text.midi_CheckTxActiveSense
                0x00006ffa       0x38 Midi.o
                0x00006ffa                midi_CheckTxActiveSense
 .text.init_Serial1MIDI
                0x00007032       0x4c serial.o
                0x00007032                init_Serial1MIDI
 .text.__vector_36
                0x0000707e       0xaa serial.o
                0x0000707e                __vector_36
 .text.__vector_37
                0x00007128       0x70 serial.o
                0x00007128                __vector_37
 .text.serial0SER_USBSend
                0x00007198       0x6c serial.o
                0x00007198                serial0SER_USBSend
 .text.serial0USB_logMIDIin
                0x00007204       0x26 serial.o
                0x00007204                serial0USB_logMIDIin
 .text.serial1MIDIReadRx
                0x0000722a       0x32 serial.o
                0x0000722a                serial1MIDIReadRx
 .text.serial0USB_logMIDIout
                0x0000725c       0x26 serial.o
                0x0000725c                serial0USB_logMIDIout
 .text.serial1MIDISend
                0x00007282       0xc6 serial.o
                0x00007282                serial1MIDISend
 .text.serial0USB_logPipeIn
                0x00007348       0x3c serial.o
                0x00007348                serial0USB_logPipeIn
 .text.serial0SER_USB_sendStringP
                0x00007384       0x24 serial.o
                0x00007384                serial0SER_USB_sendStringP
 .text.serial0SER_USB_sendCRLF
                0x000073a8        0x8 serial.o
                0x000073a8                serial0SER_USB_sendCRLF
 .text.init_Serial0SerUSB
                0x000073b0       0x7c serial.o
                0x000073b0                init_Serial0SerUSB
 .text.serial0SER_USB_sendString
                0x0000742c       0x2c serial.o
                0x0000742c                serial0SER_USB_sendString
 .text.__vector_25
                0x00007458       0x8c serial.o
                0x00007458                __vector_25
 .text.__vector_26
                0x000074e4       0x72 serial.o
                0x000074e4                __vector_26
 .text.init_Serial3SerESP
                0x00007556       0x68 serial.o
                0x00007556                init_Serial3SerESP
 .text.serial3SER_ESPSend
                0x000075be       0x6c serial.o
                0x000075be                serial3SER_ESPSend
 .text.serial3SER_ESPReadRx
                0x0000762a       0x3a serial.o
                0x0000762a                serial3SER_ESPReadRx
 .text.__vector_54
                0x00007664       0xb0 serial.o
                0x00007664                __vector_54
 .text.__vector_55
                0x00007714       0x72 serial.o
                0x00007714                __vector_55
 .text.nibbleToChr
                0x00007786        0xc utils.o
                0x00007786                nibbleToChr
 .text.lcd_hexout
                0x00007792       0x2e utils.o
                0x00007792                lcd_hexout
 .text.lcd_longout
                0x000077c0       0x4a utils.o
                0x000077c0                lcd_longout
 .text.lcd_dec2out
                0x0000780a       0x34 utils.o
                0x0000780a                lcd_dec2out
 .text.putChar_Dec2
                0x0000783e       0x38 utils.o
                0x0000783e                putChar_Dec2
 .text.putChar_Dec
                0x00007876       0x4e utils.o
                0x00007876                putChar_Dec
 .text.putChar_hex
                0x000078c4       0x30 utils.o
                0x000078c4                putChar_hex
 .text.putChar_MidiChan
                0x000078f4       0x46 utils.o
                0x000078f4                putChar_MidiChan
 .text.putChar_word
                0x0000793a       0x3a utils.o
                0x0000793a                putChar_word
 .text.putChar_long
                0x00007974       0x48 utils.o
                0x00007974                putChar_long
 .text.putChar_Note
                0x000079bc       0xb8 utils.o
                0x000079bc                putChar_Note
 .text.putChar_Manual
                0x00007a74       0x32 utils.o
                0x00007a74                putChar_Manual
 .text.putString_P
                0x00007aa6       0x2c utils.o
                0x00007aa6                putString_P
 .text.putString_Prog
                0x00007ad2       0x20 utils.o
                0x00007ad2                putString_Prog
 .text.lcd_wordout
                0x00007af2       0x10 utils.o
                0x00007af2                lcd_wordout
 .text.lcd_noteOut
                0x00007b02       0xa2 utils.o
                0x00007b02                lcd_noteOut
 .text.lcd_ChannelOut
                0x00007ba4       0x22 utils.o
                0x00007ba4                lcd_ChannelOut
 .text.lcd_ManualOutDec
                0x00007bc6       0x24 utils.o
                0x00007bc6                lcd_ManualOutDec
 .text.lcd_blank
                0x00007bea       0x18 utils.o
                0x00007bea                lcd_blank
 .text.lcd_clrEol
                0x00007c02       0x2e utils.o
                0x00007c02                lcd_clrEol
 .text.lcd_waitSymbolOn
                0x00007c30       0x1c utils.o
                0x00007c30                lcd_waitSymbolOn
 .text.lcd_waitSymbolOff
                0x00007c4c       0x1c utils.o
                0x00007c4c                lcd_waitSymbolOff
 .text.keylabel_set
                0x00007c68       0x76 utils.o
                0x00007c68                keylabel_set
 .text.keylabel_clr
                0x00007cde       0x28 utils.o
                0x00007cde                keylabel_clr
 .text.keylabel_toLCD
                0x00007d06       0x3e utils.o
                0x00007d06                keylabel_toLCD
 .text.keylabel_statcheck
                0x00007d44       0x46 utils.o
                0x00007d44                keylabel_statcheck
 .text.get_StrLenP
                0x00007d8a       0x14 utils.o
                0x00007d8a                get_StrLenP
 .text.get_StrLen
                0x00007d9e       0x14 utils.o
                0x00007d9e                get_StrLen
 .text.reverse_Bits
                0x00007db2       0x1a utils.o
                0x00007db2                reverse_Bits
 .text.libgcc   0x00007dcc       0x10 c:/program files (x86)/atmel/studio/7.0/toolchain/avr8/avr8-gnu-toolchain/bin/../lib/gcc/avr/5.4.0/avr6\libgcc.a(_tablejump2.o)
                0x00007dcc                __tablejump2__
 .text.avr-libc
                0x00007ddc       0x20 C:/Program Files (x86)/Atmel/Studio/7.0/Packs/atmel/ATmega_DFP/1.2.209/gcc/dev/atmega2560/avr6\libatmega2560.a(eerd_block.o)
                0x00007ddc                eeprom_read_block
                0x00007de0                eeprom_read_blraw
 .text.avr-libc
                0x00007dfc       0x10 C:/Program Files (x86)/Atmel/Studio/7.0/Packs/atmel/ATmega_DFP/1.2.209/gcc/dev/atmega2560/avr6\libatmega2560.a(eerd_byte.o)
                0x00007dfc                eeprom_read_byte
 .text.avr-libc
                0x00007e0c        0xa C:/Program Files (x86)/Atmel/Studio/7.0/Packs/atmel/ATmega_DFP/1.2.209/gcc/dev/atmega2560/avr6\libatmega2560.a(eerd_word.o)
                0x00007e0c                eeprom_read_word
 .text.avr-libc
                0x00007e16       0x1e C:/Program Files (x86)/Atmel/Studio/7.0/Packs/atmel/ATmega_DFP/1.2.209/gcc/dev/atmega2560/avr6\libatmega2560.a(eeupd_block.o)
                0x00007e16                eeprom_update_block
 .text.avr-libc
                0x00007e34       0x24 C:/Program Files (x86)/Atmel/Studio/7.0/Packs/atmel/ATmega_DFP/1.2.209/gcc/dev/atmega2560/avr6\libatmega2560.a(eeupd_byte.o)
                0x00007e34                eeprom_update_byte
                0x00007e36                eeprom_update_r18
 .text.avr-libc
                0x00007e58        0x8 C:/Program Files (x86)/Atmel/Studio/7.0/Packs/atmel/ATmega_DFP/1.2.209/gcc/dev/atmega2560/avr6\libatmega2560.a(eeupd_word.o)
                0x00007e58                eeprom_update_word
                0x00007e60                . = ALIGN (0x2)
 *(.fini9)
 .fini9         0x00007e60        0x0 c:/program files (x86)/atmel/studio/7.0/toolchain/avr8/avr8-gnu-toolchain/bin/../lib/gcc/avr/5.4.0/avr6\libgcc.a(_exit.o)
                0x00007e60                _exit
                0x00007e60                exit
 *(.fini9)
 *(.fini8)
 *(.fini8)
 *(.fini7)
 *(.fini7)
 *(.fini6)
 *(.fini6)
 *(.fini5)
 *(.fini5)
 *(.fini4)
 *(.fini4)
 *(.fini3)
 *(.fini3)
 *(.fini2)
 *(.fini2)
 *(.fini1)
 *(.fini1)
 *(.fini0)
 .fini0         0x00007e60        0x4 c:/program files (x86)/atmel/studio/7.0/toolchain/avr8/avr8-gnu-toolchain/bin/../lib/gcc/avr/5.4.0/avr6\libgcc.a(_exit.o)
 *(.fini0)
                0x00007e64                _etext = .

.data           0x00800200       0x28 load address 0x00007e64
                0x00800200                PROVIDE (__data_start, .)
 *(.data)
 *(.data*)
 .data.reg_Out  0x00800200       0x20 Midi.o
                0x00800200                reg_Out
 .data.midiLastProgram
                0x00800220        0x1 Midi.o
                0x00800220                midiLastProgram
 .data.midiLastInManual
                0x00800221        0x1 Midi.o
                0x00800221                midiLastInManual
 .data.midiLastInChannel
                0x00800222        0x1 Midi.o
                0x00800222                midiLastInChannel
 .data.midiLastInNote
                0x00800223        0x1 Midi.o
                0x00800223                midiLastInNote
 .data.midiLastOutManual
                0x00800224        0x1 Midi.o
                0x00800224                midiLastOutManual
 .data.midiLastOutNote
                0x00800225        0x1 Midi.o
                0x00800225                midiLastOutNote
 .data.midiDataByteExpected
                0x00800226        0x1 Midi.o
                0x00800226                midiDataByteExpected
 *(.gnu.linkonce.d*)
 *(.rodata)
 *(.rodata*)
 *(.gnu.linkonce.r*)
                0x00800228                . = ALIGN (0x2)
 *fill*         0x00800227        0x1 
                0x00800228                _edata = .
                0x00800228                PROVIDE (__data_end, .)

.bss            0x00800228     0x171e
                0x00800228                PROVIDE (__bss_start, .)
 *(.bss)
 *(.bss*)
 .bss.ee_initError
                0x00800228        0x1 ee_prom.o
                0x00800228                ee_initError
 .bss.adcNr     0x00800229        0x1 hwtimer.o
 .bss.regShowHW
                0x0080022a        0x1 main.o
                0x0080022a                regShowHW
 .bss.showText.3100
                0x0080022b        0x1 menu.o
 .bss.logEntryNr.3099
                0x0080022c        0x1 menu.o
 .bss.notOnOff.3058
                0x0080022d        0x1 menu.o
 .bss.maxManNote.3057
                0x0080022e        0x1 menu.o
 .bss.minManNote.3056
                0x0080022f        0x1 menu.o
 .bss.midiEEPromLoadError
                0x00800230        0x1 Midi.o
                0x00800230                midiEEPromLoadError
 .bss.midiRxActivceSensing
                0x00800231        0x1 Midi.o
                0x00800231                midiRxActivceSensing
 .bss.labelBuffer
                0x00800232       0x14 utils.o
 *(COMMON)
 COMMON         0x00800246        0xa ee_prom.o
                0x00800246                lcdData
 COMMON         0x00800250      0x12b hwtimer.o
                0x00800250                swTimer
                0x00800264                time_Uptime
                0x00800268                pipe_PowerStatus
                0x00800269                pipeProcessing
                0x0080026a                msecCtr
                0x0080026b                pipe_ModuleTested
                0x0080026c                pipe
                0x0080036c                adcKeys
                0x00800372                keyWants
                0x00800378                pipe_Module
                0x0080037a                time_UpTimeUpdated
 COMMON         0x0080037b       0x54 lcd_u.o
                0x0080037b                lcd_cursorIsOn
                0x0080037c                lcd_buffer
                0x008003cc                lcd_saveCursorIsOn
                0x008003cd                lcd_cursorPos
                0x008003ce                lcd_displayingMessage
 COMMON         0x008003cf      0x1bd log.o
                0x008003cf                log_unreadErrors
                0x008003d0                Log_TextBuff
                0x008003f8                log_List
                0x00800588                pLogEnd
                0x0080058a                pLogStart
 COMMON         0x0080058c        0x2 main.o
                0x0080058c                messageFromESP
                0x0080058d                menuNotActive
 COMMON         0x0080058e       0x67 menu.o
                0x0080058e                menuStackIndex
                0x0080058f                menu_TestModuleErrorList
                0x00800593                menuVRegisters
                0x0080059b                dataType
                0x0080059c                nibbleIndex
                0x0080059d                menuVmanual
                0x0080059e                menuVmodule
                0x0080059f                pNibbleInfo
                0x008005a1                menuStack
                0x008005c1                menuManual
                0x008005c2                pMenuTopTitle
                0x008005c4                displayMessageArea
                0x008005c5                menuNote
                0x008005c6                nibbleCount
                0x008005c7                menuSection
                0x008005c8                dataEntry32
                0x008005cc                menu_TestModuleBitCounter
                0x008005cd                menuVmidiChan
                0x008005ce                menuVKombination
                0x008005cf                currentMenu
                0x008005d1                menuVkey
                0x008005d2                menuTestModuleBit
                0x008005d3                menuModVal
                0x008005d7                DataAdressOffset
                0x008005d9                soft_KeyMenuIndex
                0x008005dd                menuVsection
                0x008005de                menuTestData
                0x008005df                dataEntry
                0x008005e0                soft_KeyMenu
                0x008005e8                menu_TestModulePattern
                0x008005e9                menuVSoftKey
                0x008005ea                nibble
                0x008005f2                menuMidiChan
                0x008005f3                menuVMenuSoftKey
 COMMON         0x008005f5      0x227 message.o
                0x008005f5                msgOutIndex
                0x008005f6                pipeMessages
                0x008007f6                pipeMsgInIndex
                0x008007f7                msgOverflow
                0x008007f8                msgInIndex
                0x008007f9                messages
                0x00800819                msgPipe_Handling
                0x0080081a                msgPipeOverflow
                0x0080081b                pipeMsgOutIndex
 COMMON         0x0080081c      0x3f7 Midi.o
                0x0080081c                prog_Display
                0x0080081d                registerMap
                0x00800835                prog_UpdDisplay
                0x00800836                registerCount
                0x00800837                midi_Couplers
                0x00800843                midiDataByteCount
                0x00800844                ManualNoteRange
                0x0080084c                midiThrough
                0x0080084e                midiInMap
                0x0080094e                midiOutMap
                0x00800956                midi_Setting
                0x00800959                midi_RegisterChanged
                0x0080095a                manualMap
                0x0080098a                programMap
                0x00800c0a                midiDataByte
                0x00800c12                midiLastCommand
 COMMON         0x00800c13      0xcee serial.o
                0x00800c13                serUSBTxBuffer
                0x00801413                serUSBTxOutIndex
                0x00801415                midiTxInIndex
                0x00801416                serESPOvflFlag
                0x00801417                serESPInBuffer
                0x0080141f                serESPRxOutIndex
                0x00801421                midiRxOvfl
                0x00801422                midiTxOutIndex
                0x00801423                midiTxLastCmd
                0x00801424                serESPRxInIndex
                0x00801426                midiTxOvfl
                0x00801427                serUSBRxBuffer
                0x00801467                midiRxBuffer
                0x00801567                midiRxBuffUsage
                0x00801568                midiTxBuffer
                0x00801668                serESPTxOutIndex
                0x0080166a                midiRxInIndex
                0x0080166b                serESPTxInIndex
                0x0080166d                serUSBRxOutIndex
                0x0080166f                serUSBOvflFlag
                0x00801670                midiTxBuffUsage
                0x00801671                serESPMidiTmp
                0x00801674                serESP_Active
                0x00801675                midiRxOvflCount
                0x00801676                midiTxBytesCount
                0x00801678                serUSB_Active
                0x00801679                midiRxOutIndex
                0x0080167a                serUSBRxInIndex
                0x0080167c                midiTxOvflCount
                0x0080167d                serESPRxBuffer
                0x008016fd                serESPTxBuffer
                0x008018fd                serUSBTxInIndex
                0x008018ff                midiRxBytesCount
 COMMON         0x00801901       0x45 utils.o
                0x00801901                editByte
                0x00801902                editLong
                0x00801906                string_Buf
                0x00801946                PROVIDE (__bss_end, .)
                0x00007e64                __data_load_start = LOADADDR (.data)
                0x00007e8c                __data_load_end = (__data_load_start + SIZEOF (.data))

.noinit         0x00801946        0x0
                [!provide]                PROVIDE (__noinit_start, .)
 *(.noinit*)
                [!provide]                PROVIDE (__noinit_end, .)
                0x00801946                _end = .
                [!provide]                PROVIDE (__heap_start, .)

.eeprom         0x00810000     0x1000
 *(.eeprom*)
 .eeprom        0x00810000     0x1000 ee_prom.o
                0x00810000                ee
                0x00811000                __eeprom_end = .

.fuse
 *(.fuse)
 *(.lfuse)
 *(.hfuse)
 *(.efuse)

.lock
 *(.lock*)

.signature
 *(.signature*)

.user_signatures
 *(.user_signatures*)

.stab
 *(.stab)

.stabstr
 *(.stabstr)

.stab.excl
 *(.stab.excl)

.stab.exclstr
 *(.stab.exclstr)

.stab.index
 *(.stab.index)

.stab.indexstr
 *(.stab.indexstr)

.comment        0x00000000       0x30
 *(.comment)
 .comment       0x00000000       0x30 ee_prom.o
                                 0x31 (size before relaxing)
 .comment       0x00000030       0x31 hwtimer.o
 .comment       0x00000030       0x31 initio.o
 .comment       0x00000030       0x31 lcd_u.o
 .comment       0x00000030       0x31 log.o
 .comment       0x00000030       0x31 main.o
 .comment       0x00000030       0x31 menu.o
 .comment       0x00000030       0x31 message.o
 .comment       0x00000030       0x31 Midi.o
 .comment       0x00000030       0x31 serial.o
 .comment       0x00000030       0x31 utils.o

.note.gnu.avr.deviceinfo
                0x00000000       0x40
 .note.gnu.avr.deviceinfo
                0x00000000       0x40 C:/Program Files (x86)/Atmel/Studio/7.0/Packs/atmel/ATmega_DFP/1.2.209/gcc/dev/atmega2560/avr6/crtatmega2560.o

.note.gnu.build-id
 *(.note.gnu.build-id)

.debug
 *(.debug)

.line
 *(.line)

.debug_srcinfo
 *(.debug_srcinfo)

.debug_sfnames
 *(.debug_sfnames)

.debug_aranges  0x00000000      0xb88
 *(.debug_aranges)
 .debug_aranges
                0x00000000      0x118 ee_prom.o
 .debug_aranges
                0x00000118       0x90 hwtimer.o
 .debug_aranges
                0x000001a8       0x20 initio.o
 .debug_aranges
                0x000001c8       0xa8 lcd_u.o
 .debug_aranges
                0x00000270       0x70 log.o
 .debug_aranges
                0x000002e0       0x20 main.o
 .debug_aranges
                0x00000300      0x3d8 menu.o
 .debug_aranges
                0x000006d8       0x60 message.o
 .debug_aranges
                0x00000738      0x188 Midi.o
 .debug_aranges
                0x000008c0       0xe8 serial.o
 .debug_aranges
                0x000009a8      0x120 utils.o
 .debug_aranges
                0x00000ac8       0x20 C:/Program Files (x86)/Atmel/Studio/7.0/Packs/atmel/ATmega_DFP/1.2.209/gcc/dev/atmega2560/avr6\libatmega2560.a(eerd_block.o)
 .debug_aranges
                0x00000ae8       0x20 C:/Program Files (x86)/Atmel/Studio/7.0/Packs/atmel/ATmega_DFP/1.2.209/gcc/dev/atmega2560/avr6\libatmega2560.a(eerd_byte.o)
 .debug_aranges
                0x00000b08       0x20 C:/Program Files (x86)/Atmel/Studio/7.0/Packs/atmel/ATmega_DFP/1.2.209/gcc/dev/atmega2560/avr6\libatmega2560.a(eerd_word.o)
 .debug_aranges
                0x00000b28       0x20 C:/Program Files (x86)/Atmel/Studio/7.0/Packs/atmel/ATmega_DFP/1.2.209/gcc/dev/atmega2560/avr6\libatmega2560.a(eeupd_block.o)
 .debug_aranges
                0x00000b48       0x20 C:/Program Files (x86)/Atmel/Studio/7.0/Packs/atmel/ATmega_DFP/1.2.209/gcc/dev/atmega2560/avr6\libatmega2560.a(eeupd_byte.o)
 .debug_aranges
                0x00000b68       0x20 C:/Program Files (x86)/Atmel/Studio/7.0/Packs/atmel/ATmega_DFP/1.2.209/gcc/dev/atmega2560/avr6\libatmega2560.a(eeupd_word.o)

.debug_pubnames
 *(.debug_pubnames)

.debug_info     0x00000000     0xf8cd
 *(.debug_info .gnu.linkonce.wi.*)
 .debug_info    0x00000000      0xbbc C:/Program Files (x86)/Atmel/Studio/7.0/Packs/atmel/ATmega_DFP/1.2.209/gcc/dev/atmega2560/avr6/crtatmega2560.o
 .debug_info    0x00000bbc     0x1e3a ee_prom.o
 .debug_info    0x000029f6      0xf8d hwtimer.o
 .debug_info    0x00003983       0x83 initio.o
 .debug_info    0x00003a06      0xedd lcd_u.o
 .debug_info    0x000048e3      0x720 log.o
 .debug_info    0x00005003     0x12b4 main.o
 .debug_info    0x000062b7     0x4df4 menu.o
 .debug_info    0x0000b0ab      0x43b message.o
 .debug_info    0x0000b4e6     0x20d9 Midi.o
 .debug_info    0x0000d5bf     0x1046 serial.o
 .debug_info    0x0000e605      0xebb utils.o
 .debug_info    0x0000f4c0       0xad C:/Program Files (x86)/Atmel/Studio/7.0/Packs/atmel/ATmega_DFP/1.2.209/gcc/dev/atmega2560/avr6\libatmega2560.a(eerd_block.o)
 .debug_info    0x0000f56d       0xac C:/Program Files (x86)/Atmel/Studio/7.0/Packs/atmel/ATmega_DFP/1.2.209/gcc/dev/atmega2560/avr6\libatmega2560.a(eerd_byte.o)
 .debug_info    0x0000f619       0xac C:/Program Files (x86)/Atmel/Studio/7.0/Packs/atmel/ATmega_DFP/1.2.209/gcc/dev/atmega2560/avr6\libatmega2560.a(eerd_word.o)
 .debug_info    0x0000f6c5       0xae C:/Program Files (x86)/Atmel/Studio/7.0/Packs/atmel/ATmega_DFP/1.2.209/gcc/dev/atmega2560/avr6\libatmega2560.a(eeupd_block.o)
 .debug_info    0x0000f773       0xad C:/Program Files (x86)/Atmel/Studio/7.0/Packs/atmel/ATmega_DFP/1.2.209/gcc/dev/atmega2560/avr6\libatmega2560.a(eeupd_byte.o)
 .debug_info    0x0000f820       0xad C:/Program Files (x86)/Atmel/Studio/7.0/Packs/atmel/ATmega_DFP/1.2.209/gcc/dev/atmega2560/avr6\libatmega2560.a(eeupd_word.o)

.debug_abbrev   0x00000000     0x26dc
 *(.debug_abbrev)
 .debug_abbrev  0x00000000      0xb1a C:/Program Files (x86)/Atmel/Studio/7.0/Packs/atmel/ATmega_DFP/1.2.209/gcc/dev/atmega2560/avr6/crtatmega2560.o
 .debug_abbrev  0x00000b1a      0x2af ee_prom.o
 .debug_abbrev  0x00000dc9      0x373 hwtimer.o
 .debug_abbrev  0x0000113c       0x51 initio.o
 .debug_abbrev  0x0000118d      0x317 lcd_u.o
 .debug_abbrev  0x000014a4      0x1d6 log.o
 .debug_abbrev  0x0000167a      0x212 main.o
 .debug_abbrev  0x0000188c      0x346 menu.o
 .debug_abbrev  0x00001bd2      0x1c2 message.o
 .debug_abbrev  0x00001d94      0x346 Midi.o
 .debug_abbrev  0x000020da      0x2f4 serial.o
 .debug_abbrev  0x000023ce      0x296 utils.o
 .debug_abbrev  0x00002664       0x14 C:/Program Files (x86)/Atmel/Studio/7.0/Packs/atmel/ATmega_DFP/1.2.209/gcc/dev/atmega2560/avr6\libatmega2560.a(eerd_block.o)
 .debug_abbrev  0x00002678       0x14 C:/Program Files (x86)/Atmel/Studio/7.0/Packs/atmel/ATmega_DFP/1.2.209/gcc/dev/atmega2560/avr6\libatmega2560.a(eerd_byte.o)
 .debug_abbrev  0x0000268c       0x14 C:/Program Files (x86)/Atmel/Studio/7.0/Packs/atmel/ATmega_DFP/1.2.209/gcc/dev/atmega2560/avr6\libatmega2560.a(eerd_word.o)
 .debug_abbrev  0x000026a0       0x14 C:/Program Files (x86)/Atmel/Studio/7.0/Packs/atmel/ATmega_DFP/1.2.209/gcc/dev/atmega2560/avr6\libatmega2560.a(eeupd_block.o)
 .debug_abbrev  0x000026b4       0x14 C:/Program Files (x86)/Atmel/Studio/7.0/Packs/atmel/ATmega_DFP/1.2.209/gcc/dev/atmega2560/avr6\libatmega2560.a(eeupd_byte.o)
 .debug_abbrev  0x000026c8       0x14 C:/Program Files (x86)/Atmel/Studio/7.0/Packs/atmel/ATmega_DFP/1.2.209/gcc/dev/atmega2560/avr6\libatmega2560.a(eeupd_word.o)

.debug_line     0x00000000     0x9186
 *(.debug_line .debug_line.* .debug_line_end)
 .debug_line    0x00000000      0x1f9 C:/Program Files (x86)/Atmel/Studio/7.0/Packs/atmel/ATmega_DFP/1.2.209/gcc/dev/atmega2560/avr6/crtatmega2560.o
 .debug_line    0x000001f9      0xa13 ee_prom.o
 .debug_line    0x00000c0c      0xcd6 hwtimer.o
 .debug_line    0x000018e2       0xfb initio.o
 .debug_line    0x000019dd      0x860 lcd_u.o
 .debug_line    0x0000223d      0x41d log.o
 .debug_line    0x0000265a      0x9b3 main.o
 .debug_line    0x0000300d     0x2d76 menu.o
 .debug_line    0x00005d83      0x347 message.o
 .debug_line    0x000060ca     0x1689 Midi.o
 .debug_line    0x00007753      0xa85 serial.o
 .debug_line    0x000081d8      0xc65 utils.o
 .debug_line    0x00008e3d       0xab C:/Program Files (x86)/Atmel/Studio/7.0/Packs/atmel/ATmega_DFP/1.2.209/gcc/dev/atmega2560/avr6\libatmega2560.a(eerd_block.o)
 .debug_line    0x00008ee8       0x7a C:/Program Files (x86)/Atmel/Studio/7.0/Packs/atmel/ATmega_DFP/1.2.209/gcc/dev/atmega2560/avr6\libatmega2560.a(eerd_byte.o)
 .debug_line    0x00008f62       0x67 C:/Program Files (x86)/Atmel/Studio/7.0/Packs/atmel/ATmega_DFP/1.2.209/gcc/dev/atmega2560/avr6\libatmega2560.a(eerd_word.o)
 .debug_line    0x00008fc9       0xa5 C:/Program Files (x86)/Atmel/Studio/7.0/Packs/atmel/ATmega_DFP/1.2.209/gcc/dev/atmega2560/avr6\libatmega2560.a(eeupd_block.o)
 .debug_line    0x0000906e       0xb6 C:/Program Files (x86)/Atmel/Studio/7.0/Packs/atmel/ATmega_DFP/1.2.209/gcc/dev/atmega2560/avr6\libatmega2560.a(eeupd_byte.o)
 .debug_line    0x00009124       0x62 C:/Program Files (x86)/Atmel/Studio/7.0/Packs/atmel/ATmega_DFP/1.2.209/gcc/dev/atmega2560/avr6\libatmega2560.a(eeupd_word.o)

.debug_frame    0x00000000     0x1ce4
 *(.debug_frame)
 .debug_frame   0x00000000      0x3fc ee_prom.o
 .debug_frame   0x000003fc      0x168 hwtimer.o
 .debug_frame   0x00000564       0x24 initio.o
 .debug_frame   0x00000588      0x1e0 lcd_u.o
 .debug_frame   0x00000768       0xec log.o
 .debug_frame   0x00000854       0x24 main.o
 .debug_frame   0x00000878      0x95c menu.o
 .debug_frame   0x000011d4       0xa4 message.o
 .debug_frame   0x00001278      0x484 Midi.o
 .debug_frame   0x000016fc      0x334 serial.o
 .debug_frame   0x00001a30      0x2b4 utils.o

.debug_str      0x00000000     0x3603
 *(.debug_str)
 .debug_str     0x00000000      0x3e6 C:/Program Files (x86)/Atmel/Studio/7.0/Packs/atmel/ATmega_DFP/1.2.209/gcc/dev/atmega2560/avr6/crtatmega2560.o
 .debug_str     0x000003e6      0x81b ee_prom.o
                                0x89f (size before relaxing)
 .debug_str     0x00000c01      0x441 hwtimer.o
                                0x612 (size before relaxing)
 .debug_str     0x00001042       0x1a initio.o
                                0x179 (size before relaxing)
 .debug_str     0x0000105c      0x299 lcd_u.o
                                0x4b7 (size before relaxing)
 .debug_str     0x000012f5      0x1ec log.o
                                0x399 (size before relaxing)
 .debug_str     0x000014e1      0x55e main.o
                                0x964 (size before relaxing)
 .debug_str     0x00001a3f     0x141b menu.o
                               0x1cc3 (size before relaxing)
 .debug_str     0x00002e5a       0x9a message.o
                                0x2d7 (size before relaxing)
 .debug_str     0x00002ef4      0x38a Midi.o
                                0xc27 (size before relaxing)
 .debug_str     0x0000327e      0x258 serial.o
                                0x714 (size before relaxing)
 .debug_str     0x000034d6      0x12d utils.o
                                0x5b4 (size before relaxing)

.debug_loc      0x00000000     0x9fae
 *(.debug_loc)
 .debug_loc     0x00000000     0x1074 ee_prom.o
 .debug_loc     0x00001074      0xc67 hwtimer.o
 .debug_loc     0x00001cdb      0xd9c lcd_u.o
 .debug_loc     0x00002a77      0x669 log.o
 .debug_loc     0x000030e0      0x500 main.o
 .debug_loc     0x000035e0     0x2b09 menu.o
 .debug_loc     0x000060e9      0x18f message.o
 .debug_loc     0x00006278     0x19d5 Midi.o
 .debug_loc     0x00007c4d      0xe5c serial.o
 .debug_loc     0x00008aa9     0x1505 utils.o

.debug_macinfo
 *(.debug_macinfo)

.debug_weaknames
 *(.debug_weaknames)

.debug_funcnames
 *(.debug_funcnames)

.debug_typenames
 *(.debug_typenames)

.debug_varnames
 *(.debug_varnames)

.debug_pubtypes
 *(.debug_pubtypes)

.debug_ranges   0x00000000      0xf70
 *(.debug_ranges)
 .debug_ranges  0x00000000      0x150 ee_prom.o
 .debug_ranges  0x00000150       0xf8 hwtimer.o
 .debug_ranges  0x00000248       0x10 initio.o
 .debug_ranges  0x00000258       0xe0 lcd_u.o
 .debug_ranges  0x00000338       0x90 log.o
 .debug_ranges  0x000003c8       0x28 main.o
 .debug_ranges  0x000003f0      0x508 menu.o
 .debug_ranges  0x000008f8       0x50 message.o
 .debug_ranges  0x00000948      0x398 Midi.o
 .debug_ranges  0x00000ce0      0x108 serial.o
 .debug_ranges  0x00000de8      0x188 utils.o

.debug_macro
 *(.debug_macro)
OUTPUT(Pipe1.elf elf32-avr)
LOAD linker stubs
