Archive member included to satisfy reference by file (symbol)

c:/program files (x86)/atmel/studio/7.0/toolchain/avr8/avr8-gnu-toolchain/bin/../lib/gcc/avr/5.4.0/avr6\libgcc.a(_exit.o)
                              C:/Program Files (x86)/Atmel/Studio/7.0/Packs/atmel/ATmega_DFP/1.2.209/gcc/dev/atmega2560/avr6/crtatmega2560.o (exit)
c:/program files (x86)/atmel/studio/7.0/toolchain/avr8/avr8-gnu-toolchain/bin/../lib/gcc/avr/5.4.0/avr6\libgcc.a(_tablejump2.o)
                              menu.o (__tablejump2__)
c:/program files (x86)/atmel/studio/7.0/toolchain/avr8/avr8-gnu-toolchain/bin/../lib/gcc/avr/5.4.0/avr6\libgcc.a(_copy_data.o)
                              Midi.o (__do_copy_data)
c:/program files (x86)/atmel/studio/7.0/toolchain/avr8/avr8-gnu-toolchain/bin/../lib/gcc/avr/5.4.0/avr6\libgcc.a(_clear_bss.o)
                              ee_prom.o (__do_clear_bss)
C:/Program Files (x86)/Atmel/Studio/7.0/Packs/atmel/ATmega_DFP/1.2.209/gcc/dev/atmega2560/avr6\libatmega2560.a(eerd_block.o)
                              ee_prom.o (eeprom_read_block)
C:/Program Files (x86)/Atmel/Studio/7.0/Packs/atmel/ATmega_DFP/1.2.209/gcc/dev/atmega2560/avr6\libatmega2560.a(eerd_byte.o)
                              ee_prom.o (eeprom_read_byte)
C:/Program Files (x86)/Atmel/Studio/7.0/Packs/atmel/ATmega_DFP/1.2.209/gcc/dev/atmega2560/avr6\libatmega2560.a(eerd_word.o)
                              ee_prom.o (eeprom_read_word)
C:/Program Files (x86)/Atmel/Studio/7.0/Packs/atmel/ATmega_DFP/1.2.209/gcc/dev/atmega2560/avr6\libatmega2560.a(eeupd_block.o)
                              ee_prom.o (eeprom_update_block)
C:/Program Files (x86)/Atmel/Studio/7.0/Packs/atmel/ATmega_DFP/1.2.209/gcc/dev/atmega2560/avr6\libatmega2560.a(eeupd_byte.o)
                              ee_prom.o (eeprom_update_byte)
C:/Program Files (x86)/Atmel/Studio/7.0/Packs/atmel/ATmega_DFP/1.2.209/gcc/dev/atmega2560/avr6\libatmega2560.a(eeupd_word.o)
                              ee_prom.o (eeprom_update_word)

Allocating common symbols
Common symbol       size              file

serUSBTxBuffer      0x800             serial.o
serUSBTxOutIndex    0x2               serial.o
menuStackIndex      0x1               menu.o
menu_TestModuleErrorList
                    0x4               menu.o
log_unreadErrors    0x1               log.o
menuVRegisters      0x8               menu.o
Log_TextBuff        0x28              log.o
msgOutIndex         0x1               message.o
midiTxInIndex       0x1               serial.o
serESPOvflFlag      0x1               serial.o
dataType            0x1               menu.o
nibbleIndex         0x1               menu.o
swTimer             0x12              hwtimer.o
menuVmanual         0x1               menu.o
serESPInBuffer      0x8               serial.o
time_Uptime         0x4               hwtimer.o
serESPRxOutIndex    0x2               serial.o
pipeMessages        0x200             message.o
menuVmodule         0x1               menu.o
midiRxOvfl          0x1               serial.o
pNibbleInfo         0x2               menu.o
midiTxOutIndex      0x1               serial.o
menuStack           0x20              menu.o
midiTxLastCmd       0x1               serial.o
pipeMsgInIndex      0x1               message.o
serESPRxInIndex     0x2               serial.o
midiTxOvfl          0x1               serial.o
registerMap         0x18              Midi.o
menuManual          0x1               menu.o
serUSBRxBuffer      0x40              serial.o
pipe_PowerStatus    0x1               hwtimer.o
pipeProcessing      0x1               hwtimer.o
midiRxBuffer        0x100             serial.o
msecCtr             0x1               hwtimer.o
midiTxBuffer        0x100             serial.o
lcd_cursorIsOn      0x1               utils.o
log_List            0x190             log.o
editByte            0x1               utils.o
pMenuTopTitle       0x2               menu.o
pipe_ModuleTested   0x1               hwtimer.o
displayMessageArea  0x1               menu.o
lcd_buffer          0x50              lcd_u.o
serESPTxOutIndex    0x2               serial.o
messageFromESP      0x1               main.o
menuNote            0x1               menu.o
pipe                0x100             hwtimer.o
midiRxInIndex       0x1               serial.o
registerCount       0x1               Midi.o
serESPTxInIndex     0x2               serial.o
nibbleCount         0x1               menu.o
menuSection         0x1               menu.o
midi_Couplers       0xc               Midi.o
msgOverflow         0x1               message.o
dataEntry32         0x4               menu.o
pLogEnd             0x2               log.o
menu_TestModuleBitCounter
                    0x1               menu.o
menuVmidiChan       0x1               menu.o
midiDataByteCount   0x1               Midi.o
menuVKombination    0x1               menu.o
ManualNoteRange     0x8               Midi.o
currentMenu         0x2               menu.o
midiThrough         0x2               Midi.o
[...]
Memory Configuration

Name             Origin             Length             Attributes
text             0x00000000         0x00100000         xr
data             0x00800200         0x0000fe00         rw !x
eeprom           0x00810000         0x00010000         rw !x
fuse             0x00820000         0x00000003         rw !x
lock             0x00830000         0x00000400         rw !x
signature        0x00840000         0x00000400         rw !x
user_signatures  0x00850000         0x00000400         rw !x
*default*        0x00000000         0xffffffff

Linker script and memory map

Address of section .data set to 0x800200
LOAD C:/Program Files (x86)/Atmel/Studio/7.0/Packs/atmel/ATmega_DFP/1.2.209/gcc/dev/atmega2560/avr6/crtatmega2560.o
LOAD ee_prom.o
LOAD hwtimer.o
LOAD initio.o
LOAD lcd_u.o
LOAD log.o
LOAD main.o
LOAD menu.o
LOAD message.o
LOAD Midi.o
LOAD serial.o
LOAD utils.o
START GROUP
LOAD c:/program files (x86)/atmel/studio/7.0/toolchain/avr8/avr8-gnu-toolchain/bin/../lib/gcc/avr/5.4.0/../../../../avr/lib/avr6\libm.a
END GROUP
START GROUP
LOAD c:/program files (x86)/atmel/studio/7.0/toolchain/avr8/avr8-gnu-toolchain/bin/../lib/gcc/avr/5.4.0/avr6\libgcc.a
LOAD c:/program files (x86)/atmel/studio/7.0/toolchain/avr8/avr8-gnu-toolchain/bin/../lib/gcc/avr/5.4.0/../../../../avr/lib/avr6\libm.a
LOAD c:/program files (x86)/atmel/studio/7.0/toolchain/avr8/avr8-gnu-toolchain/bin/../lib/gcc/avr/5.4.0/../../../../avr/lib/avr6\libc.a
LOAD C:/Program Files (x86)/Atmel/Studio/7.0/Packs/atmel/ATmega_DFP/1.2.209/gcc/dev/atmega2560/avr6\libatmega2560.a
END GROUP
                0x00100000                __TEXT_REGION_LENGTH__ = DEFINED (__TEXT_REGION_LENGTH__)?__TEXT_REGION_LENGTH__:0x100000
                0x0000fe00                __DATA_REGION_LENGTH__ = DEFINED (__DATA_REGION_LENGTH__)?__DATA_REGION_LENGTH__:0xfe00
                0x00010000                __EEPROM_REGION_LENGTH__ = DEFINED (__EEPROM_REGION_LENGTH__)?__EEPROM_REGION_LENGTH__:0x10000
                [0x00000003]                __FUSE_REGION_LENGTH__ = DEFINED (__FUSE_REGION_LENGTH__)?__FUSE_REGION_LENGTH__:0x400
                0x00000400                __LOCK_REGION_LENGTH__ = DEFINED (__LOCK_REGION_LENGTH__)?__LOCK_REGION_LENGTH__:0x400
                0x00000400                __SIGNATURE_REGION_LENGTH__ = DEFINED (__SIGNATURE_REGION_LENGTH__)?__SIGNATURE_REGION_LENGTH__:0x400
                0x00000400                __USER_SIGNATURE_REGION_LENGTH__ = DEFINED (__USER_SIGNATURE_REGION_LENGTH__)?__USER_SIGNATURE_REGION_LENGTH__:0x400

.hash
 *(.hash)

.dynsym
 *(.dynsym)

.dynstr
 *(.dynstr)

.gnu.version
 *(.gnu.version)

.gnu.version_d
 *(.gnu.version_d)

.gnu.version_r
 *(.gnu.version_r)

.rel.init
 *(.rel.init)

.rela.init
 *(.rela.init)

.rel.text
 *(.rel.text)
 *(.rel.text.*)
 *(.rel.gnu.linkonce.t*)

.rela.text
 *(.rela.text)
 *(.rela.text.*)
 *(.rela.gnu.linkonce.t*)

.rel.fini
 *(.rel.fini)

.rela.fini
 *(.rela.fini)

.rel.rodata
 *(.rel.rodata)
 *(.rel.rodata.*)
 *(.rel.gnu.linkonce.r*)

.rela.rodata
 *(.rela.rodata)
 *(.rela.rodata.*)
 *(.rela.gnu.linkonce.r*)

.rel.data
 *(.rel.data)
 *(.rel.data.*)
 *(.rel.gnu.linkonce.d*)

.rela.data
 *(.rela.data)
 *(.rela.data.*)
 *(.rela.gnu.linkonce.d*)

.rel.ctors
 *(.rel.ctors)

.rela.ctors
 *(.rela.ctors)

.rel.dtors
 *(.rel.dtors)

.rela.dtors
 *(.rela.dtors)

.rel.got
 *(.rel.got)

.rela.got
 *(.rela.got)

.rel.bss
 *(.rel.bss)

.rela.bss
 *(.rela.bss)

.rel.plt
 *(.rel.plt)

.rela.plt
 *(.rela.plt)

.text           0x00000000     0x7618
 *(.vectors)
 .vectors       0x00000000       0xe4 C:/Program Files (x86)/Atmel/Studio/7.0/Packs/atmel/ATmega_DFP/1.2.209/gcc/dev/atmega2560/avr6/crtatmega2560.o
                0x00000000                __vector_default
                0x00000000                __vectors
 *(.vectors)
 *(.progmem.gcc*)
 .progmem.gcc_sw_table.dataToNibbles
                0x000000e4       0x1a menu.o
 .progmem.gcc_sw_table.nibbleToLCDstring
                0x000000fe       0x1a menu.o
 .progmem.gcc_sw_table.nibbleChange
                0x00000118       0x1a menu.o
 .progmem.gcc_sw_table.nibbleToData
                0x00000132       0x1a menu.o
 .progmem.gcc_sw_table.lcd_noteOut
                0x0000014c       0x18 utils.o
                0x00000164                . = ALIGN (0x2)
                0x00000164                __trampolines_start = .
 *(.trampolines)
 .trampolines   0x00000164        0x0 linker stubs
 *(.trampolines*)
                0x00000164                __trampolines_end = .
 *libprintf_flt.a:*(.progmem.data)
 *libc.a:*(.progmem.data)
 *(.progmem*)
 .progmem.data.stringLog
                0x00000164        0x6 log.o
                0x00000164                stringLog
 .progmem.data.ErrorText
                0x0000016a      0x120 log.o
                0x0000016a                ErrorText
 .progmem.data.panicString
                0x0000028a        0x9 main.o
                0x0000028a                panicString
 .progmem.data.releaseKeyString
                0x00000293       0x12 main.o
                0x00000293                releaseKeyString
 .progmem.data.prog_name
                0x000002a5        0xf main.o
                0x000002a5                prog_name
 .progmem.data.usbHWnone
                0x000002b4        0x5 menu.o
                0x000002b4                usbHWnone
 .progmem.data.usbHWmidiThru
                0x000002b9        0xc menu.o
                0x000002b9                usbHWmidiThru
 .progmem.data.usbHWmidiOut
                0x000002c5        0xa menu.o
                0x000002c5                usbHWmidiOut
 .progmem.data.usbHWmidiIn
                0x000002cf        0x9 menu.o
                0x000002cf                usbHWmidiIn
 .progmem.data.usbHWmidichanSW
                0x000002d8       0x22 menu.o
                0x000002d8                usbHWmidichanSW
 .progmem.data.usbHWBits
                0x000002fa        0x8 menu.o
                0x000002fa                usbHWBits
 .progmem.data.usbHWmodule
                0x00000302        0x8 menu.o
                0x00000302                usbHWmodule
 .progmem.data.usbHWempty
                0x0000030a        0x6 menu.o
                0x0000030a                usbHWempty
 .progmem.data.usbHWRegister
                0x00000310        0xc menu.o
                0x00000310                usbHWRegister
 .progmem.data.usbHWRange
                0x0000031c        0x7 menu.o
                0x0000031c                usbHWRange
 .progmem.data.usbHWManual
                0x00000323        0x9 menu.o
                0x00000323                usbHWManual
 .progmem.data.usbHWmodulCheck
                0x0000032c       0x12 menu.o
                0x0000032c                usbHWmodulCheck
 .progmem.data.usbHWmodulInst
                0x0000033e       0x13 menu.o
                0x0000033e                usbHWmodulInst
 .progmem.data.usbHWtitel
                0x00000351       0x19 menu.o
                0x00000351                usbHWtitel
 .progmem.data.HelloMsg
                0x0000036a       0x19 menu.o
                0x0000036a                HelloMsg
 .progmem.data.usbLog
                0x00000383        0x6 menu.o
                0x00000383                usbLog
 .progmem.data.usbEmpty
                0x00000389        0x8 menu.o
                0x00000389                usbEmpty
 .progmem.data.msg_programming1
                0x00000391        0x8 menu.o
                0x00000391                msg_programming1
 .progmem.data.logNone
                0x00000399        0x7 menu.o
                0x00000399                logNone
 .progmem.data.stringNotAssigen
                0x000003a0        0xb menu.o
                0x000003a0                stringNotAssigen
 .progmem.data.menuMessageE
                0x000003ab        0x3 menu.o
                0x000003ab                menuMessageE
 .progmem.data.menuMessageOK
                0x000003ae        0x4 menu.o
                0x000003ae                menuMessageOK
 .progmem.data.menuMessageAbort
                0x000003b2        0x6 menu.o
                0x000003b2                menuMessageAbort
 .progmem.data.menuMessageMIDIpanic
                0x000003b8        0xf menu.o
                0x000003b8                menuMessageMIDIpanic
 .progmem.data.messageRegisterMan
                0x000003c7        0x2 menu.o
                0x000003c7                messageRegisterMan
 .progmem.data.messageLoaded
                0x000003c9        0xd menu.o
                0x000003c9                messageLoaded
 .progmem.data.messageSaved
                0x000003d6       0x13 menu.o
                0x000003d6                messageSaved
 .progmem.data.MenuMIDIOutText
                0x000003e9        0x5 menu.o
                0x000003e9                MenuMIDIOutText
 .progmem.data.MenuMIDIInText
                0x000003ee        0x4 menu.o
                0x000003ee                MenuMIDIInText
 .progmem.data.initMenuText
                0x000003f2        0xa menu.o
                0x000003f2                initMenuText
 .progmem.data.nibbleInfo
                0x000003fc       0x87 menu.o
                0x000003fc                nibbleInfo
 .progmem.data.menu_selFunc
                0x00000483      0x1b8 menu.o
                0x00000483                menu_selFunc
 .progmem.data.shortKeyTextRegOff
                0x0000063b        0xa menu.o
                0x0000063b                shortKeyTextRegOff
 .progmem.data.shortKeyTextK4A
                0x00000645        0xa menu.o
                0x00000645                shortKeyTextK4A
 .progmem.data.shortKeyTextK3A
                0x0000064f        0xa menu.o
                0x0000064f                shortKeyTextK3A
 .progmem.data.shortKeyTextK2A
                0x00000659        0xa menu.o
                0x00000659                shortKeyTextK2A
 .progmem.data.shortKeyTextK1A
                0x00000663        0xa menu.o
                0x00000663                shortKeyTextK1A
 .progmem.data.shortKeyTextCpl1P
                0x0000066d        0xa menu.o
                0x0000066d                shortKeyTextCpl1P
 .progmem.data.shortKeyTextCpl2P
                0x00000677        0xa menu.o
                0x00000677                shortKeyTextCpl2P
 .progmem.data.shortKeyTextCpl21
                0x00000681        0xa menu.o
                0x00000681                shortKeyTextCpl21
 .progmem.data.shortKeyTextCpl3P
                0x0000068b        0xa menu.o
                0x0000068b                shortKeyTextCpl3P
 .progmem.data.shortKeyTextCpl31
                0x00000695        0xa menu.o
                0x00000695                shortKeyTextCpl31
 .progmem.data.shortKeyTextCpl32
                0x0000069f        0xa menu.o
                0x0000069f                shortKeyTextCpl32
 .progmem.data.shortKeyTextCplP1
                0x000006a9        0xa menu.o
                0x000006a9                shortKeyTextCplP1
 .progmem.data.shortKeyTextCplP2
                0x000006b3        0xa menu.o
                0x000006b3                shortKeyTextCplP2
 .progmem.data.shortKeyTextCpl12
                0x000006bd        0xa menu.o
                0x000006bd                shortKeyTextCpl12
 .progmem.data.shortKeyTextCplP3
                0x000006c7        0xa menu.o
                0x000006c7                shortKeyTextCplP3
 .progmem.data.shortKeyTextCpl13
                0x000006d1        0xa menu.o
                0x000006d1                shortKeyTextCpl13
 .progmem.data.shortKeyTextCpl23
                0x000006db        0xa menu.o
                0x000006db                shortKeyTextCpl23
 .progmem.data.shortKeyTextMIDIoff
                0x000006e5        0xa menu.o
                0x000006e5                shortKeyTextMIDIoff
 .progmem.data.shortKeyTextSetup
                0x000006ef        0xa menu.o
                0x000006ef                shortKeyTextSetup
 .progmem.data.shortKeyTextStim
                0x000006f9        0xa menu.o
                0x000006f9                shortKeyTextStim
 .progmem.data.shortKeyTextMenu
                0x00000703        0xa menu.o
                0x00000703                shortKeyTextMenu
 .progmem.data.shortKeyTextNone
                0x0000070d        0xa menu.o
                0x0000070d                shortKeyTextNone
 .progmem.data.menu_main
                0x00000717       0x78 menu.o
                0x00000717                menu_main
 .progmem.data.menu_manual
                0x0000078f       0x28 menu.o
                0x0000078f                menu_manual
 .progmem.data.menu_register
                0x000007b7       0xdc menu.o
                0x000007b7                menu_register
 .progmem.data.menu_coupler
                0x00000893       0xf0 menu.o
                0x00000893                menu_coupler
 .progmem.data.menu_midi
                0x00000983       0xa0 menu.o
                0x00000983                menu_midi
 .progmem.data.menu_midiIn
                0x00000a23      0x140 menu.o
                0x00000a23                menu_midiIn
 .progmem.data.menu_midiInSec
                0x00000b63       0x50 menu.o
                0x00000b63                menu_midiInSec
 .progmem.data.menu_midiInVar
                0x00000bb3       0x50 menu.o
                0x00000bb3                menu_midiInVar
 .progmem.data.menu_key
                0x00000c03       0x50 menu.o
                0x00000c03                menu_key
 .progmem.data.menu_tune
                0x00000c53       0x50 menu.o
                0x00000c53                menu_tune
 .progmem.data.menu_midiOut
                0x00000ca3       0xa0 menu.o
                0x00000ca3                menu_midiOut
 .progmem.data.menu_setup
                0x00000d43       0x50 menu.o
                0x00000d43                menu_setup
 .progmem.data.menu_eeprom
                0x00000d93       0x3c menu.o
                0x00000d93                menu_eeprom
 .progmem.data.menu_Power
                0x00000dcf       0x3c menu.o
                0x00000dcf                menu_Power
 .progmem.data.menu_module
                0x00000e0b       0x64 menu.o
                0x00000e0b                menu_module
 .progmem.data.menu_ModeSel
                0x00000e6f       0xa0 menu.o
                0x00000e6f                menu_ModeSel
 .progmem.data.menu_ModTestSelcted
                0x00000f0f       0x50 menu.o
                0x00000f0f                menu_ModTestSelcted
 .progmem.data.menu_modAssign
                0x00000f5f       0x64 menu.o
                0x00000f5f                menu_modAssign
 .progmem.data.menu_modSection8
                0x00000fc3       0xa0 menu.o
                0x00000fc3                menu_modSection8
 .progmem.data.menu_modSection
                0x00001063       0x50 menu.o
                0x00001063                menu_modSection
 .progmem.data.menu_modDefineReg
                0x000010b3       0x3c menu.o
                0x000010b3                menu_modDefineReg
 .progmem.data.menu_modDefine
                0x000010ef       0x3c menu.o
                0x000010ef                menu_modDefine
 .progmem.data.menu_status
                0x0000112b       0x50 menu.o
                0x0000112b                menu_status
 .progmem.data.menu_USBser
                0x0000117b       0x3c menu.o
                0x0000117b                menu_USBser
 .progmem.data.sw_version
                0x000011b7        0x6 menu.o
                0x000011b7                sw_version
 .progmem.data.cplInfo
                0x000011bd       0x18 Midi.o
                0x000011bd                cplInfo
 .progmem.data.keylabel_1
                0x000011d5        0x2 utils.o
                0x000011d5                keylabel_1
 .progmem.data.keylabel_0
                0x000011d7        0x2 utils.o
                0x000011d7                keylabel_0
 .progmem.data.keylabel_text
                0x000011d9        0x6 utils.o
                0x000011d9                keylabel_text
 .progmem.data.keylabel_exit
                0x000011df        0x5 utils.o
                0x000011df                keylabel_exit
 .progmem.data.keylabel_off
                0x000011e4        0x5 utils.o
                0x000011e4                keylabel_off
 .progmem.data.keylabel_on
                0x000011e9        0x5 utils.o
                0x000011e9                keylabel_on
 .progmem.data.keylabel_onoff
                0x000011ee        0x5 utils.o
                0x000011ee                keylabel_onoff
 .progmem.data.keylabel_minus
                0x000011f3        0x2 utils.o
                0x000011f3                keylabel_minus
 .progmem.data.keylabel_plus
                0x000011f5        0x2 utils.o
                0x000011f5                keylabel_plus
 .progmem.data.keylabel_left
                0x000011f7        0x2 utils.o
                0x000011f7                keylabel_left
 .progmem.data.keylabel_right
                0x000011f9        0x2 utils.o
                0x000011f9                keylabel_right
 .progmem.data.keylabel_down
                0x000011fb        0x2 utils.o
                0x000011fb                keylabel_down
 .progmem.data.keylabel_up
                0x000011fd        0x2 utils.o
                0x000011fd                keylabel_up
 .progmem.data.cgPattern_Block
                0x000011ff        0x8 utils.o
                0x000011ff                cgPattern_Block
 .progmem.data.cgPattern_Down
                0x00001207        0x8 utils.o
                0x00001207                cgPattern_Down
 .progmem.data.cgPattern_Up
                0x0000120f        0x8 utils.o
                0x0000120f                cgPattern_Up
 .progmem.data.cr_lf
                0x00001217        0x3 utils.o
                0x00001217                cr_lf
                0x0000121a                . = ALIGN (0x2)
 *(.jumptables)
 *(.jumptables*)
 *(.lowtext)
 *(.lowtext*)
                0x0000121a                __ctors_start = .
 *(.ctors)
                0x0000121a                __ctors_end = .
                0x0000121a                __dtors_start = .
 *(.dtors)
                0x0000121a                __dtors_end = .
 SORT(*)(.ctors)
 SORT(*)(.dtors)
 *(.init0)
 .init0         0x0000121a        0x0 C:/Program Files (x86)/Atmel/Studio/7.0/Packs/atmel/ATmega_DFP/1.2.209/gcc/dev/atmega2560/avr6/crtatmega2560.o
                0x0000121a                __init
 *(.init0)
 *(.init1)
 *(.init1)
 *(.init2)
 .init2         0x0000121a       0x10 C:/Program Files (x86)/Atmel/Studio/7.0/Packs/atmel/ATmega_DFP/1.2.209/gcc/dev/atmega2560/avr6/crtatmega2560.o
 *(.init2)
 *(.init3)
 *(.init3)
 *(.init4)
 .init4         0x0000122a       0x1a c:/program files (x86)/atmel/studio/7.0/toolchain/avr8/avr8-gnu-toolchain/bin/../lib/gcc/avr/5.4.0/avr6\libgcc.a(_copy_data.o)
                0x0000122a                __do_copy_data
 .init4         0x00001244       0x10 c:/program files (x86)/atmel/studio/7.0/toolchain/avr8/avr8-gnu-toolchain/bin/../lib/gcc/avr/5.4.0/avr6\libgcc.a(_clear_bss.o)
                0x00001244                __do_clear_bss
 *(.init4)
 *(.init5)
 *(.init5)
 *(.init6)
 *(.init6)
 *(.init7)
 *(.init7)
 *(.init8)
 *(.init8)
 *(.init9)
 .init9         0x00001254        0x8 C:/Program Files (x86)/Atmel/Studio/7.0/Packs/atmel/ATmega_DFP/1.2.209/gcc/dev/atmega2560/avr6/crtatmega2560.o
 *(.init9)
 *(.text)
 .text          0x0000125c        0x4 C:/Program Files (x86)/Atmel/Studio/7.0/Packs/atmel/ATmega_DFP/1.2.209/gcc/dev/atmega2560/avr6/crtatmega2560.o
                0x0000125c                __vector_38
                0x0000125c                __vector_22
                0x0000125c                __vector_28
                0x0000125c                __vector_1
                0x0000125c                __vector_32
                0x0000125c                __vector_34
                0x0000125c                __vector_24
                0x0000125c                __vector_12
                0x0000125c                __vector_46
                0x0000125c                __bad_interrupt
                0x0000125c                __vector_6
                0x0000125c                __vector_31
                0x0000125c                __vector_35
                0x0000125c                __vector_39
                0x0000125c                __vector_3
                0x0000125c                __vector_23
                0x0000125c                __vector_30
                0x0000125c                __vector_45
                0x0000125c                __vector_11
                0x0000125c                __vector_13
                0x0000125c                __vector_17
                0x0000125c                __vector_19
                0x0000125c                __vector_56
                0x0000125c                __vector_7
                0x0000125c                __vector_49
                0x0000125c                __vector_41
                0x0000125c                __vector_43
                0x0000125c                __vector_27
                0x0000125c                __vector_5
                0x0000125c                __vector_33
                0x0000125c                __vector_47
                0x0000125c                __vector_52
                0x0000125c                __vector_4
                0x0000125c                __vector_44
                0x0000125c                __vector_51
                0x0000125c                __vector_9
                0x0000125c                __vector_2
                0x0000125c                __vector_15
                0x0000125c                __vector_29
                0x0000125c                __vector_40
                0x0000125c                __vector_8
                0x0000125c                __vector_48
                0x0000125c                __vector_14
                0x0000125c                __vector_53
                0x0000125c                __vector_10
                0x0000125c                __vector_50
                0x0000125c                __vector_16
                0x0000125c                __vector_18
                0x0000125c                __vector_20
                0x0000125c                __vector_42
                0x00001260                . = ALIGN (0x2)
 *(.text.*)
 .text.crc16_ram
                0x00001260       0x4c ee_prom.o
                0x00001260                crc16_ram
 .text.crc16_eeprom
                0x000012ac       0x6e ee_prom.o
                0x000012ac                crc16_eeprom
 .text.crc16_ram_startVal
                0x0000131a       0x4a ee_prom.o
                0x0000131a                crc16_ram_startVal
 .text.crc16_eeprom_startVal
                0x00001364       0x6c ee_prom.o
                0x00001364                crc16_eeprom_startVal
 .text.eeprom_ReadManualMap
                0x000013d0       0x50 ee_prom.o
                0x000013d0                eeprom_ReadManualMap
 .text.eeprom_ReadMidiInMap
                0x00001420       0x50 ee_prom.o
                0x00001420                eeprom_ReadMidiInMap
 .text.eeprom_ReadMidiOutMap
                0x00001470       0x60 ee_prom.o
                0x00001470                eeprom_ReadMidiOutMap
 .text.eeprom_ReadModules
                0x000014d0       0x58 ee_prom.o
                0x000014d0                eeprom_ReadModules
 .text.eeprom_ReadMidiThrough
                0x00001528       0x50 ee_prom.o
                0x00001528                eeprom_ReadMidiThrough
 .text.eeprom_ReadUSB
                0x00001578       0x4c ee_prom.o
                0x00001578                eeprom_ReadUSB
 .text.eeprom_ReadReg
                0x000015c4       0x68 ee_prom.o
                0x000015c4                eeprom_ReadReg
 .text.eeprom_ReadProg
                0x0000162c       0x50 ee_prom.o
                0x0000162c                eeprom_ReadProg
 .text.eeprom_ReadSoftkeys
                0x0000167c       0x44 ee_prom.o
                0x0000167c                eeprom_ReadSoftkeys
 .text.eepromWriteSignature
                0x000016c0       0x16 ee_prom.o
                0x000016c0                eepromWriteSignature
 .text.eeprom_UpdateManualMap
                0x000016d6       0x44 ee_prom.o
                0x000016d6                eeprom_UpdateManualMap
 .text.eeprom_UpdateMidiInMap
                0x0000171a       0x44 ee_prom.o
                0x0000171a                eeprom_UpdateMidiInMap
 .text.eeprom_UpdateMidiOutMap
                0x0000175e       0x60 ee_prom.o
                0x0000175e                eeprom_UpdateMidiOutMap
 .text.eeprom_UpdateModules
                0x000017be       0x54 ee_prom.o
                0x000017be                eeprom_UpdateModules
 .text.eeprom_UpdateUSB
                0x00001812       0x40 ee_prom.o
                0x00001812                eeprom_UpdateUSB
 .text.eeprom_UpdateMidiThrough
                0x00001852       0x44 ee_prom.o
                0x00001852                eeprom_UpdateMidiThrough
 .text.eeprom_UpdateReg
                0x00001896       0x5c ee_prom.o
                0x00001896                eeprom_UpdateReg
 .text.eeprom_UpdateProg
                0x000018f2       0x44 ee_prom.o
                0x000018f2                eeprom_UpdateProg
 .text.eeprom_UpdateSoftkeys
                0x00001936       0x44 ee_prom.o
                0x00001936                eeprom_UpdateSoftkeys
 .text.eeprom_UpdateALL
                0x0000197a       0x14 ee_prom.o
                0x0000197a                eeprom_UpdateALL
 .text.eepromCopy
                0x0000198e       0x52 ee_prom.o
                0x0000198e                eepromCopy
 .text.eeprom_Backup
                0x000019e0       0x18 ee_prom.o
                0x000019e0                eeprom_Backup
 .text.eeprom_Restore
                0x000019f8       0x18 ee_prom.o
                0x000019f8                eeprom_Restore
 .text.init_Timers
                0x00001a10       0x30 hwtimer.o
                0x00001a10                init_Timers
 .text.init_HwTimer
                0x00001a40       0x1e hwtimer.o
                0x00001a40                init_HwTimer
 .text.init_ADC
                0x00001a5e       0x54 hwtimer.o
                0x00001a5e                init_ADC
 .text.init_Pipe
                0x00001ab2       0x50 hwtimer.o
                0x00001ab2                init_Pipe
 .text.init_PipeModules
                0x00001b02      0x15e hwtimer.o
                0x00001b02                init_PipeModules
 .text.test_PipeModule
                0x00001c60       0xe8 hwtimer.o
                0x00001c60                test_PipeModule
 .text.module_TestAllInputs
                0x00001d48       0x28 hwtimer.o
                0x00001d48                module_TestAllInputs
 .text.module_WaitOutputInput2Cycles
                0x00001d70       0x1a hwtimer.o
                0x00001d70                module_WaitOutputInput2Cycles
 .text.module_StartPowerOn
                0x00001d8a       0x20 hwtimer.o
                0x00001d8a                module_StartPowerOn
 .text.module_PowerControl
                0x00001daa       0x8c hwtimer.o
                0x00001daa                module_PowerControl
 .text.softKey_WantLong
                0x00001e36       0x24 hwtimer.o
                0x00001e36                softKey_WantLong
 .text.__vector_21
                0x00001e5a      0x49c hwtimer.o
                0x00001e5a                __vector_21
 .text.pipe_on  0x000022f6       0x1e hwtimer.o
                0x000022f6                pipe_on
 .text.pipe_off
                0x00002314       0x1c hwtimer.o
                0x00002314                pipe_off
 .text.init_iopins
                0x00002330       0x40 initio.o
                0x00002330                init_iopins
 .text.lcd_write_nibble
                0x00002370       0x7a lcd_u.o
                0x00002370                lcd_write_nibble
 .text.lcd_write_character
                0x000023ea       0x48 lcd_u.o
                0x000023ea                lcd_write_character
 .text.lcd_write_command
                0x00002432       0x5c lcd_u.o
                0x00002432                lcd_write_command
 .text.lcd_init
                0x0000248e       0xb8 lcd_u.o
                0x0000248e                lcd_init
 .text.lcd_goto
                0x00002546        0xa lcd_u.o
                0x00002546                lcd_goto
 .text.lcd_clrscr
                0x00002550       0x1e lcd_u.o
                0x00002550                lcd_clrscr
 .text.getCursorFromLCDRAMcursor
                0x0000256e       0x2c lcd_u.o
                0x0000256e                getCursorFromLCDRAMcursor
 .text.lcd_putc
                0x0000259a       0x70 lcd_u.o
                0x0000259a                lcd_putc
 .text.lcd_puts
                0x0000260a       0x20 lcd_u.o
                0x0000260a                lcd_puts
 .text.lcd_puts_P
                0x0000262a       0x20 lcd_u.o
                0x0000262a                lcd_puts_P
 .text.init_log
                0x0000264a       0x16 log.o
                0x0000264a                init_log
 .text.log_count
                0x00002660       0x3e log.o
                0x00002660                log_count
 .text.log_getLog
                0x0000269e       0x50 log.o
                0x0000269e                log_getLog
 .text.log_getErrorText
                0x000026ee       0x88 log.o
                0x000026ee                log_getErrorText
 .text.logCheckUnreadErrorLogs
                0x00002776       0x40 log.o
                0x00002776                logCheckUnreadErrorLogs
 .text.log_getShortTextFromPtr
                0x000027b6      0x118 log.o
                0x000027b6                log_getShortTextFromPtr
 .text.log_put  0x000028ce       0xc8 log.o
                0x000028ce                log_put
 .text.log_putError
                0x00002996        0xc log.o
                0x00002996                log_putError
 .text.log_getShortTextFromIndex
                0x000029a2       0x20 log.o
                0x000029a2                log_getShortTextFromIndex
 .text.main     0x000029c2      0x5ea main.o
                0x000029c2                main
 .text.menu_enterWriteModule
                0x00002fac       0x78 menu.o
                0x00002fac                menu_enterWriteModule
 .text.menu_exitWriteModule
                0x00003024       0x5a menu.o
                0x00003024                menu_exitWriteModule
 .text.menuOnEnterModSel
                0x0000307e       0x16 menu.o
                0x0000307e                menuOnEnterModSel
 .text.menuOnEnterMidiInCh
                0x00003094       0x16 menu.o
                0x00003094                menuOnEnterMidiInCh
 .text.menuOnEnterMidiInSec
                0x000030aa       0x3c menu.o
                0x000030aa                menuOnEnterMidiInSec
 .text.menuOnEnterModManual
                0x000030e6       0x16 menu.o
                0x000030e6                menuOnEnterModManual
 .text.menuOnEnterModSec
                0x000030fc       0x4a menu.o
                0x000030fc                menuOnEnterModSec
 .text.menuOnEnterModSecReg
                0x00003146       0x2c menu.o
                0x00003146                menuOnEnterModSecReg
 .text.menuOnEnterKey
                0x00003172       0x2e menu.o
                0x00003172                menuOnEnterKey
 .text.menuOnExitMidiThrough
                0x000031a0        0x8 menu.o
                0x000031a0                menuOnExitMidiThrough
 .text.menuOnExitRegisterEdit
                0x000031a8       0x50 menu.o
                0x000031a8                menuOnExitRegisterEdit
 .text.softKeyRegOff
                0x000031f8        0xa menu.o
                0x000031f8                softKeyRegOff
 .text.menuOnExitCoupler
                0x00003202       0x26 menu.o
                0x00003202                menuOnExitCoupler
 .text.menuOnExitSaveProgram
                0x00003228       0x16 menu.o
                0x00003228                menuOnExitSaveProgram
 .text.menuOnExitKeys
                0x0000323e        0x8 menu.o
                0x0000323e                menuOnExitKeys
 .text.menu_readModule
                0x00003246       0x68 menu.o
                0x00003246                menu_readModule
 .text.menu_testModule
                0x000032ae       0x24 menu.o
                0x000032ae                menu_testModule
 .text.menuOnEnterTune
                0x000032d2      0x238 menu.o
                0x000032d2                menuOnEnterTune
 .text.menuOnExitMidiActiveSense
                0x0000350a        0x8 menu.o
                0x0000350a                menuOnExitMidiActiveSense
 .text.menuOnExitMidiOut
                0x00003512        0x8 menu.o
                0x00003512                menuOnExitMidiOut
 .text.menuOnExitMidiIn
                0x0000351a        0x8 menu.o
                0x0000351a                menuOnExitMidiIn
 .text.menuOnExitManual
                0x00003522       0x14 menu.o
                0x00003522                menuOnExitManual
 .text.menuOnExitModules
                0x00003536        0x8 menu.o
                0x00003536                menuOnExitModules
 .text.menuOnEnterUSBprotokoll
                0x0000353e       0x4c menu.o
                0x0000353e                menuOnEnterUSBprotokoll
 .text.menuOnExitUSBactive
                0x0000358a       0x28 menu.o
                0x0000358a                menuOnExitUSBactive
 .text.menuOnEnterUSBsendHW
                0x000035b2      0x51a menu.o
                0x000035b2                menuOnEnterUSBsendHW
 .text.reverseRegisterBits
                0x00003acc       0x28 menu.o
                0x00003acc                reverseRegisterBits
 .text.menuOnUpdateRegister
                0x00003af4        0xe menu.o
                0x00003af4                menuOnUpdateRegister
 .text.menuOnEnterResetReg
                0x00003b02        0xc menu.o
                0x00003b02                menuOnEnterResetReg
 .text.menuOnExitLoadProgran
                0x00003b0e       0x18 menu.o
                0x00003b0e                menuOnExitLoadProgran
 .text.softkeyCoupler
                0x00003b26       0x56 menu.o
                0x00003b26                softkeyCoupler
 .text.softKeyCoupler2from3
                0x00003b7c        0x6 menu.o
                0x00003b7c                softKeyCoupler2from3
 .text.softKeyCoupler1from3
                0x00003b82        0x6 menu.o
                0x00003b82                softKeyCoupler1from3
 .text.softKeyCouplerPfrom3
                0x00003b88        0x6 menu.o
                0x00003b88                softKeyCouplerPfrom3
 .text.softKeyCoupler1from2
                0x00003b8e        0x6 menu.o
                0x00003b8e                softKeyCoupler1from2
 .text.softKeyCouplerPfrom2
                0x00003b94        0x6 menu.o
                0x00003b94                softKeyCouplerPfrom2
 .text.softKeyCouplerPfrom1
                0x00003b9a        0x6 menu.o
                0x00003b9a                softKeyCouplerPfrom1
 .text.softKeyCoupler3from2
                0x00003ba0        0x6 menu.o
                0x00003ba0                softKeyCoupler3from2
 .text.softKeyCoupler3from1
                0x00003ba6        0x6 menu.o
                0x00003ba6                softKeyCoupler3from1
 .text.softKeyCoupler3fromP
                0x00003bac        0x6 menu.o
                0x00003bac                softKeyCoupler3fromP
 .text.softKeyCoupler2from1
                0x00003bb2        0x6 menu.o
                0x00003bb2                softKeyCoupler2from1
 .text.softKeyCoupler2fromP
                0x00003bb8        0x6 menu.o
                0x00003bb8                softKeyCoupler2fromP
 .text.softKeyCoupler1fromP
                0x00003bbe        0x6 menu.o
                0x00003bbe                softKeyCoupler1fromP
 .text.menu_Init
                0x00003bc4       0x46 menu.o
                0x00003bc4                menu_Init
 .text.softkeyLeft
                0x00003c0a        0xc menu.o
                0x00003c0a                softkeyLeft
 .text.softkeyRight
                0x00003c16        0xc menu.o
                0x00003c16                softkeyRight
 .text.softkeyDown
                0x00003c22        0xc menu.o
                0x00003c22                softkeyDown
 .text.softkeyOn
                0x00003c2e        0xc menu.o
                0x00003c2e                softkeyOn
 .text.softkeyOff
                0x00003c3a        0xc menu.o
                0x00003c3a                softkeyOff
 .text.softkeyUp
                0x00003c46        0xc menu.o
                0x00003c46                softkeyUp
 .text.softkeyPlus
                0x00003c52       0x24 menu.o
                0x00003c52                softkeyPlus
 .text.softkeyMinus
                0x00003c76       0x24 menu.o
                0x00003c76                softkeyMinus
 .text.dataToNibbles
                0x00003c9a      0x1e6 menu.o
                0x00003c9a                dataToNibbles
 .text.nibbleToLCDstring
                0x00003e80      0x29c menu.o
                0x00003e80                nibbleToLCDstring
 .text.LCDStringOut
                0x0000411c       0x36 menu.o
                0x0000411c                LCDStringOut
 .text.nibbleCheckOvfl
                0x00004152       0x12 menu.o
                0x00004152                nibbleCheckOvfl
 .text.nibbleChange
                0x00004164      0x35e menu.o
                0x00004164                nibbleChange
 .text.nibbleToData
                0x000044c2      0x1ca menu.o
                0x000044c2                nibbleToData
 .text.menuTextOut
                0x0000468c       0x36 menu.o
                0x0000468c                menuTextOut
 .text.menuParentMenuToLCD
                0x000046c2       0x34 menu.o
                0x000046c2                menuParentMenuToLCD
 .text.menuDisplayValue
                0x000046f6       0x1a menu.o
                0x000046f6                menuDisplayValue
 .text.menuCursorSetDataNibble
                0x00004710       0x5a menu.o
                0x00004710                menuCursorSetDataNibble
 .text.menuCursorSetExtra
                0x0000476a        0x8 menu.o
                0x0000476a                menuCursorSetExtra
 .text.menuOnEnterStatusMidiIn
                0x00004772       0x7c menu.o
                0x00004772                menuOnEnterStatusMidiIn
 .text.menuOnEnterStatusMidiOut
                0x000047ee       0x7c menu.o
                0x000047ee                menuOnEnterStatusMidiOut
 .text.menuOnEnterLogDisp
                0x0000486a      0x14a menu.o
                0x0000486a                menuOnEnterLogDisp
 .text.menuCursorSetMenu
                0x000049b4        0x8 menu.o
                0x000049b4                menuCursorSetMenu
 .text.menuClearExtraDisp
                0x000049bc        0xa menu.o
                0x000049bc                menuClearExtraDisp
 .text.menu_ClearDataDisp
                0x000049c6        0xe menu.o
                0x000049c6                menu_ClearDataDisp
 .text.menuClearMenuDisp
                0x000049d4       0x16 menu.o
                0x000049d4                menuClearMenuDisp
 .text.menu_ClearAllDisp
                0x000049ea        0x8 menu.o
                0x000049ea                menu_ClearAllDisp
 .text.menuCheckArrowDown
                0x000049f2       0x3e menu.o
                0x000049f2                menuCheckArrowDown
 .text.menuCurrMenuToLCD
                0x00004a30       0x5c menu.o
                0x00004a30                menuCurrMenuToLCD
 .text.menuItemChanged
                0x00004a8c       0xc2 menu.o
                0x00004a8c                menuItemChanged
 .text.menu_InitLCD
                0x00004b4e        0xe menu.o
                0x00004b4e                menu_InitLCD
 .text.menu_ProcessMessage
                0x00004b5c      0x47e menu.o
                0x00004b5c                menu_ProcessMessage
 .text.displayMenuMessage_P
                0x00004fda       0x82 menu.o
                0x00004fda                displayMenuMessage_P
 .text.menu_OnEnterMidiPanic
                0x0000505c       0x10 menu.o
                0x0000505c                menu_OnEnterMidiPanic
 .text.menu_ModuleTestExecute
                0x0000506c      0x1ac menu.o
                0x0000506c                menu_ModuleTestExecute
 .text.menu_ModuleTestPattern
                0x00005218       0x32 menu.o
                0x00005218                menu_ModuleTestPattern
 .text.menuLCDwriteOK
                0x0000524a        0x8 menu.o
                0x0000524a                menuLCDwriteOK
 .text.menuOnEnterEEBackup
                0x00005252       0x18 menu.o
                0x00005252                menuOnEnterEEBackup
 .text.menuOnEnterEERestore
                0x0000526a       0x18 menu.o
                0x0000526a                menuOnEnterEERestore
 .text.menuOnEnterEEUpdate
                0x00005282       0x16 menu.o
                0x00005282                menuOnEnterEEUpdate
 .text.menudeleteMainMessage
                0x00005298       0x1c menu.o
                0x00005298                menudeleteMainMessage
 .text.menu_deleteMessage
                0x000052b4       0x22 menu.o
                0x000052b4                menu_deleteMessage
 .text.menu_DisplayMainMessage_P
                0x000052d6       0x6c menu.o
                0x000052d6                menu_DisplayMainMessage_P
 .text.menu_DisplayMainMessage
                0x00005342       0x6c menu.o
                0x00005342                menu_DisplayMainMessage
 .text.menuDisplaySaveMessage
                0x000053ae       0x1a menu.o
                0x000053ae                menuDisplaySaveMessage
 .text.menuDisplayLoadMessage
                0x000053c8       0x48 menu.o
                0x000053c8                menuDisplayLoadMessage
 .text.handle_programKey
                0x00005410       0x3a menu.o
                0x00005410                handle_programKey
 .text.softKeyK1A
                0x0000544a        0x6 menu.o
                0x0000544a                softKeyK1A
 .text.softKeyK2A
                0x00005450        0x6 menu.o
                0x00005450                softKeyK2A
 .text.softKeyK3A
                0x00005456        0x6 menu.o
                0x00005456                softKeyK3A
 .text.softKeyK4A
                0x0000545c        0x6 menu.o
                0x0000545c                softKeyK4A
 .text.getSoftKeyIndex
                0x00005462       0x24 menu.o
                0x00005462                getSoftKeyIndex
 .text.init_SoftKeys
                0x00005486       0x92 menu.o
                0x00005486                init_SoftKeys
 .text.softKey_Set
                0x00005518       0x58 menu.o
                0x00005518                softKey_Set
 .text.menuOnExitKey
                0x00005570       0x20 menu.o
                0x00005570                menuOnExitKey
 .text.softKeys_toLCD
                0x00005590       0x7e menu.o
                0x00005590                softKeys_toLCD
 .text.softKey_MessageKey_ToSoftKeyNr
                0x0000560e       0x2a menu.o
                0x0000560e                softKey_MessageKey_ToSoftKeyNr
 .text.softKey_Execute
                0x00005638       0x98 menu.o
                0x00005638                softKey_Execute
 .text.menu_showPowerState
                0x000056d0       0x28 menu.o
                0x000056d0                menu_showPowerState
 .text.menuOnEnterPwrOn
                0x000056f8       0x12 menu.o
                0x000056f8                menuOnEnterPwrOn
 .text.menuOnEnterPwrOff
                0x0000570a       0x10 menu.o
                0x0000570a                menuOnEnterPwrOff
 .text.menuOnEnterPwrRest
                0x0000571a       0x2a menu.o
                0x0000571a                menuOnEnterPwrRest
 .text.init_message
                0x00005744        0xe message.o
                0x00005744                init_message
 .text.message_push
                0x00005752       0x28 message.o
                0x00005752                message_push
 .text.message_get
                0x0000577a       0x32 message.o
                0x0000577a                message_get
 .text.message_status
                0x000057ac       0x26 message.o
                0x000057ac                message_status
 .text.pipeMsgPush
                0x000057d2       0x44 message.o
                0x000057d2                pipeMsgPush
 .text.pipeMsgGet
                0x00005816       0x2a message.o
                0x00005816                pipeMsgGet
 .text.pipeMsgStatus
                0x00005840       0x14 message.o
                0x00005840                pipeMsgStatus
 .text.midi_CouplerReset
                0x00005854       0x14 Midi.o
                0x00005854                midi_CouplerReset
 .text.init_Midi
                0x00005868        0x4 Midi.o
                0x00005868                init_Midi
 .text.set_Coupler
                0x0000586c       0x42 Midi.o
                0x0000586c                set_Coupler
 .text.getAllCouplers
                0x000058ae       0x30 Midi.o
                0x000058ae                getAllCouplers
 .text.setAllCouplers
                0x000058de       0x32 Midi.o
                0x000058de                setAllCouplers
 .text.midiAllReset
                0x00005910        0xc Midi.o
                0x00005910                midiAllReset
 .text.registers_CalcCount
                0x0000591c       0x34 Midi.o
                0x0000591c                registers_CalcCount
 .text.init_Registers
                0x00005950       0xb8 Midi.o
                0x00005950                init_Registers
 .text.regNr_to_moduleBit
                0x00005a08       0x36 Midi.o
                0x00005a08                regNr_to_moduleBit
 .text.moduleBit_to_registerNr
                0x00005a3e       0x38 Midi.o
                0x00005a3e                moduleBit_to_registerNr
 .text.read_Register
                0x00005a76       0x8a Midi.o
                0x00005a76                read_Register
 .text.get_RegisterStatus
                0x00005b00       0x6a Midi.o
                0x00005b00                get_RegisterStatus
 .text.count_Registers
                0x00005b6a       0x28 Midi.o
                0x00005b6a                count_Registers
 .text.read_allRegister
                0x00005b92       0x58 Midi.o
                0x00005b92                read_allRegister
 .text.register_onOff
                0x00005bea       0x4a Midi.o
                0x00005bea                register_onOff
 .text.program_toRegister
                0x00005c34       0xb0 Midi.o
                0x00005c34                program_toRegister
 .text.midi_ProgramChange
                0x00005ce4       0x6e Midi.o
                0x00005ce4                midi_ProgramChange
 .text.midi_resetRegisters
                0x00005d52       0x1a Midi.o
                0x00005d52                midi_resetRegisters
 .text.register_toProgram
                0x00005d6c       0x6a Midi.o
                0x00005d6c                register_toProgram
 .text.midi_RegisterMatchProgram
                0x00005dd6       0x76 Midi.o
                0x00005dd6                midi_RegisterMatchProgram
 .text.midi_CountRegisterInProgram
                0x00005e4c       0x40 Midi.o
                0x00005e4c                midi_CountRegisterInProgram
 .text.init_Midi2Manual
                0x00005e8c       0x80 Midi.o
                0x00005e8c                init_Midi2Manual
 .text.init_Manual2Midi
                0x00005f0c       0x54 Midi.o
                0x00005f0c                init_Manual2Midi
 .text.Manual_to_MidiNote
                0x00005f60       0x20 Midi.o
                0x00005f60                Manual_to_MidiNote
 .text.Midi_updateManualRange
                0x00005f80       0xae Midi.o
                0x00005f80                Midi_updateManualRange
 .text.init_Manual2Module
                0x0000602e       0xc2 Midi.o
                0x0000602e                init_Manual2Module
 .text.manualNote_to_moduleBit
                0x000060f0       0x40 Midi.o
                0x000060f0                manualNote_to_moduleBit
 .text.moduleBit_to_manualNote
                0x00006130       0x46 Midi.o
                0x00006130                moduleBit_to_manualNote
 .text.manual_NoteOnOff
                0x00006176       0xb2 Midi.o
                0x00006176                manual_NoteOnOff
 .text.midiAllNotesOff
                0x00006228       0xcc Midi.o
                0x00006228                midiAllNotesOff
 .text.midi_ManualOff
                0x000062f4       0x76 Midi.o
                0x000062f4                midi_ManualOff
 .text.midi_AllManualsOff
                0x0000636a       0x14 Midi.o
                0x0000636a                midi_AllManualsOff
 .text.midi_CheckRxActiveSense
                0x0000637e       0x18 Midi.o
                0x0000637e                midi_CheckRxActiveSense
 .text.midiNote_to_Manual
                0x00006396       0xfa Midi.o
                0x00006396                midiNote_to_Manual
 .text.midiIn_Process
                0x00006490      0x128 Midi.o
                0x00006490                midiIn_Process
 .text.proc_ESPmidi
                0x000065b8       0x62 Midi.o
                0x000065b8                proc_ESPmidi
 .text.midiKeyPress_Process
                0x0000661a      0x1b0 Midi.o
                0x0000661a                midiKeyPress_Process
 .text.midiSendAllNotesOff
                0x000067ca       0x2e Midi.o
                0x000067ca                midiSendAllNotesOff
 .text.midi_SendActiveSense
                0x000067f8        0x6 Midi.o
                0x000067f8                midi_SendActiveSense
 .text.midi_CheckTxActiveSense
                0x000067fe       0x38 Midi.o
                0x000067fe                midi_CheckTxActiveSense
 .text.init_Serial1MIDI
                0x00006836       0x44 serial.o
                0x00006836                init_Serial1MIDI
 .text.__vector_36
                0x0000687a       0x7c serial.o
                0x0000687a                __vector_36
 .text.__vector_37
                0x000068f6       0x70 serial.o
                0x000068f6                __vector_37
 .text.serial0SER_USBSend
                0x00006966       0x6c serial.o
                0x00006966                serial0SER_USBSend
 .text.serial0USB_logMIDIin
                0x000069d2       0x26 serial.o
                0x000069d2                serial0USB_logMIDIin
 .text.serial1MIDIReadRx
                0x000069f8       0x32 serial.o
                0x000069f8                serial1MIDIReadRx
 .text.serial0USB_logMIDIout
                0x00006a2a       0x26 serial.o
                0x00006a2a                serial0USB_logMIDIout
 .text.serial1MIDISend
                0x00006a50       0x98 serial.o
                0x00006a50                serial1MIDISend
 .text.serial0USB_logPipeIn
                0x00006ae8       0x3c serial.o
                0x00006ae8                serial0USB_logPipeIn
 .text.serial0SER_USB_sendStringP
                0x00006b24       0x24 serial.o
                0x00006b24                serial0SER_USB_sendStringP
 .text.serial0SER_USB_sendCRLF
                0x00006b48        0x8 serial.o
                0x00006b48                serial0SER_USB_sendCRLF
 .text.init_Serial0SerUSB
                0x00006b50       0x7c serial.o
                0x00006b50                init_Serial0SerUSB
 .text.serial0SER_USB_sendString
                0x00006bcc       0x2c serial.o
                0x00006bcc                serial0SER_USB_sendString
 .text.__vector_25
                0x00006bf8       0x8c serial.o
                0x00006bf8                __vector_25
 .text.__vector_26
                0x00006c84       0x72 serial.o
                0x00006c84                __vector_26
 .text.init_Serial3SerESP
                0x00006cf6       0x68 serial.o
                0x00006cf6                init_Serial3SerESP
 .text.serial3SER_ESPSend
                0x00006d5e       0x6c serial.o
                0x00006d5e                serial3SER_ESPSend
 .text.serial3SER_ESPReadRx
                0x00006dca       0x3a serial.o
                0x00006dca                serial3SER_ESPReadRx
 .text.__vector_54
                0x00006e04       0xb0 serial.o
                0x00006e04                __vector_54
 .text.__vector_55
                0x00006eb4       0x72 serial.o
                0x00006eb4                __vector_55
 .text.nibbleToChr
                0x00006f26        0xc utils.o
                0x00006f26                nibbleToChr
 .text.lcd_setCG
                0x00006f32       0x48 utils.o
                0x00006f32                lcd_setCG
 .text.lcd_initCG
                0x00006f7a       0x1a utils.o
                0x00006f7a                lcd_initCG
 .text.lcd_hexout
                0x00006f94       0x2e utils.o
                0x00006f94                lcd_hexout
 .text.lcd_longout
                0x00006fc2       0x4a utils.o
                0x00006fc2                lcd_longout
 .text.lcd_dec2out
                0x0000700c       0x34 utils.o
                0x0000700c                lcd_dec2out
 .text.putChar_Dec2
                0x00007040       0x38 utils.o
                0x00007040                putChar_Dec2
 .text.putChar_Dec
                0x00007078       0x4e utils.o
                0x00007078                putChar_Dec
 .text.putChar_hex
                0x000070c6       0x30 utils.o
                0x000070c6                putChar_hex
 .text.putChar_MidiChan
                0x000070f6       0x46 utils.o
                0x000070f6                putChar_MidiChan
 .text.putChar_long
                0x0000713c       0x3a utils.o
                0x0000713c                putChar_long
 .text.putChar_Note
                0x00007176       0xb8 utils.o
                0x00007176                putChar_Note
 .text.putChar_Manual
                0x0000722e       0x32 utils.o
                0x0000722e                putChar_Manual
 .text.putString_P
                0x00007260       0x2c utils.o
                0x00007260                putString_P
 .text.lcd_wordout
                0x0000728c       0x10 utils.o
                0x0000728c                lcd_wordout
 .text.lcd_noteOut
                0x0000729c       0xa2 utils.o
                0x0000729c                lcd_noteOut
 .text.lcd_ChannelOut
                0x0000733e       0x22 utils.o
                0x0000733e                lcd_ChannelOut
 .text.lcd_ManualOutDec
                0x00007360       0x24 utils.o
                0x00007360                lcd_ManualOutDec
 .text.lcd_blank
                0x00007384       0x18 utils.o
                0x00007384                lcd_blank
 .text.lcd_clrEol
                0x0000739c       0x2e utils.o
                0x0000739c                lcd_clrEol
 .text.lcd_cursosblink
                0x000073ca        0xe utils.o
                0x000073ca                lcd_cursosblink
 .text.lcd_cursoroff
                0x000073d8        0xc utils.o
                0x000073d8                lcd_cursoroff
 .text.lcd_waitSymbolOn
                0x000073e4       0x1c utils.o
                0x000073e4                lcd_waitSymbolOn
 .text.lcd_waitSymbolOff
                0x00007400       0x1c utils.o
                0x00007400                lcd_waitSymbolOff
 .text.keylabel_set
                0x0000741c       0x76 utils.o
                0x0000741c                keylabel_set
 .text.keylabel_clr
                0x00007492       0x28 utils.o
                0x00007492                keylabel_clr
 .text.keylabel_toLCD
                0x000074ba       0x3e utils.o
                0x000074ba                keylabel_toLCD
 .text.keylabel_statcheck
                0x000074f8       0x46 utils.o
                0x000074f8                keylabel_statcheck
 .text.get_StrLenP
                0x0000753e       0x14 utils.o
                0x0000753e                get_StrLenP
 .text.get_StrLen
                0x00007552       0x14 utils.o
                0x00007552                get_StrLen
 .text.reverse_Bits
                0x00007566       0x1a utils.o
                0x00007566                reverse_Bits
 .text.libgcc   0x00007580       0x10 c:/program files (x86)/atmel/studio/7.0/toolchain/avr8/avr8-gnu-toolchain/bin/../lib/gcc/avr/5.4.0/avr6\libgcc.a(_tablejump2.o)
                0x00007580                __tablejump2__
 .text.avr-libc
                0x00007590       0x20 C:/Program Files (x86)/Atmel/Studio/7.0/Packs/atmel/ATmega_DFP/1.2.209/gcc/dev/atmega2560/avr6\libatmega2560.a(eerd_block.o)
                0x00007590                eeprom_read_block
                0x00007594                eeprom_read_blraw
 .text.avr-libc
                0x000075b0       0x10 C:/Program Files (x86)/Atmel/Studio/7.0/Packs/atmel/ATmega_DFP/1.2.209/gcc/dev/atmega2560/avr6\libatmega2560.a(eerd_byte.o)
                0x000075b0                eeprom_read_byte
 .text.avr-libc
                0x000075c0        0xa C:/Program Files (x86)/Atmel/Studio/7.0/Packs/atmel/ATmega_DFP/1.2.209/gcc/dev/atmega2560/avr6\libatmega2560.a(eerd_word.o)
                0x000075c0                eeprom_read_word
 .text.avr-libc
                0x000075ca       0x1e C:/Program Files (x86)/Atmel/Studio/7.0/Packs/atmel/ATmega_DFP/1.2.209/gcc/dev/atmega2560/avr6\libatmega2560.a(eeupd_block.o)
                0x000075ca                eeprom_update_block
 .text.avr-libc
                0x000075e8       0x24 C:/Program Files (x86)/Atmel/Studio/7.0/Packs/atmel/ATmega_DFP/1.2.209/gcc/dev/atmega2560/avr6\libatmega2560.a(eeupd_byte.o)
                0x000075e8                eeprom_update_byte
                0x000075ea                eeprom_update_r18
 .text.avr-libc
                0x0000760c        0x8 C:/Program Files (x86)/Atmel/Studio/7.0/Packs/atmel/ATmega_DFP/1.2.209/gcc/dev/atmega2560/avr6\libatmega2560.a(eeupd_word.o)
                0x0000760c                eeprom_update_word
                0x00007614                . = ALIGN (0x2)
 *(.fini9)
 .fini9         0x00007614        0x0 c:/program files (x86)/atmel/studio/7.0/toolchain/avr8/avr8-gnu-toolchain/bin/../lib/gcc/avr/5.4.0/avr6\libgcc.a(_exit.o)
                0x00007614                _exit
                0x00007614                exit
 *(.fini9)
 *(.fini8)
 *(.fini8)
 *(.fini7)
 *(.fini7)
 *(.fini6)
 *(.fini6)
 *(.fini5)
 *(.fini5)
 *(.fini4)
 *(.fini4)
 *(.fini3)
 *(.fini3)
 *(.fini2)
 *(.fini2)
 *(.fini1)
 *(.fini1)
 *(.fini0)
 .fini0         0x00007614        0x4 c:/program files (x86)/atmel/studio/7.0/toolchain/avr8/avr8-gnu-toolchain/bin/../lib/gcc/avr/5.4.0/avr6\libgcc.a(_exit.o)
 *(.fini0)
                0x00007618                _etext = .

.data           0x00800200        0x8 load address 0x00007618
                0x00800200                PROVIDE (__data_start, .)
 *(.data)
 *(.data*)
 .data.midiLastProgram
                0x00800200        0x1 Midi.o
                0x00800200                midiLastProgram
 .data.midiLastInManual
                0x00800201        0x1 Midi.o
                0x00800201                midiLastInManual
 .data.midiLastInChannel
                0x00800202        0x1 Midi.o
                0x00800202                midiLastInChannel
 .data.midiLastInNote
                0x00800203        0x1 Midi.o
                0x00800203                midiLastInNote
 .data.midiLastOutManual
                0x00800204        0x1 Midi.o
                0x00800204                midiLastOutManual
 .data.midiLastOutNote
                0x00800205        0x1 Midi.o
                0x00800205                midiLastOutNote
 .data.midiDataByteExpected
                0x00800206        0x1 Midi.o
                0x00800206                midiDataByteExpected
 *(.gnu.linkonce.d*)
 *(.rodata)
 *(.rodata*)
 *(.gnu.linkonce.r*)
                0x00800208                . = ALIGN (0x2)
 *fill*         0x00800207        0x1 
                0x00800208                _edata = .
                0x00800208                PROVIDE (__data_end, .)

.bss            0x00800208     0x1715
                0x00800208                PROVIDE (__bss_start, .)
 *(.bss)
 *(.bss*)
 .bss.ee_initError
                0x00800208        0x1 ee_prom.o
                0x00800208                ee_initError
 .bss.adcNr     0x00800209        0x1 hwtimer.o
 .bss.showText.2996
                0x0080020a        0x1 menu.o
 .bss.logEntryNr.2995
                0x0080020b        0x1 menu.o
 .bss.notOnOff.2954
                0x0080020c        0x1 menu.o
 .bss.maxManNote.2953
                0x0080020d        0x1 menu.o
 .bss.minManNote.2952
                0x0080020e        0x1 menu.o
 .bss.midiEEPromLoadError
                0x0080020f        0x1 Midi.o
                0x0080020f                midiEEPromLoadError
 .bss.midiRxActivceSensing
                0x00800210        0x1 Midi.o
                0x00800210                midiRxActivceSensing
 .bss.labelBuffer
                0x00800211       0x14 utils.o
 *(COMMON)
 COMMON         0x00800225        0xa ee_prom.o
                0x00800225                lcdData
 COMMON         0x0080022f      0x129 hwtimer.o
                0x0080022f                swTimer
                0x00800241                time_Uptime
                0x00800245                pipe_PowerStatus
                0x00800246                pipeProcessing
                0x00800247                msecCtr
                0x00800248                pipe_ModuleTested
                0x00800249                pipe
                0x00800349                adcKeys
                0x0080034f                keyWants
                0x00800355                pipe_Module
                0x00800357                time_UpTimeUpdated
 COMMON         0x00800358       0x51 lcd_u.o
                0x00800358                lcd_buffer
                0x008003a8                lcd_cursorPos
 COMMON         0x008003a9      0x1bd log.o
                0x008003a9                log_unreadErrors
                0x008003aa                Log_TextBuff
                0x008003d2                log_List
                0x00800562                pLogEnd
                0x00800564                pLogStart
 COMMON         0x00800566        0x2 main.o
                0x00800566                messageFromESP
                0x00800567                menuNotActive
 COMMON         0x00800568       0x67 menu.o
                0x00800568                menuStackIndex
                0x00800569                menu_TestModuleErrorList
                0x0080056d                menuVRegisters
                0x00800575                dataType
                0x00800576                nibbleIndex
                0x00800577                menuVmanual
                0x00800578                menuVmodule
                0x00800579                pNibbleInfo
                0x0080057b                menuStack
                0x0080059b                menuManual
                0x0080059c                pMenuTopTitle
                0x0080059e                displayMessageArea
                0x0080059f                menuNote
                0x008005a0                nibbleCount
                0x008005a1                menuSection
                0x008005a2                dataEntry32
                0x008005a6                menu_TestModuleBitCounter
                0x008005a7                menuVmidiChan
                0x008005a8                menuVKombination
                0x008005a9                currentMenu
                0x008005ab                menuVkey
                0x008005ac                menuTestModuleBit
                0x008005ad                menuModVal
                0x008005b1                DataAdressOffset
                0x008005b3                soft_KeyMenuIndex
                0x008005b7                menuVsection
                0x008005b8                menuTestData
                0x008005b9                dataEntry
                0x008005ba                soft_KeyMenu
                0x008005c2                menu_TestModulePattern
                0x008005c3                menuVSoftKey
                0x008005c4                nibble
                0x008005cc                menuMidiChan
                0x008005cd                menuVMenuSoftKey
 COMMON         0x008005cf      0x227 message.o
                0x008005cf                msgOutIndex
                0x008005d0                pipeMessages
                0x008007d0                pipeMsgInIndex
                0x008007d1                msgOverflow
                0x008007d2                msgInIndex
                0x008007d3                messages
                0x008007f3                msgPipe_Handling
                0x008007f4                msgPipeOverflow
                0x008007f5                pipeMsgOutIndex
 COMMON         0x008007f6      0x3f5 Midi.o
                0x008007f6                registerMap
                0x0080080e                registerCount
                0x0080080f                midi_Couplers
                0x0080081b                midiDataByteCount
                0x0080081c                ManualNoteRange
                0x00800824                midiThrough
                0x00800826                midiInMap
                0x00800926                midiOutMap
                0x0080092e                midi_Setting
                0x00800931                midi_RegisterChanged
                0x00800932                manualMap
                0x00800962                programMap
                0x00800be2                midiDataByte
                0x00800bea                midiLastCommand
 COMMON         0x00800beb      0xcec serial.o
                0x00800beb                serUSBTxBuffer
                0x008013eb                serUSBTxOutIndex
                0x008013ed                midiTxInIndex
                0x008013ee                serESPOvflFlag
                0x008013ef                serESPInBuffer
                0x008013f7                serESPRxOutIndex
                0x008013f9                midiRxOvfl
                0x008013fa                midiTxOutIndex
                0x008013fb                midiTxLastCmd
                0x008013fc                serESPRxInIndex
                0x008013fe                midiTxOvfl
                0x008013ff                serUSBRxBuffer
                0x0080143f                midiRxBuffer
                0x0080153f                midiTxBuffer
                0x0080163f                serESPTxOutIndex
                0x00801641                midiRxInIndex
                0x00801642                serESPTxInIndex
                0x00801644                serUSBRxOutIndex
                0x00801646                serUSBOvflFlag
                0x00801647                serESPMidiTmp
                0x0080164a                serESP_Active
                0x0080164b                midiRxOvflCount
                0x0080164c                midiTxBytesCount
                0x0080164e                serUSB_Active
                0x0080164f                midiRxOutIndex
                0x00801650                serUSBRxInIndex
                0x00801652                midiTxOvflCount
                0x00801653                serESPRxBuffer
                0x008016d3                serESPTxBuffer
                0x008018d3                serUSBTxInIndex
                0x008018d5                midiRxBytesCount
 COMMON         0x008018d7       0x46 utils.o
                0x008018d7                lcd_cursorIsOn
                0x008018d8                editByte
                0x008018d9                editLong
                0x008018dd                string_Buf
                0x0080191d                PROVIDE (__bss_end, .)
                0x00007618                __data_load_start = LOADADDR (.data)
                0x00007620                __data_load_end = (__data_load_start + SIZEOF (.data))

.noinit         0x0080191d        0x0
                [!provide]                PROVIDE (__noinit_start, .)
 *(.noinit*)
                [!provide]                PROVIDE (__noinit_end, .)
                0x0080191d                _end = .
                [!provide]                PROVIDE (__heap_start, .)

.eeprom         0x00810000     0x1000
 *(.eeprom*)
 .eeprom        0x00810000     0x1000 ee_prom.o
                0x00810000                ee
                0x00811000                __eeprom_end = .

.fuse
 *(.fuse)
 *(.lfuse)
 *(.hfuse)
 *(.efuse)

.lock
 *(.lock*)

.signature
 *(.signature*)

.user_signatures
 *(.user_signatures*)

.stab
 *(.stab)

.stabstr
 *(.stabstr)

.stab.excl
 *(.stab.excl)

.stab.exclstr
 *(.stab.exclstr)

.stab.index
 *(.stab.index)

.stab.indexstr
 *(.stab.indexstr)

.comment        0x00000000       0x30
 *(.comment)
 .comment       0x00000000       0x30 ee_prom.o
                                 0x31 (size before relaxing)
 .comment       0x00000030       0x31 hwtimer.o
 .comment       0x00000030       0x31 initio.o
 .comment       0x00000030       0x31 lcd_u.o
 .comment       0x00000030       0x31 log.o
 .comment       0x00000030       0x31 main.o
 .comment       0x00000030       0x31 menu.o
 .comment       0x00000030       0x31 message.o
 .comment       0x00000030       0x31 Midi.o
 .comment       0x00000030       0x31 serial.o
 .comment       0x00000030       0x31 utils.o

.note.gnu.avr.deviceinfo
                0x00000000       0x40
 .note.gnu.avr.deviceinfo
                0x00000000       0x40 C:/Program Files (x86)/Atmel/Studio/7.0/Packs/atmel/ATmega_DFP/1.2.209/gcc/dev/atmega2560/avr6/crtatmega2560.o

.note.gnu.build-id
 *(.note.gnu.build-id)

.debug
 *(.debug)

.line
 *(.line)

.debug_srcinfo
 *(.debug_srcinfo)

.debug_sfnames
 *(.debug_sfnames)

.debug_aranges  0x00000000      0xad0
 *(.debug_aranges)
 .debug_aranges
                0x00000000      0x108 ee_prom.o
 .debug_aranges
                0x00000108       0x90 hwtimer.o
 .debug_aranges
                0x00000198       0x20 initio.o
 .debug_aranges
                0x000001b8       0x70 lcd_u.o
 .debug_aranges
                0x00000228       0x70 log.o
 .debug_aranges
                0x00000298       0x20 main.o
 .debug_aranges
                0x000002b8      0x380 menu.o
 .debug_aranges
                0x00000638       0x60 message.o
 .debug_aranges
                0x00000698      0x160 Midi.o
 .debug_aranges
                0x000007f8       0xe8 serial.o
 .debug_aranges
                0x000008e0      0x130 utils.o
 .debug_aranges
                0x00000a10       0x20 C:/Program Files (x86)/Atmel/Studio/7.0/Packs/atmel/ATmega_DFP/1.2.209/gcc/dev/atmega2560/avr6\libatmega2560.a(eerd_block.o)
 .debug_aranges
                0x00000a30       0x20 C:/Program Files (x86)/Atmel/Studio/7.0/Packs/atmel/ATmega_DFP/1.2.209/gcc/dev/atmega2560/avr6\libatmega2560.a(eerd_byte.o)
 .debug_aranges
                0x00000a50       0x20 C:/Program Files (x86)/Atmel/Studio/7.0/Packs/atmel/ATmega_DFP/1.2.209/gcc/dev/atmega2560/avr6\libatmega2560.a(eerd_word.o)
 .debug_aranges
                0x00000a70       0x20 C:/Program Files (x86)/Atmel/Studio/7.0/Packs/atmel/ATmega_DFP/1.2.209/gcc/dev/atmega2560/avr6\libatmega2560.a(eeupd_block.o)
 .debug_aranges
                0x00000a90       0x20 C:/Program Files (x86)/Atmel/Studio/7.0/Packs/atmel/ATmega_DFP/1.2.209/gcc/dev/atmega2560/avr6\libatmega2560.a(eeupd_byte.o)
 .debug_aranges
                0x00000ab0       0x20 C:/Program Files (x86)/Atmel/Studio/7.0/Packs/atmel/ATmega_DFP/1.2.209/gcc/dev/atmega2560/avr6\libatmega2560.a(eeupd_word.o)

.debug_pubnames
 *(.debug_pubnames)

.debug_info     0x00000000     0xe877
 *(.debug_info .gnu.linkonce.wi.*)
 .debug_info    0x00000000      0xbbc C:/Program Files (x86)/Atmel/Studio/7.0/Packs/atmel/ATmega_DFP/1.2.209/gcc/dev/atmega2560/avr6/crtatmega2560.o
 .debug_info    0x00000bbc     0x1c47 ee_prom.o
 .debug_info    0x00002803      0xf8d hwtimer.o
 .debug_info    0x00003790       0x83 initio.o
 .debug_info    0x00003813      0x78e lcd_u.o
 .debug_info    0x00003fa1      0x720 log.o
 .debug_info    0x000046c1     0x11c3 main.o
 .debug_info    0x00005884     0x4a7e menu.o
 .debug_info    0x0000a302      0x43b message.o
 .debug_info    0x0000a73d     0x1d28 Midi.o
 .debug_info    0x0000c465      0xffc serial.o
 .debug_info    0x0000d461     0x1009 utils.o
 .debug_info    0x0000e46a       0xad C:/Program Files (x86)/Atmel/Studio/7.0/Packs/atmel/ATmega_DFP/1.2.209/gcc/dev/atmega2560/avr6\libatmega2560.a(eerd_block.o)
 .debug_info    0x0000e517       0xac C:/Program Files (x86)/Atmel/Studio/7.0/Packs/atmel/ATmega_DFP/1.2.209/gcc/dev/atmega2560/avr6\libatmega2560.a(eerd_byte.o)
 .debug_info    0x0000e5c3       0xac C:/Program Files (x86)/Atmel/Studio/7.0/Packs/atmel/ATmega_DFP/1.2.209/gcc/dev/atmega2560/avr6\libatmega2560.a(eerd_word.o)
 .debug_info    0x0000e66f       0xae C:/Program Files (x86)/Atmel/Studio/7.0/Packs/atmel/ATmega_DFP/1.2.209/gcc/dev/atmega2560/avr6\libatmega2560.a(eeupd_block.o)
 .debug_info    0x0000e71d       0xad C:/Program Files (x86)/Atmel/Studio/7.0/Packs/atmel/ATmega_DFP/1.2.209/gcc/dev/atmega2560/avr6\libatmega2560.a(eeupd_byte.o)
 .debug_info    0x0000e7ca       0xad C:/Program Files (x86)/Atmel/Studio/7.0/Packs/atmel/ATmega_DFP/1.2.209/gcc/dev/atmega2560/avr6\libatmega2560.a(eeupd_word.o)

.debug_abbrev   0x00000000     0x260c
 *(.debug_abbrev)
 .debug_abbrev  0x00000000      0xb1a C:/Program Files (x86)/Atmel/Studio/7.0/Packs/atmel/ATmega_DFP/1.2.209/gcc/dev/atmega2560/avr6/crtatmega2560.o
 .debug_abbrev  0x00000b1a      0x2af ee_prom.o
 .debug_abbrev  0x00000dc9      0x373 hwtimer.o
 .debug_abbrev  0x0000113c       0x51 initio.o
 .debug_abbrev  0x0000118d      0x23e lcd_u.o
 .debug_abbrev  0x000013cb      0x1d6 log.o
 .debug_abbrev  0x000015a1      0x212 main.o
 .debug_abbrev  0x000017b3      0x323 menu.o
 .debug_abbrev  0x00001ad6      0x1c2 message.o
 .debug_abbrev  0x00001c98      0x335 Midi.o
 .debug_abbrev  0x00001fcd      0x312 serial.o
 .debug_abbrev  0x000022df      0x2b5 utils.o
 .debug_abbrev  0x00002594       0x14 C:/Program Files (x86)/Atmel/Studio/7.0/Packs/atmel/ATmega_DFP/1.2.209/gcc/dev/atmega2560/avr6\libatmega2560.a(eerd_block.o)
 .debug_abbrev  0x000025a8       0x14 C:/Program Files (x86)/Atmel/Studio/7.0/Packs/atmel/ATmega_DFP/1.2.209/gcc/dev/atmega2560/avr6\libatmega2560.a(eerd_byte.o)
 .debug_abbrev  0x000025bc       0x14 C:/Program Files (x86)/Atmel/Studio/7.0/Packs/atmel/ATmega_DFP/1.2.209/gcc/dev/atmega2560/avr6\libatmega2560.a(eerd_word.o)
 .debug_abbrev  0x000025d0       0x14 C:/Program Files (x86)/Atmel/Studio/7.0/Packs/atmel/ATmega_DFP/1.2.209/gcc/dev/atmega2560/avr6\libatmega2560.a(eeupd_block.o)
 .debug_abbrev  0x000025e4       0x14 C:/Program Files (x86)/Atmel/Studio/7.0/Packs/atmel/ATmega_DFP/1.2.209/gcc/dev/atmega2560/avr6\libatmega2560.a(eeupd_byte.o)
 .debug_abbrev  0x000025f8       0x14 C:/Program Files (x86)/Atmel/Studio/7.0/Packs/atmel/ATmega_DFP/1.2.209/gcc/dev/atmega2560/avr6\libatmega2560.a(eeupd_word.o)

.debug_line     0x00000000     0x8955
 *(.debug_line .debug_line.* .debug_line_end)
 .debug_line    0x00000000      0x1f9 C:/Program Files (x86)/Atmel/Studio/7.0/Packs/atmel/ATmega_DFP/1.2.209/gcc/dev/atmega2560/avr6/crtatmega2560.o
 .debug_line    0x000001f9      0x997 ee_prom.o
 .debug_line    0x00000b90      0xcd6 hwtimer.o
 .debug_line    0x00001866       0xfb initio.o
 .debug_line    0x00001961      0x4e3 lcd_u.o
 .debug_line    0x00001e44      0x41d log.o
 .debug_line    0x00002261      0x8ed main.o
 .debug_line    0x00002b4e     0x2bf9 menu.o
 .debug_line    0x00005747      0x347 message.o
 .debug_line    0x00005a8e     0x14d8 Midi.o
 .debug_line    0x00006f66      0xa20 serial.o
 .debug_line    0x00007986      0xc86 utils.o
 .debug_line    0x0000860c       0xab C:/Program Files (x86)/Atmel/Studio/7.0/Packs/atmel/ATmega_DFP/1.2.209/gcc/dev/atmega2560/avr6\libatmega2560.a(eerd_block.o)
 .debug_line    0x000086b7       0x7a C:/Program Files (x86)/Atmel/Studio/7.0/Packs/atmel/ATmega_DFP/1.2.209/gcc/dev/atmega2560/avr6\libatmega2560.a(eerd_byte.o)
 .debug_line    0x00008731       0x67 C:/Program Files (x86)/Atmel/Studio/7.0/Packs/atmel/ATmega_DFP/1.2.209/gcc/dev/atmega2560/avr6\libatmega2560.a(eerd_word.o)
 .debug_line    0x00008798       0xa5 C:/Program Files (x86)/Atmel/Studio/7.0/Packs/atmel/ATmega_DFP/1.2.209/gcc/dev/atmega2560/avr6\libatmega2560.a(eeupd_block.o)
 .debug_line    0x0000883d       0xb6 C:/Program Files (x86)/Atmel/Studio/7.0/Packs/atmel/ATmega_DFP/1.2.209/gcc/dev/atmega2560/avr6\libatmega2560.a(eeupd_byte.o)
 .debug_line    0x000088f3       0x62 C:/Program Files (x86)/Atmel/Studio/7.0/Packs/atmel/ATmega_DFP/1.2.209/gcc/dev/atmega2560/avr6\libatmega2560.a(eeupd_word.o)

.debug_frame    0x00000000     0x1ae0
 *(.debug_frame)
 .debug_frame   0x00000000      0x3c4 ee_prom.o
 .debug_frame   0x000003c4      0x168 hwtimer.o
 .debug_frame   0x0000052c       0x24 initio.o
 .debug_frame   0x00000550      0x108 lcd_u.o
 .debug_frame   0x00000658       0xec log.o
 .debug_frame   0x00000744       0x24 main.o
 .debug_frame   0x00000768      0x8ac menu.o
 .debug_frame   0x00001014       0xa4 message.o
 .debug_frame   0x000010b8      0x410 Midi.o
 .debug_frame   0x000014c8      0x334 serial.o
 .debug_frame   0x000017fc      0x2e4 utils.o

.debug_str      0x00000000     0x32dd
 *(.debug_str)
 .debug_str     0x00000000      0x3e6 C:/Program Files (x86)/Atmel/Studio/7.0/Packs/atmel/ATmega_DFP/1.2.209/gcc/dev/atmega2560/avr6/crtatmega2560.o
 .debug_str     0x000003e6      0x7b3 ee_prom.o
                                0x830 (size before relaxing)
 .debug_str     0x00000b99      0x441 hwtimer.o
                                0x612 (size before relaxing)
 .debug_str     0x00000fda       0x1a initio.o
                                0x179 (size before relaxing)
 .debug_str     0x00000ff4      0x10c lcd_u.o
                                0x2d9 (size before relaxing)
 .debug_str     0x00001100      0x1ec log.o
                                0x399 (size before relaxing)
 .debug_str     0x000012ec      0x557 main.o
                                0x8e4 (size before relaxing)
 .debug_str     0x00001843     0x12d1 menu.o
                               0x1ada (size before relaxing)
 .debug_str     0x00002b14       0x9a message.o
                                0x2d7 (size before relaxing)
 .debug_str     0x00002bae      0x37c Midi.o
                                0xb2d (size before relaxing)
 .debug_str     0x00002f2a      0x23e serial.o
                                0x6da (size before relaxing)
 .debug_str     0x00003168      0x175 utils.o
                                0x649 (size before relaxing)

.debug_loc      0x00000000     0x952c
 *(.debug_loc)
 .debug_loc     0x00000000      0xfee ee_prom.o
 .debug_loc     0x00000fee      0xc67 hwtimer.o
 .debug_loc     0x00001c55      0x6e0 lcd_u.o
 .debug_loc     0x00002335      0x669 log.o
 .debug_loc     0x0000299e      0x4be main.o
 .debug_loc     0x00002e5c     0x29da menu.o
 .debug_loc     0x00005836      0x18f message.o
 .debug_loc     0x000059c5     0x1884 Midi.o
 .debug_loc     0x00007249      0xe36 serial.o
 .debug_loc     0x0000807f     0x14ad utils.o

.debug_macinfo
 *(.debug_macinfo)

.debug_weaknames
 *(.debug_weaknames)

.debug_funcnames
 *(.debug_funcnames)

.debug_typenames
 *(.debug_typenames)

.debug_varnames
 *(.debug_varnames)

.debug_pubtypes
 *(.debug_pubtypes)

.debug_ranges   0x00000000      0xe88
 *(.debug_ranges)
 .debug_ranges  0x00000000      0x140 ee_prom.o
 .debug_ranges  0x00000140       0xf8 hwtimer.o
 .debug_ranges  0x00000238       0x10 initio.o
 .debug_ranges  0x00000248       0x78 lcd_u.o
 .debug_ranges  0x000002c0       0x90 log.o
 .debug_ranges  0x00000350       0x28 main.o
 .debug_ranges  0x00000378      0x4b0 menu.o
 .debug_ranges  0x00000828       0x50 message.o
 .debug_ranges  0x00000878      0x358 Midi.o
 .debug_ranges  0x00000bd0      0x108 serial.o
 .debug_ranges  0x00000cd8      0x1b0 utils.o

.debug_macro
 *(.debug_macro)
OUTPUT(Pipe1.elf elf32-avr)
LOAD linker stubs
