Archive member included to satisfy reference by file (symbol)

c:/program files (x86)/atmel/studio/7.0/toolchain/avr8/avr8-gnu-toolchain/bin/../lib/gcc/avr/5.4.0/avr6\libgcc.a(_exit.o)
                              C:/Program Files (x86)/Atmel/Studio/7.0/Packs/atmel/ATmega_DFP/1.2.209/gcc/dev/atmega2560/avr6/crtatmega2560.o (exit)
c:/program files (x86)/atmel/studio/7.0/toolchain/avr8/avr8-gnu-toolchain/bin/../lib/gcc/avr/5.4.0/avr6\libgcc.a(_tablejump2.o)
                              menu.o (__tablejump2__)
c:/program files (x86)/atmel/studio/7.0/toolchain/avr8/avr8-gnu-toolchain/bin/../lib/gcc/avr/5.4.0/avr6\libgcc.a(_copy_data.o)
                              Midi.o (__do_copy_data)
c:/program files (x86)/atmel/studio/7.0/toolchain/avr8/avr8-gnu-toolchain/bin/../lib/gcc/avr/5.4.0/avr6\libgcc.a(_clear_bss.o)
                              ee_prom.o (__do_clear_bss)
C:/Program Files (x86)/Atmel/Studio/7.0/Packs/atmel/ATmega_DFP/1.2.209/gcc/dev/atmega2560/avr6\libatmega2560.a(eerd_block.o)
                              ee_prom.o (eeprom_read_block)
C:/Program Files (x86)/Atmel/Studio/7.0/Packs/atmel/ATmega_DFP/1.2.209/gcc/dev/atmega2560/avr6\libatmega2560.a(eerd_byte.o)
                              ee_prom.o (eeprom_read_byte)
C:/Program Files (x86)/Atmel/Studio/7.0/Packs/atmel/ATmega_DFP/1.2.209/gcc/dev/atmega2560/avr6\libatmega2560.a(eerd_word.o)
                              ee_prom.o (eeprom_read_word)
C:/Program Files (x86)/Atmel/Studio/7.0/Packs/atmel/ATmega_DFP/1.2.209/gcc/dev/atmega2560/avr6\libatmega2560.a(eeupd_block.o)
                              ee_prom.o (eeprom_update_block)
C:/Program Files (x86)/Atmel/Studio/7.0/Packs/atmel/ATmega_DFP/1.2.209/gcc/dev/atmega2560/avr6\libatmega2560.a(eeupd_byte.o)
                              ee_prom.o (eeprom_update_byte)
C:/Program Files (x86)/Atmel/Studio/7.0/Packs/atmel/ATmega_DFP/1.2.209/gcc/dev/atmega2560/avr6\libatmega2560.a(eeupd_word.o)
                              ee_prom.o (eeprom_update_word)

Allocating common symbols
Common symbol       size              file

serUSBTxBuffer      0x800             serial.o
serUSBTxOutIndex    0x2               serial.o
menuStackIndex      0x1               menu.o
menu_TestModuleErrorList
                    0x4               menu.o
log_unreadErrors    0x1               log.o
menuVRegisters      0x8               menu.o
Log_TextBuff        0x28              log.o
msgOutIndex         0x1               message.o
prog_Display        0x1               Midi.o
midiTxInIndex       0x1               serial.o
serESPOvflFlag      0x1               serial.o
dataType            0x1               menu.o
nibbleIndex         0x1               menu.o
swTimer             0x12              hwtimer.o
menuVmanual         0x1               menu.o
serESPInBuffer      0x8               serial.o
time_Uptime         0x4               hwtimer.o
serESPRxOutIndex    0x2               serial.o
pipeMessages        0x200             message.o
menuVmodule         0x1               menu.o
midiRxOvfl          0x1               serial.o
pNibbleInfo         0x2               menu.o
midiTxOutIndex      0x1               serial.o
menuStack           0x20              menu.o
midiTxLastCmd       0x1               serial.o
pipeMsgInIndex      0x1               message.o
serESPRxInIndex     0x2               serial.o
midiTxOvfl          0x1               serial.o
registerMap         0x18              Midi.o
menuManual          0x1               menu.o
serUSBRxBuffer      0x40              serial.o
pipe_PowerStatus    0x1               hwtimer.o
pipeProcessing      0x1               hwtimer.o
prog_UpdDisplay     0x1               Midi.o
midiRxBuffer        0x100             serial.o
midiRxBuffUsage     0x1               serial.o
msecCtr             0x1               hwtimer.o
midiTxBuffer        0x100             serial.o
lcd_cursorIsOn      0x1               utils.o
log_List            0x190             log.o
editByte            0x1               utils.o
pMenuTopTitle       0x2               menu.o
pipe_ModuleTested   0x1               hwtimer.o
displayMessageArea  0x1               menu.o
lcd_buffer          0x50              lcd_u.o
serESPTxOutIndex    0x2               serial.o
messageFromESP      0x1               main.o
menuNote            0x1               menu.o
pipe                0x100             hwtimer.o
midiRxInIndex       0x1               serial.o
registerCount       0x1               Midi.o
serESPTxInIndex     0x2               serial.o
nibbleCount         0x1               menu.o
menuSection         0x1               menu.o
midi_Couplers       0xc               Midi.o
msgOverflow         0x1               message.o
dataEntry32         0x4               menu.o
pLogEnd             0x2               log.o
menu_TestModuleBitCounter
                    0x1               menu.o
menuVmidiChan       0x1               menu.o
midiDataByteCount   0x1               Midi.o
menuVKombination    0x1               menu.o
[...]
Memory Configuration

Name             Origin             Length             Attributes
text             0x00000000         0x00100000         xr
data             0x00800200         0x0000fe00         rw !x
eeprom           0x00810000         0x00010000         rw !x
fuse             0x00820000         0x00000003         rw !x
lock             0x00830000         0x00000400         rw !x
signature        0x00840000         0x00000400         rw !x
user_signatures  0x00850000         0x00000400         rw !x
*default*        0x00000000         0xffffffff

Linker script and memory map

Address of section .data set to 0x800200
LOAD C:/Program Files (x86)/Atmel/Studio/7.0/Packs/atmel/ATmega_DFP/1.2.209/gcc/dev/atmega2560/avr6/crtatmega2560.o
LOAD ee_prom.o
LOAD hwtimer.o
LOAD initio.o
LOAD lcd_u.o
LOAD log.o
LOAD main.o
LOAD menu.o
LOAD message.o
LOAD Midi.o
LOAD serial.o
LOAD utils.o
START GROUP
LOAD c:/program files (x86)/atmel/studio/7.0/toolchain/avr8/avr8-gnu-toolchain/bin/../lib/gcc/avr/5.4.0/../../../../avr/lib/avr6\libm.a
END GROUP
START GROUP
LOAD c:/program files (x86)/atmel/studio/7.0/toolchain/avr8/avr8-gnu-toolchain/bin/../lib/gcc/avr/5.4.0/avr6\libgcc.a
LOAD c:/program files (x86)/atmel/studio/7.0/toolchain/avr8/avr8-gnu-toolchain/bin/../lib/gcc/avr/5.4.0/../../../../avr/lib/avr6\libm.a
LOAD c:/program files (x86)/atmel/studio/7.0/toolchain/avr8/avr8-gnu-toolchain/bin/../lib/gcc/avr/5.4.0/../../../../avr/lib/avr6\libc.a
LOAD C:/Program Files (x86)/Atmel/Studio/7.0/Packs/atmel/ATmega_DFP/1.2.209/gcc/dev/atmega2560/avr6\libatmega2560.a
END GROUP
                0x00100000                __TEXT_REGION_LENGTH__ = DEFINED (__TEXT_REGION_LENGTH__)?__TEXT_REGION_LENGTH__:0x100000
                0x0000fe00                __DATA_REGION_LENGTH__ = DEFINED (__DATA_REGION_LENGTH__)?__DATA_REGION_LENGTH__:0xfe00
                0x00010000                __EEPROM_REGION_LENGTH__ = DEFINED (__EEPROM_REGION_LENGTH__)?__EEPROM_REGION_LENGTH__:0x10000
                [0x00000003]                __FUSE_REGION_LENGTH__ = DEFINED (__FUSE_REGION_LENGTH__)?__FUSE_REGION_LENGTH__:0x400
                0x00000400                __LOCK_REGION_LENGTH__ = DEFINED (__LOCK_REGION_LENGTH__)?__LOCK_REGION_LENGTH__:0x400
                0x00000400                __SIGNATURE_REGION_LENGTH__ = DEFINED (__SIGNATURE_REGION_LENGTH__)?__SIGNATURE_REGION_LENGTH__:0x400
                0x00000400                __USER_SIGNATURE_REGION_LENGTH__ = DEFINED (__USER_SIGNATURE_REGION_LENGTH__)?__USER_SIGNATURE_REGION_LENGTH__:0x400

.hash
 *(.hash)

.dynsym
 *(.dynsym)

.dynstr
 *(.dynstr)

.gnu.version
 *(.gnu.version)

.gnu.version_d
 *(.gnu.version_d)

.gnu.version_r
 *(.gnu.version_r)

.rel.init
 *(.rel.init)

.rela.init
 *(.rela.init)

.rel.text
 *(.rel.text)
 *(.rel.text.*)
 *(.rel.gnu.linkonce.t*)

.rela.text
 *(.rela.text)
 *(.rela.text.*)
 *(.rela.gnu.linkonce.t*)

.rel.fini
 *(.rel.fini)

.rela.fini
 *(.rela.fini)

.rel.rodata
 *(.rel.rodata)
 *(.rel.rodata.*)
 *(.rel.gnu.linkonce.r*)

.rela.rodata
 *(.rela.rodata)
 *(.rela.rodata.*)
 *(.rela.gnu.linkonce.r*)

.rel.data
 *(.rel.data)
 *(.rel.data.*)
 *(.rel.gnu.linkonce.d*)

.rela.data
 *(.rela.data)
 *(.rela.data.*)
 *(.rela.gnu.linkonce.d*)

.rel.ctors
 *(.rel.ctors)

.rela.ctors
 *(.rela.ctors)

.rel.dtors
 *(.rel.dtors)

.rela.dtors
 *(.rela.dtors)

.rel.got
 *(.rel.got)

.rela.got
 *(.rela.got)

.rel.bss
 *(.rel.bss)

.rela.bss
 *(.rela.bss)

.rel.plt
 *(.rel.plt)

.rela.plt
 *(.rela.plt)

.text           0x00000000     0x795e
 *(.vectors)
 .vectors       0x00000000       0xe4 C:/Program Files (x86)/Atmel/Studio/7.0/Packs/atmel/ATmega_DFP/1.2.209/gcc/dev/atmega2560/avr6/crtatmega2560.o
                0x00000000                __vector_default
                0x00000000                __vectors
 *(.vectors)
 *(.progmem.gcc*)
 .progmem.gcc_sw_table.dataToNibbles
                0x000000e4       0x1a menu.o
 .progmem.gcc_sw_table.nibbleToLCDstring
                0x000000fe       0x1a menu.o
 .progmem.gcc_sw_table.nibbleChange
                0x00000118       0x1a menu.o
 .progmem.gcc_sw_table.nibbleToData
                0x00000132       0x1a menu.o
 .progmem.gcc_sw_table.lcd_noteOut
                0x0000014c       0x18 utils.o
                0x00000164                . = ALIGN (0x2)
                0x00000164                __trampolines_start = .
 *(.trampolines)
 .trampolines   0x00000164        0x0 linker stubs
 *(.trampolines*)
                0x00000164                __trampolines_end = .
 *libprintf_flt.a:*(.progmem.data)
 *libc.a:*(.progmem.data)
 *(.progmem*)
 .progmem.data.stringLog
                0x00000164        0x6 log.o
                0x00000164                stringLog
 .progmem.data.ErrorText
                0x0000016a      0x120 log.o
                0x0000016a                ErrorText
 .progmem.data.panicString
                0x0000028a        0x9 main.o
                0x0000028a                panicString
 .progmem.data.releaseKeyString
                0x00000293       0x12 main.o
                0x00000293                releaseKeyString
 .progmem.data.prog_name
                0x000002a5        0xf main.o
                0x000002a5                prog_name
 .progmem.data.usbHWnone
                0x000002b4        0x5 menu.o
                0x000002b4                usbHWnone
 .progmem.data.usbHWmidiThru
                0x000002b9        0xc menu.o
                0x000002b9                usbHWmidiThru
 .progmem.data.usbHWmidiOut
                0x000002c5        0xa menu.o
                0x000002c5                usbHWmidiOut
 .progmem.data.usbHWmidiIn
                0x000002cf        0x9 menu.o
                0x000002cf                usbHWmidiIn
 .progmem.data.usbHWmidichanSW
                0x000002d8       0x22 menu.o
                0x000002d8                usbHWmidichanSW
 .progmem.data.usbHWBits
                0x000002fa        0x8 menu.o
                0x000002fa                usbHWBits
 .progmem.data.usbHWmodule
                0x00000302        0x8 menu.o
                0x00000302                usbHWmodule
 .progmem.data.usbHWempty
                0x0000030a        0x6 menu.o
                0x0000030a                usbHWempty
 .progmem.data.usbHWRegister
                0x00000310        0xc menu.o
                0x00000310                usbHWRegister
 .progmem.data.usbHWRange
                0x0000031c        0x7 menu.o
                0x0000031c                usbHWRange
 .progmem.data.usbHWManual
                0x00000323        0x9 menu.o
                0x00000323                usbHWManual
 .progmem.data.usbHWmodulCheck
                0x0000032c       0x12 menu.o
                0x0000032c                usbHWmodulCheck
 .progmem.data.usbHWmodulInst
                0x0000033e       0x13 menu.o
                0x0000033e                usbHWmodulInst
 .progmem.data.usbHWtitel
                0x00000351       0x19 menu.o
                0x00000351                usbHWtitel
 .progmem.data.HelloMsg
                0x0000036a       0x19 menu.o
                0x0000036a                HelloMsg
 .progmem.data.usbLog
                0x00000383        0x6 menu.o
                0x00000383                usbLog
 .progmem.data.usbEmpty
                0x00000389        0x8 menu.o
                0x00000389                usbEmpty
 .progmem.data.msg_programming1
                0x00000391        0x8 menu.o
                0x00000391                msg_programming1
 .progmem.data.logNone
                0x00000399        0x7 menu.o
                0x00000399                logNone
 .progmem.data.stringNotAssigen
                0x000003a0        0xb menu.o
                0x000003a0                stringNotAssigen
 .progmem.data.menuMessageE
                0x000003ab        0x3 menu.o
                0x000003ab                menuMessageE
 .progmem.data.menuMessageOK
                0x000003ae        0x4 menu.o
                0x000003ae                menuMessageOK
 .progmem.data.menuMessageAbort
                0x000003b2        0x6 menu.o
                0x000003b2                menuMessageAbort
 .progmem.data.menuMessageMIDIpanic
                0x000003b8        0xf menu.o
                0x000003b8                menuMessageMIDIpanic
 .progmem.data.messageRegisterMan
                0x000003c7        0x2 menu.o
                0x000003c7                messageRegisterMan
 .progmem.data.messageLoaded
                0x000003c9        0x5 menu.o
                0x000003c9                messageLoaded
 .progmem.data.messageSaved
                0x000003ce        0x8 menu.o
                0x000003ce                messageSaved
 .progmem.data.MenuMIDIOutText
                0x000003d6        0x5 menu.o
                0x000003d6                MenuMIDIOutText
 .progmem.data.MenuMIDIInText
                0x000003db        0x4 menu.o
                0x000003db                MenuMIDIInText
 .progmem.data.initMenuText
                0x000003df        0xa menu.o
                0x000003df                initMenuText
 .progmem.data.nibbleInfo
                0x000003e9       0x87 menu.o
                0x000003e9                nibbleInfo
 .progmem.data.menu_selFunc
                0x00000470      0x21c menu.o
                0x00000470                menu_selFunc
 .progmem.data.shortKeyTextRegOff
                0x0000068c        0xa menu.o
                0x0000068c                shortKeyTextRegOff
 .progmem.data.shortKeyTextPRS
                0x00000696        0xa menu.o
                0x00000696                shortKeyTextPRS
 .progmem.data.shortKeyTextPRD
                0x000006a0        0xa menu.o
                0x000006a0                shortKeyTextPRD
 .progmem.data.shortKeyTextPRI
                0x000006aa        0xa menu.o
                0x000006aa                shortKeyTextPRI
 .progmem.data.shortKeyTextPRM
                0x000006b4        0xa menu.o
                0x000006b4                shortKeyTextPRM
 .progmem.data.shortKeyTextPRP
                0x000006be        0xa menu.o
                0x000006be                shortKeyTextPRP
 .progmem.data.shortKeyTextK4A
                0x000006c8        0xa menu.o
                0x000006c8                shortKeyTextK4A
 .progmem.data.shortKeyTextK3A
                0x000006d2        0xa menu.o
                0x000006d2                shortKeyTextK3A
 .progmem.data.shortKeyTextK2A
                0x000006dc        0xa menu.o
                0x000006dc                shortKeyTextK2A
 .progmem.data.shortKeyTextK1A
                0x000006e6        0xa menu.o
                0x000006e6                shortKeyTextK1A
 .progmem.data.shortKeyTextCpl1P
                0x000006f0        0xa menu.o
                0x000006f0                shortKeyTextCpl1P
 .progmem.data.shortKeyTextCpl2P
                0x000006fa        0xa menu.o
                0x000006fa                shortKeyTextCpl2P
 .progmem.data.shortKeyTextCpl21
                0x00000704        0xa menu.o
                0x00000704                shortKeyTextCpl21
 .progmem.data.shortKeyTextCpl3P
                0x0000070e        0xa menu.o
                0x0000070e                shortKeyTextCpl3P
 .progmem.data.shortKeyTextCpl31
                0x00000718        0xa menu.o
                0x00000718                shortKeyTextCpl31
 .progmem.data.shortKeyTextCpl32
                0x00000722        0xa menu.o
                0x00000722                shortKeyTextCpl32
 .progmem.data.shortKeyTextCplP1
                0x0000072c        0xa menu.o
                0x0000072c                shortKeyTextCplP1
 .progmem.data.shortKeyTextCplP2
                0x00000736        0xa menu.o
                0x00000736                shortKeyTextCplP2
 .progmem.data.shortKeyTextCpl12
                0x00000740        0xa menu.o
                0x00000740                shortKeyTextCpl12
 .progmem.data.shortKeyTextCplP3
                0x0000074a        0xa menu.o
                0x0000074a                shortKeyTextCplP3
 .progmem.data.shortKeyTextCpl13
                0x00000754        0xa menu.o
                0x00000754                shortKeyTextCpl13
 .progmem.data.shortKeyTextCpl23
                0x0000075e        0xa menu.o
                0x0000075e                shortKeyTextCpl23
 .progmem.data.shortKeyTextMIDIoff
                0x00000768        0xa menu.o
                0x00000768                shortKeyTextMIDIoff
 .progmem.data.shortKeyTextSetup
                0x00000772        0xa menu.o
                0x00000772                shortKeyTextSetup
 .progmem.data.shortKeyTextStim
                0x0000077c        0xa menu.o
                0x0000077c                shortKeyTextStim
 .progmem.data.shortKeyTextMenu
                0x00000786        0xa menu.o
                0x00000786                shortKeyTextMenu
 .progmem.data.shortKeyTextNone
                0x00000790        0xa menu.o
                0x00000790                shortKeyTextNone
 .progmem.data.menu_main
                0x0000079a       0x78 menu.o
                0x0000079a                menu_main
 .progmem.data.menu_manual
                0x00000812       0x28 menu.o
                0x00000812                menu_manual
 .progmem.data.menu_register
                0x0000083a       0xdc menu.o
                0x0000083a                menu_register
 .progmem.data.menu_coupler
                0x00000916       0xf0 menu.o
                0x00000916                menu_coupler
 .progmem.data.menu_midi
                0x00000a06       0xc8 menu.o
                0x00000a06                menu_midi
 .progmem.data.menu_midiIn
                0x00000ace      0x140 menu.o
                0x00000ace                menu_midiIn
 .progmem.data.menu_midiInSec
                0x00000c0e       0x50 menu.o
                0x00000c0e                menu_midiInSec
 .progmem.data.menu_midiInVar
                0x00000c5e       0x50 menu.o
                0x00000c5e                menu_midiInVar
 .progmem.data.menu_key
                0x00000cae       0x50 menu.o
                0x00000cae                menu_key
 .progmem.data.menu_tune
                0x00000cfe       0x50 menu.o
                0x00000cfe                menu_tune
 .progmem.data.menu_midiOut
                0x00000d4e       0xa0 menu.o
                0x00000d4e                menu_midiOut
 .progmem.data.menu_setup
                0x00000dee       0x50 menu.o
                0x00000dee                menu_setup
 .progmem.data.menu_eeprom
                0x00000e3e       0x3c menu.o
                0x00000e3e                menu_eeprom
 .progmem.data.menu_Power
                0x00000e7a       0x3c menu.o
                0x00000e7a                menu_Power
 .progmem.data.menu_module
                0x00000eb6       0x64 menu.o
                0x00000eb6                menu_module
 .progmem.data.menu_ModeSel
                0x00000f1a       0xa0 menu.o
                0x00000f1a                menu_ModeSel
 .progmem.data.menu_ModTestSelcted
                0x00000fba       0x50 menu.o
                0x00000fba                menu_ModTestSelcted
 .progmem.data.menu_modAssign
                0x0000100a       0x64 menu.o
                0x0000100a                menu_modAssign
 .progmem.data.menu_modSection8
                0x0000106e       0xa0 menu.o
                0x0000106e                menu_modSection8
 .progmem.data.menu_modSection
                0x0000110e       0x50 menu.o
                0x0000110e                menu_modSection
 .progmem.data.menu_modDefineReg
                0x0000115e       0x3c menu.o
                0x0000115e                menu_modDefineReg
 .progmem.data.menu_modDefine
                0x0000119a       0x3c menu.o
                0x0000119a                menu_modDefine
 .progmem.data.menu_status
                0x000011d6       0x50 menu.o
                0x000011d6                menu_status
 .progmem.data.menu_USBser
                0x00001226       0x3c menu.o
                0x00001226                menu_USBser
 .progmem.data.sw_version
                0x00001262        0x6 menu.o
                0x00001262                sw_version
 .progmem.data.cplInfo
                0x00001268       0x18 Midi.o
                0x00001268                cplInfo
 .progmem.data.keylabel_1
                0x00001280        0x2 utils.o
                0x00001280                keylabel_1
 .progmem.data.keylabel_0
                0x00001282        0x2 utils.o
                0x00001282                keylabel_0
 .progmem.data.keylabel_text
                0x00001284        0x6 utils.o
                0x00001284                keylabel_text
 .progmem.data.keylabel_exit
                0x0000128a        0x5 utils.o
                0x0000128a                keylabel_exit
 .progmem.data.keylabel_off
                0x0000128f        0x5 utils.o
                0x0000128f                keylabel_off
 .progmem.data.keylabel_on
                0x00001294        0x5 utils.o
                0x00001294                keylabel_on
 .progmem.data.keylabel_onoff
                0x00001299        0x5 utils.o
                0x00001299                keylabel_onoff
 .progmem.data.keylabel_minus
                0x0000129e        0x2 utils.o
                0x0000129e                keylabel_minus
 .progmem.data.keylabel_plus
                0x000012a0        0x2 utils.o
                0x000012a0                keylabel_plus
 .progmem.data.keylabel_left
                0x000012a2        0x2 utils.o
                0x000012a2                keylabel_left
 .progmem.data.keylabel_right
                0x000012a4        0x2 utils.o
                0x000012a4                keylabel_right
 .progmem.data.keylabel_down
                0x000012a6        0x2 utils.o
                0x000012a6                keylabel_down
 .progmem.data.keylabel_up
                0x000012a8        0x2 utils.o
                0x000012a8                keylabel_up
 .progmem.data.cgPattern_Block
                0x000012aa        0x8 utils.o
                0x000012aa                cgPattern_Block
 .progmem.data.cgPattern_Down
                0x000012b2        0x8 utils.o
                0x000012b2                cgPattern_Down
 .progmem.data.cgPattern_Up
                0x000012ba        0x8 utils.o
                0x000012ba                cgPattern_Up
 .progmem.data.cr_lf
                0x000012c2        0x3 utils.o
                0x000012c2                cr_lf
                0x000012c6                . = ALIGN (0x2)
 *fill*         0x000012c5        0x1 
 *(.jumptables)
 *(.jumptables*)
 *(.lowtext)
 *(.lowtext*)
                0x000012c6                __ctors_start = .
 *(.ctors)
                0x000012c6                __ctors_end = .
                0x000012c6                __dtors_start = .
 *(.dtors)
                0x000012c6                __dtors_end = .
 SORT(*)(.ctors)
 SORT(*)(.dtors)
 *(.init0)
 .init0         0x000012c6        0x0 C:/Program Files (x86)/Atmel/Studio/7.0/Packs/atmel/ATmega_DFP/1.2.209/gcc/dev/atmega2560/avr6/crtatmega2560.o
                0x000012c6                __init
 *(.init0)
 *(.init1)
 *(.init1)
 *(.init2)
 .init2         0x000012c6       0x10 C:/Program Files (x86)/Atmel/Studio/7.0/Packs/atmel/ATmega_DFP/1.2.209/gcc/dev/atmega2560/avr6/crtatmega2560.o
 *(.init2)
 *(.init3)
 *(.init3)
 *(.init4)
 .init4         0x000012d6       0x1a c:/program files (x86)/atmel/studio/7.0/toolchain/avr8/avr8-gnu-toolchain/bin/../lib/gcc/avr/5.4.0/avr6\libgcc.a(_copy_data.o)
                0x000012d6                __do_copy_data
 .init4         0x000012f0       0x10 c:/program files (x86)/atmel/studio/7.0/toolchain/avr8/avr8-gnu-toolchain/bin/../lib/gcc/avr/5.4.0/avr6\libgcc.a(_clear_bss.o)
                0x000012f0                __do_clear_bss
 *(.init4)
 *(.init5)
 *(.init5)
 *(.init6)
 *(.init6)
 *(.init7)
 *(.init7)
 *(.init8)
 *(.init8)
 *(.init9)
 .init9         0x00001300        0x8 C:/Program Files (x86)/Atmel/Studio/7.0/Packs/atmel/ATmega_DFP/1.2.209/gcc/dev/atmega2560/avr6/crtatmega2560.o
 *(.init9)
 *(.text)
 .text          0x00001308        0x4 C:/Program Files (x86)/Atmel/Studio/7.0/Packs/atmel/ATmega_DFP/1.2.209/gcc/dev/atmega2560/avr6/crtatmega2560.o
                0x00001308                __vector_38
                0x00001308                __vector_22
                0x00001308                __vector_28
                0x00001308                __vector_1
                0x00001308                __vector_32
                0x00001308                __vector_34
                0x00001308                __vector_24
                0x00001308                __vector_12
                0x00001308                __vector_46
                0x00001308                __bad_interrupt
                0x00001308                __vector_6
                0x00001308                __vector_31
                0x00001308                __vector_35
                0x00001308                __vector_39
                0x00001308                __vector_3
                0x00001308                __vector_23
                0x00001308                __vector_30
                0x00001308                __vector_45
                0x00001308                __vector_11
                0x00001308                __vector_13
                0x00001308                __vector_17
                0x00001308                __vector_19
                0x00001308                __vector_56
                0x00001308                __vector_7
                0x00001308                __vector_49
                0x00001308                __vector_41
                0x00001308                __vector_43
                0x00001308                __vector_27
                0x00001308                __vector_5
                0x00001308                __vector_33
                0x00001308                __vector_47
                0x00001308                __vector_52
                0x00001308                __vector_4
                0x00001308                __vector_44
                0x00001308                __vector_51
                0x00001308                __vector_9
                0x00001308                __vector_2
                0x00001308                __vector_15
                0x00001308                __vector_29
                0x00001308                __vector_40
                0x00001308                __vector_8
                0x00001308                __vector_48
                0x00001308                __vector_14
                0x00001308                __vector_53
                0x00001308                __vector_10
                0x00001308                __vector_50
                0x00001308                __vector_16
                0x00001308                __vector_18
                0x00001308                __vector_20
                0x00001308                __vector_42
                0x0000130c                . = ALIGN (0x2)
 *(.text.*)
 .text.crc16_ram
                0x0000130c       0x4c ee_prom.o
                0x0000130c                crc16_ram
 .text.crc16_eeprom
                0x00001358       0x6e ee_prom.o
                0x00001358                crc16_eeprom
 .text.crc16_ram_startVal
                0x000013c6       0x4a ee_prom.o
                0x000013c6                crc16_ram_startVal
 .text.crc16_eeprom_startVal
                0x00001410       0x6c ee_prom.o
                0x00001410                crc16_eeprom_startVal
 .text.eeprom_ReadManualMap
                0x0000147c       0x50 ee_prom.o
                0x0000147c                eeprom_ReadManualMap
 .text.eeprom_ReadMidiInMap
                0x000014cc       0x50 ee_prom.o
                0x000014cc                eeprom_ReadMidiInMap
 .text.eeprom_ReadMidiOutMap
                0x0000151c       0x60 ee_prom.o
                0x0000151c                eeprom_ReadMidiOutMap
 .text.eeprom_ReadModules
                0x0000157c       0x58 ee_prom.o
                0x0000157c                eeprom_ReadModules
 .text.eeprom_ReadMidiThrough
                0x000015d4       0x50 ee_prom.o
                0x000015d4                eeprom_ReadMidiThrough
 .text.eeprom_ReadUSB
                0x00001624       0x4c ee_prom.o
                0x00001624                eeprom_ReadUSB
 .text.eeprom_ReadReg
                0x00001670       0x68 ee_prom.o
                0x00001670                eeprom_ReadReg
 .text.eeprom_ReadProg
                0x000016d8       0x50 ee_prom.o
                0x000016d8                eeprom_ReadProg
 .text.eeprom_ReadSoftkeys
                0x00001728       0x44 ee_prom.o
                0x00001728                eeprom_ReadSoftkeys
 .text.eepromWriteSignature
                0x0000176c       0x16 ee_prom.o
                0x0000176c                eepromWriteSignature
 .text.eeprom_UpdateManualMap
                0x00001782       0x44 ee_prom.o
                0x00001782                eeprom_UpdateManualMap
 .text.eeprom_UpdateMidiInMap
                0x000017c6       0x44 ee_prom.o
                0x000017c6                eeprom_UpdateMidiInMap
 .text.eeprom_UpdateMidiOutMap
                0x0000180a       0x60 ee_prom.o
                0x0000180a                eeprom_UpdateMidiOutMap
 .text.eeprom_UpdateModules
                0x0000186a       0x54 ee_prom.o
                0x0000186a                eeprom_UpdateModules
 .text.eeprom_UpdateUSB
                0x000018be       0x40 ee_prom.o
                0x000018be                eeprom_UpdateUSB
 .text.eeprom_UpdateMidiThrough
                0x000018fe       0x44 ee_prom.o
                0x000018fe                eeprom_UpdateMidiThrough
 .text.eeprom_UpdateReg
                0x00001942       0x5c ee_prom.o
                0x00001942                eeprom_UpdateReg
 .text.eeprom_UpdateProg
                0x0000199e       0x44 ee_prom.o
                0x0000199e                eeprom_UpdateProg
 .text.eeprom_UpdateSoftkeys
                0x000019e2       0x44 ee_prom.o
                0x000019e2                eeprom_UpdateSoftkeys
 .text.eeprom_UpdateALL
                0x00001a26       0x14 ee_prom.o
                0x00001a26                eeprom_UpdateALL
 .text.eepromCopy
                0x00001a3a       0x52 ee_prom.o
                0x00001a3a                eepromCopy
 .text.eeprom_Backup
                0x00001a8c       0x18 ee_prom.o
                0x00001a8c                eeprom_Backup
 .text.eeprom_Restore
                0x00001aa4       0x18 ee_prom.o
                0x00001aa4                eeprom_Restore
 .text.init_Timers
                0x00001abc       0x30 hwtimer.o
                0x00001abc                init_Timers
 .text.init_HwTimer
                0x00001aec       0x1e hwtimer.o
                0x00001aec                init_HwTimer
 .text.init_ADC
                0x00001b0a       0x54 hwtimer.o
                0x00001b0a                init_ADC
 .text.init_Pipe
                0x00001b5e       0x50 hwtimer.o
                0x00001b5e                init_Pipe
 .text.init_PipeModules
                0x00001bae      0x15e hwtimer.o
                0x00001bae                init_PipeModules
 .text.test_PipeModule
                0x00001d0c       0xe8 hwtimer.o
                0x00001d0c                test_PipeModule
 .text.module_TestAllInputs
                0x00001df4       0x28 hwtimer.o
                0x00001df4                module_TestAllInputs
 .text.module_WaitOutputInput2Cycles
                0x00001e1c       0x1a hwtimer.o
                0x00001e1c                module_WaitOutputInput2Cycles
 .text.module_StartPowerOn
                0x00001e36       0x20 hwtimer.o
                0x00001e36                module_StartPowerOn
 .text.module_PowerControl
                0x00001e56       0x8c hwtimer.o
                0x00001e56                module_PowerControl
 .text.softKey_WantLong
                0x00001ee2       0x24 hwtimer.o
                0x00001ee2                softKey_WantLong
 .text.__vector_21
                0x00001f06      0x49c hwtimer.o
                0x00001f06                __vector_21
 .text.pipe_on  0x000023a2       0x1e hwtimer.o
                0x000023a2                pipe_on
 .text.pipe_off
                0x000023c0       0x1c hwtimer.o
                0x000023c0                pipe_off
 .text.init_iopins
                0x000023dc       0x40 initio.o
                0x000023dc                init_iopins
 .text.lcd_write_nibble
                0x0000241c       0x7a lcd_u.o
                0x0000241c                lcd_write_nibble
 .text.lcd_write_character
                0x00002496       0x48 lcd_u.o
                0x00002496                lcd_write_character
 .text.lcd_write_command
                0x000024de       0x5c lcd_u.o
                0x000024de                lcd_write_command
 .text.lcd_init
                0x0000253a       0xb8 lcd_u.o
                0x0000253a                lcd_init
 .text.lcd_goto
                0x000025f2        0xa lcd_u.o
                0x000025f2                lcd_goto
 .text.lcd_clrscr
                0x000025fc       0x1e lcd_u.o
                0x000025fc                lcd_clrscr
 .text.getCursorFromLCDRAMcursor
                0x0000261a       0x2c lcd_u.o
                0x0000261a                getCursorFromLCDRAMcursor
 .text.lcd_putc
                0x00002646       0x70 lcd_u.o
                0x00002646                lcd_putc
 .text.lcd_puts
                0x000026b6       0x20 lcd_u.o
                0x000026b6                lcd_puts
 .text.lcd_puts_P
                0x000026d6       0x20 lcd_u.o
                0x000026d6                lcd_puts_P
 .text.init_log
                0x000026f6       0x16 log.o
                0x000026f6                init_log
 .text.log_count
                0x0000270c       0x3e log.o
                0x0000270c                log_count
 .text.log_getLog
                0x0000274a       0x50 log.o
                0x0000274a                log_getLog
 .text.log_getErrorText
                0x0000279a       0x88 log.o
                0x0000279a                log_getErrorText
 .text.logCheckUnreadErrorLogs
                0x00002822       0x40 log.o
                0x00002822                logCheckUnreadErrorLogs
 .text.log_getShortTextFromPtr
                0x00002862      0x118 log.o
                0x00002862                log_getShortTextFromPtr
 .text.log_put  0x0000297a       0xc8 log.o
                0x0000297a                log_put
 .text.log_putError
                0x00002a42        0xc log.o
                0x00002a42                log_putError
 .text.log_getShortTextFromIndex
                0x00002a4e       0x20 log.o
                0x00002a4e                log_getShortTextFromIndex
 .text.main     0x00002a6e      0x624 main.o
                0x00002a6e                main
 .text.menu_enterWriteModule
                0x00003092       0x78 menu.o
                0x00003092                menu_enterWriteModule
 .text.menu_exitWriteModule
                0x0000310a       0x5a menu.o
                0x0000310a                menu_exitWriteModule
 .text.menuOnEnterModSel
                0x00003164       0x16 menu.o
                0x00003164                menuOnEnterModSel
 .text.menuOnEnterMidiInCh
                0x0000317a       0x16 menu.o
                0x0000317a                menuOnEnterMidiInCh
 .text.menuOnEnterMidiInSec
                0x00003190       0x3c menu.o
                0x00003190                menuOnEnterMidiInSec
 .text.menuOnEnterModManual
                0x000031cc       0x16 menu.o
                0x000031cc                menuOnEnterModManual
 .text.menuOnEnterModSec
                0x000031e2       0x4a menu.o
                0x000031e2                menuOnEnterModSec
 .text.menuOnEnterModSecReg
                0x0000322c       0x2c menu.o
                0x0000322c                menuOnEnterModSecReg
 .text.menuOnEnterKey
                0x00003258       0x2e menu.o
                0x00003258                menuOnEnterKey
 .text.menuOnExitMidiThrough
                0x00003286        0x8 menu.o
                0x00003286                menuOnExitMidiThrough
 .text.menuOnExitRegisterEdit
                0x0000328e       0x50 menu.o
                0x0000328e                menuOnExitRegisterEdit
 .text.softKeyRegOff
                0x000032de        0xa menu.o
                0x000032de                softKeyRegOff
 .text.menuOnExitCoupler
                0x000032e8       0x26 menu.o
                0x000032e8                menuOnExitCoupler
 .text.menuOnExitSaveProgram
                0x0000330e       0x16 menu.o
                0x0000330e                menuOnExitSaveProgram
 .text.menuOnExitKeys
                0x00003324        0x8 menu.o
                0x00003324                menuOnExitKeys
 .text.menu_readModule
                0x0000332c       0x68 menu.o
                0x0000332c                menu_readModule
 .text.menu_testModule
                0x00003394       0x24 menu.o
                0x00003394                menu_testModule
 .text.menuOnEnterTune
                0x000033b8      0x238 menu.o
                0x000033b8                menuOnEnterTune
 .text.menuOnExitMidiActiveSense
                0x000035f0        0x8 menu.o
                0x000035f0                menuOnExitMidiActiveSense
 .text.menuOnExitMidiOut
                0x000035f8        0x8 menu.o
                0x000035f8                menuOnExitMidiOut
 .text.menuOnExitMidiIn
                0x00003600        0x8 menu.o
                0x00003600                menuOnExitMidiIn
 .text.menuOnExitManual
                0x00003608       0x14 menu.o
                0x00003608                menuOnExitManual
 .text.menuOnExitModules
                0x0000361c        0x8 menu.o
                0x0000361c                menuOnExitModules
 .text.menuOnEnterUSBprotokoll
                0x00003624       0x4c menu.o
                0x00003624                menuOnEnterUSBprotokoll
 .text.menuOnExitUSBactive
                0x00003670       0x28 menu.o
                0x00003670                menuOnExitUSBactive
 .text.menuOnEnterUSBsendHW
                0x00003698      0x51a menu.o
                0x00003698                menuOnEnterUSBsendHW
 .text.reverseRegisterBits
                0x00003bb2       0x28 menu.o
                0x00003bb2                reverseRegisterBits
 .text.menuOnUpdateRegister
                0x00003bda        0xe menu.o
                0x00003bda                menuOnUpdateRegister
 .text.menuOnEnterResetReg
                0x00003be8        0xc menu.o
                0x00003be8                menuOnEnterResetReg
 .text.menuOnExitLoadProgran
                0x00003bf4       0x18 menu.o
                0x00003bf4                menuOnExitLoadProgran
 .text.softkeyCoupler
                0x00003c0c       0x56 menu.o
                0x00003c0c                softkeyCoupler
 .text.softKeyCoupler2from3
                0x00003c62        0x6 menu.o
                0x00003c62                softKeyCoupler2from3
 .text.softKeyCoupler1from3
                0x00003c68        0x6 menu.o
                0x00003c68                softKeyCoupler1from3
 .text.softKeyCouplerPfrom3
                0x00003c6e        0x6 menu.o
                0x00003c6e                softKeyCouplerPfrom3
 .text.softKeyCoupler1from2
                0x00003c74        0x6 menu.o
                0x00003c74                softKeyCoupler1from2
 .text.softKeyCouplerPfrom2
                0x00003c7a        0x6 menu.o
                0x00003c7a                softKeyCouplerPfrom2
 .text.softKeyCouplerPfrom1
                0x00003c80        0x6 menu.o
                0x00003c80                softKeyCouplerPfrom1
 .text.softKeyCoupler3from2
                0x00003c86        0x6 menu.o
                0x00003c86                softKeyCoupler3from2
 .text.softKeyCoupler3from1
                0x00003c8c        0x6 menu.o
                0x00003c8c                softKeyCoupler3from1
 .text.softKeyCoupler3fromP
                0x00003c92        0x6 menu.o
                0x00003c92                softKeyCoupler3fromP
 .text.softKeyCoupler2from1
                0x00003c98        0x6 menu.o
                0x00003c98                softKeyCoupler2from1
 .text.softKeyCoupler2fromP
                0x00003c9e        0x6 menu.o
                0x00003c9e                softKeyCoupler2fromP
 .text.softKeyCoupler1fromP
                0x00003ca4        0x6 menu.o
                0x00003ca4                softKeyCoupler1fromP
 .text.send_progrChange_toMidiThru
                0x00003caa       0x22 menu.o
                0x00003caa                send_progrChange_toMidiThru
 .text.softKeyPrM
                0x00003ccc       0x3a menu.o
                0x00003ccc                softKeyPrM
 .text.softKeyPrInc
                0x00003d06       0x42 menu.o
                0x00003d06                softKeyPrInc
 .text.softKeyPrDec
                0x00003d48       0x42 menu.o
                0x00003d48                softKeyPrDec
 .text.menu_Init
                0x00003d8a       0x46 menu.o
                0x00003d8a                menu_Init
 .text.softkeyLeft
                0x00003dd0        0xc menu.o
                0x00003dd0                softkeyLeft
 .text.softkeyRight
                0x00003ddc        0xc menu.o
                0x00003ddc                softkeyRight
 .text.softkeyDown
                0x00003de8        0xc menu.o
                0x00003de8                softkeyDown
 .text.softkeyOn
                0x00003df4        0xc menu.o
                0x00003df4                softkeyOn
 .text.softkeyOff
                0x00003e00        0xc menu.o
                0x00003e00                softkeyOff
 .text.softkeyUp
                0x00003e0c        0xc menu.o
                0x00003e0c                softkeyUp
 .text.softkeyPlus
                0x00003e18       0x24 menu.o
                0x00003e18                softkeyPlus
 .text.softkeyMinus
                0x00003e3c       0x24 menu.o
                0x00003e3c                softkeyMinus
 .text.dataToNibbles
                0x00003e60      0x1e6 menu.o
                0x00003e60                dataToNibbles
 .text.nibbleToLCDstring
                0x00004046      0x29c menu.o
                0x00004046                nibbleToLCDstring
 .text.LCDStringOut
                0x000042e2       0x36 menu.o
                0x000042e2                LCDStringOut
 .text.nibbleCheckOvfl
                0x00004318       0x12 menu.o
                0x00004318                nibbleCheckOvfl
 .text.nibbleChange
                0x0000432a      0x35e menu.o
                0x0000432a                nibbleChange
 .text.nibbleToData
                0x00004688      0x1ca menu.o
                0x00004688                nibbleToData
 .text.menuTextOut
                0x00004852       0x36 menu.o
                0x00004852                menuTextOut
 .text.menuParentMenuToLCD
                0x00004888       0x34 menu.o
                0x00004888                menuParentMenuToLCD
 .text.menuDisplayValue
                0x000048bc       0x1a menu.o
                0x000048bc                menuDisplayValue
 .text.menuCursorSetDataNibble
                0x000048d6       0x5a menu.o
                0x000048d6                menuCursorSetDataNibble
 .text.menuCursorSetExtra
                0x00004930        0x8 menu.o
                0x00004930                menuCursorSetExtra
 .text.menuOnEnterStatusMidiIn
                0x00004938       0x7c menu.o
                0x00004938                menuOnEnterStatusMidiIn
 .text.menuOnEnterStatusMidiOut
                0x000049b4       0x7c menu.o
                0x000049b4                menuOnEnterStatusMidiOut
 .text.menuOnEnterLogDisp
                0x00004a30      0x14a menu.o
                0x00004a30                menuOnEnterLogDisp
 .text.menuCursorSetMenu
                0x00004b7a        0x8 menu.o
                0x00004b7a                menuCursorSetMenu
 .text.menuClearExtraDisp
                0x00004b82        0xa menu.o
                0x00004b82                menuClearExtraDisp
 .text.menu_ClearDataDisp
                0x00004b8c        0xe menu.o
                0x00004b8c                menu_ClearDataDisp
 .text.menuClearMenuDisp
                0x00004b9a       0x16 menu.o
                0x00004b9a                menuClearMenuDisp
 .text.menu_ClearAllDisp
                0x00004bb0        0x8 menu.o
                0x00004bb0                menu_ClearAllDisp
 .text.menuCheckArrowDown
                0x00004bb8       0x3e menu.o
                0x00004bb8                menuCheckArrowDown
 .text.menuCurrMenuToLCD
                0x00004bf6       0x5c menu.o
                0x00004bf6                menuCurrMenuToLCD
 .text.menuItemChanged
                0x00004c52       0xc2 menu.o
                0x00004c52                menuItemChanged
 .text.menu_InitLCD
                0x00004d14        0xe menu.o
                0x00004d14                menu_InitLCD
 .text.menu_ProcessMessage
                0x00004d22      0x47e menu.o
                0x00004d22                menu_ProcessMessage
 .text.displayMenuMessage_P
                0x000051a0       0x82 menu.o
                0x000051a0                displayMenuMessage_P
 .text.menu_OnEnterMidiPanic
                0x00005222       0x10 menu.o
                0x00005222                menu_OnEnterMidiPanic
 .text.menu_ModuleTestExecute
                0x00005232      0x1ac menu.o
                0x00005232                menu_ModuleTestExecute
 .text.menu_ModuleTestPattern
                0x000053de       0x32 menu.o
                0x000053de                menu_ModuleTestPattern
 .text.menuLCDwriteOK
                0x00005410        0x8 menu.o
                0x00005410                menuLCDwriteOK
 .text.menuOnEnterEEBackup
                0x00005418       0x18 menu.o
                0x00005418                menuOnEnterEEBackup
 .text.menuOnEnterEERestore
                0x00005430       0x18 menu.o
                0x00005430                menuOnEnterEERestore
 .text.menuOnEnterEEUpdate
                0x00005448       0x16 menu.o
                0x00005448                menuOnEnterEEUpdate
 .text.menudeleteMainMessage
                0x0000545e       0x1c menu.o
                0x0000545e                menudeleteMainMessage
 .text.menu_deleteMessage
                0x0000547a       0x22 menu.o
                0x0000547a                menu_deleteMessage
 .text.menu_DisplayMainMessage_P
                0x0000549c       0x6c menu.o
                0x0000549c                menu_DisplayMainMessage_P
 .text.menu_DisplayMainMessage
                0x00005508       0x6c menu.o
                0x00005508                menu_DisplayMainMessage
 .text.menuDisplaySaveMessage
                0x00005574       0x28 menu.o
                0x00005574                menuDisplaySaveMessage
 .text.softKeyPrP
                0x0000559c       0x48 menu.o
                0x0000559c                softKeyPrP
 .text.softKeyPrSet
                0x000055e4       0x1e menu.o
                0x000055e4                softKeyPrSet
 .text.menuDisplayLoadMessage
                0x00005602       0x5e menu.o
                0x00005602                menuDisplayLoadMessage
 .text.handle_programKey
                0x00005660       0x44 menu.o
                0x00005660                handle_programKey
 .text.softKeyK1A
                0x000056a4        0x6 menu.o
                0x000056a4                softKeyK1A
 .text.softKeyK2A
                0x000056aa        0x6 menu.o
                0x000056aa                softKeyK2A
 .text.softKeyK3A
                0x000056b0        0x6 menu.o
                0x000056b0                softKeyK3A
 .text.softKeyK4A
                0x000056b6        0x6 menu.o
                0x000056b6                softKeyK4A
 .text.getSoftKeyIndex
                0x000056bc       0x24 menu.o
                0x000056bc                getSoftKeyIndex
 .text.init_SoftKeys
                0x000056e0       0x92 menu.o
                0x000056e0                init_SoftKeys
 .text.softKey_Set
                0x00005772       0x58 menu.o
                0x00005772                softKey_Set
 .text.menuOnExitKey
                0x000057ca       0x20 menu.o
                0x000057ca                menuOnExitKey
 .text.softKeys_toLCD
                0x000057ea       0x7e menu.o
                0x000057ea                softKeys_toLCD
 .text.softKey_MessageKey_ToSoftKeyNr
                0x00005868       0x2a menu.o
                0x00005868                softKey_MessageKey_ToSoftKeyNr
 .text.softKey_Execute
                0x00005892       0x98 menu.o
                0x00005892                softKey_Execute
 .text.menu_showPowerState
                0x0000592a       0x28 menu.o
                0x0000592a                menu_showPowerState
 .text.menuOnEnterPwrOn
                0x00005952       0x12 menu.o
                0x00005952                menuOnEnterPwrOn
 .text.menuOnEnterPwrOff
                0x00005964       0x10 menu.o
                0x00005964                menuOnEnterPwrOff
 .text.menuOnEnterPwrRest
                0x00005974       0x2a menu.o
                0x00005974                menuOnEnterPwrRest
 .text.init_message
                0x0000599e        0xe message.o
                0x0000599e                init_message
 .text.message_push
                0x000059ac       0x28 message.o
                0x000059ac                message_push
 .text.message_get
                0x000059d4       0x32 message.o
                0x000059d4                message_get
 .text.message_status
                0x00005a06       0x26 message.o
                0x00005a06                message_status
 .text.pipeMsgPush
                0x00005a2c       0x44 message.o
                0x00005a2c                pipeMsgPush
 .text.pipeMsgGet
                0x00005a70       0x2a message.o
                0x00005a70                pipeMsgGet
 .text.pipeMsgStatus
                0x00005a9a       0x14 message.o
                0x00005a9a                pipeMsgStatus
 .text.midi_CouplerReset
                0x00005aae       0x14 Midi.o
                0x00005aae                midi_CouplerReset
 .text.init_Midi
                0x00005ac2        0xe Midi.o
                0x00005ac2                init_Midi
 .text.set_Coupler
                0x00005ad0       0x42 Midi.o
                0x00005ad0                set_Coupler
 .text.getAllCouplers
                0x00005b12       0x30 Midi.o
                0x00005b12                getAllCouplers
 .text.setAllCouplers
                0x00005b42       0x32 Midi.o
                0x00005b42                setAllCouplers
 .text.midiAllReset
                0x00005b74        0xc Midi.o
                0x00005b74                midiAllReset
 .text.registers_CalcCount
                0x00005b80       0x34 Midi.o
                0x00005b80                registers_CalcCount
 .text.init_Registers
                0x00005bb4       0xb8 Midi.o
                0x00005bb4                init_Registers
 .text.regNr_to_moduleBit
                0x00005c6c       0x36 Midi.o
                0x00005c6c                regNr_to_moduleBit
 .text.moduleBit_to_registerNr
                0x00005ca2       0x38 Midi.o
                0x00005ca2                moduleBit_to_registerNr
 .text.read_Register
                0x00005cda       0x8a Midi.o
                0x00005cda                read_Register
 .text.get_RegisterStatus
                0x00005d64       0x6a Midi.o
                0x00005d64                get_RegisterStatus
 .text.count_Registers
                0x00005dce       0x28 Midi.o
                0x00005dce                count_Registers
 .text.read_allRegister
                0x00005df6       0x58 Midi.o
                0x00005df6                read_allRegister
 .text.register_onOff
                0x00005e4e       0x4a Midi.o
                0x00005e4e                register_onOff
 .text.register_toProgram
                0x00005e98       0x6a Midi.o
                0x00005e98                register_toProgram
 .text.midi_RegisterMatchProgram
                0x00005f02       0x76 Midi.o
                0x00005f02                midi_RegisterMatchProgram
 .text.midi_CountRegisterInProgram
                0x00005f78       0x40 Midi.o
                0x00005f78                midi_CountRegisterInProgram
 .text.prog_set
                0x00005fb8       0x14 Midi.o
                0x00005fb8                prog_set
 .text.program_toRegister
                0x00005fcc       0xb2 Midi.o
                0x00005fcc                program_toRegister
 .text.midi_ProgramChange
                0x0000607e       0x72 Midi.o
                0x0000607e                midi_ProgramChange
 .text.midi_resetRegisters
                0x000060f0       0x1e Midi.o
                0x000060f0                midi_resetRegisters
 .text.prog_toLcd
                0x0000610e       0x42 Midi.o
                0x0000610e                prog_toLcd
 .text.init_Midi2Manual
                0x00006150       0x80 Midi.o
                0x00006150                init_Midi2Manual
 .text.init_Manual2Midi
                0x000061d0       0x54 Midi.o
                0x000061d0                init_Manual2Midi
 .text.Manual_to_MidiNote
                0x00006224       0x20 Midi.o
                0x00006224                Manual_to_MidiNote
 .text.Midi_updateManualRange
                0x00006244       0xae Midi.o
                0x00006244                Midi_updateManualRange
 .text.init_Manual2Module
                0x000062f2       0xc2 Midi.o
                0x000062f2                init_Manual2Module
 .text.manualNote_to_moduleBit
                0x000063b4       0x40 Midi.o
                0x000063b4                manualNote_to_moduleBit
 .text.moduleBit_to_manualNote
                0x000063f4       0x46 Midi.o
                0x000063f4                moduleBit_to_manualNote
 .text.manual_NoteOnOff
                0x0000643a       0xb2 Midi.o
                0x0000643a                manual_NoteOnOff
 .text.midiAllNotesOff
                0x000064ec       0xcc Midi.o
                0x000064ec                midiAllNotesOff
 .text.midi_ManualOff
                0x000065b8       0x76 Midi.o
                0x000065b8                midi_ManualOff
 .text.midi_AllManualsOff
                0x0000662e       0x14 Midi.o
                0x0000662e                midi_AllManualsOff
 .text.midi_CheckRxActiveSense
                0x00006642       0x18 Midi.o
                0x00006642                midi_CheckRxActiveSense
 .text.midiNote_to_Manual
                0x0000665a       0xfa Midi.o
                0x0000665a                midiNote_to_Manual
 .text.midiIn_Process
                0x00006754      0x128 Midi.o
                0x00006754                midiIn_Process
 .text.proc_ESPmidi
                0x0000687c       0x62 Midi.o
                0x0000687c                proc_ESPmidi
 .text.midiKeyPress_Process
                0x000068de      0x1b0 Midi.o
                0x000068de                midiKeyPress_Process
 .text.midiSendAllNotesOff
                0x00006a8e       0x2e Midi.o
                0x00006a8e                midiSendAllNotesOff
 .text.midi_SendActiveSense
                0x00006abc        0x6 Midi.o
                0x00006abc                midi_SendActiveSense
 .text.midi_CheckTxActiveSense
                0x00006ac2       0x38 Midi.o
                0x00006ac2                midi_CheckTxActiveSense
 .text.init_Serial1MIDI
                0x00006afa       0x4c serial.o
                0x00006afa                init_Serial1MIDI
 .text.__vector_36
                0x00006b46       0xaa serial.o
                0x00006b46                __vector_36
 .text.__vector_37
                0x00006bf0       0x70 serial.o
                0x00006bf0                __vector_37
 .text.serial0SER_USBSend
                0x00006c60       0x6c serial.o
                0x00006c60                serial0SER_USBSend
 .text.serial0USB_logMIDIin
                0x00006ccc       0x26 serial.o
                0x00006ccc                serial0USB_logMIDIin
 .text.serial1MIDIReadRx
                0x00006cf2       0x32 serial.o
                0x00006cf2                serial1MIDIReadRx
 .text.serial0USB_logMIDIout
                0x00006d24       0x26 serial.o
                0x00006d24                serial0USB_logMIDIout
 .text.serial1MIDISend
                0x00006d4a       0xc6 serial.o
                0x00006d4a                serial1MIDISend
 .text.serial0USB_logPipeIn
                0x00006e10       0x3c serial.o
                0x00006e10                serial0USB_logPipeIn
 .text.serial0SER_USB_sendStringP
                0x00006e4c       0x24 serial.o
                0x00006e4c                serial0SER_USB_sendStringP
 .text.serial0SER_USB_sendCRLF
                0x00006e70        0x8 serial.o
                0x00006e70                serial0SER_USB_sendCRLF
 .text.init_Serial0SerUSB
                0x00006e78       0x7c serial.o
                0x00006e78                init_Serial0SerUSB
 .text.serial0SER_USB_sendString
                0x00006ef4       0x2c serial.o
                0x00006ef4                serial0SER_USB_sendString
 .text.__vector_25
                0x00006f20       0x8c serial.o
                0x00006f20                __vector_25
 .text.__vector_26
                0x00006fac       0x72 serial.o
                0x00006fac                __vector_26
 .text.init_Serial3SerESP
                0x0000701e       0x68 serial.o
                0x0000701e                init_Serial3SerESP
 .text.serial3SER_ESPSend
                0x00007086       0x6c serial.o
                0x00007086                serial3SER_ESPSend
 .text.serial3SER_ESPReadRx
                0x000070f2       0x3a serial.o
                0x000070f2                serial3SER_ESPReadRx
 .text.__vector_54
                0x0000712c       0xb0 serial.o
                0x0000712c                __vector_54
 .text.__vector_55
                0x000071dc       0x72 serial.o
                0x000071dc                __vector_55
 .text.nibbleToChr
                0x0000724e        0xc utils.o
                0x0000724e                nibbleToChr
 .text.lcd_setCG
                0x0000725a       0x48 utils.o
                0x0000725a                lcd_setCG
 .text.lcd_initCG
                0x000072a2       0x1a utils.o
                0x000072a2                lcd_initCG
 .text.lcd_hexout
                0x000072bc       0x2e utils.o
                0x000072bc                lcd_hexout
 .text.lcd_longout
                0x000072ea       0x4a utils.o
                0x000072ea                lcd_longout
 .text.lcd_dec2out
                0x00007334       0x34 utils.o
                0x00007334                lcd_dec2out
 .text.putChar_Dec2
                0x00007368       0x38 utils.o
                0x00007368                putChar_Dec2
 .text.putChar_Dec
                0x000073a0       0x4e utils.o
                0x000073a0                putChar_Dec
 .text.putChar_hex
                0x000073ee       0x30 utils.o
                0x000073ee                putChar_hex
 .text.putChar_MidiChan
                0x0000741e       0x46 utils.o
                0x0000741e                putChar_MidiChan
 .text.putChar_long
                0x00007464       0x3a utils.o
                0x00007464                putChar_long
 .text.putChar_Note
                0x0000749e       0xb8 utils.o
                0x0000749e                putChar_Note
 .text.putChar_Manual
                0x00007556       0x32 utils.o
                0x00007556                putChar_Manual
 .text.putString_P
                0x00007588       0x2c utils.o
                0x00007588                putString_P
 .text.putString_Prog
                0x000075b4       0x1e utils.o
                0x000075b4                putString_Prog
 .text.lcd_wordout
                0x000075d2       0x10 utils.o
                0x000075d2                lcd_wordout
 .text.lcd_noteOut
                0x000075e2       0xa2 utils.o
                0x000075e2                lcd_noteOut
 .text.lcd_ChannelOut
                0x00007684       0x22 utils.o
                0x00007684                lcd_ChannelOut
 .text.lcd_ManualOutDec
                0x000076a6       0x24 utils.o
                0x000076a6                lcd_ManualOutDec
 .text.lcd_blank
                0x000076ca       0x18 utils.o
                0x000076ca                lcd_blank
 .text.lcd_clrEol
                0x000076e2       0x2e utils.o
                0x000076e2                lcd_clrEol
 .text.lcd_cursosblink
                0x00007710        0xe utils.o
                0x00007710                lcd_cursosblink
 .text.lcd_cursoroff
                0x0000771e        0xc utils.o
                0x0000771e                lcd_cursoroff
 .text.lcd_waitSymbolOn
                0x0000772a       0x1c utils.o
                0x0000772a                lcd_waitSymbolOn
 .text.lcd_waitSymbolOff
                0x00007746       0x1c utils.o
                0x00007746                lcd_waitSymbolOff
 .text.keylabel_set
                0x00007762       0x76 utils.o
                0x00007762                keylabel_set
 .text.keylabel_clr
                0x000077d8       0x28 utils.o
                0x000077d8                keylabel_clr
 .text.keylabel_toLCD
                0x00007800       0x3e utils.o
                0x00007800                keylabel_toLCD
 .text.keylabel_statcheck
                0x0000783e       0x46 utils.o
                0x0000783e                keylabel_statcheck
 .text.get_StrLenP
                0x00007884       0x14 utils.o
                0x00007884                get_StrLenP
 .text.get_StrLen
                0x00007898       0x14 utils.o
                0x00007898                get_StrLen
 .text.reverse_Bits
                0x000078ac       0x1a utils.o
                0x000078ac                reverse_Bits
 .text.libgcc   0x000078c6       0x10 c:/program files (x86)/atmel/studio/7.0/toolchain/avr8/avr8-gnu-toolchain/bin/../lib/gcc/avr/5.4.0/avr6\libgcc.a(_tablejump2.o)
                0x000078c6                __tablejump2__
 .text.avr-libc
                0x000078d6       0x20 C:/Program Files (x86)/Atmel/Studio/7.0/Packs/atmel/ATmega_DFP/1.2.209/gcc/dev/atmega2560/avr6\libatmega2560.a(eerd_block.o)
                0x000078d6                eeprom_read_block
                0x000078da                eeprom_read_blraw
 .text.avr-libc
                0x000078f6       0x10 C:/Program Files (x86)/Atmel/Studio/7.0/Packs/atmel/ATmega_DFP/1.2.209/gcc/dev/atmega2560/avr6\libatmega2560.a(eerd_byte.o)
                0x000078f6                eeprom_read_byte
 .text.avr-libc
                0x00007906        0xa C:/Program Files (x86)/Atmel/Studio/7.0/Packs/atmel/ATmega_DFP/1.2.209/gcc/dev/atmega2560/avr6\libatmega2560.a(eerd_word.o)
                0x00007906                eeprom_read_word
 .text.avr-libc
                0x00007910       0x1e C:/Program Files (x86)/Atmel/Studio/7.0/Packs/atmel/ATmega_DFP/1.2.209/gcc/dev/atmega2560/avr6\libatmega2560.a(eeupd_block.o)
                0x00007910                eeprom_update_block
 .text.avr-libc
                0x0000792e       0x24 C:/Program Files (x86)/Atmel/Studio/7.0/Packs/atmel/ATmega_DFP/1.2.209/gcc/dev/atmega2560/avr6\libatmega2560.a(eeupd_byte.o)
                0x0000792e                eeprom_update_byte
                0x00007930                eeprom_update_r18
 .text.avr-libc
                0x00007952        0x8 C:/Program Files (x86)/Atmel/Studio/7.0/Packs/atmel/ATmega_DFP/1.2.209/gcc/dev/atmega2560/avr6\libatmega2560.a(eeupd_word.o)
                0x00007952                eeprom_update_word
                0x0000795a                . = ALIGN (0x2)
 *(.fini9)
 .fini9         0x0000795a        0x0 c:/program files (x86)/atmel/studio/7.0/toolchain/avr8/avr8-gnu-toolchain/bin/../lib/gcc/avr/5.4.0/avr6\libgcc.a(_exit.o)
                0x0000795a                _exit
                0x0000795a                exit
 *(.fini9)
 *(.fini8)
 *(.fini8)
 *(.fini7)
 *(.fini7)
 *(.fini6)
 *(.fini6)
 *(.fini5)
 *(.fini5)
 *(.fini4)
 *(.fini4)
 *(.fini3)
 *(.fini3)
 *(.fini2)
 *(.fini2)
 *(.fini1)
 *(.fini1)
 *(.fini0)
 .fini0         0x0000795a        0x4 c:/program files (x86)/atmel/studio/7.0/toolchain/avr8/avr8-gnu-toolchain/bin/../lib/gcc/avr/5.4.0/avr6\libgcc.a(_exit.o)
 *(.fini0)
                0x0000795e                _etext = .

.data           0x00800200        0x8 load address 0x0000795e
                0x00800200                PROVIDE (__data_start, .)
 *(.data)
 *(.data*)
 .data.midiLastProgram
                0x00800200        0x1 Midi.o
                0x00800200                midiLastProgram
 .data.midiLastInManual
                0x00800201        0x1 Midi.o
                0x00800201                midiLastInManual
 .data.midiLastInChannel
                0x00800202        0x1 Midi.o
                0x00800202                midiLastInChannel
 .data.midiLastInNote
                0x00800203        0x1 Midi.o
                0x00800203                midiLastInNote
 .data.midiLastOutManual
                0x00800204        0x1 Midi.o
                0x00800204                midiLastOutManual
 .data.midiLastOutNote
                0x00800205        0x1 Midi.o
                0x00800205                midiLastOutNote
 .data.midiDataByteExpected
                0x00800206        0x1 Midi.o
                0x00800206                midiDataByteExpected
 *(.gnu.linkonce.d*)
 *(.rodata)
 *(.rodata*)
 *(.gnu.linkonce.r*)
                0x00800208                . = ALIGN (0x2)
 *fill*         0x00800207        0x1 
                0x00800208                _edata = .
                0x00800208                PROVIDE (__data_end, .)

.bss            0x00800208     0x1719
                0x00800208                PROVIDE (__bss_start, .)
 *(.bss)
 *(.bss*)
 .bss.ee_initError
                0x00800208        0x1 ee_prom.o
                0x00800208                ee_initError
 .bss.adcNr     0x00800209        0x1 hwtimer.o
 .bss.showText.3041
                0x0080020a        0x1 menu.o
 .bss.logEntryNr.3040
                0x0080020b        0x1 menu.o
 .bss.notOnOff.2999
                0x0080020c        0x1 menu.o
 .bss.maxManNote.2998
                0x0080020d        0x1 menu.o
 .bss.minManNote.2997
                0x0080020e        0x1 menu.o
 .bss.midiEEPromLoadError
                0x0080020f        0x1 Midi.o
                0x0080020f                midiEEPromLoadError
 .bss.midiRxActivceSensing
                0x00800210        0x1 Midi.o
                0x00800210                midiRxActivceSensing
 .bss.labelBuffer
                0x00800211       0x14 utils.o
 *(COMMON)
 COMMON         0x00800225        0xa ee_prom.o
                0x00800225                lcdData
 COMMON         0x0080022f      0x129 hwtimer.o
                0x0080022f                swTimer
                0x00800241                time_Uptime
                0x00800245                pipe_PowerStatus
                0x00800246                pipeProcessing
                0x00800247                msecCtr
                0x00800248                pipe_ModuleTested
                0x00800249                pipe
                0x00800349                adcKeys
                0x0080034f                keyWants
                0x00800355                pipe_Module
                0x00800357                time_UpTimeUpdated
 COMMON         0x00800358       0x51 lcd_u.o
                0x00800358                lcd_buffer
                0x008003a8                lcd_cursorPos
 COMMON         0x008003a9      0x1bd log.o
                0x008003a9                log_unreadErrors
                0x008003aa                Log_TextBuff
                0x008003d2                log_List
                0x00800562                pLogEnd
                0x00800564                pLogStart
 COMMON         0x00800566        0x2 main.o
                0x00800566                messageFromESP
                0x00800567                menuNotActive
 COMMON         0x00800568       0x67 menu.o
                0x00800568                menuStackIndex
                0x00800569                menu_TestModuleErrorList
                0x0080056d                menuVRegisters
                0x00800575                dataType
                0x00800576                nibbleIndex
                0x00800577                menuVmanual
                0x00800578                menuVmodule
                0x00800579                pNibbleInfo
                0x0080057b                menuStack
                0x0080059b                menuManual
                0x0080059c                pMenuTopTitle
                0x0080059e                displayMessageArea
                0x0080059f                menuNote
                0x008005a0                nibbleCount
                0x008005a1                menuSection
                0x008005a2                dataEntry32
                0x008005a6                menu_TestModuleBitCounter
                0x008005a7                menuVmidiChan
                0x008005a8                menuVKombination
                0x008005a9                currentMenu
                0x008005ab                menuVkey
                0x008005ac                menuTestModuleBit
                0x008005ad                menuModVal
                0x008005b1                DataAdressOffset
                0x008005b3                soft_KeyMenuIndex
                0x008005b7                menuVsection
                0x008005b8                menuTestData
                0x008005b9                dataEntry
                0x008005ba                soft_KeyMenu
                0x008005c2                menu_TestModulePattern
                0x008005c3                menuVSoftKey
                0x008005c4                nibble
                0x008005cc                menuMidiChan
                0x008005cd                menuVMenuSoftKey
 COMMON         0x008005cf      0x227 message.o
                0x008005cf                msgOutIndex
                0x008005d0                pipeMessages
                0x008007d0                pipeMsgInIndex
                0x008007d1                msgOverflow
                0x008007d2                msgInIndex
                0x008007d3                messages
                0x008007f3                msgPipe_Handling
                0x008007f4                msgPipeOverflow
                0x008007f5                pipeMsgOutIndex
 COMMON         0x008007f6      0x3f7 Midi.o
                0x008007f6                prog_Display
                0x008007f7                registerMap
                0x0080080f                prog_UpdDisplay
                0x00800810                registerCount
                0x00800811                midi_Couplers
                0x0080081d                midiDataByteCount
                0x0080081e                ManualNoteRange
                0x00800826                midiThrough
                0x00800828                midiInMap
                0x00800928                midiOutMap
                0x00800930                midi_Setting
                0x00800933                midi_RegisterChanged
                0x00800934                manualMap
                0x00800964                programMap
                0x00800be4                midiDataByte
                0x00800bec                midiLastCommand
 COMMON         0x00800bed      0xcee serial.o
                0x00800bed                serUSBTxBuffer
                0x008013ed                serUSBTxOutIndex
                0x008013ef                midiTxInIndex
                0x008013f0                serESPOvflFlag
                0x008013f1                serESPInBuffer
                0x008013f9                serESPRxOutIndex
                0x008013fb                midiRxOvfl
                0x008013fc                midiTxOutIndex
                0x008013fd                midiTxLastCmd
                0x008013fe                serESPRxInIndex
                0x00801400                midiTxOvfl
                0x00801401                serUSBRxBuffer
                0x00801441                midiRxBuffer
                0x00801541                midiRxBuffUsage
                0x00801542                midiTxBuffer
                0x00801642                serESPTxOutIndex
                0x00801644                midiRxInIndex
                0x00801645                serESPTxInIndex
                0x00801647                serUSBRxOutIndex
                0x00801649                serUSBOvflFlag
                0x0080164a                midiTxBuffUsage
                0x0080164b                serESPMidiTmp
                0x0080164e                serESP_Active
                0x0080164f                midiRxOvflCount
                0x00801650                midiTxBytesCount
                0x00801652                serUSB_Active
                0x00801653                midiRxOutIndex
                0x00801654                serUSBRxInIndex
                0x00801656                midiTxOvflCount
                0x00801657                serESPRxBuffer
                0x008016d7                serESPTxBuffer
                0x008018d7                serUSBTxInIndex
                0x008018d9                midiRxBytesCount
 COMMON         0x008018db       0x46 utils.o
                0x008018db                lcd_cursorIsOn
                0x008018dc                editByte
                0x008018dd                editLong
                0x008018e1                string_Buf
                0x00801921                PROVIDE (__bss_end, .)
                0x0000795e                __data_load_start = LOADADDR (.data)
                0x00007966                __data_load_end = (__data_load_start + SIZEOF (.data))

.noinit         0x00801921        0x0
                [!provide]                PROVIDE (__noinit_start, .)
 *(.noinit*)
                [!provide]                PROVIDE (__noinit_end, .)
                0x00801921                _end = .
                [!provide]                PROVIDE (__heap_start, .)

.eeprom         0x00810000     0x1000
 *(.eeprom*)
 .eeprom        0x00810000     0x1000 ee_prom.o
                0x00810000                ee
                0x00811000                __eeprom_end = .

.fuse
 *(.fuse)
 *(.lfuse)
 *(.hfuse)
 *(.efuse)

.lock
 *(.lock*)

.signature
 *(.signature*)

.user_signatures
 *(.user_signatures*)

.stab
 *(.stab)

.stabstr
 *(.stabstr)

.stab.excl
 *(.stab.excl)

.stab.exclstr
 *(.stab.exclstr)

.stab.index
 *(.stab.index)

.stab.indexstr
 *(.stab.indexstr)

.comment        0x00000000       0x30
 *(.comment)
 .comment       0x00000000       0x30 ee_prom.o
                                 0x31 (size before relaxing)
 .comment       0x00000030       0x31 hwtimer.o
 .comment       0x00000030       0x31 initio.o
 .comment       0x00000030       0x31 lcd_u.o
 .comment       0x00000030       0x31 log.o
 .comment       0x00000030       0x31 main.o
 .comment       0x00000030       0x31 menu.o
 .comment       0x00000030       0x31 message.o
 .comment       0x00000030       0x31 Midi.o
 .comment       0x00000030       0x31 serial.o
 .comment       0x00000030       0x31 utils.o

.note.gnu.avr.deviceinfo
                0x00000000       0x40
 .note.gnu.avr.deviceinfo
                0x00000000       0x40 C:/Program Files (x86)/Atmel/Studio/7.0/Packs/atmel/ATmega_DFP/1.2.209/gcc/dev/atmega2560/avr6/crtatmega2560.o

.note.gnu.build-id
 *(.note.gnu.build-id)

.debug
 *(.debug)

.line
 *(.line)

.debug_srcinfo
 *(.debug_srcinfo)

.debug_sfnames
 *(.debug_sfnames)

.debug_aranges  0x00000000      0xb18
 *(.debug_aranges)
 .debug_aranges
                0x00000000      0x108 ee_prom.o
 .debug_aranges
                0x00000108       0x90 hwtimer.o
 .debug_aranges
                0x00000198       0x20 initio.o
 .debug_aranges
                0x000001b8       0x70 lcd_u.o
 .debug_aranges
                0x00000228       0x70 log.o
 .debug_aranges
                0x00000298       0x20 main.o
 .debug_aranges
                0x000002b8      0x3b0 menu.o
 .debug_aranges
                0x00000668       0x60 message.o
 .debug_aranges
                0x000006c8      0x170 Midi.o
 .debug_aranges
                0x00000838       0xe8 serial.o
 .debug_aranges
                0x00000920      0x138 utils.o
 .debug_aranges
                0x00000a58       0x20 C:/Program Files (x86)/Atmel/Studio/7.0/Packs/atmel/ATmega_DFP/1.2.209/gcc/dev/atmega2560/avr6\libatmega2560.a(eerd_block.o)
 .debug_aranges
                0x00000a78       0x20 C:/Program Files (x86)/Atmel/Studio/7.0/Packs/atmel/ATmega_DFP/1.2.209/gcc/dev/atmega2560/avr6\libatmega2560.a(eerd_byte.o)
 .debug_aranges
                0x00000a98       0x20 C:/Program Files (x86)/Atmel/Studio/7.0/Packs/atmel/ATmega_DFP/1.2.209/gcc/dev/atmega2560/avr6\libatmega2560.a(eerd_word.o)
 .debug_aranges
                0x00000ab8       0x20 C:/Program Files (x86)/Atmel/Studio/7.0/Packs/atmel/ATmega_DFP/1.2.209/gcc/dev/atmega2560/avr6\libatmega2560.a(eeupd_block.o)
 .debug_aranges
                0x00000ad8       0x20 C:/Program Files (x86)/Atmel/Studio/7.0/Packs/atmel/ATmega_DFP/1.2.209/gcc/dev/atmega2560/avr6\libatmega2560.a(eeupd_byte.o)
 .debug_aranges
                0x00000af8       0x20 C:/Program Files (x86)/Atmel/Studio/7.0/Packs/atmel/ATmega_DFP/1.2.209/gcc/dev/atmega2560/avr6\libatmega2560.a(eeupd_word.o)

.debug_pubnames
 *(.debug_pubnames)

.debug_info     0x00000000     0xed9b
 *(.debug_info .gnu.linkonce.wi.*)
 .debug_info    0x00000000      0xbbc C:/Program Files (x86)/Atmel/Studio/7.0/Packs/atmel/ATmega_DFP/1.2.209/gcc/dev/atmega2560/avr6/crtatmega2560.o
 .debug_info    0x00000bbc     0x1c47 ee_prom.o
 .debug_info    0x00002803      0xf8d hwtimer.o
 .debug_info    0x00003790       0x83 initio.o
 .debug_info    0x00003813      0x78e lcd_u.o
 .debug_info    0x00003fa1      0x720 log.o
 .debug_info    0x000046c1     0x1229 main.o
 .debug_info    0x000058ea     0x4d92 menu.o
 .debug_info    0x0000a67c      0x43b message.o
 .debug_info    0x0000aab7     0x1e48 Midi.o
 .debug_info    0x0000c8ff     0x1046 serial.o
 .debug_info    0x0000d945     0x1049 utils.o
 .debug_info    0x0000e98e       0xad C:/Program Files (x86)/Atmel/Studio/7.0/Packs/atmel/ATmega_DFP/1.2.209/gcc/dev/atmega2560/avr6\libatmega2560.a(eerd_block.o)
 .debug_info    0x0000ea3b       0xac C:/Program Files (x86)/Atmel/Studio/7.0/Packs/atmel/ATmega_DFP/1.2.209/gcc/dev/atmega2560/avr6\libatmega2560.a(eerd_byte.o)
 .debug_info    0x0000eae7       0xac C:/Program Files (x86)/Atmel/Studio/7.0/Packs/atmel/ATmega_DFP/1.2.209/gcc/dev/atmega2560/avr6\libatmega2560.a(eerd_word.o)
 .debug_info    0x0000eb93       0xae C:/Program Files (x86)/Atmel/Studio/7.0/Packs/atmel/ATmega_DFP/1.2.209/gcc/dev/atmega2560/avr6\libatmega2560.a(eeupd_block.o)
 .debug_info    0x0000ec41       0xad C:/Program Files (x86)/Atmel/Studio/7.0/Packs/atmel/ATmega_DFP/1.2.209/gcc/dev/atmega2560/avr6\libatmega2560.a(eeupd_byte.o)
 .debug_info    0x0000ecee       0xad C:/Program Files (x86)/Atmel/Studio/7.0/Packs/atmel/ATmega_DFP/1.2.209/gcc/dev/atmega2560/avr6\libatmega2560.a(eeupd_word.o)

.debug_abbrev   0x00000000     0x263a
 *(.debug_abbrev)
 .debug_abbrev  0x00000000      0xb1a C:/Program Files (x86)/Atmel/Studio/7.0/Packs/atmel/ATmega_DFP/1.2.209/gcc/dev/atmega2560/avr6/crtatmega2560.o
 .debug_abbrev  0x00000b1a      0x2af ee_prom.o
 .debug_abbrev  0x00000dc9      0x373 hwtimer.o
 .debug_abbrev  0x0000113c       0x51 initio.o
 .debug_abbrev  0x0000118d      0x23e lcd_u.o
 .debug_abbrev  0x000013cb      0x1d6 log.o
 .debug_abbrev  0x000015a1      0x212 main.o
 .debug_abbrev  0x000017b3      0x35e menu.o
 .debug_abbrev  0x00001b11      0x1c2 message.o
 .debug_abbrev  0x00001cd3      0x346 Midi.o
 .debug_abbrev  0x00002019      0x2f4 serial.o
 .debug_abbrev  0x0000230d      0x2b5 utils.o
 .debug_abbrev  0x000025c2       0x14 C:/Program Files (x86)/Atmel/Studio/7.0/Packs/atmel/ATmega_DFP/1.2.209/gcc/dev/atmega2560/avr6\libatmega2560.a(eerd_block.o)
 .debug_abbrev  0x000025d6       0x14 C:/Program Files (x86)/Atmel/Studio/7.0/Packs/atmel/ATmega_DFP/1.2.209/gcc/dev/atmega2560/avr6\libatmega2560.a(eerd_byte.o)
 .debug_abbrev  0x000025ea       0x14 C:/Program Files (x86)/Atmel/Studio/7.0/Packs/atmel/ATmega_DFP/1.2.209/gcc/dev/atmega2560/avr6\libatmega2560.a(eerd_word.o)
 .debug_abbrev  0x000025fe       0x14 C:/Program Files (x86)/Atmel/Studio/7.0/Packs/atmel/ATmega_DFP/1.2.209/gcc/dev/atmega2560/avr6\libatmega2560.a(eeupd_block.o)
 .debug_abbrev  0x00002612       0x14 C:/Program Files (x86)/Atmel/Studio/7.0/Packs/atmel/ATmega_DFP/1.2.209/gcc/dev/atmega2560/avr6\libatmega2560.a(eeupd_byte.o)
 .debug_abbrev  0x00002626       0x14 C:/Program Files (x86)/Atmel/Studio/7.0/Packs/atmel/ATmega_DFP/1.2.209/gcc/dev/atmega2560/avr6\libatmega2560.a(eeupd_word.o)

.debug_line     0x00000000     0x8c73
 *(.debug_line .debug_line.* .debug_line_end)
 .debug_line    0x00000000      0x1f9 C:/Program Files (x86)/Atmel/Studio/7.0/Packs/atmel/ATmega_DFP/1.2.209/gcc/dev/atmega2560/avr6/crtatmega2560.o
 .debug_line    0x000001f9      0x997 ee_prom.o
 .debug_line    0x00000b90      0xcd6 hwtimer.o
 .debug_line    0x00001866       0xfb initio.o
 .debug_line    0x00001961      0x4e3 lcd_u.o
 .debug_line    0x00001e44      0x41d log.o
 .debug_line    0x00002261      0x935 main.o
 .debug_line    0x00002b96     0x2db5 menu.o
 .debug_line    0x0000594b      0x347 message.o
 .debug_line    0x00005c92     0x1564 Midi.o
 .debug_line    0x000071f6      0xa85 serial.o
 .debug_line    0x00007c7b      0xcaf utils.o
 .debug_line    0x0000892a       0xab C:/Program Files (x86)/Atmel/Studio/7.0/Packs/atmel/ATmega_DFP/1.2.209/gcc/dev/atmega2560/avr6\libatmega2560.a(eerd_block.o)
 .debug_line    0x000089d5       0x7a C:/Program Files (x86)/Atmel/Studio/7.0/Packs/atmel/ATmega_DFP/1.2.209/gcc/dev/atmega2560/avr6\libatmega2560.a(eerd_byte.o)
 .debug_line    0x00008a4f       0x67 C:/Program Files (x86)/Atmel/Studio/7.0/Packs/atmel/ATmega_DFP/1.2.209/gcc/dev/atmega2560/avr6\libatmega2560.a(eerd_word.o)
 .debug_line    0x00008ab6       0xa5 C:/Program Files (x86)/Atmel/Studio/7.0/Packs/atmel/ATmega_DFP/1.2.209/gcc/dev/atmega2560/avr6\libatmega2560.a(eeupd_block.o)
 .debug_line    0x00008b5b       0xb6 C:/Program Files (x86)/Atmel/Studio/7.0/Packs/atmel/ATmega_DFP/1.2.209/gcc/dev/atmega2560/avr6\libatmega2560.a(eeupd_byte.o)
 .debug_line    0x00008c11       0x62 C:/Program Files (x86)/Atmel/Studio/7.0/Packs/atmel/ATmega_DFP/1.2.209/gcc/dev/atmega2560/avr6\libatmega2560.a(eeupd_word.o)

.debug_frame    0x00000000     0x1b90
 *(.debug_frame)
 .debug_frame   0x00000000      0x3c4 ee_prom.o
 .debug_frame   0x000003c4      0x168 hwtimer.o
 .debug_frame   0x0000052c       0x24 initio.o
 .debug_frame   0x00000550      0x108 lcd_u.o
 .debug_frame   0x00000658       0xec log.o
 .debug_frame   0x00000744       0x24 main.o
 .debug_frame   0x00000768      0x92c menu.o
 .debug_frame   0x00001094       0xa4 message.o
 .debug_frame   0x00001138      0x430 Midi.o
 .debug_frame   0x00001568      0x334 serial.o
 .debug_frame   0x0000189c      0x2f4 utils.o

.debug_str      0x00000000     0x3405
 *(.debug_str)
 .debug_str     0x00000000      0x3e6 C:/Program Files (x86)/Atmel/Studio/7.0/Packs/atmel/ATmega_DFP/1.2.209/gcc/dev/atmega2560/avr6/crtatmega2560.o
 .debug_str     0x000003e6      0x7b3 ee_prom.o
                                0x830 (size before relaxing)
 .debug_str     0x00000b99      0x441 hwtimer.o
                                0x612 (size before relaxing)
 .debug_str     0x00000fda       0x1a initio.o
                                0x179 (size before relaxing)
 .debug_str     0x00000ff4      0x10c lcd_u.o
                                0x2d9 (size before relaxing)
 .debug_str     0x00001100      0x1ec log.o
                                0x399 (size before relaxing)
 .debug_str     0x000012ec      0x59f main.o
                                0x92c (size before relaxing)
 .debug_str     0x0000188b     0x13a9 menu.o
                               0x1bef (size before relaxing)
 .debug_str     0x00002c34       0x9a message.o
                                0x2d7 (size before relaxing)
 .debug_str     0x00002cce      0x36a Midi.o
                                0xb76 (size before relaxing)
 .debug_str     0x00003038      0x258 serial.o
                                0x714 (size before relaxing)
 .debug_str     0x00003290      0x175 utils.o
                                0x65f (size before relaxing)

.debug_loc      0x00000000     0x9837
 *(.debug_loc)
 .debug_loc     0x00000000      0xfee ee_prom.o
 .debug_loc     0x00000fee      0xc67 hwtimer.o
 .debug_loc     0x00001c55      0x6e0 lcd_u.o
 .debug_loc     0x00002335      0x669 log.o
 .debug_loc     0x0000299e      0x4be main.o
 .debug_loc     0x00002e5c     0x2c1f menu.o
 .debug_loc     0x00005a7b      0x18f message.o
 .debug_loc     0x00005c0a     0x18b4 Midi.o
 .debug_loc     0x000074be      0xe5c serial.o
 .debug_loc     0x0000831a     0x151d utils.o

.debug_macinfo
 *(.debug_macinfo)

.debug_weaknames
 *(.debug_weaknames)

.debug_funcnames
 *(.debug_funcnames)

.debug_typenames
 *(.debug_typenames)

.debug_varnames
 *(.debug_varnames)

.debug_pubtypes
 *(.debug_pubtypes)

.debug_ranges   0x00000000      0xed0
 *(.debug_ranges)
 .debug_ranges  0x00000000      0x140 ee_prom.o
 .debug_ranges  0x00000140       0xf8 hwtimer.o
 .debug_ranges  0x00000238       0x10 initio.o
 .debug_ranges  0x00000248       0x78 lcd_u.o
 .debug_ranges  0x000002c0       0x90 log.o
 .debug_ranges  0x00000350       0x28 main.o
 .debug_ranges  0x00000378      0x4e0 menu.o
 .debug_ranges  0x00000858       0x50 message.o
 .debug_ranges  0x000008a8      0x368 Midi.o
 .debug_ranges  0x00000c10      0x108 serial.o
 .debug_ranges  0x00000d18      0x1b8 utils.o

.debug_macro
 *(.debug_macro)
OUTPUT(Pipe1.elf elf32-avr)
LOAD linker stubs
